ATTEMPT 2026-10-05T22:04:06.104159+00:00
census w47-op2 identity 1x css: passes (22 annotated, refusals [])
$ tsx cli/compare.ts -- --profile apple-macos-27.0-1x-dark-standard-glass0.25 --renderer css --material-profile profiles/apple-macos-27.0-1x-dark-standard-glass0.25.json --receded-profile profiles/apple-macos-27.0-1x-dark-standard-glass0.25-receded.json --set calibration,validation --scene checkerboard__capsule-button__inactive,checkerboard__capsule-button__inactive-tint-orange,checkerboard__capsule-button__rest,checkerboard__capsule-button__rest-tint-orange,checkerboard__rrect-md__inactive,checkerboard__rrect-md__rest,dark-solid__capsule-button__inactive,dark-solid__capsule-button__inactive-tint-orange,dark-solid__capsule-button__rest,dark-solid__capsule-button__rest-tint-orange,dark-solid__rrect-md__inactive,dark-solid__rrect-md__rest,impulse__capsule-button__inactive,impulse__capsule-button__rest,light-solid__capsule-button__inactive,photo__capsule-button__inactive,photo__capsule-button__inactive-tint-orange,photo__capsule-button__rest,photo__capsule-button__rest-tint-orange,photo__rrect-md__inactive,photo__rrect-md__rest --alpha --write-partial --out-matrix /Users/new/vitrea-w47/op2-identity/1x/css/matrix.json

── web capture (apple-macos-27.0-1x-dark-standard-glass0.25, 21 scene(s)) ─────────────────────────────
(node:45817) [DEP0205] DeprecationWarning: `module.register()` is deprecated. Use `module.registerHooks()` instead.
(Use `node --trace-deprecation ...` to show where the warning was created)
scene server: http://localhost:5484
engine: chromium 151.0.7922.34
material profile: materialProfile=packages/calibration/profiles/apple-macos-27.0-1x-dark-standard-glass0.25.json sha256:d0219cd684bf sections=renderer+cssTierMapping
receded profile:, recededProfile=packages/calibration/profiles/apple-macos-27.0-1x-dark-standard-glass0.25-receded.json sha256:f0b36a71772a

dark-solid__capsule-button__rest
  tier          css / css-backdrop
  adapter       apple/metal-3
  colour space  srgb
  pixels        320x200
  determinism   byte-identical over two loads
  written       /Users/new/vitrea-w47/op2-identity/1x/captures/apple-macos-27.0-1x-dark-standard-glass0.25/dark-solid__capsule-button__rest/

photo__capsule-button__rest
  tier          css / css-backdrop
  adapter       apple/metal-3
  colour space  srgb
  pixels        320x200
  determinism   byte-identical over two loads
  written       /Users/new/vitrea-w47/op2-identity/1x/captures/apple-macos-27.0-1x-dark-standard-glass0.25/photo__capsule-button__rest/

dark-solid__rrect-md__rest
  tier          css / css-backdrop
  adapter       apple/metal-3
  colour space  srgb
  pixels        320x200
  determinism   byte-identical over two loads
  written       /Users/new/vitrea-w47/op2-identity/1x/captures/apple-macos-27.0-1x-dark-standard-glass0.25/dark-solid__rrect-md__rest/

photo__capsule-button__rest-tint-orange
  tier          css / css-backdrop
  adapter       apple/metal-3
  colour space  srgb
  pixels        320x200
  determinism   byte-identical over two loads
  written       /Users/new/vitrea-w47/op2-identity/1x/captures/apple-macos-27.0-1x-dark-standard-glass0.25/photo__capsule-button__rest-tint-orange/

dark-solid__capsule-button__rest-tint-orange
  tier          css / css-backdrop
  adapter       apple/metal-3
  colour space  srgb
  pixels        320x200
  determinism   byte-identical over two loads
  written       /Users/new/vitrea-w47/op2-identity/1x/captures/apple-macos-27.0-1x-dark-standard-glass0.25/dark-solid__capsule-button__rest-tint-orange/

photo__capsule-button__inactive
  tier          css / css-backdrop
  adapter       apple/metal-3
  colour space  srgb
  pixels        320x200
  determinism   byte-identical over two loads
  written       /Users/new/vitrea-w47/op2-identity/1x/captures/apple-macos-27.0-1x-dark-standard-glass0.25/photo__capsule-button__inactive/

checkerboard__capsule-button__inactive-tint-orange
  tier          css / css-backdrop
  adapter       apple/metal-3
  colour space  srgb
  pixels        320x200
  determinism   byte-identical over two loads
  written       /Users/new/vitrea-w47/op2-identity/1x/captures/apple-macos-27.0-1x-dark-standard-glass0.25/checkerboard__capsule-button__inactive-tint-orange/

photo__rrect-md__rest
  tier          css / css-backdrop
  adapter       apple/metal-3
  colour space  srgb
  pixels        320x200
  determinism   byte-identical over two loads
  written       /Users/new/vitrea-w47/op2-identity/1x/captures/apple-macos-27.0-1x-dark-standard-glass0.25/photo__rrect-md__rest/

light-solid__capsule-button__inactive
  tier          css / css-backdrop
  adapter       apple/metal-3
  colour space  srgb
  pixels        320x200
  determinism   byte-identical over two loads
  written       /Users/new/vitrea-w47/op2-identity/1x/captures/apple-macos-27.0-1x-dark-standard-glass0.25/light-solid__capsule-button__inactive/

checkerboard__rrect-md__rest
  tier          css / css-backdrop
  adapter       apple/metal-3
  colour space  srgb
  pixels        320x200
  determinism   byte-identical over two loads
  written       /Users/new/vitrea-w47/op2-identity/1x/captures/apple-macos-27.0-1x-dark-standard-glass0.25/checkerboard__rrect-md__rest/

impulse__capsule-button__inactive
  tier          css / css-backdrop
  adapter       apple/metal-3
  colour space  srgb
  pixels        320x200
  determinism   byte-identical over two loads
  written       /Users/new/vitrea-w47/op2-identity/1x/captures/apple-macos-27.0-1x-dark-standard-glass0.25/impulse__capsule-button__inactive/

checkerboard__capsule-button__rest
  tier          css / css-backdrop
  adapter       apple/metal-3
  colour space  srgb
  pixels        320x200
  determinism   byte-identical over two loads
  written       /Users/new/vitrea-w47/op2-identity/1x/captures/apple-macos-27.0-1x-dark-standard-glass0.25/checkerboard__capsule-button__rest/

checkerboard__capsule-button__rest-tint-orange
  tier          css / css-backdrop
  adapter       apple/metal-3
  colour space  srgb
  pixels        320x200
  determinism   byte-identical over two loads
  written       /Users/new/vitrea-w47/op2-identity/1x/captures/apple-macos-27.0-1x-dark-standard-glass0.25/checkerboard__capsule-button__rest-tint-orange/

photo__capsule-button__inactive-tint-orange
  tier          css / css-backdrop
  adapter       apple/metal-3
  colour space  srgb
  pixels        320x200
  determinism   byte-identical over two loads
  written       /Users/new/vitrea-w47/op2-identity/1x/captures/apple-macos-27.0-1x-dark-standard-glass0.25/photo__capsule-button__inactive-tint-orange/

photo__rrect-md__inactive
  tier          css / css-backdrop
  adapter       apple/metal-3
  colour space  srgb
  pixels        320x200
  determinism   byte-identical over two loads
  written       /Users/new/vitrea-w47/op2-identity/1x/captures/apple-macos-27.0-1x-dark-standard-glass0.25/photo__rrect-md__inactive/

dark-solid__capsule-button__inactive-tint-orange
  tier          css / css-backdrop
  adapter       apple/metal-3
  colour space  srgb
  pixels        320x200
  determinism   byte-identical over two loads
  written       /Users/new/vitrea-w47/op2-identity/1x/captures/apple-macos-27.0-1x-dark-standard-glass0.25/dark-solid__capsule-button__inactive-tint-orange/

dark-solid__rrect-md__inactive
  tier          css / css-backdrop
  adapter       apple/metal-3
  colour space  srgb
  pixels        320x200
  determinism   byte-identical over two loads
  written       /Users/new/vitrea-w47/op2-identity/1x/captures/apple-macos-27.0-1x-dark-standard-glass0.25/dark-solid__rrect-md__inactive/

dark-solid__capsule-button__inactive
  tier          css / css-backdrop
  adapter       apple/metal-3
  colour space  srgb
  pixels        320x200
  determinism   byte-identical over two loads
  written       /Users/new/vitrea-w47/op2-identity/1x/captures/apple-macos-27.0-1x-dark-standard-glass0.25/dark-solid__capsule-button__inactive/

checkerboard__capsule-button__inactive
  tier          css / css-backdrop
  adapter       apple/metal-3
  colour space  srgb
  pixels        320x200
  determinism   byte-identical over two loads
  written       /Users/new/vitrea-w47/op2-identity/1x/captures/apple-macos-27.0-1x-dark-standard-glass0.25/checkerboard__capsule-button__inactive/

checkerboard__rrect-md__inactive
  tier          css / css-backdrop
  adapter       apple/metal-3
  colour space  srgb
  pixels        320x200
  determinism   byte-identical over two loads
  written       /Users/new/vitrea-w47/op2-identity/1x/captures/apple-macos-27.0-1x-dark-standard-glass0.25/checkerboard__rrect-md__inactive/

impulse__capsule-button__rest
  tier          css / css-backdrop
  adapter       apple/metal-3
  colour space  srgb
  pixels        320x200
  determinism   byte-identical over two loads
  written       /Users/new/vitrea-w47/op2-identity/1x/captures/apple-macos-27.0-1x-dark-standard-glass0.25/impulse__capsule-button__rest/

21 scene(s) captured; 0 fell back to the CSS tier; 0 carry problems.

── measure (21 cell(s)) ─────────────────────────────
matrix → /Users/new/vitrea-w47/op2-identity/1x/css/matrix.json (21 cell(s) total)

set         profile                        scene                                        IoU    cMean   SSIM    dE       lum slope N/W     interior mean N/W    interior sd N/W     rim peak N/W
------------------------------------------------------------------------------------------------------------------------------------------------------------------------------------------------------------------------------
calibration 1x-dark-standard-glass0.25    dark-solid__capsule-button__rest              0.994    0.10   0.980   0.0016     —   /  —       0.0465/ 0.0440    0.0123/ 0.0019    0.0344/ 0.0043
calibration 1x-dark-standard-glass0.25    photo__capsule-button__rest                   0.986    0.19   0.981   0.0089    0.444/ 0.079    0.2253/ 0.1793    0.0488/ 0.0096    0.0806/ 0.0135
calibration 1x-dark-standard-glass0.25    dark-solid__rrect-md__rest                    0.997    0.09   0.968   0.0029     —   /  —       0.0420/ 0.0411    0.0076/ 0.0015    0.0284/ 0.0053
calibration 1x-dark-standard-glass0.25    photo__capsule-button__rest-tint-orange       1.000    0.00   0.983   0.0026   -0.003/ 0.002    0.4429/ 0.4274    0.0201/ 0.0067    0.0275/ 0.0000
calibration 1x-dark-standard-glass0.25    dark-solid__capsule-button__rest-tint-orange  1.000    0.00   0.976   0.0035     —   /  —       0.4302/ 0.4270    0.0297/ 0.0109    0.0138/ 0.0000
calibration 1x-dark-standard-glass0.25    photo__capsule-button__inactive               0.932    1.27   0.983   0.0071    0.451/ 0.106    0.2033/ 0.1875    0.0454/ 0.0110    0.0000/ 0.0000
calibration 1x-dark-standard-glass0.25    checkerboard__capsule-button__inactive-tint-orange  1.000    0.01   0.964   0.0051    0.099/ 0.002    0.2748/ 0.3183    0.0777/ 0.0088    0.0086/ 0.0000
calibration 1x-dark-standard-glass0.25    photo__rrect-md__rest                         0.991    0.24   0.971   0.0282    0.331/ 0.063    0.1964/ 0.1659    0.0442/ 0.0091    0.0000/ 0.0000
calibration 1x-dark-standard-glass0.25    light-solid__capsule-button__inactive         1.000    0.00   0.976   0.0014     —   /  —       0.4419/ 0.4445    0.0032/ 0.0122    0.0035/ 0.0178
calibration 1x-dark-standard-glass0.25    checkerboard__rrect-md__rest                  1.000    0.00   0.888   0.0180    0.062/ 0.020    0.1620/ 0.1774    0.0616/ 0.0139    0.0589/ 0.0206
validation  1x-dark-standard-glass0.25    impulse__capsule-button__inactive             1.000    0.00   0.992   0.0031     —   /  —       0.0139/ 0.0168    0.0008/ 0.0000    0.0000/ 0.0000
calibration 1x-dark-standard-glass0.25    checkerboard__capsule-button__rest            1.000    0.00   0.942   0.0110    0.152/ 0.027    0.1796/ 0.2163    0.1107/ 0.0193    0.0855/ 0.0165
calibration 1x-dark-standard-glass0.25    checkerboard__capsule-button__rest-tint-orange  1.000    0.00   0.982   0.0039    0.011/ 0.001    0.4406/ 0.4275    0.0255/ 0.0066    0.0292/ 0.0000
calibration 1x-dark-standard-glass0.25    photo__capsule-button__inactive-tint-orange   0.999    0.02   0.987   0.0065    0.495/ 0.001    0.2888/ 0.2915    0.0474/ 0.0034    0.0165/ 0.0000
calibration 1x-dark-standard-glass0.25    photo__rrect-md__inactive                     0.988    0.35   0.971   0.0260    0.305/ 0.062    0.1780/ 0.1651    0.0392/ 0.0078    0.0000/ 0.0000
calibration 1x-dark-standard-glass0.25    dark-solid__capsule-button__inactive-tint-orange  0.997    0.06   0.995   0.0039     —   /  —       0.0684/ 0.0466    0.0029/ 0.0009    0.0000/ 0.0000
calibration 1x-dark-standard-glass0.25    dark-solid__rrect-md__inactive                 —       —      0.968   0.0139     —   /  —         —   /   —         —   /   —         —   /   —   
calibration 1x-dark-standard-glass0.25    dark-solid__capsule-button__inactive           —       —      0.990   0.0036     —   /  —         —   /   —         —   /   —         —   /   —   
calibration 1x-dark-standard-glass0.25    checkerboard__capsule-button__inactive        0.999    0.02   0.977   0.0043    0.076/ 0.041    0.1816/ 0.2080    0.0595/ 0.0287    0.0063/ 0.0071
calibration 1x-dark-standard-glass0.25    checkerboard__rrect-md__inactive              1.000    0.00   0.973   0.0047    0.012/ 0.013    0.1692/ 0.1715    0.0150/ 0.0107    0.0003/ 0.0035
validation  1x-dark-standard-glass0.25    impulse__capsule-button__rest                 0.082    1.61   0.969   0.0081    0.012/ 0.008    0.0391/ 0.0398    0.0198/ 0.0051    0.0000/ 0.0000

1x-dark-standard-glass0.25    calibration n=19  IoU mean 0.9930 worst 0.9322   contour p95 mean 0.94 worst 9.00   SSIM mean 0.9713 worst 0.8877   dE mean 0.00827 worst 0.02824
1x-dark-standard-glass0.25    validation  n= 2  IoU mean 0.5411 worst 0.0822   contour p95 mean 6.52 worst 13.04   SSIM mean 0.9802 worst 0.9687   dE mean 0.00563 worst 0.00812

── declaration conformance: the web tier's DRAWN silhouette against the declaration ──
profile                       scene                                        drawn px  declared px  IoU     contour p95  contour max
1x-dark-standard-glass0.25    photo__capsule-button__rest-tint-orange          5204         4872  0.9362         2.24         2.83
1x-dark-standard-glass0.25    dark-solid__capsule-button__rest-tint-orange     5204         4872  0.9362         2.24         2.83
1x-dark-standard-glass0.25    checkerboard__capsule-button__inactive-tint-orange     4872         4872  1.0000         0.00         0.00
1x-dark-standard-glass0.25    impulse__capsule-button__inactive                4872         4872  1.0000         0.00         0.00
1x-dark-standard-glass0.25    checkerboard__capsule-button__rest-tint-orange     5204         4872  0.9362         2.24         2.83
1x-dark-standard-glass0.25    photo__capsule-button__inactive-tint-orange      4872         4872  1.0000         0.00         0.00
1x-dark-standard-glass0.25    dark-solid__capsule-button__inactive-tint-orange     4872         4872  1.0000         0.00         0.00

── the shadow axis: what each side does to the backdrop it does not cover ────────────
profile                       scene                                        support  strength N/W     extent above/below/left/right N       W                 offset y N/W     blur sigma N/W
--------------------------------------------------------------------------------------------------------------------------------------------------------------------------------------------------------
1x-dark-standard-glass0.25    dark-solid__capsule-button__rest                0.00    —   /   —       —   /  —   /  —   /  —       —   /  —   /  —   /  —        —   /  —        —   /  —   
1x-dark-standard-glass0.25    photo__capsule-button__rest                     1.00  0.1276/ 0.1182    0/  9/  2/  2    0/ 12/  0/  5      4.5/   6.0      1.7/   3.4
1x-dark-standard-glass0.25    dark-solid__rrect-md__rest                      0.00    —   /   —       —   /  —   /  —   /  —       —   /  —   /  —   /  —        —   /  —        —   /  —   
1x-dark-standard-glass0.25    photo__capsule-button__rest-tint-orange         1.00  0.1050/ 0.0305    0/  9/  2/  2    0/ 12/  0/  5      4.5/   6.0      1.7/   5.2
1x-dark-standard-glass0.25    dark-solid__capsule-button__rest-tint-orange    0.00    —   /   —       —   /  —   /  —   /  —       —   /  —   /  —   /  —        —   /  —        —   /  —   
1x-dark-standard-glass0.25    photo__capsule-button__inactive                 1.00  0.4055/ 0.0130    2/  2/  2/  2    0/  0/  0/  0      0.0/  —        —   /  —   
1x-dark-standard-glass0.25    checkerboard__capsule-button__inactive-tint-orange    0.50  0.6402/ 0.0615    2/  2/  2/  2    0/  0/  0/  0      0.0/  —        —   /  —   
1x-dark-standard-glass0.25    photo__rrect-md__rest                           1.00  0.2923/ 0.1521    3/ 18/ 11/ 11    4/ 22/ 12/ 16      7.5/   9.0      9.0/  10.5
1x-dark-standard-glass0.25    light-solid__capsule-button__inactive           1.00  0.5408/ 0.0291    2/  2/  2/  2    0/  0/  0/  0      0.0/  —        —   /  —   
1x-dark-standard-glass0.25    checkerboard__rrect-md__rest                    0.50  0.3807/ 0.4555    2/ 18/ 12/ 10    4/ 22/ 13/ 14      8.0/   9.0      8.9/  —   
1x-dark-standard-glass0.25    impulse__capsule-button__inactive               0.00    —   /   —       —   /  —   /  —   /  —       —   /  —   /  —   /  —        —   /  —        —   /  —   
1x-dark-standard-glass0.25    checkerboard__capsule-button__rest              0.50  0.1975/ 0.4656    0/  8/  2/  2    0/ 12/  4/  3      4.0/   6.0      1.5/  —   
1x-dark-standard-glass0.25    checkerboard__capsule-button__rest-tint-orange    0.50  0.1971/ 0.3614    0/  8/  2/  2    0/ 12/  4/  3      4.0/   6.0      1.5/  —   
1x-dark-standard-glass0.25    photo__capsule-button__inactive-tint-orange     1.00  0.3966/ 0.0006    2/  2/  2/  2    0/  0/  0/  0      0.0/  —        —   /  —   
1x-dark-standard-glass0.25    photo__rrect-md__inactive                       1.00  0.4598/ 0.0040    0/  0/  2/  2    0/  0/  0/  0      0.0/  —        —   /  —   
1x-dark-standard-glass0.25    dark-solid__capsule-button__inactive-tint-orange    0.00    —   /   —       —   /  —   /  —   /  —       —   /  —   /  —   /  —        —   /  —        —   /  —   
1x-dark-standard-glass0.25    dark-solid__rrect-md__inactive                  0.00    —   /   —       —   /  —   /  —   /  —       —   /  —   /  —   /  —        —   /  —        —   /  —   
1x-dark-standard-glass0.25    dark-solid__capsule-button__inactive            0.00    —   /   —       —   /  —   /  —   /  —       —   /  —   /  —   /  —        —   /  —        —   /  —   
1x-dark-standard-glass0.25    checkerboard__capsule-button__inactive          0.50  0.6443/ 0.0504    2/  2/  2/  2    0/  0/  0/  0      0.0/  —        —   /  —   
1x-dark-standard-glass0.25    checkerboard__rrect-md__inactive                0.50  0.7650/ 0.0291    2/  2/  2/  2    0/  0/  0/  0      0.0/  —        —   /  —   
1x-dark-standard-glass0.25    impulse__capsule-button__rest                   0.00    —   /   —       —   /  —   /  —   /  —       —   /  —   /  —   /  —        —   /  —        —   /  —   

── what this run does and does not show ────────────
All native fixtures used here carry the composited material (materialRendered: true).
material axis absent on 2 cell(s) across 2 scene(s): dark-solid__rrect-md__inactive, dark-solid__capsule-button__inactive. See the per-cell notes — absent means not identifiable on that scene, never zero.
the shape axis is BOUNDED to the declared component region (margin 0 device px): within it, coverage, contour and corner profile are measured as before; outside it nothing is recovered, so a surface drawn LARGER than its declaration reads as a match. Area recovery is assumed, not measured — read silhouetteArea{Native,Web} against componentRegionArea.
shadow axis NOT NORMALISED on 8 cell(s) across 8 scene(s): dark-solid__capsule-button__rest, dark-solid__rrect-md__rest, dark-solid__capsule-button__rest-tint-orange, impulse__capsule-button__inactive, dark-solid__capsule-button__inactive-tint-orange, dark-solid__rrect-md__inactive, dark-solid__capsule-button__inactive, impulse__capsule-button__rest. Those backdrops carry too little light for an occlusion ratio to exist; the absolute departure is still reported and every ratio is absent, not zero.
coherence axis on 21 of 21 dom cell(s) — this tier against its texture twin, web against web.
caveat: Profiles not captured because the system is in accessibility mode 'standard' and these claim another: apple-macos-26.5-1x-light-reduced-transparency, apple-macos-26.5-1x-light-increased-contrast. macOS exposes reduce-transparency and increase-contrast as read-only environment values, so each such profile needs its own run with the corresponding System Settings toggle on (Accessibility > Display).
caveat: Profiles not captured because this display renders at 2.0x and their keys state another scale: apple-macos-26.5-1x-dark-standard, apple-macos-26.5-1x-light-standard. A profile is only captured on a display whose backingScaleFactor matches its key — a mismatched run would file 640x400-pixel fixtures under a key claiming a different scale, with no trace in the bytes.
receded profile posed on the inactive scenes: /Users/new/vitrea-w47/g0-op2/packages/calibration/profiles/apple-macos-27.0-1x-dark-standard-glass0.25-receded.json
material profile applied to the web side: /Users/new/vitrea-w47/g0-op2/packages/calibration/profiles/apple-macos-27.0-1x-dark-standard-glass0.25.json
web accessibility for apple-macos-27.0-1x-dark-standard-glass0.25 (native standard): browser preferences, no overrides

── notes (62) ────────────
  dark-solid__capsule-button__rest: declaration conformance NOT MEASURED: this tier's interior alpha over a transparent page is 0.2667, under the 0.9 an alpha coverage rule needs. A tier that composites its material below the threshold cannot be separated from its own outer shadow by any fixed alpha, so the reading is refused rather than reported. Absent, not a conformance failure.
  dark-solid__capsule-button__rest: ssimInterior ABSENT: no pixel of the reference silhouette is deeper than 24 CSS px from its contour, so this surface is all band.
  dark-solid__capsule-button__rest: blur NOT MEASURED: the backdrop has no single resolvable step edge inside the silhouette on the x axis, so no edge-spread width is identifiable. Absent, not zero — read interiorStdDev{Native,Web} for the frosting comparison.
  dark-solid__capsule-button__rest: luminance transfer NOT MEASURED: fitLuminanceTransfer: the independent variable does not vary over 4844 sample(s), so no slope is identifiable. A constant-luminance backdrop cannot measure a transfer function — use a ramp, photo or checkerboard scene.
  dark-solid__capsule-button__rest: shadow axis NOT NORMALISED: only 0.0% of the exterior has a backdrop above 0.05 linear luminance, so an occlusion ratio is not identifiable here — a shadow removes a fraction of the light behind it, and over this backdrop there is none to remove. The absolute departure (meanDeparture{Native,Web}) is still reported; every ratio-valued field is absent, not zero.
  photo__capsule-button__rest: declaration conformance NOT MEASURED: this tier's interior alpha over a transparent page is 0.2667, under the 0.9 an alpha coverage rule needs. A tier that composites its material below the threshold cannot be separated from its own outer shadow by any fixed alpha, so the reading is refused rather than reported. Absent, not a conformance failure.
  photo__capsule-button__rest: ssimInterior ABSENT: no pixel of the reference silhouette is deeper than 24 CSS px from its contour, so this surface is all band.
  photo__capsule-button__rest: blur NOT MEASURED: the backdrop has no single resolvable step edge inside the silhouette on the x axis, so no edge-spread width is identifiable. Absent, not zero — read interiorStdDev{Native,Web} for the frosting comparison.
  dark-solid__rrect-md__rest: declaration conformance NOT MEASURED: this tier's interior alpha over a transparent page is 0.2667, under the 0.9 an alpha coverage rule needs. A tier that composites its material below the threshold cannot be separated from its own outer shadow by any fixed alpha, so the reading is refused rather than reported. Absent, not a conformance failure.
  dark-solid__rrect-md__rest: blur NOT MEASURED: the backdrop has no single resolvable step edge inside the silhouette on the x axis, so no edge-spread width is identifiable. Absent, not zero — read interiorStdDev{Native,Web} for the frosting comparison.
  dark-solid__rrect-md__rest: luminance transfer NOT MEASURED: fitLuminanceTransfer: the independent variable does not vary over 14980 sample(s), so no slope is identifiable. A constant-luminance backdrop cannot measure a transfer function — use a ramp, photo or checkerboard scene.
  dark-solid__rrect-md__rest: shadow axis NOT NORMALISED: only 0.0% of the exterior has a backdrop above 0.05 linear luminance, so an occlusion ratio is not identifiable here — a shadow removes a fraction of the light behind it, and over this backdrop there is none to remove. The absolute departure (meanDeparture{Native,Web}) is still reported; every ratio-valued field is absent, not zero.
  photo__capsule-button__rest-tint-orange: ssimInterior ABSENT: no pixel of the reference silhouette is deeper than 24 CSS px from its contour, so this surface is all band.
  photo__capsule-button__rest-tint-orange: blur NOT MEASURED: the backdrop has no single resolvable step edge inside the silhouette on the x axis, so no edge-spread width is identifiable. Absent, not zero — read interiorStdDev{Native,Web} for the frosting comparison.
  dark-solid__capsule-button__rest-tint-orange: ssimInterior ABSENT: no pixel of the reference silhouette is deeper than 24 CSS px from its contour, so this surface is all band.
  dark-solid__capsule-button__rest-tint-orange: blur NOT MEASURED: the backdrop has no single resolvable step edge inside the silhouette on the x axis, so no edge-spread width is identifiable. Absent, not zero — read interiorStdDev{Native,Web} for the frosting comparison.
  dark-solid__capsule-button__rest-tint-orange: luminance transfer NOT MEASURED: fitLuminanceTransfer: the independent variable does not vary over 4872 sample(s), so no slope is identifiable. A constant-luminance backdrop cannot measure a transfer function — use a ramp, photo or checkerboard scene.
  dark-solid__capsule-button__rest-tint-orange: shadow axis NOT NORMALISED: only 0.0% of the exterior has a backdrop above 0.05 linear luminance, so an occlusion ratio is not identifiable here — a shadow removes a fraction of the light behind it, and over this backdrop there is none to remove. The absolute departure (meanDeparture{Native,Web}) is still reported; every ratio-valued field is absent, not zero.
  photo__capsule-button__inactive: declaration conformance NOT MEASURED: this tier's interior alpha over a transparent page is 0.2667, under the 0.9 an alpha coverage rule needs. A tier that composites its material below the threshold cannot be separated from its own outer shadow by any fixed alpha, so the reading is refused rather than reported. Absent, not a conformance failure.
  photo__capsule-button__inactive: ssimInterior ABSENT: no pixel of the reference silhouette is deeper than 24 CSS px from its contour, so this surface is all band.
  photo__capsule-button__inactive: blur NOT MEASURED: the backdrop has no single resolvable step edge inside the silhouette on the x axis, so no edge-spread width is identifiable. Absent, not zero — read interiorStdDev{Native,Web} for the frosting comparison.
  checkerboard__capsule-button__inactive-tint-orange: ssimInterior ABSENT: no pixel of the reference silhouette is deeper than 24 CSS px from its contour, so this surface is all band.
  checkerboard__capsule-button__inactive-tint-orange: blur NOT MEASURED on the web side: blurEdgeSpread: the region's profile rises by 0.00e+0 of linear luminance end to end — there is no step edge here, so no blur width is identifiable.
  photo__rrect-md__rest: declaration conformance NOT MEASURED: this tier's interior alpha over a transparent page is 0.2667, under the 0.9 an alpha coverage rule needs. A tier that composites its material below the threshold cannot be separated from its own outer shadow by any fixed alpha, so the reading is refused rather than reported. Absent, not a conformance failure.
  photo__rrect-md__rest: blur NOT MEASURED: the backdrop has no single resolvable step edge inside the silhouette on the x axis, so no edge-spread width is identifiable. Absent, not zero — read interiorStdDev{Native,Web} for the frosting comparison.
  light-solid__capsule-button__inactive: declaration conformance NOT MEASURED: this tier's interior alpha over a transparent page is 0.2667, under the 0.9 an alpha coverage rule needs. A tier that composites its material below the threshold cannot be separated from its own outer shadow by any fixed alpha, so the reading is refused rather than reported. Absent, not a conformance failure.
  light-solid__capsule-button__inactive: ssimInterior ABSENT: no pixel of the reference silhouette is deeper than 24 CSS px from its contour, so this surface is all band.
  light-solid__capsule-button__inactive: blur NOT MEASURED: the backdrop has no single resolvable step edge inside the silhouette on the x axis, so no edge-spread width is identifiable. Absent, not zero — read interiorStdDev{Native,Web} for the frosting comparison.
  light-solid__capsule-button__inactive: luminance transfer NOT MEASURED: fitLuminanceTransfer: the independent variable does not vary over 4872 sample(s), so no slope is identifiable. A constant-luminance backdrop cannot measure a transfer function — use a ramp, photo or checkerboard scene.
  checkerboard__rrect-md__rest: declaration conformance NOT MEASURED: this tier's interior alpha over a transparent page is 0.2667, under the 0.9 an alpha coverage rule needs. A tier that composites its material below the threshold cannot be separated from its own outer shadow by any fixed alpha, so the reading is refused rather than reported. Absent, not a conformance failure.
  impulse__capsule-button__inactive: ssimInterior ABSENT: no pixel of the reference silhouette is deeper than 24 CSS px from its contour, so this surface is all band.
  impulse__capsule-button__inactive: blur NOT MEASURED: the backdrop has no single resolvable step edge inside the silhouette on the x axis, so no edge-spread width is identifiable. Absent, not zero — read interiorStdDev{Native,Web} for the frosting comparison.
  impulse__capsule-button__inactive: luminance transfer NOT MEASURED: fitLuminanceTransfer: the independent variable does not vary over 16 sample(s), so no slope is identifiable. A constant-luminance backdrop cannot measure a transfer function — use a ramp, photo or checkerboard scene.
  impulse__capsule-button__inactive: shadow axis NOT NORMALISED: only 0.4% of the exterior has a backdrop above 0.05 linear luminance, so an occlusion ratio is not identifiable here — a shadow removes a fraction of the light behind it, and over this backdrop there is none to remove. The absolute departure (meanDeparture{Native,Web}) is still reported; every ratio-valued field is absent, not zero.
  checkerboard__capsule-button__rest: declaration conformance NOT MEASURED: this tier's interior alpha over a transparent page is 0.2667, under the 0.9 an alpha coverage rule needs. A tier that composites its material below the threshold cannot be separated from its own outer shadow by any fixed alpha, so the reading is refused rather than reported. Absent, not a conformance failure.
  checkerboard__capsule-button__rest: ssimInterior ABSENT: no pixel of the reference silhouette is deeper than 24 CSS px from its contour, so this surface is all band.
  checkerboard__capsule-button__rest-tint-orange: ssimInterior ABSENT: no pixel of the reference silhouette is deeper than 24 CSS px from its contour, so this surface is all band.
  checkerboard__capsule-button__rest-tint-orange: blur NOT MEASURED on the web side: blurEdgeSpread: the region's profile rises by 0.00e+0 of linear luminance end to end — there is no step edge here, so no blur width is identifiable.
  photo__capsule-button__inactive-tint-orange: ssimInterior ABSENT: no pixel of the reference silhouette is deeper than 24 CSS px from its contour, so this surface is all band.
  photo__capsule-button__inactive-tint-orange: blur NOT MEASURED: the backdrop has no single resolvable step edge inside the silhouette on the x axis, so no edge-spread width is identifiable. Absent, not zero — read interiorStdDev{Native,Web} for the frosting comparison.
  photo__rrect-md__inactive: declaration conformance NOT MEASURED: this tier's interior alpha over a transparent page is 0.2667, under the 0.9 an alpha coverage rule needs. A tier that composites its material below the threshold cannot be separated from its own outer shadow by any fixed alpha, so the reading is refused rather than reported. Absent, not a conformance failure.
  photo__rrect-md__inactive: blur NOT MEASURED: the backdrop has no single resolvable step edge inside the silhouette on the x axis, so no edge-spread width is identifiable. Absent, not zero — read interiorStdDev{Native,Web} for the frosting comparison.
  dark-solid__capsule-button__inactive-tint-orange: ssimInterior ABSENT: no pixel of the reference silhouette is deeper than 24 CSS px from its contour, so this surface is all band.
  dark-solid__capsule-button__inactive-tint-orange: blur NOT MEASURED: the backdrop has no single resolvable step edge inside the silhouette on the x axis, so no edge-spread width is identifiable. Absent, not zero — read interiorStdDev{Native,Web} for the frosting comparison.
  dark-solid__capsule-button__inactive-tint-orange: luminance transfer NOT MEASURED: fitLuminanceTransfer: the independent variable does not vary over 4836 sample(s), so no slope is identifiable. A constant-luminance backdrop cannot measure a transfer function — use a ramp, photo or checkerboard scene.
  dark-solid__capsule-button__inactive-tint-orange: shadow axis NOT NORMALISED: only 0.0% of the exterior has a backdrop above 0.05 linear luminance, so an occlusion ratio is not identifiable here — a shadow removes a fraction of the light behind it, and over this backdrop there is none to remove. The absolute departure (meanDeparture{Native,Web}) is still reported; every ratio-valued field is absent, not zero.
  dark-solid__rrect-md__inactive: shape axis NOT MEASURED: the native and web silhouette is empty at threshold 0.02 inside the declared component region — that capture is indistinguishable from its background there, so there is no contour to compare.
  dark-solid__rrect-md__inactive: declaration conformance measured but NOT REPORTED: it is a row of the shape axis and the axis is absent for this cell. The tier drew 15016 px against a declared 15024 px, IoU 0.9995, contour max 1.00 px.
  dark-solid__rrect-md__inactive: band-windowed SSIM rows NOT MEASURED: the native silhouette is empty inside the declared component region, so there is no reference contour to split the crop at 24 CSS px of depth. Absent, not zero.
  dark-solid__rrect-md__inactive: material axis NOT MEASURED: the native silhouette is empty at threshold 0.02, so there is no shared interior to sample. A material within that threshold of its own backdrop is a real outcome — over a solid backdrop of its own tone the reference is very nearly invisible — not a capture fault.
  dark-solid__rrect-md__inactive: shadow axis NOT NORMALISED: only 0.0% of the exterior has a backdrop above 0.05 linear luminance, so an occlusion ratio is not identifiable here — a shadow removes a fraction of the light behind it, and over this backdrop there is none to remove. The absolute departure (meanDeparture{Native,Web}) is still reported; every ratio-valued field is absent, not zero.
  dark-solid__capsule-button__inactive: shape axis NOT MEASURED: the native and web silhouette is empty at threshold 0.02 inside the declared component region — that capture is indistinguishable from its background there, so there is no contour to compare.
  dark-solid__capsule-button__inactive: declaration conformance measured but NOT REPORTED: it is a row of the shape axis and the axis is absent for this cell. The tier drew 4856 px against a declared 4872 px, IoU 0.9967, contour max 1.00 px.
  dark-solid__capsule-button__inactive: band-windowed SSIM rows NOT MEASURED: the native silhouette is empty inside the declared component region, so there is no reference contour to split the crop at 24 CSS px of depth. Absent, not zero.
  dark-solid__capsule-button__inactive: material axis NOT MEASURED: the native silhouette is empty at threshold 0.02, so there is no shared interior to sample. A material within that threshold of its own backdrop is a real outcome — over a solid backdrop of its own tone the reference is very nearly invisible — not a capture fault.
  dark-solid__capsule-button__inactive: shadow axis NOT NORMALISED: only 0.0% of the exterior has a backdrop above 0.05 linear luminance, so an occlusion ratio is not identifiable here — a shadow removes a fraction of the light behind it, and over this backdrop there is none to remove. The absolute departure (meanDeparture{Native,Web}) is still reported; every ratio-valued field is absent, not zero.
  checkerboard__capsule-button__inactive: declaration conformance NOT MEASURED: this tier's interior alpha over a transparent page is 0.2667, under the 0.9 an alpha coverage rule needs. A tier that composites its material below the threshold cannot be separated from its own outer shadow by any fixed alpha, so the reading is refused rather than reported. Absent, not a conformance failure.
  checkerboard__capsule-button__inactive: ssimInterior ABSENT: no pixel of the reference silhouette is deeper than 24 CSS px from its contour, so this surface is all band.
  checkerboard__rrect-md__inactive: declaration conformance NOT MEASURED: this tier's interior alpha over a transparent page is 0.2667, under the 0.9 an alpha coverage rule needs. A tier that composites its material below the threshold cannot be separated from its own outer shadow by any fixed alpha, so the reading is refused rather than reported. Absent, not a conformance failure.
  impulse__capsule-button__rest: declaration conformance NOT MEASURED: this tier's interior alpha over a transparent page is 0.2667, under the 0.9 an alpha coverage rule needs. A tier that composites its material below the threshold cannot be separated from its own outer shadow by any fixed alpha, so the reading is refused rather than reported. Absent, not a conformance failure.
  impulse__capsule-button__rest: ssimInterior ABSENT: no pixel of the reference silhouette is deeper than 24 CSS px from its contour, so this surface is all band.
  impulse__capsule-button__rest: shadow axis NOT NORMALISED: only 0.4% of the exterior has a backdrop above 0.05 linear luminance, so an occlusion ratio is not identifiable here — a shadow removes a fraction of the light behind it, and over this backdrop there is none to remove. The absolute departure (meanDeparture{Native,Web}) is still reported; every ratio-valued field is absent, not zero.
(node:45773) [DEP0205] DeprecationWarning: `module.register()` is deprecated. Use `module.registerHooks()` instead.
(Use `node --trace-deprecation ...` to show where the warning was created)
EXIT_CODE 0
