profile                           scene                                       set           ref 1-a  css was  css now |now-ref| |was-ref|  ssimOut was  ssimOut now  ssimMean was  ssimMean now
apple-macos-26.5-1x-dark-standard checkerboard__capsule-button__rest          calibration    0.0421   0.0493   0.0493    0.0073    0.0073       0.9353       0.9353       0.9472       0.9472
apple-macos-26.5-1x-dark-standard checkerboard__capsule-button__rest-tint-orancalibration    0.0421   0.0489   0.0489    0.0069    0.0069       0.9425       0.9425       0.9827       0.9827
apple-macos-26.5-1x-dark-standard checkerboard__rrect-md__rest                calibration    0.1525   0.1849   0.1586    0.0061    0.0323       0.9225       0.9228       0.9064       0.9065
apple-macos-26.5-1x-dark-standard dark-solid__capsule-button__rest            calibration      —        —        —         —         —          0.9408       0.9408       0.9866       0.9866
apple-macos-26.5-1x-dark-standard dark-solid__capsule-button__rest-tint-orangecalibration      —        —        —         —         —          0.9028       0.9028       0.9764       0.9764
apple-macos-26.5-1x-dark-standard dark-solid__rrect-md__rest                  calibration      —        —        —         —         —          0.8004       0.8004       0.9066       0.9066
apple-macos-26.5-1x-dark-standard impulse__capsule-button__rest               validation       —        —        —         —         —          0.8889       0.8889       0.9756       0.9756
apple-macos-26.5-1x-dark-standard photo__capsule-button__rest                 calibration    0.0391   0.0412   0.0412    0.0021    0.0021       0.9294       0.9294       0.9786       0.9786
apple-macos-26.5-1x-dark-standard photo__capsule-button__rest-tint-orange     calibration    0.0391   0.0361   0.0361    0.0030    0.0030       0.9182       0.9182       0.9790       0.9790
apple-macos-26.5-1x-dark-standard photo__rrect-md__rest                       calibration    0.1567   0.1607   0.1354    0.0213    0.0040       0.9109       0.9118       0.9613       0.9615
apple-macos-26.5-1x-light-standardcheckerboard__capsule-button__rest          calibration    0.2192   0.2210   0.2210    0.0018    0.0018       0.9415       0.9415       0.9613       0.9613
apple-macos-26.5-1x-light-standardcheckerboard__capsule-button__rest-tint-bluevalidation     0.2192   0.2217   0.2217    0.0025    0.0025       0.9414       0.9414       0.9779       0.9779
apple-macos-26.5-1x-light-standardcheckerboard__capsule-button__rest-tint-orancalibration    0.2192   0.2215   0.2215    0.0023    0.0023       0.9437       0.9437       0.9767       0.9767
apple-macos-26.5-1x-light-standardcheckerboard__rrect-md__rest                calibration    0.1925   0.2439   0.1991    0.0066    0.0514       0.8982       0.8984       0.8962       0.8963
apple-macos-26.5-1x-light-standardcheckerboard__rrect-ml__rest                calibration    0.2195   0.3058   0.2350    0.0156    0.0863       0.8751       0.8759       0.8480       0.8482
apple-macos-26.5-1x-light-standardcheckerboard__rrect-sm__rest                calibration    0.2179   0.1836   0.1836    0.0343    0.0343       0.9627       0.9627       0.9853       0.9853
apple-macos-26.5-1x-light-standardcheckerboard__toolbar-group__rest           calibration    0.2025   0.2026   0.2026    0.0001    0.0001       0.9408       0.9408       0.9577       0.9577
apple-macos-26.5-1x-light-standarddark-solid__capsule-button__rest            calibration      —        —        —         —         —          0.9408       0.9408       0.9866       0.9866
apple-macos-26.5-1x-light-standarddark-solid__capsule-button__rest-tint-orangecalibration      —        —        —         —         —          0.9028       0.9028       0.9764       0.9764
apple-macos-26.5-1x-light-standarddark-solid__rrect-md__rest                  calibration      —        —        —         —         —          0.8883       0.8884       0.9580       0.9580
apple-macos-26.5-1x-light-standardimpulse__capsule-button__rest               validation       —        —        —         —         —          0.8889       0.8889       0.9756       0.9756
apple-macos-26.5-1x-light-standardimpulse__capsule-button__rest-tint-orange   calibration      —        —        —         —         —          0.8931       0.8931       0.9746       0.9746
apple-macos-26.5-1x-light-standardimpulse__rrect-md__rest                     validation       —        —        —         —         —          0.8804       0.8804       0.9548       0.9548
apple-macos-26.5-1x-light-standardlight-solid__capsule-button__rest           calibration      —        —        —         —         —          0.9551       0.9551       0.9898       0.9898
apple-macos-26.5-1x-light-standardlight-solid__capsule-button__rest-tint-orangcalibration      —        —        —         —         —          0.9379       0.9379       0.9841       0.9841
apple-macos-26.5-1x-light-standardlight-solid__rrect-md__rest                 calibration      —        —        —         —         —          0.9265       0.9438       0.9755       0.9798
apple-macos-26.5-1x-light-standardlight-solid__rrect-ml__rest                 calibration      —        —        —         —         —          0.9074       0.9371       0.9608       0.9711
apple-macos-26.5-1x-light-standardphoto__capsule-button__rest                 calibration    0.2064   0.1677   0.1677    0.0386    0.0386       0.9076       0.9076       0.9771       0.9771
apple-macos-26.5-1x-light-standardphoto__capsule-button__rest-tint-blue       calibration    0.2064   0.1770   0.1770    0.0294    0.0294       0.9182       0.9182       0.9785       0.9785
apple-macos-26.5-1x-light-standardphoto__capsule-button__rest-tint-orange     calibration    0.2064   0.1752   0.1752    0.0312    0.0312       0.9116       0.9116       0.9774       0.9774
apple-macos-26.5-1x-light-standardphoto__capsule-button__rest-tint-orange-halfcalibration    0.2064   0.1711   0.1711    0.0353    0.0353       0.9092       0.9092       0.9772       0.9772
apple-macos-26.5-1x-light-standardphoto__rrect-md__rest                       calibration    0.2013   0.2129   0.1803    0.0211    0.0116       0.9051       0.9062       0.9625       0.9627
apple-macos-26.5-1x-light-standardphoto__rrect-md__rest-tint-orange           validation     0.2013   0.2118   0.1792    0.0221    0.0104       0.9091       0.9103       0.9643       0.9646
apple-macos-26.5-1x-light-standardphoto__rrect-ml__rest                       calibration    0.1889   0.2508   0.2011    0.0121    0.0619       0.8973       0.8995       0.9460       0.9467
apple-macos-26.5-1x-light-standardphoto__rrect-sm__rest                       validation     0.1861   0.0962   0.0962    0.0900    0.0900       0.9155       0.9155       0.9859       0.9859
apple-macos-26.5-1x-light-standardphoto__toolbar-group__rest                  validation     0.2117   0.1982   0.1982    0.0135    0.0135       0.8934       0.8934       0.9663       0.9663
apple-macos-26.5-2x-dark-standard checkerboard__capsule-button__rest          calibration    0.0416     —      0.0475    0.0059      —            —          0.9345         —          0.9606
apple-macos-26.5-2x-dark-standard checkerboard__capsule-button__rest-tint-orancalibration    0.0416     —      0.0475    0.0059      —            —          0.9401         —          0.9860
apple-macos-26.5-2x-dark-standard checkerboard__rrect-md__rest                calibration    0.1524     —      0.1570    0.0046      —            —          0.8786         —          0.9296
apple-macos-26.5-2x-dark-standard dark-solid__capsule-button__rest            calibration      —        —        —         —         —            —          0.9631         —          0.9908
apple-macos-26.5-2x-dark-standard dark-solid__capsule-button__rest-tint-orangecalibration      —        —        —         —         —            —          0.9242         —          0.9833
apple-macos-26.5-2x-dark-standard dark-solid__rrect-md__rest                  calibration      —        —        —         —         —            —          0.8483         —          0.9279
apple-macos-26.5-2x-dark-standard impulse__capsule-button__rest               validation       —        —        —         —         —            —          0.8943         —          0.9759
apple-macos-26.5-2x-dark-standard photo__capsule-button__rest                 calibration    0.0388     —      0.0365    0.0023      —            —          0.9461         —          0.9840
apple-macos-26.5-2x-dark-standard photo__capsule-button__rest-tint-orange     calibration    0.0388     —      0.0365    0.0023      —            —          0.9346         —          0.9854
apple-macos-26.5-2x-dark-standard photo__rrect-md__rest                       calibration    0.1584     —      0.1409    0.0175      —            —          0.9298         —          0.9707
apple-macos-26.5-2x-light-standardcheckerboard__capsule-button__rest          calibration    0.2178   0.2204   0.2204    0.0026    0.0026       0.9458       0.9458       0.9706       0.9706
apple-macos-26.5-2x-light-standardcheckerboard__capsule-button__rest-tint-bluevalidation     0.2178   0.2204   0.2204    0.0026    0.0026       0.9386       0.9386       0.9831       0.9831
apple-macos-26.5-2x-light-standardcheckerboard__capsule-button__rest-tint-orancalibration    0.2178   0.2204   0.2204    0.0026    0.0026       0.9416       0.9416       0.9829       0.9829
apple-macos-26.5-2x-light-standardcheckerboard__rrect-md__rest                calibration    0.1904   0.2440   0.1986    0.0082    0.0535       0.8259       0.8263       0.9168       0.9169
apple-macos-26.5-2x-light-standardcheckerboard__rrect-ml__rest                calibration    0.2194   0.3045   0.2344    0.0150    0.0851       0.7814       0.7825       0.8763       0.8766
apple-macos-26.5-2x-light-standardcheckerboard__rrect-sm__rest                calibration    0.2155   0.1832   0.1832    0.0323    0.0323       0.9575       0.9575       0.9883       0.9883
apple-macos-26.5-2x-light-standardcheckerboard__toolbar-group__rest           calibration    0.2032   0.2021   0.2021    0.0011    0.0011       0.9408       0.9408       0.9656       0.9656
apple-macos-26.5-2x-light-standarddark-solid__capsule-button__rest            calibration      —        —        —         —         —          0.9631       0.9631       0.9908       0.9908
apple-macos-26.5-2x-light-standarddark-solid__capsule-button__rest-tint-orangecalibration      —        —        —         —         —          0.9242       0.9242       0.9833       0.9833
apple-macos-26.5-2x-light-standarddark-solid__rrect-md__rest                  calibration      —        —        —         —         —          0.9163       0.9164       0.9722       0.9722
apple-macos-26.5-2x-light-standardimpulse__capsule-button__rest               validation       —        —        —         —         —          0.8943       0.8943       0.9759       0.9759
apple-macos-26.5-2x-light-standardimpulse__capsule-button__rest-tint-orange   calibration      —        —        —         —         —          0.9206       0.9206       0.9827       0.9827
apple-macos-26.5-2x-light-standardimpulse__rrect-md__rest                     validation       —        —        —         —         —          0.9147       0.9147       0.9708       0.9708
apple-macos-26.5-2x-light-standardlight-solid__capsule-button__rest           calibration      —        —        —         —         —          0.9638       0.9638       0.9928       0.9928
apple-macos-26.5-2x-light-standardlight-solid__capsule-button__rest-tint-orangcalibration      —        —        —         —         —          0.9472       0.9472       0.9878       0.9878
apple-macos-26.5-2x-light-standardlight-solid__rrect-md__rest                 calibration      —        —        —         —         —          0.9443       0.9551       0.9835       0.9860
apple-macos-26.5-2x-light-standardlight-solid__rrect-ml__rest                 calibration      —        —        —         —         —          0.9345       0.9500       0.9747       0.9798
apple-macos-26.5-2x-light-standardphoto__capsule-button__rest                 calibration    0.2077   0.1782   0.1782    0.0295    0.0295       0.9256       0.9256       0.9836       0.9836
apple-macos-26.5-2x-light-standardphoto__capsule-button__rest-tint-blue       calibration    0.2077   0.1782   0.1782    0.0295    0.0295       0.9379       0.9379       0.9851       0.9851
apple-macos-26.5-2x-light-standardphoto__capsule-button__rest-tint-orange     calibration    0.2077   0.1782   0.1782    0.0295    0.0295       0.9309       0.9309       0.9844       0.9844
apple-macos-26.5-2x-light-standardphoto__capsule-button__rest-tint-orange-halfcalibration    0.2077   0.1782   0.1782    0.0295    0.0295       0.9270       0.9270       0.9837       0.9837
apple-macos-26.5-2x-light-standardphoto__rrect-md__rest                       calibration    0.2012   0.2139   0.1776    0.0237    0.0127       0.9228       0.9234       0.9737       0.9739
apple-macos-26.5-2x-light-standardphoto__rrect-md__rest-tint-orange           validation     0.2012   0.2136   0.1773    0.0239    0.0124       0.9261       0.9270       0.9750       0.9752
apple-macos-26.5-2x-light-standardphoto__rrect-ml__rest                       calibration    0.1891   0.2564   0.2096    0.0205    0.0673       0.9177       0.9189       0.9624       0.9628
apple-macos-26.5-2x-light-standardphoto__rrect-sm__rest                       validation     0.1851   0.1017   0.1017    0.0834    0.0834       0.9344       0.9344       0.9902       0.9902
apple-macos-26.5-2x-light-standardphoto__toolbar-group__rest                  validation     0.2083   0.1959   0.1959    0.0124    0.0124       0.9106       0.9106       0.9746       0.9746
