=== 1x-light (before: caps/confirm-1x-light-css)
CHANGED    apple-macos-26.5-1x-light-standard/checkerboard__rrect-md__rest/checkerboard__rrect-md__rest__css.png
CHANGED    apple-macos-26.5-1x-light-standard/checkerboard__rrect-ml__rest/checkerboard__rrect-ml__rest__css.png
CHANGED    apple-macos-26.5-1x-light-standard/dark-solid__rrect-md__rest/dark-solid__rrect-md__rest__css.png
CHANGED    apple-macos-26.5-1x-light-standard/impulse__rrect-md__rest/impulse__rrect-md__rest__css.png
CHANGED    apple-macos-26.5-1x-light-standard/light-solid__rrect-md__rest/light-solid__rrect-md__rest__css.png
CHANGED    apple-macos-26.5-1x-light-standard/light-solid__rrect-ml__rest/light-solid__rrect-ml__rest__css.png
CHANGED    apple-macos-26.5-1x-light-standard/photo__rrect-md__rest-tint-orange/photo__rrect-md__rest-tint-orange__css.png
CHANGED    apple-macos-26.5-1x-light-standard/photo__rrect-md__rest/photo__rrect-md__rest__css.png
CHANGED    apple-macos-26.5-1x-light-standard/photo__rrect-ml__rest/photo__rrect-ml__rest__css.png
17 of 26 captures byte-identical
=== 2x-light (before: caps/confirm-2x-light-css)
CHANGED    apple-macos-26.5-2x-light-standard/checkerboard__rrect-md__rest/checkerboard__rrect-md__rest__css.png
CHANGED    apple-macos-26.5-2x-light-standard/checkerboard__rrect-ml__rest/checkerboard__rrect-ml__rest__css.png
CHANGED    apple-macos-26.5-2x-light-standard/dark-solid__rrect-md__rest/dark-solid__rrect-md__rest__css.png
CHANGED    apple-macos-26.5-2x-light-standard/impulse__rrect-md__rest/impulse__rrect-md__rest__css.png
CHANGED    apple-macos-26.5-2x-light-standard/light-solid__rrect-md__rest/light-solid__rrect-md__rest__css.png
CHANGED    apple-macos-26.5-2x-light-standard/light-solid__rrect-ml__rest/light-solid__rrect-ml__rest__css.png
CHANGED    apple-macos-26.5-2x-light-standard/photo__rrect-md__rest-tint-orange/photo__rrect-md__rest-tint-orange__css.png
CHANGED    apple-macos-26.5-2x-light-standard/photo__rrect-md__rest/photo__rrect-md__rest__css.png
CHANGED    apple-macos-26.5-2x-light-standard/photo__rrect-ml__rest/photo__rrect-ml__rest__css.png
17 of 26 captures byte-identical
=== 1x-dark (before: caps/confirm-1x-dark-css)
CHANGED    apple-macos-26.5-1x-dark-standard/checkerboard__rrect-md__rest/checkerboard__rrect-md__rest__css.png
CHANGED    apple-macos-26.5-1x-dark-standard/dark-solid__rrect-md__rest/dark-solid__rrect-md__rest__css.png
CHANGED    apple-macos-26.5-1x-dark-standard/photo__rrect-md__rest/photo__rrect-md__rest__css.png
7 of 10 captures byte-identical
