
interior = mean over calibration cells of |Δmean| + |Δsd| + |Δrim|, linear light
shadow   = mean over calibration cells of |Δ meanDeparture| over the exterior, linear light
ranked on the INTERIOR objective. SSIM and dE are CHECKS, not terms of either.

point                                            interior   |Δmean|    |Δsd|   |Δrim|    shadow       dE    SSIM   n  ns
------------------------------------------------------------------------------------------------------------------------
sizeScatterRampStart2x=0.55 sizeScatterRampReach2xPx=20    0.06590   0.01684  0.00755  0.04151   0.00308  0.00651  0.9840  19  20
sizeScatterRampStart2x=0.65 sizeScatterRampReach2xPx=20    0.06598   0.01684  0.00769  0.04145   0.00308  0.00653  0.9838  19  20
sizeScatterRampStart2x=0.45 sizeScatterRampReach2xPx=20    0.06609   0.01684  0.00745  0.04180   0.00308  0.00650  0.9841  19  20
sizeScatterRampStart2x=0.25 sizeScatterRampReach2xPx=20    0.06613   0.01684  0.00736  0.04193   0.00308  0.00649  0.9842  19  20
sizeScatterRampStart2x=0.25 sizeScatterRampReach2xPx=40    0.06613   0.01684  0.00736  0.04193   0.00308  0.00649  0.9842  19  20
sizeScatterRampStart2x=0.25 sizeScatterRampReach2xPx=60    0.06613   0.01684  0.00736  0.04193   0.00308  0.00649  0.9842  19  20
sizeScatterRampStart2x=0.25 sizeScatterRampReach2xPx=100    0.06613   0.01684  0.00736  0.04193   0.00308  0.00649  0.9842  19  20
sizeScatterRampStart2x=0.25 sizeScatterRampReach2xPx=200    0.06613   0.01684  0.00736  0.04193   0.00308  0.00649  0.9842  19  20
sizeScatterRampStart2x=0.25 sizeScatterRampReach2xPx=300    0.06613   0.01684  0.00736  0.04193   0.00308  0.00649  0.9842  19  20
sizeScatterRampStart2x=0.35 sizeScatterRampReach2xPx=20    0.06613   0.01684  0.00736  0.04193   0.00308  0.00649  0.9842  19  20
sizeScatterRampStart2x=0.35 sizeScatterRampReach2xPx=40    0.06613   0.01684  0.00736  0.04193   0.00308  0.00649  0.9842  19  20
sizeScatterRampStart2x=0.35 sizeScatterRampReach2xPx=60    0.06613   0.01684  0.00736  0.04193   0.00308  0.00649  0.9842  19  20
sizeScatterRampStart2x=0.35 sizeScatterRampReach2xPx=100    0.06613   0.01684  0.00736  0.04193   0.00308  0.00649  0.9842  19  20
sizeScatterRampStart2x=0.35 sizeScatterRampReach2xPx=200    0.06613   0.01684  0.00736  0.04193   0.00308  0.00649  0.9842  19  20
sizeScatterRampStart2x=0.35 sizeScatterRampReach2xPx=300    0.06613   0.01684  0.00736  0.04193   0.00308  0.00649  0.9842  19  20
sizeScatterRampStart2x=0.45 sizeScatterRampReach2xPx=40    0.06617   0.01684  0.00754  0.04179   0.00308  0.00650  0.9841  19  20
sizeScatterRampStart2x=0.45 sizeScatterRampReach2xPx=60    0.06625   0.01684  0.00762  0.04178   0.00308  0.00651  0.9840  19  20
sizeScatterRampStart2x=0.65 sizeScatterRampReach2xPx=40    0.06629   0.01679  0.00807  0.04142   0.00308  0.00655  0.9836  19  20
sizeScatterRampStart2x=0.55 sizeScatterRampReach2xPx=40    0.06630   0.01684  0.00784  0.04163   0.00308  0.00652  0.9839  19  20
sizeScatterRampStart2x=0.45 sizeScatterRampReach2xPx=100    0.06639   0.01684  0.00776  0.04179   0.00308  0.00652  0.9839  19  20
sizeScatterRampStart2x=0.55 sizeScatterRampReach2xPx=60    0.06655   0.01684  0.00811  0.04160   0.00308  0.00654  0.9838  19  20
sizeScatterRampStart2x=0.75 sizeScatterRampReach2xPx=20    0.06658   0.01681  0.00826  0.04151   0.00308  0.00656  0.9836  19  20
sizeScatterRampStart2x=0.45 sizeScatterRampReach2xPx=200    0.06661   0.01685  0.00798  0.04179   0.00308  0.00654  0.9838  19  20
sizeScatterRampStart2x=0.45 sizeScatterRampReach2xPx=300    0.06669   0.01685  0.00806  0.04179   0.00308  0.00655  0.9837  19  20
sizeScatterRampStart2x=0.55 sizeScatterRampReach2xPx=100    0.06691   0.01686  0.00855  0.04151   0.00308  0.00657  0.9836  19  20
sizeScatterRampStart2x=0.65 sizeScatterRampReach2xPx=60    0.06693   0.01681  0.00866  0.04145   0.00308  0.00658  0.9835  19  20
sizeScatterRampStart2x=0.55 sizeScatterRampReach2xPx=200    0.06749   0.01686  0.00912  0.04151   0.00308  0.00662  0.9832  19  20
sizeScatterRampStart2x=0.55 sizeScatterRampReach2xPx=300    0.06772   0.01685  0.00933  0.04154   0.00308  0.00664  0.9831  19  20
sizeScatterRampStart2x=0.65 sizeScatterRampReach2xPx=100    0.06808   0.01686  0.00968  0.04154   0.00308  0.00664  0.9831  19  20
sizeScatterRampStart2x=0.75 sizeScatterRampReach2xPx=40    0.06850   0.01677  0.01021  0.04151   0.00308  0.00660  0.9833  19  20
sizeScatterRampStart2x=0.65 sizeScatterRampReach2xPx=200    0.06926   0.01686  0.01081  0.04158   0.00308  0.00674  0.9825  19  20
sizeScatterRampStart2x=0.65 sizeScatterRampReach2xPx=300    0.06962   0.01685  0.01120  0.04156   0.00308  0.00678  0.9823  19  20
sizeScatterRampStart2x=0.75 sizeScatterRampReach2xPx=60    0.06995   0.01680  0.01162  0.04153   0.00308  0.00664  0.9831  19  20
sizeScatterRampStart2x=0.75 sizeScatterRampReach2xPx=100    0.07159   0.01681  0.01332  0.04146   0.00308  0.00673  0.9825  19  20
sizeScatterRampStart2x=0.75 sizeScatterRampReach2xPx=200    0.07329   0.01678  0.01509  0.04142   0.00308  0.00690  0.9816  19  20
sizeScatterRampStart2x=0.75 sizeScatterRampReach2xPx=300    0.07376   0.01677  0.01571  0.04128   0.00308  0.00697  0.9814  19  20

best: sizeScatterRampStart2x=0.55 sizeScatterRampReach2xPx=20  interior 0.06590
spread across the grid: 0.06590 … 0.07376 (1.12×). A flat grid means the optimum is weakly identified, which is information about the fixtures, not a reason to pick harder.
