2026-09-27T08:07:45.628062+00:00 light-active E3 start
2026-09-27T08:07:45.791099+00:00 light-active E3 done [('leastSquares', 0.7089208284257609), ('minimax', 0.6182924316441927)]
2026-09-27T08:07:45.791134+00:00 light-active EH6 start
2026-09-27T08:07:45.957997+00:00 light-active EH6 done [('leastSquares', 0.6812947124848847), ('minimax', 0.6151674881434985)]
2026-09-27T08:07:45.958028+00:00 light-active O12 start
2026-09-27T08:07:46.250430+00:00 light-active O12 done [('leastSquares', 1.4514010509129491), ('minimax', 1.3358381387002396)]
2026-09-27T08:07:46.250827+00:00 light-inactive E3 start
2026-09-27T08:07:46.387350+00:00 light-inactive E3 done [('leastSquares', 0.9252340218768609), ('minimax', 0.8323554076898176)]
2026-09-27T08:07:46.387380+00:00 light-inactive EH6 start
2026-09-27T08:07:46.596698+00:00 light-inactive EH6 done [('leastSquares', 0.9633174562053455), ('minimax', 0.8325893444526713)]
2026-09-27T08:07:46.596737+00:00 light-inactive O12 start
2026-09-27T08:07:46.918536+00:00 light-inactive O12 done [('leastSquares', 2.671198319309269), ('minimax', 2.3272152388766756)]
2026-09-27T08:07:46.918755+00:00 dark-active E3 start
2026-09-27T08:07:47.048721+00:00 dark-active E3 done [('leastSquares', 1.087556738904837), ('minimax', 1.0103897404562758)]
2026-09-27T08:07:47.048751+00:00 dark-active EH6 start
2026-09-27T08:07:47.198819+00:00 dark-active EH6 done [('leastSquares', 2.9096093948436703), ('minimax', 2.3939774500759228)]
2026-09-27T08:07:47.198855+00:00 dark-active O12 start
2026-09-27T08:07:47.395145+00:00 dark-active O12 done [('leastSquares', 26.216800338215762), ('minimax', 22.0)]
2026-09-27T08:07:47.395332+00:00 dark-inactive E3 start
2026-09-27T08:07:47.522091+00:00 dark-inactive E3 done [('leastSquares', 1.5379425309424448), ('minimax', 1.4255235428724973)]
2026-09-27T08:07:47.522120+00:00 dark-inactive EH6 start
2026-09-27T08:07:47.661253+00:00 dark-inactive EH6 done [('leastSquares', 2.126602377887238), ('minimax', 1.6773509413345664)]
2026-09-27T08:07:47.661279+00:00 dark-inactive O12 start
2026-09-27T08:07:47.883574+00:00 dark-inactive O12 done [('leastSquares', 29.653547323551976), ('minimax', 25.28301434477872)]
COMPLETE /Users/new/vitrea-w41/g1/packages/calibration/results/2026-09-27-w41-g1-identification/body/attempt-1
