  factor-y0-c12-h0@2x.png  640x560  byte-stable
  factor-y0-c12-h120@2x.png  640x560  byte-stable
  factor-y0-c12-h180@2x.png  640x560  byte-stable
  factor-y0-c12-h240@2x.png  640x560  byte-stable
  factor-y0-c12-h300@2x.png  640x560  byte-stable
  factor-y0-c12-h60@2x.png  640x560  byte-stable
  factor-y0-c24-h0@2x.png  640x560  byte-stable
  factor-y0-c24-h120@2x.png  640x560  byte-stable
  factor-y0-c24-h180@2x.png  640x560  byte-stable
  factor-y0-c24-h240@2x.png  640x560  byte-stable
  factor-y0-c24-h300@2x.png  640x560  byte-stable
  factor-y0-c24-h60@2x.png  640x560  byte-stable
  factor-y1-c12-h0@2x.png  640x560  byte-stable
  factor-y1-c12-h120@2x.png  640x560  byte-stable
  factor-y1-c12-h180@2x.png  640x560  byte-stable
  factor-y1-c12-h240@2x.png  640x560  byte-stable
  factor-y1-c12-h300@2x.png  640x560  byte-stable
  factor-y1-c12-h60@2x.png  640x560  byte-stable
  factor-y1-c24-h0@2x.png  640x560  byte-stable
  factor-y1-c24-h120@2x.png  640x560  byte-stable
  factor-y1-c24-h180@2x.png  640x560  byte-stable
  factor-y1-c24-h240@2x.png  640x560  byte-stable
  factor-y1-c24-h300@2x.png  640x560  byte-stable
  factor-y1-c24-h60@2x.png  640x560  byte-stable
  factor-y2-c12-h0@2x.png  640x560  byte-stable
  factor-y2-c12-h120@2x.png  640x560  byte-stable
  factor-y2-c12-h180@2x.png  640x560  byte-stable
  factor-y2-c12-h240@2x.png  640x560  byte-stable
  factor-y2-c12-h300@2x.png  640x560  byte-stable
  factor-y2-c12-h60@2x.png  640x560  byte-stable
  factor-y2-c24-h0@2x.png  640x560  byte-stable
  factor-y2-c24-h120@2x.png  640x560  byte-stable
  factor-y2-c24-h180@2x.png  640x560  byte-stable
  factor-y2-c24-h240@2x.png  640x560  byte-stable
  factor-y2-c24-h300@2x.png  640x560  byte-stable
  factor-y2-c24-h60@2x.png  640x560  byte-stable
  g128@2x.png  640x560  byte-stable
  g255@2x.png  640x560  byte-stable
  green@2x.png  640x560  byte-stable
  held-y0.08-h150@2x.png  640x560  byte-stable
  held-y0.08-h270@2x.png  640x560  byte-stable
  held-y0.08-h30@2x.png  640x560  byte-stable
  held-y0.145-h150@2x.png  640x560  byte-stable
  held-y0.145-h270@2x.png  640x560  byte-stable
  held-y0.145-h30@2x.png  640x560  byte-stable
  matched-channel-0@2x.png  640x560  byte-stable
  matched-channel-1@2x.png  640x560  byte-stable
  matched-channel-2@2x.png  640x560  byte-stable
  matched-channel-3@2x.png  640x560  byte-stable
  matched-channel-4@2x.png  640x560  byte-stable
  matched-channel-5@2x.png  640x560  byte-stable
  neutral-104@2x.png  640x560  byte-stable
  neutral-128@2x.png  640x560  byte-stable
  neutral-150@2x.png  640x560  byte-stable
  neutral-40@2x.png  640x560  byte-stable
  neutral-56@2x.png  640x560  byte-stable
  neutral-72@2x.png  640x560  byte-stable
  neutral-88@2x.png  640x560  byte-stable
  red@2x.png  640x560  byte-stable
  transfer-h150@2x.png  640x560  byte-stable
  transfer-h210@2x.png  640x560  byte-stable
  transfer-h270@2x.png  640x560  byte-stable
  transfer-h30@2x.png  640x560  byte-stable
  transfer-h330@2x.png  640x560  byte-stable
  transfer-h90@2x.png  640x560  byte-stable
  v270@2x.png  640x560  byte-stable
  v90@2x.png  640x560  byte-stable
67 backgrounds → /Users/new/vitrea-w39/run/held/attempt-2/rehearsal-g1/rehearsal-inactive-2x/run-1/backgrounds
