  factor-y0-c12-h0@1x.png  320x280  byte-stable
  factor-y0-c12-h120@1x.png  320x280  byte-stable
  factor-y0-c12-h180@1x.png  320x280  byte-stable
  factor-y0-c12-h240@1x.png  320x280  byte-stable
  factor-y0-c12-h300@1x.png  320x280  byte-stable
  factor-y0-c12-h60@1x.png  320x280  byte-stable
  factor-y0-c24-h0@1x.png  320x280  byte-stable
  factor-y0-c24-h120@1x.png  320x280  byte-stable
  factor-y0-c24-h180@1x.png  320x280  byte-stable
  factor-y0-c24-h240@1x.png  320x280  byte-stable
  factor-y0-c24-h300@1x.png  320x280  byte-stable
  factor-y0-c24-h60@1x.png  320x280  byte-stable
  factor-y1-c12-h0@1x.png  320x280  byte-stable
  factor-y1-c12-h120@1x.png  320x280  byte-stable
  factor-y1-c12-h180@1x.png  320x280  byte-stable
  factor-y1-c12-h240@1x.png  320x280  byte-stable
  factor-y1-c12-h300@1x.png  320x280  byte-stable
  factor-y1-c12-h60@1x.png  320x280  byte-stable
  factor-y1-c24-h0@1x.png  320x280  byte-stable
  factor-y1-c24-h120@1x.png  320x280  byte-stable
  factor-y1-c24-h180@1x.png  320x280  byte-stable
  factor-y1-c24-h240@1x.png  320x280  byte-stable
  factor-y1-c24-h300@1x.png  320x280  byte-stable
  factor-y1-c24-h60@1x.png  320x280  byte-stable
  factor-y2-c12-h0@1x.png  320x280  byte-stable
  factor-y2-c12-h120@1x.png  320x280  byte-stable
  factor-y2-c12-h180@1x.png  320x280  byte-stable
  factor-y2-c12-h240@1x.png  320x280  byte-stable
  factor-y2-c12-h300@1x.png  320x280  byte-stable
  factor-y2-c12-h60@1x.png  320x280  byte-stable
  factor-y2-c24-h0@1x.png  320x280  byte-stable
  factor-y2-c24-h120@1x.png  320x280  byte-stable
  factor-y2-c24-h180@1x.png  320x280  byte-stable
  factor-y2-c24-h240@1x.png  320x280  byte-stable
  factor-y2-c24-h300@1x.png  320x280  byte-stable
  factor-y2-c24-h60@1x.png  320x280  byte-stable
  g128@1x.png  320x280  byte-stable
  g255@1x.png  320x280  byte-stable
  green@1x.png  320x280  byte-stable
  held-y0.08-h150@1x.png  320x280  byte-stable
  held-y0.08-h270@1x.png  320x280  byte-stable
  held-y0.08-h30@1x.png  320x280  byte-stable
  held-y0.145-h150@1x.png  320x280  byte-stable
  held-y0.145-h270@1x.png  320x280  byte-stable
  held-y0.145-h30@1x.png  320x280  byte-stable
  matched-channel-0@1x.png  320x280  byte-stable
  matched-channel-1@1x.png  320x280  byte-stable
  matched-channel-2@1x.png  320x280  byte-stable
  matched-channel-3@1x.png  320x280  byte-stable
  matched-channel-4@1x.png  320x280  byte-stable
  matched-channel-5@1x.png  320x280  byte-stable
  neutral-104@1x.png  320x280  byte-stable
  neutral-128@1x.png  320x280  byte-stable
  neutral-150@1x.png  320x280  byte-stable
  neutral-40@1x.png  320x280  byte-stable
  neutral-56@1x.png  320x280  byte-stable
  neutral-72@1x.png  320x280  byte-stable
  neutral-88@1x.png  320x280  byte-stable
  red@1x.png  320x280  byte-stable
  transfer-h150@1x.png  320x280  byte-stable
  transfer-h210@1x.png  320x280  byte-stable
  transfer-h270@1x.png  320x280  byte-stable
  transfer-h30@1x.png  320x280  byte-stable
  transfer-h330@1x.png  320x280  byte-stable
  transfer-h90@1x.png  320x280  byte-stable
  v270@1x.png  320x280  byte-stable
  v90@1x.png  320x280  byte-stable
67 backgrounds → /Users/new/vitrea-w39/run/held/attempt-2/rehearsal-g1/rehearsal-inactive-1x/run-1/backgrounds
