capturing 148 fixtures via screencapturekit at 2.0x (interleaved)
  [1/148] apple-macos-27.0-2x-light-standard-glass0.5/red__continuous-200__rest dry-run active
  [2/148] apple-macos-27.0-2x-light-standard-glass0.5/grey-160__circular-120__rest dry-run active
  [3/148] apple-macos-27.0-2x-dark-standard-glass0.5/grey-128__circular-120__rest dry-run active
  [4/148] apple-macos-27.0-2x-dark-standard-glass0.5/checkerboard-64__circular-120__rest dry-run active
  [5/148] apple-macos-27.0-2x-light-standard-glass0.5/photo__none__rest dry-run active
  [6/148] apple-macos-27.0-2x-dark-standard-glass0.5/grey-255__circular-120__rest dry-run active
  [7/148] apple-macos-27.0-2x-dark-standard-glass0.5/red__continuous-200__rest dry-run active
  [8/148] apple-macos-27.0-2x-dark-standard-glass0.5/grey-208__circular-120__rest dry-run active
  [9/148] apple-macos-27.0-2x-light-standard-glass0.5/green__none__rest dry-run active
  [10/148] apple-macos-27.0-2x-dark-standard-glass0.5/grey-128__capsule-button__rest dry-run active
  [11/148] apple-macos-27.0-2x-dark-standard-glass0.5/local-x-64__circular-120__rest dry-run active
  [12/148] apple-macos-27.0-2x-light-standard-glass0.5/gradient-90-large__circular-120__rest dry-run active
  [13/148] apple-macos-27.0-2x-dark-standard-glass0.5/gradient-0-small__circular-120__rest dry-run active
  [14/148] apple-macos-27.0-2x-dark-standard-glass0.5/grey-128__continuous-160__rest dry-run active
  [15/148] apple-macos-27.0-2x-light-standard-glass0.5/grey-0__capsule-button-opaque-255__rest dry-run active
  [16/148] apple-macos-27.0-2x-light-standard-glass0.5/gradient-0-large__circular-120__rest dry-run active
  [17/148] apple-macos-27.0-2x-light-standard-glass0.5/grey-255__continuous-200-opaque-0__rest dry-run active
  [18/148] apple-macos-27.0-2x-dark-standard-glass0.5/red__rectangle-120__rest dry-run active
  [19/148] apple-macos-27.0-2x-dark-standard-glass0.5/gradient-45-small__circular-120__rest dry-run active
  [20/148] apple-macos-27.0-2x-light-standard-glass0.5/gradient-135-small__none__rest dry-run active
  [21/148] apple-macos-27.0-2x-dark-standard-glass0.5/grey-255__continuous-160__rest dry-run active
  [22/148] apple-macos-27.0-2x-light-standard-glass0.5/yellow__circular-120__rest dry-run active
  [23/148] apple-macos-27.0-2x-dark-standard-glass0.5/grey-128__circular-200__rest dry-run active
  [24/148] apple-macos-27.0-2x-dark-standard-glass0.5/grey-255__circular-200__rest dry-run active
  [25/148] apple-macos-27.0-2x-light-standard-glass0.5/grey-255__capsule-button-opaque-0__rest dry-run active
  [26/148] apple-macos-27.0-2x-light-standard-glass0.5/blue__none__rest dry-run active
  [27/148] apple-macos-27.0-2x-light-standard-glass0.5/red__rectangle-120__rest dry-run active
  [28/148] apple-macos-27.0-2x-light-standard-glass0.5/local-y-64__none__rest dry-run active
  [29/148] apple-macos-27.0-2x-light-standard-glass0.5/grey-255__capsule-button__rest dry-run active
  [30/148] apple-macos-27.0-2x-light-standard-glass0.5/gradient-0-small__none__rest dry-run active
  [31/148] apple-macos-27.0-2x-light-standard-glass0.5/grey-255__circular-200-opaque-0__rest dry-run active
  [32/148] apple-macos-27.0-2x-light-standard-glass0.5/checkerboard__none__rest dry-run active
  [33/148] apple-macos-27.0-2x-light-standard-glass0.5/local-x-64__none__rest dry-run active
  [34/148] apple-macos-27.0-2x-light-standard-glass0.5/checkerboard-64__circular-120__rest dry-run active
  [35/148] apple-macos-27.0-2x-light-standard-glass0.5/red__circular-200__rest dry-run active
  [36/148] apple-macos-27.0-2x-dark-standard-glass0.5/dark-solid__capsule-button__rest dry-run active
  [37/148] apple-macos-27.0-2x-light-standard-glass0.5/grey-32__none__rest dry-run active
  [38/148] apple-macos-27.0-2x-light-standard-glass0.5/grey-128__circular-160__rest dry-run active
  [39/148] apple-macos-27.0-2x-light-standard-glass0.5/grey-0__circular-120__rest dry-run active
  [40/148] apple-macos-27.0-2x-dark-standard-glass0.5/grey-160__circular-120__rest dry-run active
  [41/148] apple-macos-27.0-2x-dark-standard-glass0.5/checkerboard__circular-120__rest dry-run active
  [42/148] apple-macos-27.0-2x-light-standard-glass0.5/grey-255__continuous-160-opaque-0__rest dry-run active
  [43/148] apple-macos-27.0-2x-dark-standard-glass0.5/grey-255__continuous-200__rest dry-run active
  [44/148] apple-macos-27.0-2x-light-standard-glass0.5/grey-0__none__rest dry-run active
  [45/148] apple-macos-27.0-2x-dark-standard-glass0.5/yellow__circular-120__rest dry-run active
  [46/148] apple-macos-27.0-2x-light-standard-glass0.5/grey-128__circular-200__rest dry-run active
  [47/148] apple-macos-27.0-2x-light-standard-glass0.5/grey-0__circular-160-opaque-255__rest dry-run active
  [48/148] apple-macos-27.0-2x-light-standard-glass0.5/light-solid__none__rest dry-run active
  [49/148] apple-macos-27.0-2x-dark-standard-glass0.5/grey-96__circular-120__rest dry-run active
  [50/148] apple-macos-27.0-2x-light-standard-glass0.5/grey-208__none__rest dry-run active
  [51/148] apple-macos-27.0-2x-light-standard-glass0.5/grey-0__circular-200-opaque-255__rest dry-run active
  [52/148] apple-macos-27.0-2x-light-standard-glass0.5/grey-0__circular-120-opaque-255__rest dry-run active
  [53/148] apple-macos-27.0-2x-light-standard-glass0.5/dark-solid__none__rest dry-run active
  [54/148] apple-macos-27.0-2x-light-standard-glass0.5/grey-255__circular-200__rest dry-run active
  [55/148] apple-macos-27.0-2x-light-standard-glass0.5/grey-255__none__rest dry-run active
  [56/148] apple-macos-27.0-2x-light-standard-glass0.5/grey-96__none__rest dry-run active
  [57/148] apple-macos-27.0-2x-dark-standard-glass0.5/grey-128__rectangle-120__rest dry-run active
  [58/148] apple-macos-27.0-2x-light-standard-glass0.5/dark-solid__capsule-button__rest dry-run active
  [59/148] apple-macos-27.0-2x-dark-standard-glass0.5/grey-255__rectangle-120__rest dry-run active
  [60/148] apple-macos-27.0-2x-light-standard-glass0.5/checkerboard-4__circular-120__rest dry-run active
  [61/148] apple-macos-27.0-2x-light-standard-glass0.5/checkerboard-64__none__rest dry-run active
  [62/148] apple-macos-27.0-2x-dark-standard-glass0.5/grey-255__circular-160__rest dry-run active
  [63/148] apple-macos-27.0-2x-light-standard-glass0.5/grey-255__continuous-200__rest dry-run active
  [64/148] apple-macos-27.0-2x-dark-standard-glass0.5/red__capsule-button__rest dry-run active
  [65/148] apple-macos-27.0-2x-dark-standard-glass0.5/cyan__circular-120__rest dry-run active
  [66/148] apple-macos-27.0-2x-light-standard-glass0.5/checkerboard-4__none__rest dry-run active
  [67/148] apple-macos-27.0-2x-light-standard-glass0.5/magenta__circular-120__rest dry-run active
  [68/148] apple-macos-27.0-2x-dark-standard-glass0.5/local-y-64__circular-120__rest dry-run active
  [69/148] apple-macos-27.0-2x-light-standard-glass0.5/gradient-135-small__circular-120__rest dry-run active
  [70/148] apple-macos-27.0-2x-light-standard-glass0.5/grey-0__continuous-200-opaque-255__rest dry-run active
  [71/148] apple-macos-27.0-2x-light-standard-glass0.5/grey-255__circular-120-opaque-0__rest dry-run active
  [72/148] apple-macos-27.0-2x-light-standard-glass0.5/grey-128__capsule-button__rest dry-run active
  [73/148] apple-macos-27.0-2x-dark-standard-glass0.5/gradient-135-small__circular-120__rest dry-run active
  [74/148] apple-macos-27.0-2x-light-standard-glass0.5/red__capsule-button__rest dry-run active
  [75/148] apple-macos-27.0-2x-light-standard-glass0.5/local-x-192__none__rest dry-run active
  [76/148] apple-macos-27.0-2x-light-standard-glass0.5/grey-64__none__rest dry-run active
  [77/148] apple-macos-27.0-2x-dark-standard-glass0.5/grey-128__continuous-200__rest dry-run active
  [78/148] apple-macos-27.0-2x-light-standard-glass0.5/gradient-90-large__none__rest dry-run active
  [79/148] apple-macos-27.0-2x-light-standard-glass0.5/grey-128__circular-120__rest dry-run active
  [80/148] apple-macos-27.0-2x-light-standard-glass0.5/cyan__none__rest dry-run active
  [81/148] apple-macos-27.0-2x-light-standard-glass0.5/yellow__none__rest dry-run active
  [82/148] apple-macos-27.0-2x-dark-standard-glass0.5/blue__circular-120__rest dry-run active
  [83/148] apple-macos-27.0-2x-light-standard-glass0.5/grey-96__circular-120__rest dry-run active
  [84/148] apple-macos-27.0-2x-light-standard-glass0.5/checkerboard__circular-120__rest dry-run active
  [85/148] apple-macos-27.0-2x-dark-standard-glass0.5/magenta__circular-120__rest dry-run active
  [86/148] apple-macos-27.0-2x-light-standard-glass0.5/grey-255__circular-160__rest dry-run active
  [87/148] apple-macos-27.0-2x-dark-standard-glass0.5/gradient-45-large__circular-120__rest dry-run active
  [88/148] apple-macos-27.0-2x-light-standard-glass0.5/gradient-0-small__circular-120__rest dry-run active
  [89/148] apple-macos-27.0-2x-light-standard-glass0.5/gradient-90-small__circular-120__rest dry-run active
  [90/148] apple-macos-27.0-2x-light-standard-glass0.5/grey-208__circular-120__rest dry-run active
  [91/148] apple-macos-27.0-2x-light-standard-glass0.5/local-y-192__none__rest dry-run active
  [92/148] apple-macos-27.0-2x-light-standard-glass0.5/gradient-45-small__none__rest dry-run active
  [93/148] apple-macos-27.0-2x-dark-standard-glass0.5/grey-128__circular-160__rest dry-run active
  [94/148] apple-macos-27.0-2x-light-standard-glass0.5/grey-255__circular-120__rest dry-run active
  [95/148] apple-macos-27.0-2x-light-standard-glass0.5/local-x-192__circular-120__rest dry-run active
  [96/148] apple-macos-27.0-2x-light-standard-glass0.5/green__circular-120__rest dry-run active
  [97/148] apple-macos-27.0-2x-light-standard-glass0.5/gradient-45-large__circular-120__rest dry-run active
  [98/148] apple-macos-27.0-2x-light-standard-glass0.5/grey-128__none__rest dry-run active
  [99/148] apple-macos-27.0-2x-light-standard-glass0.5/gradient-90-small__none__rest dry-run active
  [100/148] apple-macos-27.0-2x-light-standard-glass0.5/gradient-135-large__circular-120__rest dry-run active
  [101/148] apple-macos-27.0-2x-light-standard-glass0.5/red__none__rest dry-run active
  [102/148] apple-macos-27.0-2x-light-standard-glass0.5/local-y-192__circular-120__rest dry-run active
  [103/148] apple-macos-27.0-2x-light-standard-glass0.5/light-solid__capsule-button__rest dry-run active
  [104/148] apple-macos-27.0-2x-light-standard-glass0.5/gradient-45-large__none__rest dry-run active
  [105/148] apple-macos-27.0-2x-light-standard-glass0.5/local-y-64__circular-120__rest dry-run active
  [106/148] apple-macos-27.0-2x-light-standard-glass0.5/grey-160__none__rest dry-run active
  [107/148] apple-macos-27.0-2x-light-standard-glass0.5/blue__circular-120__rest dry-run active
  [108/148] apple-macos-27.0-2x-light-standard-glass0.5/magenta__none__rest dry-run active
  [109/148] apple-macos-27.0-2x-light-standard-glass0.5/red__circular-120__rest dry-run active
  [110/148] apple-macos-27.0-2x-light-standard-glass0.5/checkerboard__capsule-button__rest dry-run active
  [111/148] apple-macos-27.0-2x-light-standard-glass0.5/grey-0__rectangle-120-opaque-255__rest dry-run active
  [112/148] apple-macos-27.0-2x-dark-standard-glass0.5/red__continuous-160__rest dry-run active
  [113/148] apple-macos-27.0-2x-light-standard-glass0.5/grey-0__continuous-160-opaque-255__rest dry-run active
  [114/148] apple-macos-27.0-2x-light-standard-glass0.5/gradient-0-large__none__rest dry-run active
  [115/148] apple-macos-27.0-2x-dark-standard-glass0.5/red__circular-120__rest dry-run active
  [116/148] apple-macos-27.0-2x-light-standard-glass0.5/grey-255__rectangle-120-opaque-0__rest dry-run active
  [117/148] apple-macos-27.0-2x-light-standard-glass0.5/grey-32__circular-120__rest dry-run active
  [118/148] apple-macos-27.0-2x-dark-standard-glass0.5/green__circular-120__rest dry-run active
  [119/148] apple-macos-27.0-2x-dark-standard-glass0.5/gradient-90-small__circular-120__rest dry-run active
  [120/148] apple-macos-27.0-2x-dark-standard-glass0.5/red__circular-200__rest dry-run active
  [121/148] apple-macos-27.0-2x-dark-standard-glass0.5/gradient-0-large__circular-120__rest dry-run active
  [122/148] apple-macos-27.0-2x-dark-standard-glass0.5/grey-0__circular-120__rest dry-run active
  [123/148] apple-macos-27.0-2x-dark-standard-glass0.5/grey-255__capsule-button__rest dry-run active
  [124/148] apple-macos-27.0-2x-light-standard-glass0.5/red__circular-160__rest dry-run active
  [125/148] apple-macos-27.0-2x-light-standard-glass0.5/gradient-45-small__circular-120__rest dry-run active
  [126/148] apple-macos-27.0-2x-dark-standard-glass0.5/gradient-135-large__circular-120__rest dry-run active
  [127/148] apple-macos-27.0-2x-light-standard-glass0.5/gradient-135-large__none__rest dry-run active
  [128/148] apple-macos-27.0-2x-dark-standard-glass0.5/gradient-90-large__circular-120__rest dry-run active
  [129/148] apple-macos-27.0-2x-dark-standard-glass0.5/red__circular-160__rest dry-run active
  [130/148] apple-macos-27.0-2x-light-standard-glass0.5/grey-64__circular-120__rest dry-run active
  [131/148] apple-macos-27.0-2x-light-standard-glass0.5/grey-255__rectangle-120__rest dry-run active
  [132/148] apple-macos-27.0-2x-light-standard-glass0.5/grey-255__circular-160-opaque-0__rest dry-run active
  [133/148] apple-macos-27.0-2x-dark-standard-glass0.5/local-x-192__circular-120__rest dry-run active
  [134/148] apple-macos-27.0-2x-light-standard-glass0.5/red__continuous-160__rest dry-run active
  [135/148] apple-macos-27.0-2x-dark-standard-glass0.5/photo__capsule-button__rest dry-run active
  [136/148] apple-macos-27.0-2x-light-standard-glass0.5/grey-128__continuous-200__rest dry-run active
  [137/148] apple-macos-27.0-2x-dark-standard-glass0.5/checkerboard-4__circular-120__rest dry-run active
  [138/148] apple-macos-27.0-2x-dark-standard-glass0.5/checkerboard__capsule-button__rest dry-run active
  [139/148] apple-macos-27.0-2x-dark-standard-glass0.5/grey-64__circular-120__rest dry-run active
  [140/148] apple-macos-27.0-2x-dark-standard-glass0.5/grey-32__circular-120__rest dry-run active
  [141/148] apple-macos-27.0-2x-light-standard-glass0.5/grey-128__continuous-160__rest dry-run active
  [142/148] apple-macos-27.0-2x-light-standard-glass0.5/cyan__circular-120__rest dry-run active
  [143/148] apple-macos-27.0-2x-light-standard-glass0.5/photo__capsule-button__rest dry-run active
  [144/148] apple-macos-27.0-2x-light-standard-glass0.5/grey-255__continuous-160__rest dry-run active
  [145/148] apple-macos-27.0-2x-dark-standard-glass0.5/local-y-192__circular-120__rest dry-run active
  [146/148] apple-macos-27.0-2x-light-standard-glass0.5/local-x-64__circular-120__rest dry-run active
  [147/148] apple-macos-27.0-2x-dark-standard-glass0.5/light-solid__capsule-button__rest dry-run active
  [148/148] apple-macos-27.0-2x-light-standard-glass0.5/grey-128__rectangle-120__rest dry-run active
dry run complete: every cell presented and attested in the active pose.
Nothing was captured, nothing was written, and /Users/new/vitrea-w34/scratch/sitting-dry-v2/active-2x/run-1 is untouched.
