capturing 76 fixtures via screencapturekit at 2.0x (interleaved)
presenting INACTIVE: key=false NSApp.isActive=false policy=accessory canBecomeKey=false
  [1/76] apple-macos-26.5-2x-light-standard/photo__rrect-ml__inactive byte-stable
  [2/76] apple-macos-26.5-2x-light-standard/checkerboard-32__rrect-lg__inactive byte-stable
  [3/76] apple-macos-26.5-2x-dark-standard/checkerboard-32__rrect-lg__inactive byte-stable
  [4/76] apple-macos-26.5-2x-light-standard/dark-solid__rrect-48__inactive byte-stable EMPTY(==background)
  [5/76] apple-macos-26.5-2x-light-standard/checkerboard-64__rrect-md__inactive byte-stable
  [6/76] apple-macos-26.5-2x-light-standard/impulse__rrect-ml__inactive byte-stable
  [7/76] apple-macos-26.5-2x-light-standard/dark-solid__rrect-80__inactive byte-stable
  [8/76] apple-macos-26.5-2x-light-standard/mid-chroma-solid__rrect-lg__inactive byte-stable
  [9/76] apple-macos-26.5-2x-dark-standard/light-solid__rrect-sm__inactive byte-stable
  [10/76] apple-macos-26.5-2x-dark-standard/checkerboard-8__rrect-lg__inactive byte-stable
  [11/76] apple-macos-26.5-2x-dark-standard/dark-solid__rrect-sm__inactive byte-stable EMPTY(==background)
  [12/76] apple-macos-26.5-2x-dark-standard/mid-chroma-solid__rrect-lg__inactive byte-stable
  [13/76] apple-macos-26.5-2x-dark-standard/checkerboard-lc16__capsule-button__inactive byte-stable
  [14/76] apple-macos-26.5-2x-dark-standard/checkerboard__rrect-md__inactive byte-stable
  [15/76] apple-macos-26.5-2x-light-standard/light-solid__rrect-ml__inactive byte-stable
  [16/76] apple-macos-26.5-2x-dark-standard/dark-solid__rrect-lg__inactive byte-stable
  [17/76] apple-macos-26.5-2x-dark-standard/dark-solid__capsule-button__inactive byte-stable EMPTY(==background)
  [18/76] apple-macos-26.5-2x-light-standard/checkerboard-8__rrect-md__inactive byte-stable
  [19/76] apple-macos-26.5-2x-dark-standard/checkerboard-64__rrect-md__inactive byte-stable
  [20/76] apple-macos-26.5-2x-light-standard/checkerboard-lc16__capsule-button__inactive byte-stable
  [21/76] apple-macos-26.5-2x-light-standard/photo__glass-over-glass__inactive byte-stable
  [22/76] apple-macos-26.5-2x-light-standard/checkerboard__rrect-md__inactive byte-stable
  [23/76] apple-macos-26.5-2x-light-standard/checkerboard-8__rrect-lg__inactive byte-stable
  [24/76] apple-macos-26.5-2x-light-standard/checkerboard-4__rrect-md__inactive byte-stable
  [25/76] apple-macos-26.5-2x-light-standard/dark-solid__rrect-lg__inactive byte-stable
  [26/76] apple-macos-26.5-2x-light-standard/checkerboard__rrect-ml__inactive byte-stable
  [27/76] apple-macos-26.5-2x-light-standard/light-solid__rrect-lg__inactive byte-stable
  [28/76] apple-macos-26.5-2x-light-standard/checkerboard__glass-over-glass__inactive byte-stable
  [29/76] apple-macos-26.5-2x-light-standard/hc-text__rrect-sm__inactive byte-stable
  [30/76] apple-macos-26.5-2x-light-standard/hc-text__rrect-lg__inactive byte-stable
  [31/76] apple-macos-26.5-2x-light-standard/mid-chroma-solid__capsule-button__inactive-tint-orange byte-stable
  [32/76] apple-macos-26.5-2x-dark-standard/mid-dark-solid__rrect-lg__inactive byte-stable
  [33/76] apple-macos-26.5-2x-dark-standard/checkerboard__glass-over-glass__inactive byte-stable
  [34/76] apple-macos-26.5-2x-light-standard/mid-dark-solid__rrect-lg__inactive byte-stable
  [35/76] apple-macos-26.5-2x-dark-standard/hc-text-7__rrect-md__inactive byte-stable
  [36/76] apple-macos-26.5-2x-light-standard/checkerboard-64__rrect-lg__inactive byte-stable
  [37/76] apple-macos-26.5-2x-dark-standard/dark-solid__rrect-48__inactive byte-stable EMPTY(==background)
  [38/76] apple-macos-26.5-2x-light-standard/mid-dark-solid__rrect-sm__inactive byte-stable
  [39/76] apple-macos-26.5-2x-dark-standard/impulse__rrect-lg__inactive byte-stable
  [40/76] apple-macos-26.5-2x-dark-standard/mid-chroma-solid__rrect-md__inactive byte-stable
  [41/76] apple-macos-26.5-2x-light-standard/light-solid__rrect-sm__inactive byte-stable
  [42/76] apple-macos-26.5-2x-dark-standard/dark-solid__rrect-80__inactive byte-stable
  [43/76] apple-macos-26.5-2x-light-standard/checkerboard-lc16__rrect-md__inactive byte-stable
  [44/76] apple-macos-26.5-2x-dark-standard/checkerboard__rrect-ml__inactive byte-stable
  [45/76] apple-macos-26.5-2x-light-standard/mid-chroma-solid__rrect-md__inactive byte-stable
  [46/76] apple-macos-26.5-2x-light-standard/impulse__rrect-lg__inactive byte-stable
  [47/76] apple-macos-26.5-2x-light-standard/mid-dark-solid__capsule-button__inactive byte-stable
  [48/76] apple-macos-26.5-2x-dark-standard/checkerboard-64__rrect-lg__inactive byte-stable
  [49/76] apple-macos-26.5-2x-light-standard/dark-solid__capsule-button__inactive byte-stable EMPTY(==background)
  [50/76] apple-macos-26.5-2x-dark-standard/photo__rrect-md__inactive byte-stable
  [51/76] apple-macos-26.5-2x-dark-standard/mid-dark-solid__capsule-button__inactive byte-stable
  [52/76] apple-macos-26.5-2x-light-standard/hc-text-7__rrect-md__inactive byte-stable
  [53/76] apple-macos-26.5-2x-light-standard/dark-solid__rrect-sm__inactive byte-stable EMPTY(==background)
  [54/76] apple-macos-26.5-2x-dark-standard/checkerboard-8__rrect-md__inactive byte-stable
  [55/76] apple-macos-26.5-2x-dark-standard/mid-dark-solid__rrect-md__inactive byte-stable
  [56/76] apple-macos-26.5-2x-dark-standard/dark-solid__rrect-md-clear20__inactive byte-stable
  [57/76] apple-macos-26.5-2x-dark-standard/light-solid__rrect-ml__inactive byte-stable
  [58/76] apple-macos-26.5-2x-dark-standard/mid-dark-solid__rrect-sm__inactive byte-stable
  [59/76] apple-macos-26.5-2x-dark-standard/hc-text-28__rrect-md__inactive byte-stable
  [60/76] apple-macos-26.5-2x-dark-standard/photo__rrect-ml__inactive byte-stable
  [61/76] apple-macos-26.5-2x-dark-standard/impulse__rrect-ml__inactive byte-stable
  [62/76] apple-macos-26.5-2x-light-standard/mid-chroma-solid__capsule-button__inactive byte-stable
  [63/76] apple-macos-26.5-2x-light-standard/photo__rrect-md__inactive byte-stable
  [64/76] apple-macos-26.5-2x-dark-standard/light-solid__capsule-button__inactive byte-stable
  [65/76] apple-macos-26.5-2x-dark-standard/light-solid__rrect-lg__inactive byte-stable
  [66/76] apple-macos-26.5-2x-light-standard/light-solid__capsule-button__inactive byte-stable
  [67/76] apple-macos-26.5-2x-dark-standard/checkerboard-4__rrect-md__inactive byte-stable
  [68/76] apple-macos-26.5-2x-dark-standard/checkerboard-lc16__rrect-md__inactive byte-stable
  [69/76] apple-macos-26.5-2x-light-standard/dark-solid__rrect-md-clear20__inactive byte-stable
  [70/76] apple-macos-26.5-2x-light-standard/mid-dark-solid__rrect-md__inactive byte-stable
  [71/76] apple-macos-26.5-2x-dark-standard/mid-chroma-solid__capsule-button__inactive-tint-orange byte-stable
  [72/76] apple-macos-26.5-2x-light-standard/hc-text-28__rrect-md__inactive byte-stable
  [73/76] apple-macos-26.5-2x-dark-standard/hc-text__rrect-lg__inactive byte-stable
  [74/76] apple-macos-26.5-2x-dark-standard/mid-chroma-solid__capsule-button__inactive byte-stable
  [75/76] apple-macos-26.5-2x-dark-standard/hc-text__rrect-sm__inactive byte-stable
  [76/76] apple-macos-26.5-2x-dark-standard/photo__glass-over-glass__inactive byte-stable
manifest → /Users/new/vitrea-w27-26.5-run/inactive-2x/run-6/manifest.json
CAVEAT: Profiles not captured because the system is in accessibility mode 'standard' and these claim another: apple-macos-26.5-1x-light-reduced-transparency, apple-macos-26.5-1x-light-increased-contrast. macOS exposes reduce-transparency and increase-contrast as read-only environment values, so each such profile needs its own run with the corresponding System Settings toggle on (Accessibility > Display).
CAVEAT: Profiles not captured because this display renders at 2.0x and their keys state another scale: apple-macos-26.5-1x-dark-standard, apple-macos-26.5-1x-light-standard. A profile is only captured on a display whose backingScaleFactor matches its key — a mismatched run would file 640x400-pixel fixtures under a key claiming a different scale, with no trace in the bytes.
CAVEAT: Narrowed by --scenes to 76 cells over 2 profile(s). This bundle is therefore NOT a whole profile: it describes exactly the cells named, which is why it is written into a fresh fixture root — publication is by whole profile directory, so a merge into an existing bundle would delete everything it omits.
CAVEAT: 76 of 76 fixtures were captured in the INACTIVE pose, which is what this run is: the .accessory activation policy, a window that cannot become key, and no activation on any path (Capture.presentInactive). Every entry carries a per-cell `presentation` attestation sampled immediately before its capture, with `isKeyWindow` and `appIsActive` recorded separately — claims §5.134 §5's inversion of `presentedActive`, which is written false here rather than left absent as it is on all 121 recovered fixtures. These cells record the window-recede pose deliberately and are NOT comparable with the active bed's cells of the same scene.
CAVEAT: 6 of 76 fixtures are PIXEL-IDENTICAL to their own background raster: the component contributed no pixels whatsoever. These carry zero information about shape or material and exist only to exercise the diff pipeline end to end.
