Traceback (most recent call last):
  File "/Users/new/vitrea-w41/g1/packages/calibration/results/2026-09-27-w41-g1-identification/stroke/scheduler/memo_runner_v3.py", line 73, in <module>
    main()
  File "/Users/new/vitrea-w41/g1/packages/calibration/results/2026-09-27-w41-g1-identification/stroke/scheduler/memo_runner_v3.py", line 69, in main
    run(bridge.PolicyStore(args.root), {'path': args.receipt, 'sha256': args.sha256}, bridge=bridge)
  File "/Users/new/vitrea-w41/g1/packages/calibration/results/2026-09-27-w41-g1-identification/stroke/scheduler/memo_runner_v3.py", line 59, in run
    return engine.run(store, reference)
           ^^^^^^^^^^^^^^^^^^^^^^^^^^^^
  File "/Users/new/vitrea-w41/g1/packages/calibration/results/2026-09-27-w41-g1-identification/stroke/scheduler/scheduler.py", line 697, in run
    claim = store.claim(reference, pid=os.getpid(), rss=process_rss)
            ^^^^^^^^^^^^^^^^^^^^^^^^^^^^^^^^^^^^^^^^^^^^^^^^^^^^^^^^
  File "/Users/new/vitrea-w41/g1/packages/calibration/results/2026-09-27-w41-g1-identification/stroke/scheduler/scheduler_v3.py", line 159, in claim
    return super().claim(reference, pid=pid, alive=alive, memory=memory, rss=rss)
           ^^^^^^^^^^^^^^^^^^^^^^^^^^^^^^^^^^^^^^^^^^^^^^^^^^^^^^^^^^^^^^^^^^^^^^
  File "/Users/new/vitrea-w41/g1/packages/calibration/results/2026-09-27-w41-g1-identification/stroke/scheduler/scheduler_v2.py", line 108, in claim
    return super().claim(reference, pid=pid, alive=alive, memory=memory, rss=rss)
           ^^^^^^^^^^^^^^^^^^^^^^^^^^^^^^^^^^^^^^^^^^^^^^^^^^^^^^^^^^^^^^^^^^^^^^
  File "/Users/new/vitrea-w41/g1/packages/calibration/results/2026-09-27-w41-g1-identification/stroke/scheduler/scheduler.py", line 550, in claim
    decision = self.admission(launch, pid, alive, memory, rss)
               ^^^^^^^^^^^^^^^^^^^^^^^^^^^^^^^^^^^^^^^^^^^^^^^
  File "/Users/new/vitrea-w41/g1/packages/calibration/results/2026-09-27-w41-g1-identification/stroke/scheduler/scheduler.py", line 343, in admission
    return self._admission(launch, pid, alive, memory, rss, own_claim=own_claim)
           ^^^^^^^^^^^^^^^^^^^^^^^^^^^^^^^^^^^^^^^^^^^^^^^^^^^^^^^^^^^^^^^^^^^^^
  File "/Users/new/vitrea-w41/g1/packages/calibration/results/2026-09-27-w41-g1-identification/stroke/verification-slot/verification_policy_v3.py", line 89, in _admission
    decision = super()._admission(launch, pid, alive, memory, rss, own_claim=own_claim)
               ^^^^^^^^^^^^^^^^^^^^^^^^^^^^^^^^^^^^^^^^^^^^^^^^^^^^^^^^^^^^^^^^^^^^^^^^
  File "/Users/new/vitrea-w41/g1/packages/calibration/results/2026-09-27-w41-g1-identification/stroke/scheduler/scheduler_v3.py", line 320, in _admission
    raise refusal
verification_scheduler.Deferred: {"admitted": false, "counterEpoch": "policy-v4 kernel memorystatus level; supersedes free + max(inactive, purgeable)", "disk": {"freeBytes": 81105502208, "sampledUTC": "2026-09-28T01:54:12.898124+00:00", "source": "shutil.disk_usage free bytes (statvfs)", "volumes": {"/System/Volumes/VM": 81105502208, "/Users/new/vitrea-w41/g1/packages/calibration/results/2026-09-27-w41-g1-identification/stroke/scheduler-run-1": 81105502208}}, "diskFloorBytes": 21474836480, "diskFreeBytes": 81105502208, "effectiveConcurrency": 2, "excludedProcesses": [{"owner": "old-0", "pid": 80101, "reason": "registered stop handoff"}, {"owner": "old-1", "pid": 80133, "reason": "registered stop handoff"}, {"owner": "old-2", "pid": 80167, "reason": "registered stop handoff"}], "freshestPressure": {"id": "0f904047ed1f45c09812b3c1356a6e8e", "pressureLevel": 1, "sampledUTC": "2026-09-28T01:54:12.772375+00:00", "source": "admission"}, "headroomAfterReservationBytes": 447425413, "kernelMemoryPolicy": {"path": "/Users/new/vitrea-w41/g1/packages/calibration/results/2026-09-27-w41-g1-identification/stroke/scheduler-memory-parent-direction-v4.json", "sha256": "70553bb9a3d1b09eb09595131f7754ed5a41134c39de4ef3c6f9fee847e54841"}, "maxConcurrency": 3, "memory": {"availableBytes": 7387343749, "counter": "floor(levelPercent * physicalBytes /100)", "counterEpoch": "policy-v4 kernel memorystatus level; supersedes free + max(inactive, purgeable)", "levelPercent": 43, "metric": "kernel memorystatus free-level percent times physical memory", "physicalBytes": 17179869184, "pressureLevel": 1, "rawSysctl": {"hw.memsize": "17179869184\n", "kern.memorystatus_level": "43\n", "kern.memorystatus_vm_pressure_level": "1\n"}, "sampledUTC": "2026-09-28T01:54:12.772375+00:00"}, "modeConcurrencyLimit": 1, "normalGate": {"fiveSpacedNormal": true, "floorClears": false, "pressureNormal": true}, "observedPeakBytes": 4594515968, "ownRSSBytes": 0, "peakEvidence": {"path": "/Users/new/vitrea-w41/g1/packages/calibration/results/2026-09-27-w41-g1-identification/stroke/scheduler-peak-evidence-4.json", "sha256": "40de867951c6e62516b507972e19b249fd2bc4bb67631eaac5c6bffe1b15a661"}, "policyCounter": "floor(levelPercent * physicalBytes /100)", "policyVersion": 4, "pressureState": {"admissionsOpen": true, "lastAbnormalUTC": "2026-09-28T01:45:15.781940+00:00", "readings": 3509, "requiredNormalReadings": 5, "spacedNormalReadings": 0}, "processes": [{"owner": "device-M1-start-15.json", "peakBytes": 4594515968, "pid": 92878, "processIdentity": {"command": "/Library/Frameworks/Python.framework/Versions/3.12/Resources/Python.app/Contents/MacOS/Python -B -X pycache_prefix=/var/folders/c1/l4z5k02n2779byvnymzxsvth0000gn/T/vitrea-kernel-M1-device-15-vltcyvt9 /Users/new/vitrea-w41/g1/packages/calibration/results/2026-09-27-w41-g1-identification/stroke/scheduler/memo_runner_v3.py --root /Users/new/vitrea-w41/g1/packages/calibration/results/2026-09-27-w41-g1-identification/stroke/scheduler-run-1 --receipt /Users/new/vitrea-w41/g1/packages/calibration/results/2026-09-27-w41-g1-identification/stroke/scheduler-launches-kernel-1/device-M1-start-15.json --sha256 15fab9f5705376a6e86d79516da267c4bcfb7cd803a24a7c831e4c175b4bc5ba", "pid": 92878, "startedUTC": "2026-09-28T01:51:05+00:00"}, "remainingBytes": 2345402368, "rssBytes": 2249113600}], "prospectivePeakBytes": 4594515968, "requiredAvailableBytes": 6939918336, "reservedBytes": 6939918336, "resourceMode": "degraded", "resourcePolicy": "stroke-adaptive-v4-kernel-level", "sampledUTC": "2026-09-28T01:54:12.901227+00:00", "spacedNormalRun": 17, "swap": {"raw": "total = 3072.00M  used = 1530.62M  free = 1541.38M  (encrypted)\n", "sampledUTC": "2026-09-28T01:54:12.901204+00:00"}, "swapExpectation": "degraded gate: no headroom floor, one fit at a time; paging to swap is expected and accepted, bounded by the 20 GiB disk floor"}
