
interior = mean over calibration cells of |Δmean| + |Δsd| + |Δrim|, linear light
shadow   = mean over calibration cells of |Δ meanDeparture| over the exterior, linear light
ranked on the SHADOW objective. SSIM and dE are CHECKS, not terms of either.

point                                            interior   |Δmean|    |Δsd|   |Δrim|    shadow       dE    SSIM   n  ns
------------------------------------------------------------------------------------------------------------------------
thickOcclusionAt128=0.467 liftAmplitude=0.013     0.01258   0.00191  0.00976  0.00090   0.00019  0.00705  0.9771   1   1
thickOcclusionAt128=0.437 liftAmplitude=0.01      0.01288   0.00190  0.00973  0.00125   0.00029  0.00500  0.9788   1   1
thickOcclusionAt128=0.497 liftAmplitude=0.013     0.01320   0.00189  0.00979  0.00152   0.00301  0.00742  0.9771   1   1
thickOcclusionAt128=0.437 liftAmplitude=0.013     0.01195   0.00193  0.00973  0.00029   0.00311  0.00749  0.9769   1   1
thickOcclusionAt128=0.467 liftAmplitude=0.01      0.01351   0.00189  0.00975  0.00187   0.00318  0.00536  0.9788   1   1
thickOcclusionAt128=0.437 liftAmplitude=0.0073    0.01374   0.00188  0.00972  0.00214   0.00332  0.00715  0.9774   1   1
thickOcclusionAt128=0.437 liftAmplitude=0.005     0.01444   0.00186  0.00972  0.00286   0.00604  0.01035  0.9722   1   1
thickOcclusionAt128=0.467 liftAmplitude=0.0073    0.01436   0.00186  0.00974  0.00275   0.00619  0.00770  0.9773   1   1
thickOcclusionAt128=0.527 liftAmplitude=0.013     0.01385   0.00188  0.00981  0.00216   0.00627  0.00806  0.9769   1   1
thickOcclusionAt128=0.497 liftAmplitude=0.01      0.01414   0.00187  0.00978  0.00249   0.00634  0.00599  0.9786   1   1
thickOcclusionAt128=0.467 liftAmplitude=0.005     0.01508   0.00185  0.00974  0.00350   0.00888  0.01095  0.9720   1   1
thickOcclusionAt128=0.497 liftAmplitude=0.0073    0.01500   0.00185  0.00977  0.00338   0.00932  0.00836  0.9769   1   1
thickOcclusionAt128=0.527 liftAmplitude=0.01      0.01476   0.00185  0.00980  0.00311   0.00958  0.00666  0.9783   1   1
thickOcclusionAt128=0.557 liftAmplitude=0.013     0.01458   0.00186  0.00984  0.00287   0.00968  0.00878  0.9766   1   1
thickOcclusionAt128=0.497 liftAmplitude=0.005     0.01570   0.00183  0.00976  0.00411   0.01199  0.01161  0.9716   1   1
thickOcclusionAt128=0.527 liftAmplitude=0.0073    0.01563   0.00183  0.00979  0.00401   0.01253  0.00904  0.9765   1   1
thickOcclusionAt128=0.557 liftAmplitude=0.01      0.01545   0.00184  0.00983  0.00378   0.01295  0.00738  0.9779   1   1
thickOcclusionAt128=0.527 liftAmplitude=0.005     0.01633   0.00181  0.00978  0.00473   0.01516  0.01229  0.9710   1   1
thickOcclusionAt128=0.557 liftAmplitude=0.0073    0.01631   0.00182  0.00981  0.00468   0.01587  0.00976  0.9759   1   1
thickOcclusionAt128=0.557 liftAmplitude=0.005     0.01702   0.00180  0.00981  0.00541   0.01848  0.01301  0.9703   1   1

best: thickOcclusionAt128=0.467 liftAmplitude=0.013  shadow 0.00019
spread across the grid: 0.00019 … 0.01848 (97.45×). A flat grid means the optimum is weakly identified, which is information about the fixtures, not a reason to pick harder.
