inactive-2x
  run-1: 4/4 attested, min idle 554.1s, 31ef5c3c2859e50890fedd808c13173e8746db75817e242b540d09e717f32835
  run-2: 4/4 attested, min idle 593.0s, b387d185ab842316736f11216dcce34db51bf72be90e367344ef1e67a399800e
  run-3: 4/4 attested, min idle 631.9s, 5388ad70ea7a35d3e250f7252cdfbb8a75773ff8dc4a833852bbf09f25427a4f
  run-4: 4/4 attested, min idle 670.8s, 222218c5c7cad898eeb947856b17cb41e22ee4869145acdd3ada7e8cbe21ce7c
  run-5: 4/4 attested, min idle 711.0s, 3a949cc8daffa6a17ada04b9c92cef670678eb0b4ebd3c19c44babec689c4664
  run-6: 4/4 attested, min idle 750.9s, f6a0d563bfc8c827d4b8c7700a01b50162b6cfca872195aa680a733b09cefd3f
  run-7: 4/4 attested, min idle 789.8s, 8ed776b5fe27e67779b894ab0af035b06005578125ff9b6948b79f111a0886a5
  apple-macos-26.5-2x-dark-standard/mid-light-solid__capsule-button__inactive: plurality 7/7, published=True
  apple-macos-26.5-2x-dark-standard/mid-light-solid__rrect-sm__inactive: plurality 7/7, published=True
  apple-macos-26.5-2x-dark-standard/mid-light-solid__rrect-ml__inactive: plurality 7/7, published=True
  apple-macos-26.5-2x-dark-standard/mid-light-solid__rrect-lg__inactive: plurality 7/7, published=True
inactive-1x
  run-1: 4/4 attested, min idle 908.5s, ae1795d39fba28b738f0e12333451ceb371359198ebfac9f7b5e99abba0a0809
  run-2: 4/4 attested, min idle 947.3s, 86e21f2f27acc1958e78e1246f15765ffb15658d54b066e275a104c86d04c992
  run-3: 4/4 attested, min idle 986.1s, 923ae8370507984c4e6070d7dc91bbd27110f9aace59266023d7f1d8ffd8cebc
  run-4: 4/4 attested, min idle 1026.1s, 06e3db23c1db1fcbb9de858a2a9e2193e0e0af4e4bce41926a46a4affc3286a0
  run-5: 4/4 attested, min idle 1064.9s, f513ebb255fd94e8df16e53d9d57011bb0ba870807142ca858b93b9fe7f85b91
  run-6: 4/4 attested, min idle 1103.7s, 8cb31e2e8fa604e67ba392f2f40fac3779a627603080c09e28b74238cf18aac3
  run-7: 4/4 attested, min idle 1142.4s, 6eb55e4978f7d841197a475bec3883cd9c7c2eadc0dd4f89b8de1c6ce7a72095
  apple-macos-26.5-1x-dark-standard/mid-light-solid__capsule-button__inactive: plurality 7/7, published=True
  apple-macos-26.5-1x-dark-standard/mid-light-solid__rrect-sm__inactive: plurality 7/7, published=True
  apple-macos-26.5-1x-dark-standard/mid-light-solid__rrect-ml__inactive: plurality 6/7, published=True
  apple-macos-26.5-1x-dark-standard/mid-light-solid__rrect-lg__inactive: plurality 6/7, published=True
holds: True
