checking-css apple-macos-26.5-1x-dark-standard checkerboard__rrect-md__inactive DE=0.00916 body=0.01835 Y=0.06032/0.05607
checking-css apple-macos-26.5-1x-dark-standard checkerboard__rrect-ml__inactive DE=0.01358 body=0.01555 Y=0.06060/0.05546 [scored]
checking-css apple-macos-26.5-1x-dark-standard checkerboard-32__rrect-lg__inactive DE=0.03343 body=0.03357 Y=0.06196/0.05819
checking-css apple-macos-26.5-1x-dark-standard checkerboard-4__rrect-md__inactive DE=0.00783 body=0.01408 Y=0.06073/0.05540 [scored]
checking-css apple-macos-26.5-1x-dark-standard checkerboard-64__rrect-lg__inactive DE=0.02622 body=0.02964 Y=0.06686/0.06469
checking-css apple-macos-26.5-1x-dark-standard checkerboard-64__rrect-md__inactive DE=0.01788 body=0.04332 Y=0.06446/0.05798
checking-css apple-macos-26.5-1x-dark-standard checkerboard-8__rrect-lg__inactive DE=0.02078 body=0.01877 Y=0.06162/0.05546
checking-css apple-macos-26.5-1x-dark-standard checkerboard-8__rrect-md__inactive DE=0.01065 body=0.02634 Y=0.06163/0.05640
checking-css apple-macos-26.5-1x-dark-standard checkerboard-lc16__capsule-button__inactive DE=0.00593 body=0.05671 Y=0.09908/0.13853 [scored]
checking-css apple-macos-26.5-1x-dark-standard checkerboard-lc16__rrect-md__inactive DE=0.01156 body=0.03724 Y=0.06087/0.07956 [scored]
checking-css apple-macos-26.5-1x-dark-standard dark-solid__capsule-button__inactive DE=0.00000 body=0.00000 Y=0.01171/0.01171
checking-css apple-macos-26.5-1x-dark-standard dark-solid__rrect-48__inactive DE=0.00000 body=0.00000 Y=0.01171/0.01171 [scored]
checking-css apple-macos-26.5-1x-dark-standard dark-solid__rrect-80__inactive DE=0.00099 body=0.00372 Y=0.02122/0.02136 [scored]
checking-css apple-macos-26.5-1x-dark-standard dark-solid__rrect-lg__inactive DE=0.00327 body=0.00372 Y=0.02122/0.02136
checking-css apple-macos-26.5-1x-dark-standard dark-solid__rrect-md-clear20__inactive DE=0.00128 body=0.00372 Y=0.02122/0.02136 [scored]
checking-css apple-macos-26.5-1x-dark-standard dark-solid__rrect-sm__inactive DE=0.00000 body=0.00000 Y=0.01171/0.01171
checking-css apple-macos-26.5-1x-dark-standard hc-text__rrect-lg__inactive DE=0.01969 body=0.01556 Y=0.07163/0.07793 [scored]
checking-css apple-macos-26.5-1x-dark-standard hc-text__rrect-sm__inactive DE=0.00292 body=0.05978 Y=0.12910/0.08985 [scored]
checking-css apple-macos-26.5-1x-dark-standard hc-text-28__rrect-md__inactive DE=0.01166 body=0.03031 Y=0.06585/0.06508 [scored]
checking-css apple-macos-26.5-1x-dark-standard hc-text-7__rrect-md__inactive DE=0.00873 body=0.01622 Y=0.06462/0.06900 [scored]
checking-css apple-macos-26.5-1x-dark-standard impulse__rrect-lg__inactive DE=0.07733 body=0.10527 Y=0.04451/0.01546
checking-css apple-macos-26.5-1x-dark-standard impulse__rrect-ml__inactive DE=0.05008 body=0.10503 Y=0.04420/0.01535
checking-css apple-macos-26.5-1x-dark-standard light-solid__capsule-button__inactive DE=0.00105 body=0.01343 Y=0.89688/0.93261
checking-css apple-macos-26.5-1x-dark-standard light-solid__rrect-lg__inactive DE=0.00825 body=0.00161 Y=0.11734/0.11753
checking-css apple-macos-26.5-1x-dark-standard light-solid__rrect-ml__inactive DE=0.00633 body=0.00161 Y=0.11734/0.11753 [scored]
checking-css apple-macos-26.5-1x-dark-standard light-solid__rrect-sm__inactive DE=0.00017 body=0.00406 Y=0.93073/0.93261
checking-css apple-macos-26.5-1x-dark-standard mid-chroma-solid__capsule-button__inactive DE=0.01423 body=0.16613 Y=0.08157/0.09759
checking-css apple-macos-26.5-1x-dark-standard mid-chroma-solid__capsule-button__inactive-tint-orange DE=0.01659 body=0.19627 Y=0.15593/0.10769
checking-css apple-macos-26.5-1x-dark-standard mid-chroma-solid__rrect-lg__inactive DE=0.12613 body=0.17711 Y=0.05260/0.09362
checking-css apple-macos-26.5-1x-dark-standard mid-chroma-solid__rrect-md__inactive DE=0.04436 body=0.17710 Y=0.05260/0.09362
checking-css apple-macos-26.5-1x-dark-standard mid-dark-solid__rrect-lg__inactive DE=0.05522 body=0.08057 Y=0.06480/0.03310
checking-css apple-macos-26.5-1x-dark-standard mid-dark-solid__rrect-md__inactive DE=0.01896 body=0.08057 Y=0.06480/0.03310
checking-css apple-macos-26.5-1x-dark-standard mid-dark-solid__rrect-sm__inactive DE=0.00345 body=0.10495 Y=0.09084/0.04092
checking-css apple-macos-26.5-1x-dark-standard mid-light-solid__rrect-lg__inactive DE=0.00483 body=0.00164 Y=0.06125/0.06088
checking-css apple-macos-26.5-1x-dark-standard mid-light-solid__rrect-sm__inactive DE=0.00180 body=0.03937 Y=0.09531/0.12214
checking-css apple-macos-26.5-1x-dark-standard photo__rrect-md__inactive DE=0.01108 body=0.03734 Y=0.06215/0.05929
checking-css apple-macos-26.5-1x-dark-standard photo__rrect-ml__inactive DE=0.02124 body=0.04072 Y=0.06299/0.06150
checking-css apple-macos-26.5-1x-light-increased-contrast checkerboard__rrect-md__inactive DE=0.00921 body=0.00157 Y=0.98886/0.99352
checking-css apple-macos-26.5-1x-light-increased-contrast checkerboard__rrect-ml__inactive DE=0.01311 body=0.00174 Y=0.98832/0.99350 [scored]
checking-css apple-macos-26.5-1x-light-increased-contrast checkerboard-4__rrect-md__inactive DE=0.00935 body=0.00165 Y=0.98861/0.99352 [scored]
checking-css apple-macos-26.5-1x-light-increased-contrast checkerboard-lc16__capsule-button__inactive DE=0.00473 body=0.00360 Y=0.98045/0.99110 [scored]
checking-css apple-macos-26.5-1x-light-increased-contrast checkerboard-lc16__rrect-md__inactive DE=0.00746 body=0.00117 Y=0.99004/0.99352 [scored]
checking-css apple-macos-26.5-1x-light-increased-contrast dark-solid__rrect-48__inactive DE=0.00567 body=0.00550 Y=0.97811/0.99445 [scored]
checking-css apple-macos-26.5-1x-light-increased-contrast dark-solid__rrect-80__inactive DE=0.00989 body=0.00515 Y=0.97835/0.99365 [scored]
checking-css apple-macos-26.5-1x-light-increased-contrast dark-solid__rrect-md-clear20__inactive DE=0.01163 body=0.00466 Y=0.97968/0.99352 [scored]
checking-css apple-macos-26.5-1x-light-increased-contrast hc-text__rrect-lg__inactive DE=0.01253 body=0.00392 Y=0.99483/0.98731 [scored]
checking-css apple-macos-26.5-1x-light-increased-contrast hc-text__rrect-sm__inactive DE=0.00432 body=0.00390 Y=0.98225/0.99385 [scored]
checking-css apple-macos-26.5-1x-light-increased-contrast hc-text-28__rrect-md__inactive DE=0.00945 body=0.00503 Y=0.99285/0.97792 [scored]
checking-css apple-macos-26.5-1x-light-increased-contrast hc-text-7__rrect-md__inactive DE=0.00677 body=0.00132 Y=0.99118/0.99352 [scored]
checking-css apple-macos-26.5-1x-light-increased-contrast light-solid__rrect-ml__inactive DE=0.01416 body=0.01360 Y=0.99918/0.95895 [scored]
checking-css apple-macos-26.5-1x-light-increased-contrast photo__rrect-md__inactive DE=0.00870 body=0.00334 Y=0.98472/0.99352
checking-css apple-macos-26.5-1x-light-reduced-transparency checkerboard__rrect-md__inactive DE=0.00478 body=0.00297 Y=0.96166/0.95597
checking-css apple-macos-26.5-1x-light-reduced-transparency checkerboard__rrect-ml__inactive DE=0.00736 body=0.00354 Y=0.96272/0.95597 [scored]
checking-css apple-macos-26.5-1x-light-reduced-transparency checkerboard-4__rrect-md__inactive DE=0.00488 body=0.00284 Y=0.96242/0.95597 [scored]
checking-css apple-macos-26.5-1x-light-reduced-transparency checkerboard-lc16__capsule-button__inactive DE=0.00154 body=0.00331 Y=0.95190/0.95597 [scored]
checking-css apple-macos-26.5-1x-light-reduced-transparency checkerboard-lc16__rrect-md__inactive DE=0.00252 body=0.00275 Y=0.96258/0.95597 [scored]
checking-css apple-macos-26.5-1x-light-reduced-transparency dark-solid__rrect-48__inactive DE=0.00385 body=0.00954 Y=0.92848/0.95597 [scored]
checking-css apple-macos-26.5-1x-light-reduced-transparency dark-solid__rrect-80__inactive DE=0.00715 body=0.00951 Y=0.92857/0.95597 [scored]
checking-css apple-macos-26.5-1x-light-reduced-transparency dark-solid__rrect-md-clear20__inactive DE=0.00864 body=0.00910 Y=0.92977/0.95597 [scored]
checking-css apple-macos-26.5-1x-light-reduced-transparency hc-text__rrect-lg__inactive DE=0.00572 body=0.00751 Y=0.97790/0.95597 [scored]
checking-css apple-macos-26.5-1x-light-reduced-transparency hc-text__rrect-sm__inactive DE=0.00262 body=0.00124 Y=0.95452/0.95597 [scored]
checking-css apple-macos-26.5-1x-light-reduced-transparency hc-text-28__rrect-md__inactive DE=0.00478 body=0.00717 Y=0.97702/0.95597 [scored]
checking-css apple-macos-26.5-1x-light-reduced-transparency hc-text-7__rrect-md__inactive DE=0.00233 body=0.00549 Y=0.97194/0.95597 [scored]
checking-css apple-macos-26.5-1x-light-reduced-transparency light-solid__rrect-ml__inactive DE=0.00555 body=0.01172 Y=0.99110/0.95660 [scored]
checking-css apple-macos-26.5-1x-light-reduced-transparency photo__rrect-md__inactive DE=0.00493 body=0.00629 Y=0.94158/0.95411
checking-css apple-macos-26.5-1x-light-standard checkerboard__rrect-md__inactive DE=0.00797 body=0.01434 Y=0.63583/0.64158
checking-css apple-macos-26.5-1x-light-standard checkerboard__rrect-ml__inactive DE=0.01068 body=0.00970 Y=0.63615/0.64013 [scored]
checking-css apple-macos-26.5-1x-light-standard checkerboard-32__rrect-lg__inactive DE=0.02711 body=0.02377 Y=0.63799/0.64664
checking-css apple-macos-26.5-1x-light-standard checkerboard-4__rrect-md__inactive DE=0.00662 body=0.00946 Y=0.63308/0.64126 [scored]
checking-css apple-macos-26.5-1x-light-standard checkerboard-64__rrect-lg__inactive DE=0.02090 body=0.01796 Y=0.64006/0.66160
checking-css apple-macos-26.5-1x-light-standard checkerboard-64__rrect-md__inactive DE=0.01383 body=0.02788 Y=0.61991/0.63053
checking-css apple-macos-26.5-1x-light-standard checkerboard-8__rrect-lg__inactive DE=0.01425 body=0.00950 Y=0.63638/0.64168
checking-css apple-macos-26.5-1x-light-standard checkerboard-8__rrect-md__inactive DE=0.00944 body=0.02047 Y=0.63571/0.64217
checking-css apple-macos-26.5-1x-light-standard checkerboard-lc16__capsule-button__inactive DE=0.00212 body=0.01345 Y=0.75376/0.78645 [scored]
checking-css apple-macos-26.5-1x-light-standard checkerboard-lc16__rrect-md__inactive DE=0.00294 body=0.00586 Y=0.75043/0.74755 [scored]
checking-css apple-macos-26.5-1x-light-standard dark-solid__capsule-button__inactive DE=0.00000 body=0.00000 Y=0.01171/0.01171
checking-css apple-macos-26.5-1x-light-standard dark-solid__rrect-48__inactive DE=0.00084 body=0.01283 Y=0.01381/0.01171 [scored]
checking-css apple-macos-26.5-1x-light-standard dark-solid__rrect-80__inactive DE=0.00629 body=0.01412 Y=0.43328/0.45723 [scored]
checking-css apple-macos-26.5-1x-light-standard dark-solid__rrect-lg__inactive DE=0.01086 body=0.00360 Y=0.45486/0.45723
checking-css apple-macos-26.5-1x-light-standard dark-solid__rrect-md-clear20__inactive DE=0.00558 body=0.00370 Y=0.45445/0.45723 [scored]
checking-css apple-macos-26.5-1x-light-standard dark-solid__rrect-sm__inactive DE=0.00000 body=0.00000 Y=0.01171/0.01171
checking-css apple-macos-26.5-1x-light-standard hc-text__rrect-lg__inactive DE=0.00867 body=0.00887 Y=0.74851/0.73844 [scored]
checking-css apple-macos-26.5-1x-light-standard hc-text__rrect-sm__inactive DE=0.00371 body=0.06604 Y=0.69412/0.54849 [scored]
checking-css apple-macos-26.5-1x-light-standard hc-text-28__rrect-md__inactive DE=0.01068 body=0.03079 Y=0.72858/0.67764 [scored]
checking-css apple-macos-26.5-1x-light-standard hc-text-7__rrect-md__inactive DE=0.00482 body=0.01353 Y=0.71454/0.70242 [scored]
checking-css apple-macos-26.5-1x-light-standard impulse__rrect-lg__inactive DE=0.03045 body=0.02808 Y=0.46289/0.41427
checking-css apple-macos-26.5-1x-light-standard impulse__rrect-ml__inactive DE=0.02104 body=0.02797 Y=0.46188/0.41350
checking-css apple-macos-26.5-1x-light-standard light-solid__capsule-button__inactive DE=0.00029 body=0.00301 Y=0.92467/0.93261
checking-css apple-macos-26.5-1x-light-standard light-solid__rrect-lg__inactive DE=0.00312 body=0.00453 Y=0.89159/0.89810
checking-css apple-macos-26.5-1x-light-standard light-solid__rrect-ml__inactive DE=0.00200 body=0.00453 Y=0.89159/0.89810 [scored]
checking-css apple-macos-26.5-1x-light-standard light-solid__rrect-sm__inactive DE=0.00013 body=0.00302 Y=0.92469/0.93261
checking-css apple-macos-26.5-1x-light-standard mid-chroma-solid__capsule-button__inactive DE=0.00586 body=0.05834 Y=0.58114/0.47617
checking-css apple-macos-26.5-1x-light-standard mid-chroma-solid__capsule-button__inactive-tint-orange DE=0.01300 body=0.14583 Y=0.48515/0.32844
checking-css apple-macos-26.5-1x-light-standard mid-chroma-solid__capsule-button__rest DE=0.01033 body=0.10715 Y=0.65370/0.45199
checking-css apple-macos-26.5-1x-light-standard mid-chroma-solid__capsule-button__rest-tint-orange DE=0.00570 body=0.03883 Y=0.36642/0.31126
checking-css apple-macos-26.5-1x-light-standard mid-chroma-solid__rrect-lg__inactive DE=0.04885 body=0.06570 Y=0.60570/0.50293
checking-css apple-macos-26.5-1x-light-standard mid-chroma-solid__rrect-lg__rest DE=0.07378 body=0.08863 Y=0.66917/0.52257
checking-css apple-macos-26.5-1x-light-standard mid-chroma-solid__rrect-md__inactive DE=0.01763 body=0.06547 Y=0.60524/0.50293
checking-css apple-macos-26.5-1x-light-standard mid-chroma-solid__rrect-md__rest DE=0.02684 body=0.08895 Y=0.67391/0.52594
checking-css apple-macos-26.5-1x-light-standard mid-dark-solid__rrect-lg__inactive DE=0.01104 body=0.00683 Y=0.51388/0.52712
checking-css apple-macos-26.5-1x-light-standard mid-dark-solid__rrect-md__inactive DE=0.00514 body=0.00674 Y=0.51404/0.52712
checking-css apple-macos-26.5-1x-light-standard mid-dark-solid__rrect-sm__inactive DE=0.00199 body=0.02985 Y=0.40016/0.45079
checking-css apple-macos-26.5-1x-light-standard photo__rrect-md__inactive DE=0.00948 body=0.02846 Y=0.58924/0.62842
checking-css apple-macos-26.5-1x-light-standard photo__rrect-ml__inactive DE=0.01740 body=0.03083 Y=0.59235/0.62803
checking-css apple-macos-26.5-2x-dark-standard checkerboard__rrect-md__inactive DE=0.01355 body=0.03808 Y=0.06410/0.05515
checking-css apple-macos-26.5-2x-dark-standard checkerboard__rrect-ml__inactive DE=0.01907 body=0.02857 Y=0.06441/0.05501 [scored]
checking-css apple-macos-26.5-2x-dark-standard checkerboard-32__rrect-lg__inactive DE=0.03244 body=0.02935 Y=0.06433/0.05709
checking-css apple-macos-26.5-2x-dark-standard checkerboard-4__rrect-md__inactive DE=0.00963 body=0.02132 Y=0.06487/0.05510 [scored]
checking-css apple-macos-26.5-2x-dark-standard checkerboard-64__rrect-lg__inactive DE=0.01955 body=0.01720 Y=0.06670/0.06378
checking-css apple-macos-26.5-2x-dark-standard checkerboard-64__rrect-md__inactive DE=0.01716 body=0.03706 Y=0.06172/0.05697
checking-css apple-macos-26.5-2x-dark-standard checkerboard-8__rrect-lg__inactive DE=0.02593 body=0.02562 Y=0.06674/0.05486
checking-css apple-macos-26.5-2x-dark-standard checkerboard-8__rrect-md__inactive DE=0.01036 body=0.02455 Y=0.06637/0.05495
checking-css apple-macos-26.5-2x-dark-standard checkerboard-lc16__capsule-button__inactive DE=0.00600 body=0.05824 Y=0.09824/0.13851 [scored]
checking-css apple-macos-26.5-2x-dark-standard checkerboard-lc16__rrect-md__inactive DE=0.01194 body=0.03794 Y=0.06138/0.07942 [scored]
checking-css apple-macos-26.5-2x-dark-standard dark-solid__capsule-button__inactive DE=0.00000 body=0.00000 Y=0.01171/0.01171
checking-css apple-macos-26.5-2x-dark-standard dark-solid__rrect-48__inactive DE=0.00000 body=0.00000 Y=0.01171/0.01171 [scored]
checking-css apple-macos-26.5-2x-dark-standard dark-solid__rrect-80__inactive DE=0.00099 body=0.00372 Y=0.02122/0.02136 [scored]
checking-css apple-macos-26.5-2x-dark-standard dark-solid__rrect-lg__inactive DE=0.00328 body=0.00372 Y=0.02122/0.02136
checking-css apple-macos-26.5-2x-dark-standard dark-solid__rrect-md-clear20__inactive DE=0.00129 body=0.00372 Y=0.02122/0.02136 [scored]
checking-css apple-macos-26.5-2x-dark-standard dark-solid__rrect-sm__inactive DE=0.00000 body=0.00000 Y=0.01171/0.01171
checking-css apple-macos-26.5-2x-dark-standard hc-text__rrect-lg__inactive DE=0.01867 body=0.01360 Y=0.07099/0.07759 [scored]
checking-css apple-macos-26.5-2x-dark-standard hc-text__rrect-sm__inactive DE=0.00267 body=0.03798 Y=0.13051/0.10235 [scored]
checking-css apple-macos-26.5-2x-dark-standard hc-text-28__rrect-md__inactive DE=0.01436 body=0.04192 Y=0.06531/0.06676 [scored]
checking-css apple-macos-26.5-2x-dark-standard hc-text-7__rrect-md__inactive DE=0.00823 body=0.01318 Y=0.06325/0.06892 [scored]
checking-css apple-macos-26.5-2x-dark-standard impulse__rrect-lg__inactive DE=0.07712 body=0.10495 Y=0.04435/0.01544
checking-css apple-macos-26.5-2x-dark-standard impulse__rrect-ml__inactive DE=0.05001 body=0.10472 Y=0.04404/0.01533
checking-css apple-macos-26.5-2x-dark-standard light-solid__capsule-button__inactive DE=0.00105 body=0.01343 Y=0.89688/0.93261
checking-css apple-macos-26.5-2x-dark-standard light-solid__rrect-lg__inactive DE=0.00824 body=0.00161 Y=0.11734/0.11753
checking-css apple-macos-26.5-2x-dark-standard light-solid__rrect-ml__inactive DE=0.00632 body=0.00161 Y=0.11734/0.11753 [scored]
checking-css apple-macos-26.5-2x-dark-standard light-solid__rrect-sm__inactive DE=0.00017 body=0.00406 Y=0.93073/0.93261
checking-css apple-macos-26.5-2x-dark-standard mid-chroma-solid__capsule-button__inactive DE=0.01424 body=0.16613 Y=0.08157/0.09759
checking-css apple-macos-26.5-2x-dark-standard mid-chroma-solid__capsule-button__inactive-tint-orange DE=0.01661 body=0.19627 Y=0.15593/0.10769
checking-css apple-macos-26.5-2x-dark-standard mid-chroma-solid__rrect-lg__inactive DE=0.12614 body=0.17710 Y=0.05261/0.09362
checking-css apple-macos-26.5-2x-dark-standard mid-chroma-solid__rrect-md__inactive DE=0.04437 body=0.17709 Y=0.05261/0.09362
checking-css apple-macos-26.5-2x-dark-standard mid-dark-solid__rrect-lg__inactive DE=0.05522 body=0.08057 Y=0.06480/0.03310
checking-css apple-macos-26.5-2x-dark-standard mid-dark-solid__rrect-md__inactive DE=0.01897 body=0.08057 Y=0.06480/0.03310
checking-css apple-macos-26.5-2x-dark-standard mid-dark-solid__rrect-sm__inactive DE=0.00345 body=0.10495 Y=0.09084/0.04092
checking-css apple-macos-26.5-2x-dark-standard mid-light-solid__rrect-lg__inactive DE=0.00482 body=0.00164 Y=0.06125/0.06088
checking-css apple-macos-26.5-2x-dark-standard mid-light-solid__rrect-sm__inactive DE=0.00180 body=0.03937 Y=0.09531/0.12214
checking-css apple-macos-26.5-2x-dark-standard photo__rrect-md__inactive DE=0.01069 body=0.03428 Y=0.06193/0.05909
checking-css apple-macos-26.5-2x-dark-standard photo__rrect-ml__inactive DE=0.02026 body=0.03762 Y=0.06266/0.06135
checking-css apple-macos-26.5-2x-light-standard checkerboard__rrect-md__inactive DE=0.01242 body=0.03467 Y=0.64612/0.64042
checking-css apple-macos-26.5-2x-light-standard checkerboard__rrect-ml__inactive DE=0.01679 body=0.02435 Y=0.64729/0.64028 [scored]
checking-css apple-macos-26.5-2x-light-standard checkerboard-32__rrect-lg__inactive DE=0.02918 body=0.02511 Y=0.64473/0.64398
checking-css apple-macos-26.5-2x-light-standard checkerboard-4__rrect-md__inactive DE=0.00670 body=0.01089 Y=0.66549/0.64096 [scored]
checking-css apple-macos-26.5-2x-light-standard checkerboard-64__rrect-lg__inactive DE=0.02127 body=0.01726 Y=0.63952/0.65985
checking-css apple-macos-26.5-2x-light-standard checkerboard-64__rrect-md__inactive DE=0.01638 body=0.03663 Y=0.61523/0.62908
checking-css apple-macos-26.5-2x-light-standard checkerboard-8__rrect-lg__inactive DE=0.01240 body=0.00742 Y=0.65638/0.63998
checking-css apple-macos-26.5-2x-light-standard checkerboard-8__rrect-md__inactive DE=0.00700 body=0.01104 Y=0.65510/0.64015
checking-css apple-macos-26.5-2x-light-standard checkerboard-lc16__capsule-button__inactive DE=0.00250 body=0.01589 Y=0.75741/0.78612 [scored]
checking-css apple-macos-26.5-2x-light-standard checkerboard-lc16__rrect-md__inactive DE=0.00566 body=0.01776 Y=0.75435/0.74744 [scored]
checking-css apple-macos-26.5-2x-light-standard dark-solid__capsule-button__inactive DE=0.00000 body=0.00000 Y=0.01171/0.01171
checking-css apple-macos-26.5-2x-light-standard dark-solid__rrect-48__inactive DE=0.00084 body=0.01283 Y=0.01381/0.01171 [scored]
checking-css apple-macos-26.5-2x-light-standard dark-solid__rrect-80__inactive DE=0.00620 body=0.01364 Y=0.43411/0.45723 [scored]
checking-css apple-macos-26.5-2x-light-standard dark-solid__rrect-lg__inactive DE=0.01048 body=0.00304 Y=0.45604/0.45723
checking-css apple-macos-26.5-2x-light-standard dark-solid__rrect-md-clear20__inactive DE=0.00535 body=0.00291 Y=0.45632/0.45723 [scored]
checking-css apple-macos-26.5-2x-light-standard dark-solid__rrect-sm__inactive DE=0.00000 body=0.00000 Y=0.01171/0.01171
checking-css apple-macos-26.5-2x-light-standard hc-text__rrect-lg__inactive DE=0.00807 body=0.00767 Y=0.75224/0.73749 [scored]
checking-css apple-macos-26.5-2x-light-standard hc-text__rrect-sm__inactive DE=0.00406 body=0.07133 Y=0.73543/0.56897 [scored]
checking-css apple-macos-26.5-2x-light-standard hc-text-28__rrect-md__inactive DE=0.01261 body=0.03700 Y=0.72405/0.68855 [scored]
checking-css apple-macos-26.5-2x-light-standard hc-text-7__rrect-md__inactive DE=0.00452 body=0.01145 Y=0.72758/0.70259 [scored]
checking-css apple-macos-26.5-2x-light-standard impulse__rrect-lg__inactive DE=0.03083 body=0.02878 Y=0.46399/0.41413
checking-css apple-macos-26.5-2x-light-standard impulse__rrect-ml__inactive DE=0.02144 body=0.02874 Y=0.46309/0.41336
checking-css apple-macos-26.5-2x-light-standard light-solid__capsule-button__inactive DE=0.00029 body=0.00302 Y=0.92469/0.93261
checking-css apple-macos-26.5-2x-light-standard light-solid__rrect-lg__inactive DE=0.00311 body=0.00453 Y=0.89159/0.89810
checking-css apple-macos-26.5-2x-light-standard light-solid__rrect-ml__inactive DE=0.00200 body=0.00453 Y=0.89159/0.89810 [scored]
checking-css apple-macos-26.5-2x-light-standard light-solid__rrect-sm__inactive DE=0.00013 body=0.00302 Y=0.92469/0.93261
checking-css apple-macos-26.5-2x-light-standard mid-chroma-solid__capsule-button__inactive DE=0.00606 body=0.06165 Y=0.58736/0.47617
checking-css apple-macos-26.5-2x-light-standard mid-chroma-solid__capsule-button__inactive-tint-orange DE=0.01295 body=0.14583 Y=0.48515/0.32844
checking-css apple-macos-26.5-2x-light-standard mid-chroma-solid__capsule-button__rest DE=0.01038 body=0.10882 Y=0.65705/0.45199
checking-css apple-macos-26.5-2x-light-standard mid-chroma-solid__capsule-button__rest-tint-orange DE=0.00574 body=0.03883 Y=0.36642/0.31126
checking-css apple-macos-26.5-2x-light-standard mid-chroma-solid__rrect-lg__inactive DE=0.04908 body=0.06628 Y=0.60685/0.50293
checking-css apple-macos-26.5-2x-light-standard mid-chroma-solid__rrect-lg__rest DE=0.07410 body=0.08917 Y=0.67028/0.52257
checking-css apple-macos-26.5-2x-light-standard mid-chroma-solid__rrect-md__inactive DE=0.01776 body=0.06641 Y=0.60710/0.50293
checking-css apple-macos-26.5-2x-light-standard mid-chroma-solid__rrect-md__rest DE=0.02687 body=0.08949 Y=0.67501/0.52594
checking-css apple-macos-26.5-2x-light-standard mid-dark-solid__rrect-lg__inactive DE=0.01076 body=0.00640 Y=0.51469/0.52712
checking-css apple-macos-26.5-2x-light-standard mid-dark-solid__rrect-md__inactive DE=0.00501 body=0.00630 Y=0.51488/0.52712
checking-css apple-macos-26.5-2x-light-standard mid-dark-solid__rrect-sm__inactive DE=0.00197 body=0.02876 Y=0.40194/0.45079
checking-css apple-macos-26.5-2x-light-standard photo__rrect-md__inactive DE=0.00956 body=0.02732 Y=0.59091/0.62814
checking-css apple-macos-26.5-2x-light-standard photo__rrect-ml__inactive DE=0.01702 body=0.02916 Y=0.59323/0.62808
