{
 "gate": "W27c G1d / claims \u00a75.143 / W27 Decision Log 18",
 "base": "582a145e80413326c6d0b47da05525ece6bfbe11",
 "entriesBefore": 611,
 "entriesAfter": 619,
 "entriesLost": [],
 "entriesAdded": 8,
 "addedCells": [
  "apple-macos-26.5-1x-dark-standard/mid-light-solid__capsule-button__inactive",
  "apple-macos-26.5-1x-dark-standard/mid-light-solid__rrect-lg__inactive",
  "apple-macos-26.5-1x-dark-standard/mid-light-solid__rrect-ml__inactive",
  "apple-macos-26.5-1x-dark-standard/mid-light-solid__rrect-sm__inactive",
  "apple-macos-26.5-2x-dark-standard/mid-light-solid__capsule-button__inactive",
  "apple-macos-26.5-2x-dark-standard/mid-light-solid__rrect-lg__inactive",
  "apple-macos-26.5-2x-dark-standard/mid-light-solid__rrect-ml__inactive",
  "apple-macos-26.5-2x-dark-standard/mid-light-solid__rrect-sm__inactive"
 ],
 "expectedAddedCells": [
  "apple-macos-26.5-1x-dark-standard/mid-light-solid__capsule-button__inactive",
  "apple-macos-26.5-1x-dark-standard/mid-light-solid__rrect-lg__inactive",
  "apple-macos-26.5-1x-dark-standard/mid-light-solid__rrect-ml__inactive",
  "apple-macos-26.5-1x-dark-standard/mid-light-solid__rrect-sm__inactive",
  "apple-macos-26.5-2x-dark-standard/mid-light-solid__capsule-button__inactive",
  "apple-macos-26.5-2x-dark-standard/mid-light-solid__rrect-lg__inactive",
  "apple-macos-26.5-2x-dark-standard/mid-light-solid__rrect-ml__inactive",
  "apple-macos-26.5-2x-dark-standard/mid-light-solid__rrect-sm__inactive"
 ],
 "preExistingEntriesChanged": [],
 "preExistingPngsChanged": [],
 "preExistingPngsLost": [],
 "bedProvenanceBlocksBefore": 11,
 "bedProvenanceBlocksAfter": 13,
 "bedProvenanceBlocksKept": 11,
 "holds": true
}
