t1-baseline apple-macos-26.5-1x-dark-standard checkerboard__capsule-button__inactive DE=0.00076 body=0.00653 Y=0.11840/0.11700
t1-baseline apple-macos-26.5-1x-dark-standard checkerboard-lc16__capsule-button__inactive DE=0.00121 body=0.01371 Y=0.13591/0.13853 [scored]
t1-baseline apple-macos-26.5-1x-dark-standard dark-solid__rrect-sm__inactive DE=0.00000 body=0.00000 Y=0.01171/0.01171
t1-baseline apple-macos-26.5-1x-dark-standard hc-text__rrect-sm__inactive DE=0.00212 body=0.06689 Y=0.13457/0.08985 [scored]
t1-baseline apple-macos-26.5-1x-dark-standard light-solid__rrect-lg__inactive DE=0.02505 body=0.03626 Y=0.09339/0.11753
t1-baseline apple-macos-26.5-1x-dark-standard light-solid__rrect-sm__inactive DE=0.01342 body=0.43179 Y=0.16225/0.93261
t1-baseline apple-macos-26.5-1x-dark-standard mid-dark-solid__rrect-sm__inactive DE=0.00315 body=0.10131 Y=0.08866/0.04092
t1-baseline apple-macos-26.5-1x-dark-standard mid-light-solid__rrect-lg__inactive DE=0.01243 body=0.01798 Y=0.05286/0.06088
t1-baseline apple-macos-26.5-1x-dark-standard mid-light-solid__rrect-sm__inactive DE=0.00011 body=0.00354 Y=0.12477/0.12214
t1-baseline apple-macos-26.5-1x-dark-standard photo__capsule-button__inactive DE=0.00342 body=0.04440 Y=0.10928/0.11154
t1-baseline apple-macos-26.5-2x-dark-standard checkerboard__capsule-button__inactive DE=0.00153 body=0.01738 Y=0.11977/0.11799
t1-baseline apple-macos-26.5-2x-dark-standard checkerboard-lc16__capsule-button__inactive DE=0.00119 body=0.01261 Y=0.13625/0.13851 [scored]
t1-baseline apple-macos-26.5-2x-dark-standard dark-solid__rrect-sm__inactive DE=0.00000 body=0.00000 Y=0.01171/0.01171
t1-baseline apple-macos-26.5-2x-dark-standard hc-text__rrect-sm__inactive DE=0.00149 body=0.04610 Y=0.13648/0.10235 [scored]
t1-baseline apple-macos-26.5-2x-dark-standard light-solid__rrect-lg__inactive DE=0.02502 body=0.03626 Y=0.09339/0.11753
t1-baseline apple-macos-26.5-2x-dark-standard light-solid__rrect-sm__inactive DE=0.01343 body=0.43179 Y=0.16225/0.93261
t1-baseline apple-macos-26.5-2x-dark-standard mid-dark-solid__rrect-sm__inactive DE=0.00315 body=0.10131 Y=0.08866/0.04092
t1-baseline apple-macos-26.5-2x-dark-standard mid-light-solid__rrect-lg__inactive DE=0.01241 body=0.01798 Y=0.05286/0.06088
t1-baseline apple-macos-26.5-2x-dark-standard mid-light-solid__rrect-sm__inactive DE=0.00011 body=0.00354 Y=0.12477/0.12214
t1-baseline apple-macos-26.5-2x-dark-standard photo__capsule-button__inactive DE=0.00362 body=0.04726 Y=0.10928/0.11057
t1-anchor-0.5490 apple-macos-26.5-1x-dark-standard checkerboard__capsule-button__inactive DE=0.00092 body=0.00847 Y=0.11209/0.11700
t1-anchor-0.5490 apple-macos-26.5-1x-dark-standard checkerboard-lc16__capsule-button__inactive DE=0.01233 body=0.16305 Y=0.31526/0.13853 [scored]
t1-anchor-0.5490 apple-macos-26.5-1x-dark-standard dark-solid__rrect-sm__inactive DE=0.00000 body=0.00000 Y=0.01171/0.01171
t1-anchor-0.5490 apple-macos-26.5-1x-dark-standard hc-text__rrect-sm__inactive DE=0.00929 body=0.29895 Y=0.40645/0.08985 [scored]
t1-anchor-0.5490 apple-macos-26.5-1x-dark-standard light-solid__rrect-lg__inactive DE=0.00137 body=0.00161 Y=0.11734/0.11753
t1-anchor-0.5490 apple-macos-26.5-1x-dark-standard light-solid__rrect-sm__inactive DE=0.00013 body=0.00406 Y=0.93073/0.93261
t1-anchor-0.5490 apple-macos-26.5-1x-dark-standard mid-dark-solid__rrect-sm__inactive DE=0.00315 body=0.10131 Y=0.08866/0.04092
t1-anchor-0.5490 apple-macos-26.5-1x-dark-standard mid-light-solid__rrect-lg__inactive DE=0.00125 body=0.00164 Y=0.06125/0.06088
t1-anchor-0.5490 apple-macos-26.5-1x-dark-standard mid-light-solid__rrect-sm__inactive DE=0.00001 body=0.00000 Y=0.12214/0.12214
t1-anchor-0.5490 apple-macos-26.5-1x-dark-standard photo__capsule-button__inactive DE=0.00350 body=0.04540 Y=0.10352/0.11154
t1-anchor-0.5490 apple-macos-26.5-2x-dark-standard checkerboard__capsule-button__inactive DE=0.00153 body=0.01673 Y=0.11333/0.11799
t1-anchor-0.5490 apple-macos-26.5-2x-dark-standard checkerboard-lc16__capsule-button__inactive DE=0.01236 body=0.16328 Y=0.31538/0.13851 [scored]
t1-anchor-0.5490 apple-macos-26.5-2x-dark-standard dark-solid__rrect-sm__inactive DE=0.00000 body=0.00000 Y=0.01171/0.01171
t1-anchor-0.5490 apple-macos-26.5-2x-dark-standard hc-text__rrect-sm__inactive DE=0.00857 body=0.27650 Y=0.40786/0.10235 [scored]
t1-anchor-0.5490 apple-macos-26.5-2x-dark-standard light-solid__rrect-lg__inactive DE=0.00134 body=0.00161 Y=0.11734/0.11753
t1-anchor-0.5490 apple-macos-26.5-2x-dark-standard light-solid__rrect-sm__inactive DE=0.00013 body=0.00406 Y=0.93073/0.93261
t1-anchor-0.5490 apple-macos-26.5-2x-dark-standard mid-dark-solid__rrect-sm__inactive DE=0.00315 body=0.10131 Y=0.08866/0.04092
t1-anchor-0.5490 apple-macos-26.5-2x-dark-standard mid-light-solid__rrect-lg__inactive DE=0.00124 body=0.00164 Y=0.06125/0.06088
t1-anchor-0.5490 apple-macos-26.5-2x-dark-standard mid-light-solid__rrect-sm__inactive DE=0.00001 body=0.00000 Y=0.12214/0.12214
t1-anchor-0.5490 apple-macos-26.5-2x-dark-standard photo__capsule-button__inactive DE=0.00367 body=0.04775 Y=0.10361/0.11057
t1-step-0.7000 apple-macos-26.5-1x-dark-standard checkerboard__capsule-button__inactive DE=0.00305 body=0.03709 Y=0.09383/0.11700
t1-step-0.7000 apple-macos-26.5-1x-dark-standard checkerboard-lc16__capsule-button__inactive DE=0.00442 body=0.05692 Y=0.09891/0.13853 [scored]
t1-step-0.7000 apple-macos-26.5-1x-dark-standard dark-solid__rrect-sm__inactive DE=0.00000 body=0.00000 Y=0.01171/0.01171
t1-step-0.7000 apple-macos-26.5-1x-dark-standard hc-text__rrect-sm__inactive DE=0.00206 body=0.06524 Y=0.13337/0.08985 [scored]
t1-step-0.7000 apple-macos-26.5-1x-dark-standard light-solid__rrect-lg__inactive DE=0.00137 body=0.00161 Y=0.11734/0.11753
t1-step-0.7000 apple-macos-26.5-1x-dark-standard light-solid__rrect-sm__inactive DE=0.00013 body=0.00406 Y=0.93073/0.93261
t1-step-0.7000 apple-macos-26.5-1x-dark-standard mid-dark-solid__rrect-sm__inactive DE=0.00315 body=0.10131 Y=0.08866/0.04092
t1-step-0.7000 apple-macos-26.5-1x-dark-standard mid-light-solid__rrect-lg__inactive DE=0.00124 body=0.00164 Y=0.06125/0.06088
t1-step-0.7000 apple-macos-26.5-1x-dark-standard mid-light-solid__rrect-sm__inactive DE=0.00123 body=0.03937 Y=0.09531/0.12214
t1-step-0.7000 apple-macos-26.5-1x-dark-standard photo__capsule-button__inactive DE=0.00408 body=0.05301 Y=0.09172/0.11154
t1-step-0.7000 apple-macos-26.5-2x-dark-standard checkerboard__capsule-button__inactive DE=0.00289 body=0.03415 Y=0.09511/0.11799
t1-step-0.7000 apple-macos-26.5-2x-dark-standard checkerboard-lc16__capsule-button__inactive DE=0.00437 body=0.05605 Y=0.09922/0.13851 [scored]
t1-step-0.7000 apple-macos-26.5-2x-dark-standard dark-solid__rrect-sm__inactive DE=0.00000 body=0.00000 Y=0.01171/0.01171
t1-step-0.7000 apple-macos-26.5-2x-dark-standard hc-text__rrect-sm__inactive DE=0.00144 body=0.04395 Y=0.13485/0.10235 [scored]
t1-step-0.7000 apple-macos-26.5-2x-dark-standard light-solid__rrect-lg__inactive DE=0.00134 body=0.00161 Y=0.11734/0.11753
t1-step-0.7000 apple-macos-26.5-2x-dark-standard light-solid__rrect-sm__inactive DE=0.00013 body=0.00406 Y=0.93073/0.93261
t1-step-0.7000 apple-macos-26.5-2x-dark-standard mid-dark-solid__rrect-sm__inactive DE=0.00315 body=0.10131 Y=0.08866/0.04092
t1-step-0.7000 apple-macos-26.5-2x-dark-standard mid-light-solid__rrect-lg__inactive DE=0.00123 body=0.00164 Y=0.06125/0.06088
t1-step-0.7000 apple-macos-26.5-2x-dark-standard mid-light-solid__rrect-sm__inactive DE=0.00123 body=0.03937 Y=0.09531/0.12214
t1-step-0.7000 apple-macos-26.5-2x-dark-standard photo__capsule-button__inactive DE=0.00417 body=0.05421 Y=0.09193/0.11057
t1-step-0.7400 apple-macos-26.5-1x-dark-standard checkerboard__capsule-button__inactive DE=0.00374 body=0.04633 Y=0.08877/0.11700
t1-step-0.7400 apple-macos-26.5-1x-dark-standard checkerboard-lc16__capsule-button__inactive DE=0.00567 body=0.07330 Y=0.08904/0.13853 [scored]
t1-step-0.7400 apple-macos-26.5-1x-dark-standard dark-solid__rrect-sm__inactive DE=0.00000 body=0.00000 Y=0.01171/0.01171
t1-step-0.7400 apple-macos-26.5-1x-dark-standard hc-text__rrect-sm__inactive DE=0.00096 body=0.02680 Y=0.08276/0.08985 [scored]
t1-step-0.7400 apple-macos-26.5-1x-dark-standard light-solid__rrect-lg__inactive DE=0.00137 body=0.00161 Y=0.11734/0.11753
t1-step-0.7400 apple-macos-26.5-1x-dark-standard light-solid__rrect-sm__inactive DE=0.00013 body=0.00406 Y=0.93073/0.93261
t1-step-0.7400 apple-macos-26.5-1x-dark-standard mid-dark-solid__rrect-sm__inactive DE=0.00315 body=0.10131 Y=0.08866/0.04092
t1-step-0.7400 apple-macos-26.5-1x-dark-standard mid-light-solid__rrect-lg__inactive DE=0.00344 body=0.00488 Y=0.06301/0.06088
t1-step-0.7400 apple-macos-26.5-1x-dark-standard mid-light-solid__rrect-sm__inactive DE=0.00157 body=0.05026 Y=0.08866/0.12214
t1-step-0.7400 apple-macos-26.5-1x-dark-standard photo__capsule-button__inactive DE=0.00439 body=0.05703 Y=0.08769/0.11154
t1-step-0.7400 apple-macos-26.5-2x-dark-standard checkerboard__capsule-button__inactive DE=0.00352 body=0.04232 Y=0.09016/0.11799
t1-step-0.7400 apple-macos-26.5-2x-dark-standard checkerboard-lc16__capsule-button__inactive DE=0.00561 body=0.07235 Y=0.08932/0.13851 [scored]
t1-step-0.7400 apple-macos-26.5-2x-dark-standard dark-solid__rrect-sm__inactive DE=0.00000 body=0.00000 Y=0.01171/0.01171
t1-step-0.7400 apple-macos-26.5-2x-dark-standard hc-text__rrect-sm__inactive DE=0.00135 body=0.03897 Y=0.08474/0.10235 [scored]
t1-step-0.7400 apple-macos-26.5-2x-dark-standard light-solid__rrect-lg__inactive DE=0.00134 body=0.00161 Y=0.11734/0.11753
t1-step-0.7400 apple-macos-26.5-2x-dark-standard light-solid__rrect-sm__inactive DE=0.00013 body=0.00406 Y=0.93073/0.93261
t1-step-0.7400 apple-macos-26.5-2x-dark-standard mid-dark-solid__rrect-sm__inactive DE=0.00315 body=0.10131 Y=0.08866/0.04092
t1-step-0.7400 apple-macos-26.5-2x-dark-standard mid-light-solid__rrect-lg__inactive DE=0.00344 body=0.00488 Y=0.06301/0.06088
t1-step-0.7400 apple-macos-26.5-2x-dark-standard mid-light-solid__rrect-sm__inactive DE=0.00157 body=0.05026 Y=0.08866/0.12214
t1-step-0.7400 apple-macos-26.5-2x-dark-standard photo__capsule-button__inactive DE=0.00445 body=0.05786 Y=0.08793/0.11057
t1-step-0.7652 apple-macos-26.5-1x-dark-standard checkerboard__capsule-button__inactive DE=0.00374 body=0.04637 Y=0.08875/0.11700
t1-step-0.7652 apple-macos-26.5-1x-dark-standard checkerboard-lc16__capsule-button__inactive DE=0.00568 body=0.07339 Y=0.08899/0.13853 [scored]
t1-step-0.7652 apple-macos-26.5-1x-dark-standard dark-solid__rrect-sm__inactive DE=0.00000 body=0.00000 Y=0.01171/0.01171
t1-step-0.7652 apple-macos-26.5-1x-dark-standard hc-text__rrect-sm__inactive DE=0.00096 body=0.02688 Y=0.08256/0.08985 [scored]
t1-step-0.7652 apple-macos-26.5-1x-dark-standard light-solid__rrect-lg__inactive DE=0.00137 body=0.00161 Y=0.11734/0.11753
t1-step-0.7652 apple-macos-26.5-1x-dark-standard light-solid__rrect-sm__inactive DE=0.00013 body=0.00406 Y=0.93073/0.93261
t1-step-0.7652 apple-macos-26.5-1x-dark-standard mid-dark-solid__rrect-sm__inactive DE=0.00315 body=0.10131 Y=0.08866/0.04092
t1-step-0.7652 apple-macos-26.5-1x-dark-standard mid-light-solid__rrect-lg__inactive DE=0.00344 body=0.00488 Y=0.06301/0.06088
t1-step-0.7652 apple-macos-26.5-1x-dark-standard mid-light-solid__rrect-sm__inactive DE=0.00157 body=0.05026 Y=0.08866/0.12214
t1-step-0.7652 apple-macos-26.5-1x-dark-standard photo__capsule-button__inactive DE=0.00439 body=0.05704 Y=0.08768/0.11154
t1-step-0.7652 apple-macos-26.5-2x-dark-standard checkerboard__capsule-button__inactive DE=0.00353 body=0.04234 Y=0.09015/0.11799
t1-step-0.7652 apple-macos-26.5-2x-dark-standard checkerboard-lc16__capsule-button__inactive DE=0.00562 body=0.07245 Y=0.08927/0.13851 [scored]
t1-step-0.7652 apple-macos-26.5-2x-dark-standard dark-solid__rrect-sm__inactive DE=0.00000 body=0.00000 Y=0.01171/0.01171
t1-step-0.7652 apple-macos-26.5-2x-dark-standard hc-text__rrect-sm__inactive DE=0.00135 body=0.03930 Y=0.08457/0.10235 [scored]
t1-step-0.7652 apple-macos-26.5-2x-dark-standard light-solid__rrect-lg__inactive DE=0.00134 body=0.00161 Y=0.11734/0.11753
t1-step-0.7652 apple-macos-26.5-2x-dark-standard light-solid__rrect-sm__inactive DE=0.00013 body=0.00406 Y=0.93073/0.93261
t1-step-0.7652 apple-macos-26.5-2x-dark-standard mid-dark-solid__rrect-sm__inactive DE=0.00315 body=0.10131 Y=0.08866/0.04092
t1-step-0.7652 apple-macos-26.5-2x-dark-standard mid-light-solid__rrect-lg__inactive DE=0.00344 body=0.00488 Y=0.06301/0.06088
t1-step-0.7652 apple-macos-26.5-2x-dark-standard mid-light-solid__rrect-sm__inactive DE=0.00157 body=0.05026 Y=0.08866/0.12214
t1-step-0.7652 apple-macos-26.5-2x-dark-standard photo__capsule-button__inactive DE=0.00445 body=0.05787 Y=0.08792/0.11057
t1-step-0.8000 apple-macos-26.5-1x-dark-standard checkerboard__capsule-button__inactive DE=0.00374 body=0.04637 Y=0.08875/0.11700
t1-step-0.8000 apple-macos-26.5-1x-dark-standard checkerboard-lc16__capsule-button__inactive DE=0.00568 body=0.07347 Y=0.08893/0.13853 [scored]
t1-step-0.8000 apple-macos-26.5-1x-dark-standard dark-solid__rrect-sm__inactive DE=0.00000 body=0.00000 Y=0.01171/0.01171
t1-step-0.8000 apple-macos-26.5-1x-dark-standard hc-text__rrect-sm__inactive DE=0.00096 body=0.02701 Y=0.08248/0.08985 [scored]
t1-step-0.8000 apple-macos-26.5-1x-dark-standard light-solid__rrect-lg__inactive DE=0.00137 body=0.00161 Y=0.11734/0.11753
t1-step-0.8000 apple-macos-26.5-1x-dark-standard light-solid__rrect-sm__inactive DE=0.00013 body=0.00406 Y=0.93073/0.93261
t1-step-0.8000 apple-macos-26.5-1x-dark-standard mid-dark-solid__rrect-sm__inactive DE=0.00315 body=0.10131 Y=0.08866/0.04092
t1-step-0.8000 apple-macos-26.5-1x-dark-standard mid-light-solid__rrect-lg__inactive DE=0.00344 body=0.00488 Y=0.06301/0.06088
t1-step-0.8000 apple-macos-26.5-1x-dark-standard mid-light-solid__rrect-sm__inactive DE=0.00157 body=0.05026 Y=0.08866/0.12214
t1-step-0.8000 apple-macos-26.5-1x-dark-standard photo__capsule-button__inactive DE=0.00439 body=0.05705 Y=0.08767/0.11154
t1-step-0.8000 apple-macos-26.5-2x-dark-standard checkerboard__capsule-button__inactive DE=0.00353 body=0.04236 Y=0.09014/0.11799
t1-step-0.8000 apple-macos-26.5-2x-dark-standard checkerboard-lc16__capsule-button__inactive DE=0.00563 body=0.07255 Y=0.08921/0.13851 [scored]
t1-step-0.8000 apple-macos-26.5-2x-dark-standard dark-solid__rrect-sm__inactive DE=0.00000 body=0.00000 Y=0.01171/0.01171
t1-step-0.8000 apple-macos-26.5-2x-dark-standard hc-text__rrect-sm__inactive DE=0.00136 body=0.03949 Y=0.08450/0.10235 [scored]
t1-step-0.8000 apple-macos-26.5-2x-dark-standard light-solid__rrect-lg__inactive DE=0.00134 body=0.00161 Y=0.11734/0.11753
t1-step-0.8000 apple-macos-26.5-2x-dark-standard light-solid__rrect-sm__inactive DE=0.00013 body=0.00406 Y=0.93073/0.93261
t1-step-0.8000 apple-macos-26.5-2x-dark-standard mid-dark-solid__rrect-sm__inactive DE=0.00315 body=0.10131 Y=0.08866/0.04092
t1-step-0.8000 apple-macos-26.5-2x-dark-standard mid-light-solid__rrect-lg__inactive DE=0.00344 body=0.00488 Y=0.06301/0.06088
t1-step-0.8000 apple-macos-26.5-2x-dark-standard mid-light-solid__rrect-sm__inactive DE=0.00157 body=0.05026 Y=0.08866/0.12214
t1-step-0.8000 apple-macos-26.5-2x-dark-standard photo__capsule-button__inactive DE=0.00445 body=0.05788 Y=0.08791/0.11057
t1-step-0.8500 apple-macos-26.5-1x-dark-standard checkerboard__capsule-button__inactive DE=0.00374 body=0.04641 Y=0.08873/0.11700
t1-step-0.8500 apple-macos-26.5-1x-dark-standard checkerboard-lc16__capsule-button__inactive DE=0.00569 body=0.07353 Y=0.08891/0.13853 [scored]
t1-step-0.8500 apple-macos-26.5-1x-dark-standard dark-solid__rrect-sm__inactive DE=0.00000 body=0.00000 Y=0.01171/0.01171
t1-step-0.8500 apple-macos-26.5-1x-dark-standard hc-text__rrect-sm__inactive DE=0.00097 body=0.02704 Y=0.08246/0.08985 [scored]
t1-step-0.8500 apple-macos-26.5-1x-dark-standard light-solid__rrect-lg__inactive DE=0.00137 body=0.00161 Y=0.11734/0.11753
t1-step-0.8500 apple-macos-26.5-1x-dark-standard light-solid__rrect-sm__inactive DE=0.00013 body=0.00406 Y=0.93073/0.93261
t1-step-0.8500 apple-macos-26.5-1x-dark-standard mid-dark-solid__rrect-sm__inactive DE=0.00315 body=0.10131 Y=0.08866/0.04092
t1-step-0.8500 apple-macos-26.5-1x-dark-standard mid-light-solid__rrect-lg__inactive DE=0.00344 body=0.00488 Y=0.06301/0.06088
t1-step-0.8500 apple-macos-26.5-1x-dark-standard mid-light-solid__rrect-sm__inactive DE=0.00157 body=0.05026 Y=0.08866/0.12214
t1-step-0.8500 apple-macos-26.5-1x-dark-standard photo__capsule-button__inactive DE=0.00439 body=0.05707 Y=0.08765/0.11154
t1-step-0.8500 apple-macos-26.5-2x-dark-standard checkerboard__capsule-button__inactive DE=0.00353 body=0.04240 Y=0.09011/0.11799
t1-step-0.8500 apple-macos-26.5-2x-dark-standard checkerboard-lc16__capsule-button__inactive DE=0.00563 body=0.07266 Y=0.08914/0.13851 [scored]
t1-step-0.8500 apple-macos-26.5-2x-dark-standard dark-solid__rrect-sm__inactive DE=0.00000 body=0.00000 Y=0.01171/0.01171
t1-step-0.8500 apple-macos-26.5-2x-dark-standard hc-text__rrect-sm__inactive DE=0.00136 body=0.03964 Y=0.08442/0.10235 [scored]
t1-step-0.8500 apple-macos-26.5-2x-dark-standard light-solid__rrect-lg__inactive DE=0.00134 body=0.00161 Y=0.11734/0.11753
t1-step-0.8500 apple-macos-26.5-2x-dark-standard light-solid__rrect-sm__inactive DE=0.00013 body=0.00406 Y=0.93073/0.93261
t1-step-0.8500 apple-macos-26.5-2x-dark-standard mid-dark-solid__rrect-sm__inactive DE=0.00315 body=0.10131 Y=0.08866/0.04092
t1-step-0.8500 apple-macos-26.5-2x-dark-standard mid-light-solid__rrect-lg__inactive DE=0.00344 body=0.00488 Y=0.06301/0.06088
t1-step-0.8500 apple-macos-26.5-2x-dark-standard mid-light-solid__rrect-sm__inactive DE=0.00157 body=0.05026 Y=0.08866/0.12214
t1-step-0.8500 apple-macos-26.5-2x-dark-standard photo__capsule-button__inactive DE=0.00445 body=0.05790 Y=0.08789/0.11057
