t2-ic-baseline apple-macos-26.5-1x-light-increased-contrast checkerboard__rrect-md__inactive DE=0.00250 body=0.00140 Y=0.98934/0.99352
t2-ic-baseline apple-macos-26.5-1x-light-increased-contrast dark-solid__rrect-48__inactive DE=0.00072 body=0.00410 Y=0.98225/0.99445 [scored]
t2-ic-baseline apple-macos-26.5-1x-light-increased-contrast dark-solid__rrect-80__inactive DE=0.00151 body=0.00383 Y=0.98225/0.99365 [scored]
t2-ic-baseline apple-macos-26.5-1x-light-increased-contrast hc-text-28__rrect-md__inactive DE=0.00339 body=0.00462 Y=0.99126/0.97792 [scored]
t2-ic-baseline apple-macos-26.5-1x-light-increased-contrast light-solid__rrect-ml__inactive DE=0.00919 body=0.01388 Y=1.00000/0.95895 [scored]
t2-ic-baseline apple-macos-26.5-1x-light-increased-contrast photo__rrect-md__inactive DE=0.00210 body=0.00350 Y=0.98377/0.99352
t2-ic-0.96 apple-macos-26.5-1x-light-increased-contrast checkerboard__rrect-md__inactive DE=0.00250 body=0.00140 Y=0.98934/0.99352
t2-ic-0.96 apple-macos-26.5-1x-light-increased-contrast dark-solid__rrect-48__inactive DE=0.00072 body=0.00410 Y=0.98225/0.99445 [scored]
t2-ic-0.96 apple-macos-26.5-1x-light-increased-contrast dark-solid__rrect-80__inactive DE=0.00151 body=0.00383 Y=0.98225/0.99365 [scored]
t2-ic-0.96 apple-macos-26.5-1x-light-increased-contrast hc-text-28__rrect-md__inactive DE=0.00339 body=0.00462 Y=0.99126/0.97792 [scored]
t2-ic-0.96 apple-macos-26.5-1x-light-increased-contrast light-solid__rrect-ml__inactive DE=0.00919 body=0.01388 Y=1.00000/0.95895 [scored]
t2-ic-0.96 apple-macos-26.5-1x-light-increased-contrast photo__rrect-md__inactive DE=0.00210 body=0.00350 Y=0.98377/0.99352
t2-ic-0.98 apple-macos-26.5-1x-light-increased-contrast checkerboard__rrect-md__inactive DE=0.00250 body=0.00119 Y=0.99358/0.99352
t2-ic-0.98 apple-macos-26.5-1x-light-increased-contrast dark-solid__rrect-48__inactive DE=0.00059 body=0.00112 Y=0.99110/0.99445 [scored]
t2-ic-0.98 apple-macos-26.5-1x-light-increased-contrast dark-solid__rrect-80__inactive DE=0.00108 body=0.00085 Y=0.99110/0.99365 [scored]
t2-ic-0.98 apple-macos-26.5-1x-light-increased-contrast hc-text-28__rrect-md__inactive DE=0.00377 body=0.00616 Y=0.99623/0.97792 [scored]
t2-ic-0.98 apple-macos-26.5-1x-light-increased-contrast light-solid__rrect-ml__inactive DE=0.00921 body=0.01388 Y=1.00000/0.95895 [scored]
t2-ic-0.98 apple-macos-26.5-1x-light-increased-contrast photo__rrect-md__inactive DE=0.00161 body=0.00104 Y=0.99144/0.99352
t2-ic-0.99 apple-macos-26.5-1x-light-increased-contrast checkerboard__rrect-md__inactive DE=0.00278 body=0.00217 Y=1.00000/0.99352
t2-ic-0.99 apple-macos-26.5-1x-light-increased-contrast dark-solid__rrect-48__inactive DE=0.00060 body=0.00112 Y=0.99110/0.99445 [scored]
t2-ic-0.99 apple-macos-26.5-1x-light-increased-contrast dark-solid__rrect-80__inactive DE=0.00111 body=0.00085 Y=0.99110/0.99365 [scored]
t2-ic-0.99 apple-macos-26.5-1x-light-increased-contrast hc-text-28__rrect-md__inactive DE=0.00403 body=0.00742 Y=1.00000/0.97792 [scored]
t2-ic-0.99 apple-macos-26.5-1x-light-increased-contrast light-solid__rrect-ml__inactive DE=0.00921 body=0.01388 Y=1.00000/0.95895 [scored]
t2-ic-0.99 apple-macos-26.5-1x-light-increased-contrast photo__rrect-md__inactive DE=0.00190 body=0.00213 Y=0.99494/0.99352
t2-ic-1 apple-macos-26.5-1x-light-increased-contrast checkerboard__rrect-md__inactive DE=0.00280 body=0.00217 Y=1.00000/0.99352
t2-ic-1 apple-macos-26.5-1x-light-increased-contrast dark-solid__rrect-48__inactive DE=0.00070 body=0.00185 Y=1.00000/0.99445 [scored]
t2-ic-1 apple-macos-26.5-1x-light-increased-contrast dark-solid__rrect-80__inactive DE=0.00140 body=0.00212 Y=1.00000/0.99365 [scored]
t2-ic-1 apple-macos-26.5-1x-light-increased-contrast hc-text-28__rrect-md__inactive DE=0.00404 body=0.00742 Y=1.00000/0.97792 [scored]
t2-ic-1 apple-macos-26.5-1x-light-increased-contrast light-solid__rrect-ml__inactive DE=0.00920 body=0.01388 Y=1.00000/0.95895 [scored]
t2-ic-1 apple-macos-26.5-1x-light-increased-contrast photo__rrect-md__inactive DE=0.00197 body=0.00217 Y=1.00000/0.99352
