t2-rt-baseline apple-macos-26.5-1x-light-reduced-transparency checkerboard__rrect-md__inactive DE=0.00277 body=0.01133 Y=0.98934/0.95597
t2-rt-baseline apple-macos-26.5-1x-light-reduced-transparency dark-solid__rrect-48__inactive DE=0.00060 body=0.00894 Y=0.98225/0.95597 [scored]
t2-rt-baseline apple-macos-26.5-1x-light-reduced-transparency dark-solid__rrect-80__inactive DE=0.00165 body=0.00894 Y=0.98225/0.95597 [scored]
t2-rt-baseline apple-macos-26.5-1x-light-reduced-transparency hc-text-28__rrect-md__inactive DE=0.00288 body=0.01197 Y=0.99126/0.95597 [scored]
t2-rt-baseline apple-macos-26.5-1x-light-reduced-transparency light-solid__rrect-ml__inactive DE=0.00643 body=0.01468 Y=1.00000/0.95660 [scored]
t2-rt-baseline apple-macos-26.5-1x-light-reduced-transparency photo__rrect-md__inactive DE=0.00316 body=0.01275 Y=0.98377/0.95411
t2-rt-0.88 apple-macos-26.5-1x-light-reduced-transparency checkerboard__rrect-md__inactive DE=0.00102 body=0.00384 Y=0.96722/0.95597
t2-rt-0.88 apple-macos-26.5-1x-light-reduced-transparency dark-solid__rrect-48__inactive DE=0.00041 body=0.00597 Y=0.93869/0.95597 [scored]
t2-rt-0.88 apple-macos-26.5-1x-light-reduced-transparency dark-solid__rrect-80__inactive DE=0.00112 body=0.00597 Y=0.93869/0.95597 [scored]
t2-rt-0.88 apple-macos-26.5-1x-light-reduced-transparency hc-text-28__rrect-md__inactive DE=0.00172 body=0.00666 Y=0.97556/0.95597 [scored]
t2-rt-0.88 apple-macos-26.5-1x-light-reduced-transparency light-solid__rrect-ml__inactive DE=0.00514 body=0.01172 Y=0.99110/0.95660 [scored]
t2-rt-0.88 apple-macos-26.5-1x-light-reduced-transparency photo__rrect-md__inactive DE=0.00170 body=0.00660 Y=0.94911/0.95411
t2-rt-0.9 apple-macos-26.5-1x-light-reduced-transparency checkerboard__rrect-md__inactive DE=0.00147 body=0.00580 Y=0.97299/0.95597
t2-rt-0.9 apple-macos-26.5-1x-light-reduced-transparency dark-solid__rrect-48__inactive DE=0.00024 body=0.00299 Y=0.94731/0.95597 [scored]
t2-rt-0.9 apple-macos-26.5-1x-light-reduced-transparency dark-solid__rrect-80__inactive DE=0.00062 body=0.00299 Y=0.94731/0.95597 [scored]
t2-rt-0.9 apple-macos-26.5-1x-light-reduced-transparency hc-text-28__rrect-md__inactive DE=0.00197 body=0.00788 Y=0.97913/0.95597 [scored]
t2-rt-0.9 apple-macos-26.5-1x-light-reduced-transparency light-solid__rrect-ml__inactive DE=0.00523 body=0.01192 Y=0.99174/0.95660 [scored]
t2-rt-0.9 apple-macos-26.5-1x-light-reduced-transparency photo__rrect-md__inactive DE=0.00170 body=0.00654 Y=0.95767/0.95411
t2-rt-0.92 apple-macos-26.5-1x-light-reduced-transparency checkerboard__rrect-md__inactive DE=0.00188 body=0.00752 Y=0.97804/0.95597
t2-rt-0.92 apple-macos-26.5-1x-light-reduced-transparency dark-solid__rrect-48__inactive DE=0.00006 body=0.00000 Y=0.95597/0.95597 [scored]
t2-rt-0.92 apple-macos-26.5-1x-light-reduced-transparency dark-solid__rrect-80__inactive DE=0.00012 body=0.00000 Y=0.95597/0.95597 [scored]
t2-rt-0.92 apple-macos-26.5-1x-light-reduced-transparency hc-text-28__rrect-md__inactive DE=0.00238 body=0.00967 Y=0.98443/0.95597 [scored]
t2-rt-0.92 apple-macos-26.5-1x-light-reduced-transparency light-solid__rrect-ml__inactive DE=0.00523 body=0.01192 Y=0.99174/0.95660 [scored]
t2-rt-0.92 apple-macos-26.5-1x-light-reduced-transparency photo__rrect-md__inactive DE=0.00202 body=0.00795 Y=0.96640/0.95411
t2-rt-0.94 apple-macos-26.5-1x-light-reduced-transparency checkerboard__rrect-md__inactive DE=0.00240 body=0.00977 Y=0.98472/0.95597
t2-rt-0.94 apple-macos-26.5-1x-light-reduced-transparency dark-solid__rrect-48__inactive DE=0.00024 body=0.00298 Y=0.96469/0.95597 [scored]
t2-rt-0.94 apple-macos-26.5-1x-light-reduced-transparency dark-solid__rrect-80__inactive DE=0.00064 body=0.00298 Y=0.96469/0.95597 [scored]
t2-rt-0.94 apple-macos-26.5-1x-light-reduced-transparency hc-text-28__rrect-md__inactive DE=0.00267 body=0.01102 Y=0.98841/0.95597 [scored]
t2-rt-0.94 apple-macos-26.5-1x-light-reduced-transparency light-solid__rrect-ml__inactive DE=0.00643 body=0.01468 Y=1.00000/0.95660 [scored]
t2-rt-0.94 apple-macos-26.5-1x-light-reduced-transparency photo__rrect-md__inactive DE=0.00254 body=0.01018 Y=0.97510/0.95411
t2-rt-0.96 apple-macos-26.5-1x-light-reduced-transparency checkerboard__rrect-md__inactive DE=0.00277 body=0.01133 Y=0.98934/0.95597
t2-rt-0.96 apple-macos-26.5-1x-light-reduced-transparency dark-solid__rrect-48__inactive DE=0.00060 body=0.00894 Y=0.98225/0.95597 [scored]
t2-rt-0.96 apple-macos-26.5-1x-light-reduced-transparency dark-solid__rrect-80__inactive DE=0.00165 body=0.00894 Y=0.98225/0.95597 [scored]
t2-rt-0.96 apple-macos-26.5-1x-light-reduced-transparency hc-text-28__rrect-md__inactive DE=0.00288 body=0.01197 Y=0.99126/0.95597 [scored]
t2-rt-0.96 apple-macos-26.5-1x-light-reduced-transparency light-solid__rrect-ml__inactive DE=0.00643 body=0.01468 Y=1.00000/0.95660 [scored]
t2-rt-0.96 apple-macos-26.5-1x-light-reduced-transparency photo__rrect-md__inactive DE=0.00316 body=0.01275 Y=0.98377/0.95411
