checking apple-macos-26.5-1x-dark-standard checkerboard__rrect-md__inactive DE=0.00257 body=0.00745 Y=0.05639/0.05607
checking apple-macos-26.5-1x-dark-standard checkerboard__rrect-ml__inactive DE=0.00338 body=0.00538 Y=0.05645/0.05546 [scored]
checking apple-macos-26.5-1x-dark-standard checkerboard-32__rrect-lg__inactive DE=0.01822 body=0.02570 Y=0.05646/0.05819
checking apple-macos-26.5-1x-dark-standard checkerboard-4__rrect-md__inactive DE=0.00245 body=0.00933 Y=0.05638/0.05540 [scored]
checking apple-macos-26.5-1x-dark-standard checkerboard-64__rrect-lg__inactive DE=0.01902 body=0.02698 Y=0.06244/0.06469
checking apple-macos-26.5-1x-dark-standard checkerboard-64__rrect-md__inactive DE=0.00635 body=0.02538 Y=0.05675/0.05798
checking apple-macos-26.5-1x-dark-standard checkerboard-8__rrect-lg__inactive DE=0.00898 body=0.01145 Y=0.05649/0.05546
checking apple-macos-26.5-1x-dark-standard checkerboard-8__rrect-md__inactive DE=0.00506 body=0.01804 Y=0.05645/0.05640
checking apple-macos-26.5-1x-dark-standard checkerboard-lc16__capsule-button__inactive DE=0.00121 body=0.01371 Y=0.13591/0.13853 [scored]
checking apple-macos-26.5-1x-dark-standard checkerboard-lc16__rrect-md__inactive DE=0.01337 body=0.05674 Y=0.05217/0.07956 [scored]
checking apple-macos-26.5-1x-dark-standard dark-solid__capsule-button__inactive DE=0.00000 body=0.00000 Y=0.01171/0.01171
checking apple-macos-26.5-1x-dark-standard dark-solid__rrect-48__inactive DE=0.00000 body=0.00000 Y=0.01171/0.01171 [scored]
checking apple-macos-26.5-1x-dark-standard dark-solid__rrect-80__inactive DE=0.00064 body=0.00372 Y=0.02122/0.02136 [scored]
checking apple-macos-26.5-1x-dark-standard dark-solid__rrect-lg__inactive DE=0.00255 body=0.00372 Y=0.02122/0.02136
checking apple-macos-26.5-1x-dark-standard dark-solid__rrect-md-clear20__inactive DE=0.00087 body=0.00372 Y=0.02122/0.02136 [scored]
checking apple-macos-26.5-1x-dark-standard dark-solid__rrect-sm__inactive DE=0.00000 body=0.00000 Y=0.01171/0.01171
checking apple-macos-26.5-1x-dark-standard hc-text__rrect-lg__inactive DE=0.00989 body=0.01339 Y=0.07102/0.07793 [scored]
checking apple-macos-26.5-1x-dark-standard hc-text__rrect-sm__inactive DE=0.00212 body=0.06689 Y=0.13457/0.08985 [scored]
checking apple-macos-26.5-1x-dark-standard hc-text-28__rrect-md__inactive DE=0.00573 body=0.02214 Y=0.06114/0.06508 [scored]
checking apple-macos-26.5-1x-dark-standard hc-text-7__rrect-md__inactive DE=0.00341 body=0.01353 Y=0.06434/0.06900 [scored]
checking apple-macos-26.5-1x-dark-standard impulse__rrect-lg__inactive DE=0.06938 body=0.10129 Y=0.04303/0.01546
checking apple-macos-26.5-1x-dark-standard impulse__rrect-ml__inactive DE=0.04438 body=0.10119 Y=0.04277/0.01535
checking apple-macos-26.5-1x-dark-standard light-solid__rrect-lg__inactive DE=0.02505 body=0.03626 Y=0.09339/0.11753
checking apple-macos-26.5-1x-dark-standard light-solid__rrect-ml__inactive DE=0.01604 body=0.03626 Y=0.09339/0.11753 [scored]
checking apple-macos-26.5-1x-dark-standard light-solid__rrect-sm__inactive DE=0.01342 body=0.43179 Y=0.16225/0.93261
checking apple-macos-26.5-1x-dark-standard mid-chroma-solid__capsule-button__inactive DE=0.01258 body=0.16555 Y=0.11874/0.09759
checking apple-macos-26.5-1x-dark-standard mid-chroma-solid__capsule-button__inactive-tint-orange DE=0.01569 body=0.20687 Y=0.19120/0.10769
checking apple-macos-26.5-1x-dark-standard mid-chroma-solid__rrect-lg__inactive DE=0.11003 body=0.16083 Y=0.05680/0.09362
checking apple-macos-26.5-1x-dark-standard mid-chroma-solid__rrect-md__inactive DE=0.03772 body=0.16083 Y=0.05680/0.09362
checking apple-macos-26.5-1x-dark-standard mid-dark-solid__rrect-lg__inactive DE=0.05506 body=0.08057 Y=0.06480/0.03310
checking apple-macos-26.5-1x-dark-standard mid-dark-solid__rrect-md__inactive DE=0.01887 body=0.08057 Y=0.06480/0.03310
checking apple-macos-26.5-1x-dark-standard mid-dark-solid__rrect-sm__inactive DE=0.00315 body=0.10131 Y=0.08866/0.04092
checking apple-macos-26.5-1x-dark-standard photo__rrect-md__inactive DE=0.01414 body=0.06018 Y=0.06106/0.05929
checking apple-macos-26.5-1x-dark-standard photo__rrect-ml__inactive DE=0.02852 body=0.06492 Y=0.06174/0.06150
checking apple-macos-26.5-1x-light-increased-contrast checkerboard__rrect-md__inactive DE=0.00328 body=0.00510 Y=0.97836/0.99352
checking apple-macos-26.5-1x-light-increased-contrast checkerboard__rrect-ml__inactive DE=0.00513 body=0.00504 Y=0.97852/0.99350 [scored]
checking apple-macos-26.5-1x-light-increased-contrast checkerboard-4__rrect-md__inactive DE=0.00297 body=0.00379 Y=0.98225/0.99352 [scored]
checking apple-macos-26.5-1x-light-increased-contrast checkerboard-lc16__capsule-button__inactive DE=0.00149 body=0.00438 Y=0.97811/0.99110 [scored]
checking apple-macos-26.5-1x-light-increased-contrast checkerboard-lc16__rrect-md__inactive DE=0.00290 body=0.00491 Y=0.97891/0.99352 [scored]
checking apple-macos-26.5-1x-light-increased-contrast dark-solid__rrect-48__inactive DE=0.01090 body=0.16224 Y=0.58408/0.99445 [scored]
checking apple-macos-26.5-1x-light-increased-contrast dark-solid__rrect-80__inactive DE=0.00306 body=0.01277 Y=0.95597/0.99365 [scored]
checking apple-macos-26.5-1x-light-increased-contrast dark-solid__rrect-md-clear20__inactive DE=0.00403 body=0.01273 Y=0.95597/0.99352 [scored]
checking apple-macos-26.5-1x-light-increased-contrast hc-text__rrect-lg__inactive DE=0.00687 body=0.00467 Y=0.98654/0.98731 [scored]
checking apple-macos-26.5-1x-light-increased-contrast hc-text__rrect-sm__inactive DE=0.00095 body=0.00389 Y=0.98227/0.99385 [scored]
checking apple-macos-26.5-1x-light-increased-contrast hc-text-28__rrect-md__inactive DE=0.00313 body=0.00355 Y=0.98442/0.97792 [scored]
checking apple-macos-26.5-1x-light-increased-contrast hc-text-7__rrect-md__inactive DE=0.00310 body=0.00321 Y=0.98395/0.99352 [scored]
checking apple-macos-26.5-1x-light-increased-contrast light-solid__rrect-ml__inactive DE=0.00799 body=0.01112 Y=0.99174/0.95895 [scored]
checking apple-macos-26.5-1x-light-increased-contrast photo__rrect-md__inactive DE=0.00345 body=0.00927 Y=0.96720/0.99352
checking apple-macos-26.5-1x-light-reduced-transparency checkerboard__rrect-md__inactive DE=0.00190 body=0.00763 Y=0.97836/0.95597
checking apple-macos-26.5-1x-light-reduced-transparency checkerboard__rrect-ml__inactive DE=0.00353 body=0.00768 Y=0.97852/0.95597 [scored]
checking apple-macos-26.5-1x-light-reduced-transparency checkerboard-4__rrect-md__inactive DE=0.00220 body=0.00894 Y=0.98225/0.95597 [scored]
checking apple-macos-26.5-1x-light-reduced-transparency checkerboard-lc16__capsule-button__inactive DE=0.00065 body=0.00754 Y=0.97811/0.95597 [scored]
checking apple-macos-26.5-1x-light-reduced-transparency checkerboard-lc16__rrect-md__inactive DE=0.00188 body=0.00781 Y=0.97891/0.95597 [scored]
checking apple-macos-26.5-1x-light-reduced-transparency dark-solid__rrect-48__inactive DE=0.01071 body=0.17417 Y=0.53328/0.95597 [scored]
checking apple-macos-26.5-1x-light-reduced-transparency dark-solid__rrect-80__inactive DE=0.00012 body=0.00000 Y=0.95597/0.95597 [scored]
checking apple-macos-26.5-1x-light-reduced-transparency dark-solid__rrect-md-clear20__inactive DE=0.00019 body=0.00000 Y=0.95597/0.95597 [scored]
checking apple-macos-26.5-1x-light-reduced-transparency hc-text__rrect-lg__inactive DE=0.00723 body=0.01038 Y=0.98654/0.95597 [scored]
checking apple-macos-26.5-1x-light-reduced-transparency hc-text__rrect-sm__inactive DE=0.00033 body=0.00895 Y=0.98227/0.95597 [scored]
checking apple-macos-26.5-1x-light-reduced-transparency hc-text-28__rrect-md__inactive DE=0.00238 body=0.00967 Y=0.98442/0.95597 [scored]
checking apple-macos-26.5-1x-light-reduced-transparency hc-text-7__rrect-md__inactive DE=0.00233 body=0.00952 Y=0.98395/0.95597 [scored]
checking apple-macos-26.5-1x-light-reduced-transparency light-solid__rrect-ml__inactive DE=0.00523 body=0.01192 Y=0.99174/0.95660 [scored]
checking apple-macos-26.5-1x-light-reduced-transparency photo__rrect-md__inactive DE=0.00207 body=0.00814 Y=0.96720/0.95411
checking apple-macos-26.5-1x-light-standard checkerboard__rrect-md__inactive DE=0.00229 body=0.00593 Y=0.63667/0.64158
checking apple-macos-26.5-1x-light-standard checkerboard__rrect-ml__inactive DE=0.00431 body=0.00761 Y=0.63648/0.64013 [scored]
checking apple-macos-26.5-1x-light-standard checkerboard-32__rrect-lg__inactive DE=0.00578 body=0.00580 Y=0.63653/0.64664
checking apple-macos-26.5-1x-light-standard checkerboard-4__rrect-md__inactive DE=0.00216 body=0.00795 Y=0.63676/0.64126 [scored]
checking apple-macos-26.5-1x-light-standard checkerboard-64__rrect-lg__inactive DE=0.00863 body=0.01013 Y=0.64125/0.66160
checking apple-macos-26.5-1x-light-standard checkerboard-64__rrect-md__inactive DE=0.00335 body=0.01138 Y=0.61101/0.63053
checking apple-macos-26.5-1x-light-standard checkerboard-8__rrect-lg__inactive DE=0.00641 body=0.00746 Y=0.63681/0.64168
checking apple-macos-26.5-1x-light-standard checkerboard-8__rrect-md__inactive DE=0.00447 body=0.01556 Y=0.63650/0.64217
checking apple-macos-26.5-1x-light-standard checkerboard-lc16__capsule-button__inactive DE=0.00096 body=0.01189 Y=0.75689/0.78645 [scored]
checking apple-macos-26.5-1x-light-standard checkerboard-lc16__rrect-md__inactive DE=0.00129 body=0.00399 Y=0.75307/0.74755 [scored]
checking apple-macos-26.5-1x-light-standard dark-solid__capsule-button__inactive DE=0.00000 body=0.00000 Y=0.01171/0.01171
checking apple-macos-26.5-1x-light-standard dark-solid__rrect-48__inactive DE=0.00000 body=0.00000 Y=0.01171/0.01171 [scored]
checking apple-macos-26.5-1x-light-standard dark-solid__rrect-80__inactive DE=0.00289 body=0.01675 Y=0.42869/0.45723 [scored]
checking apple-macos-26.5-1x-light-standard dark-solid__rrect-lg__inactive DE=0.00223 body=0.00287 Y=0.45641/0.45723
checking apple-macos-26.5-1x-light-standard dark-solid__rrect-md-clear20__inactive DE=0.00079 body=0.00287 Y=0.45641/0.45723 [scored]
checking apple-macos-26.5-1x-light-standard dark-solid__rrect-sm__inactive DE=0.00000 body=0.00000 Y=0.01171/0.01171
checking apple-macos-26.5-1x-light-standard hc-text__rrect-lg__inactive DE=0.00458 body=0.00582 Y=0.74514/0.73844 [scored]
checking apple-macos-26.5-1x-light-standard hc-text__rrect-sm__inactive DE=0.00251 body=0.07793 Y=0.72281/0.54849 [scored]
checking apple-macos-26.5-1x-light-standard hc-text-28__rrect-md__inactive DE=0.00347 body=0.01255 Y=0.69266/0.67764 [scored]
checking apple-macos-26.5-1x-light-standard hc-text-7__rrect-md__inactive DE=0.00289 body=0.01112 Y=0.71333/0.70242 [scored]
checking apple-macos-26.5-1x-light-standard impulse__rrect-lg__inactive DE=0.02014 body=0.02896 Y=0.46446/0.41427
checking apple-macos-26.5-1x-light-standard impulse__rrect-ml__inactive DE=0.01287 body=0.02881 Y=0.46335/0.41350
checking apple-macos-26.5-1x-light-standard light-solid__capsule-button__inactive DE=0.00021 body=0.00271 Y=0.93135/0.93261
checking apple-macos-26.5-1x-light-standard light-solid__rrect-lg__inactive DE=0.00001 body=0.00000 Y=0.89810/0.89810
checking apple-macos-26.5-1x-light-standard light-solid__rrect-ml__inactive DE=0.00001 body=0.00000 Y=0.89810/0.89810 [scored]
checking apple-macos-26.5-1x-light-standard light-solid__rrect-sm__inactive DE=0.00008 body=0.00271 Y=0.93135/0.93261
checking apple-macos-26.5-1x-light-standard mid-chroma-solid__capsule-button__inactive DE=0.00693 body=0.09032 Y=0.61880/0.47617
checking apple-macos-26.5-1x-light-standard mid-chroma-solid__capsule-button__inactive-tint-orange DE=0.01099 body=0.14408 Y=0.47932/0.32844
checking apple-macos-26.5-1x-light-standard mid-chroma-solid__capsule-button__rest DE=0.00978 body=0.12540 Y=0.67344/0.45199
checking apple-macos-26.5-1x-light-standard mid-chroma-solid__capsule-button__rest-tint-orange DE=0.00328 body=0.03883 Y=0.36642/0.31126
checking apple-macos-26.5-1x-light-standard mid-chroma-solid__rrect-lg__inactive DE=0.07113 body=0.10390 Y=0.63808/0.50293
checking apple-macos-26.5-1x-light-standard mid-chroma-solid__rrect-lg__rest DE=0.08645 body=0.11671 Y=0.69360/0.52257
checking apple-macos-26.5-1x-light-standard mid-chroma-solid__rrect-md__inactive DE=0.02439 body=0.10390 Y=0.63808/0.50293
checking apple-macos-26.5-1x-light-standard mid-chroma-solid__rrect-md__rest DE=0.02925 body=0.11447 Y=0.69324/0.52594
checking apple-macos-26.5-1x-light-standard mid-dark-solid__rrect-lg__inactive DE=0.00234 body=0.00314 Y=0.52100/0.52712
checking apple-macos-26.5-1x-light-standard mid-dark-solid__rrect-md__inactive DE=0.00083 body=0.00314 Y=0.52100/0.52712
checking apple-macos-26.5-1x-light-standard mid-dark-solid__rrect-sm__inactive DE=0.00089 body=0.02874 Y=0.40198/0.45079
checking apple-macos-26.5-1x-light-standard photo__rrect-md__inactive DE=0.01135 body=0.04771 Y=0.59758/0.62842
checking apple-macos-26.5-1x-light-standard photo__rrect-ml__inactive DE=0.02401 body=0.05411 Y=0.60025/0.62803
checking apple-macos-26.5-2x-dark-standard checkerboard__rrect-md__inactive DE=0.00196 body=0.00656 Y=0.05768/0.05515
checking apple-macos-26.5-2x-dark-standard checkerboard__rrect-ml__inactive DE=0.00380 body=0.00754 Y=0.05767/0.05501 [scored]
checking apple-macos-26.5-2x-dark-standard checkerboard-32__rrect-lg__inactive DE=0.01290 body=0.01604 Y=0.05702/0.05709
checking apple-macos-26.5-2x-dark-standard checkerboard-4__rrect-md__inactive DE=0.00337 body=0.01409 Y=0.06142/0.05510 [scored]
checking apple-macos-26.5-2x-dark-standard checkerboard-64__rrect-lg__inactive DE=0.01385 body=0.01815 Y=0.06272/0.06378
checking apple-macos-26.5-2x-dark-standard checkerboard-64__rrect-md__inactive DE=0.00530 body=0.01772 Y=0.05645/0.05697
checking apple-macos-26.5-2x-dark-standard checkerboard-8__rrect-lg__inactive DE=0.00689 body=0.00978 Y=0.05919/0.05486
checking apple-macos-26.5-2x-dark-standard checkerboard-8__rrect-md__inactive DE=0.00226 body=0.00922 Y=0.05902/0.05495
checking apple-macos-26.5-2x-dark-standard checkerboard-lc16__capsule-button__inactive DE=0.00119 body=0.01261 Y=0.13625/0.13851 [scored]
checking apple-macos-26.5-2x-dark-standard checkerboard-lc16__rrect-md__inactive DE=0.01328 body=0.05641 Y=0.05214/0.07942 [scored]
checking apple-macos-26.5-2x-dark-standard dark-solid__capsule-button__inactive DE=0.00000 body=0.00000 Y=0.01171/0.01171
checking apple-macos-26.5-2x-dark-standard dark-solid__rrect-48__inactive DE=0.00000 body=0.00000 Y=0.01171/0.01171 [scored]
checking apple-macos-26.5-2x-dark-standard dark-solid__rrect-80__inactive DE=0.00064 body=0.00372 Y=0.02122/0.02136 [scored]
checking apple-macos-26.5-2x-dark-standard dark-solid__rrect-lg__inactive DE=0.00256 body=0.00372 Y=0.02122/0.02136
checking apple-macos-26.5-2x-dark-standard dark-solid__rrect-md-clear20__inactive DE=0.00088 body=0.00372 Y=0.02122/0.02136 [scored]
checking apple-macos-26.5-2x-dark-standard dark-solid__rrect-sm__inactive DE=0.00000 body=0.00000 Y=0.01171/0.01171
checking apple-macos-26.5-2x-dark-standard hc-text__rrect-lg__inactive DE=0.00911 body=0.01275 Y=0.07036/0.07759 [scored]
checking apple-macos-26.5-2x-dark-standard hc-text__rrect-sm__inactive DE=0.00149 body=0.04610 Y=0.13648/0.10235 [scored]
checking apple-macos-26.5-2x-dark-standard hc-text-28__rrect-md__inactive DE=0.00336 body=0.01175 Y=0.06088/0.06676 [scored]
checking apple-macos-26.5-2x-dark-standard hc-text-7__rrect-md__inactive DE=0.00217 body=0.00880 Y=0.06450/0.06892 [scored]
checking apple-macos-26.5-2x-dark-standard impulse__rrect-lg__inactive DE=0.06919 body=0.10107 Y=0.04290/0.01544
checking apple-macos-26.5-2x-dark-standard impulse__rrect-ml__inactive DE=0.04422 body=0.10087 Y=0.04262/0.01533
checking apple-macos-26.5-2x-dark-standard light-solid__rrect-lg__inactive DE=0.02502 body=0.03626 Y=0.09339/0.11753
checking apple-macos-26.5-2x-dark-standard light-solid__rrect-ml__inactive DE=0.01603 body=0.03626 Y=0.09339/0.11753 [scored]
checking apple-macos-26.5-2x-dark-standard light-solid__rrect-sm__inactive DE=0.01343 body=0.43179 Y=0.16225/0.93261
checking apple-macos-26.5-2x-dark-standard mid-chroma-solid__capsule-button__inactive DE=0.01260 body=0.16555 Y=0.11874/0.09759
checking apple-macos-26.5-2x-dark-standard mid-chroma-solid__capsule-button__inactive-tint-orange DE=0.01572 body=0.20687 Y=0.19120/0.10769
checking apple-macos-26.5-2x-dark-standard mid-chroma-solid__rrect-lg__inactive DE=0.11004 body=0.16083 Y=0.05680/0.09362
checking apple-macos-26.5-2x-dark-standard mid-chroma-solid__rrect-md__inactive DE=0.03772 body=0.16083 Y=0.05680/0.09362
checking apple-macos-26.5-2x-dark-standard mid-dark-solid__rrect-lg__inactive DE=0.05506 body=0.08057 Y=0.06480/0.03310
checking apple-macos-26.5-2x-dark-standard mid-dark-solid__rrect-md__inactive DE=0.01887 body=0.08057 Y=0.06480/0.03310
checking apple-macos-26.5-2x-dark-standard mid-dark-solid__rrect-sm__inactive DE=0.00315 body=0.10131 Y=0.08866/0.04092
checking apple-macos-26.5-2x-dark-standard photo__rrect-md__inactive DE=0.01373 body=0.05837 Y=0.06158/0.05909
checking apple-macos-26.5-2x-dark-standard photo__rrect-ml__inactive DE=0.02778 body=0.06314 Y=0.06207/0.06135
checking apple-macos-26.5-2x-light-standard checkerboard__rrect-md__inactive DE=0.00140 body=0.00397 Y=0.64233/0.64042
checking apple-macos-26.5-2x-light-standard checkerboard__rrect-ml__inactive DE=0.00323 body=0.00623 Y=0.64230/0.64028 [scored]
checking apple-macos-26.5-2x-light-standard checkerboard-32__rrect-lg__inactive DE=0.01130 body=0.01406 Y=0.63920/0.64398
checking apple-macos-26.5-2x-light-standard checkerboard-4__rrect-md__inactive DE=0.00212 body=0.00869 Y=0.66040/0.64096 [scored]
checking apple-macos-26.5-2x-light-standard checkerboard-64__rrect-lg__inactive DE=0.01061 body=0.01300 Y=0.64315/0.65985
checking apple-macos-26.5-2x-light-standard checkerboard-64__rrect-md__inactive DE=0.00331 body=0.01026 Y=0.61242/0.62908
checking apple-macos-26.5-2x-light-standard checkerboard-8__rrect-lg__inactive DE=0.00353 body=0.00484 Y=0.64978/0.63998
checking apple-macos-26.5-2x-light-standard checkerboard-8__rrect-md__inactive DE=0.00142 body=0.00574 Y=0.64899/0.64015
checking apple-macos-26.5-2x-light-standard checkerboard-lc16__capsule-button__inactive DE=0.00105 body=0.01197 Y=0.75831/0.78612 [scored]
checking apple-macos-26.5-2x-light-standard checkerboard-lc16__rrect-md__inactive DE=0.00095 body=0.00329 Y=0.75406/0.74744 [scored]
checking apple-macos-26.5-2x-light-standard dark-solid__capsule-button__inactive DE=0.00000 body=0.00000 Y=0.01171/0.01171
checking apple-macos-26.5-2x-light-standard dark-solid__rrect-48__inactive DE=0.00000 body=0.00000 Y=0.01171/0.01171 [scored]
checking apple-macos-26.5-2x-light-standard dark-solid__rrect-80__inactive DE=0.00290 body=0.01675 Y=0.42869/0.45723 [scored]
checking apple-macos-26.5-2x-light-standard dark-solid__rrect-lg__inactive DE=0.00221 body=0.00287 Y=0.45641/0.45723
checking apple-macos-26.5-2x-light-standard dark-solid__rrect-md-clear20__inactive DE=0.00077 body=0.00287 Y=0.45641/0.45723 [scored]
checking apple-macos-26.5-2x-light-standard dark-solid__rrect-sm__inactive DE=0.00000 body=0.00000 Y=0.01171/0.01171
checking apple-macos-26.5-2x-light-standard hc-text__rrect-lg__inactive DE=0.00400 body=0.00551 Y=0.74718/0.73749 [scored]
checking apple-macos-26.5-2x-light-standard hc-text__rrect-sm__inactive DE=0.00239 body=0.07310 Y=0.73881/0.56897 [scored]
checking apple-macos-26.5-2x-light-standard hc-text-28__rrect-md__inactive DE=0.00206 body=0.00646 Y=0.70064/0.68855 [scored]
checking apple-macos-26.5-2x-light-standard hc-text-7__rrect-md__inactive DE=0.00216 body=0.00887 Y=0.72371/0.70259 [scored]
checking apple-macos-26.5-2x-light-standard impulse__rrect-lg__inactive DE=0.02019 body=0.02908 Y=0.46452/0.41413
checking apple-macos-26.5-2x-light-standard impulse__rrect-ml__inactive DE=0.01285 body=0.02887 Y=0.46331/0.41336
checking apple-macos-26.5-2x-light-standard light-solid__capsule-button__inactive DE=0.00021 body=0.00271 Y=0.93135/0.93261
checking apple-macos-26.5-2x-light-standard light-solid__rrect-lg__inactive DE=0.00001 body=0.00000 Y=0.89810/0.89810
checking apple-macos-26.5-2x-light-standard light-solid__rrect-ml__inactive DE=0.00000 body=0.00000 Y=0.89810/0.89810 [scored]
checking apple-macos-26.5-2x-light-standard light-solid__rrect-sm__inactive DE=0.00008 body=0.00271 Y=0.93135/0.93261
checking apple-macos-26.5-2x-light-standard mid-chroma-solid__capsule-button__inactive DE=0.00693 body=0.09032 Y=0.61880/0.47617
checking apple-macos-26.5-2x-light-standard mid-chroma-solid__capsule-button__inactive-tint-orange DE=0.01100 body=0.14408 Y=0.47932/0.32844
checking apple-macos-26.5-2x-light-standard mid-chroma-solid__capsule-button__rest DE=0.00979 body=0.12540 Y=0.67344/0.45199
checking apple-macos-26.5-2x-light-standard mid-chroma-solid__capsule-button__rest-tint-orange DE=0.00329 body=0.03883 Y=0.36642/0.31126
checking apple-macos-26.5-2x-light-standard mid-chroma-solid__rrect-lg__inactive DE=0.07113 body=0.10390 Y=0.63808/0.50293
checking apple-macos-26.5-2x-light-standard mid-chroma-solid__rrect-lg__rest DE=0.08653 body=0.11673 Y=0.69363/0.52257
checking apple-macos-26.5-2x-light-standard mid-chroma-solid__rrect-md__inactive DE=0.02438 body=0.10390 Y=0.63808/0.50293
checking apple-macos-26.5-2x-light-standard mid-chroma-solid__rrect-md__rest DE=0.02925 body=0.11451 Y=0.69330/0.52594
checking apple-macos-26.5-2x-light-standard mid-dark-solid__rrect-lg__inactive DE=0.00234 body=0.00314 Y=0.52100/0.52712
checking apple-macos-26.5-2x-light-standard mid-dark-solid__rrect-md__inactive DE=0.00081 body=0.00314 Y=0.52100/0.52712
checking apple-macos-26.5-2x-light-standard mid-dark-solid__rrect-sm__inactive DE=0.00089 body=0.02874 Y=0.40198/0.45079
checking apple-macos-26.5-2x-light-standard photo__rrect-md__inactive DE=0.01121 body=0.04721 Y=0.59793/0.62814
checking apple-macos-26.5-2x-light-standard photo__rrect-ml__inactive DE=0.02384 body=0.05369 Y=0.60032/0.62808
