=== inactive-2x (inactive-2x)
62 cell(s) over 2 profile(s) from 7 run(s): 53 unanimous, 9 voted, 0 frequency-settled, 0 refused (0 state-ambiguous)
  voted    apple-macos-26.5-2x-dark-standard/checkerboard-lc16__rrect-md__inactive → run-1run-2run-4run-5run-6run-7; run-1run-2run-4run-5run-6run-7 agree and the 1 other reading(s) differ only incidentally — at or below one 8-bit code, or scattered rather than in a region.
  voted    apple-macos-26.5-2x-dark-standard/checkerboard__rrect-ml__inactive → run-1run-3run-4run-5run-6run-7; run-1run-3run-4run-5run-6run-7 agree and the 1 other reading(s) differ only incidentally — at or below one 8-bit code, or scattered rather than in a region.
  voted    apple-macos-26.5-2x-dark-standard/dark-solid__rrect-80__inactive → run-1run-2run-4run-5run-6run-7; run-1run-2run-4run-5run-6run-7 agree and the 1 other reading(s) differ only incidentally — at or below one 8-bit code, or scattered rather than in a region.
  voted    apple-macos-26.5-2x-dark-standard/light-solid__rrect-sm__inactive → run-1run-2run-3run-4run-6run-7; run-1run-2run-3run-4run-6run-7 agree and the 1 other reading(s) differ only incidentally — at or below one 8-bit code, or scattered rather than in a region.
  voted    apple-macos-26.5-2x-light-standard/checkerboard-lc16__rrect-md__inactive → run-2run-3run-4run-5run-6run-7; run-2run-3run-4run-5run-6run-7 agree and the 1 other reading(s) differ only incidentally — at or below one 8-bit code, or scattered rather than in a region.
  voted    apple-macos-26.5-2x-light-standard/checkerboard__rrect-ml__inactive → run-2run-3run-4run-5run-6run-7; run-2run-3run-4run-5run-6run-7 agree and the 1 other reading(s) differ only incidentally — at or below one 8-bit code, or scattered rather than in a region.
  voted    apple-macos-26.5-2x-light-standard/hc-text-28__rrect-md__inactive → run-1run-2run-4run-5run-6run-7; run-1run-2run-4run-5run-6run-7 agree and the 1 other reading(s) differ only incidentally — at or below one 8-bit code, or scattered rather than in a region.
  voted    apple-macos-26.5-2x-light-standard/hc-text-7__rrect-md__inactive → run-2run-3run-4run-5run-6run-7; run-2run-3run-4run-5run-6run-7 agree and the 1 other reading(s) differ only incidentally — at or below one 8-bit code, or scattered rather than in a region.
  voted    apple-macos-26.5-2x-light-standard/photo__rrect-ml__inactive → run-2run-3run-4run-5run-6run-7; run-2run-3run-4run-5run-6run-7 agree and the 1 other reading(s) differ only incidentally — at or below one 8-bit code, or scattered rather than in a region.
  provenance: 1 earlier block(s) for these profiles, run labels and cell count predate cellsSha256 and are superseded by this phase's, which names its cells.

bed materialised: 62 cell(s) written with their own run's manifest entry. Provenance: 7 runs, 72.2% confidence at a one-in-six minority.
=== active-2x (active-2x)
4 cell(s) over 1 profile(s) from 7 run(s): 2 unanimous, 1 voted, 1 frequency-settled, 0 refused (0 state-ambiguous)
  settled  apple-macos-26.5-2x-light-standard/mid-chroma-solid__capsule-button__rest-tint-orange -> 550a1c5e×6 / 6a48f642×1 (majority share 0.86)
  voted    apple-macos-26.5-2x-light-standard/mid-chroma-solid__rrect-md__rest → run-1run-3run-6run-7; run-1run-3run-6run-7 agree and the 1 other reading(s) differ only incidentally — at or below one 8-bit code, or scattered rather than in a region.
  provenance: 1 earlier block(s) for these profiles, run labels and cell count predate cellsSha256 and are superseded by this phase's, which names its cells.

bed materialised: 4 cell(s) written with their own run's manifest entry, 1 of them frequency-settled. Provenance: 7 runs, 72.2% confidence at a one-in-six minority.
=== inactive-1x (inactive-1x)
62 cell(s) over 2 profile(s) from 7 run(s): 57 unanimous, 5 voted, 0 frequency-settled, 0 refused (0 state-ambiguous)
  voted    apple-macos-26.5-1x-dark-standard/checkerboard-8__rrect-md__inactive → run-2run-3run-4run-5run-6run-7; run-2run-3run-4run-5run-6run-7 agree and the 1 other reading(s) differ only incidentally — at or below one 8-bit code, or scattered rather than in a region.
  voted    apple-macos-26.5-1x-dark-standard/impulse__rrect-lg__inactive → run-2run-3run-4run-5run-6run-7; run-2run-3run-4run-5run-6run-7 agree and the 1 other reading(s) differ only incidentally — at or below one 8-bit code, or scattered rather than in a region.
  voted    apple-macos-26.5-1x-light-standard/checkerboard-64__rrect-md__inactive → run-2run-3run-4run-5run-6run-7; run-2run-3run-4run-5run-6run-7 agree and the 1 other reading(s) differ only incidentally — at or below one 8-bit code, or scattered rather than in a region.
  voted    apple-macos-26.5-1x-light-standard/checkerboard-8__rrect-lg__inactive → run-2run-3run-4run-5run-6run-7; run-2run-3run-4run-5run-6run-7 agree and the 1 other reading(s) differ only incidentally — at or below one 8-bit code, or scattered rather than in a region.
  voted    apple-macos-26.5-1x-light-standard/hc-text__rrect-lg__inactive → run-2run-3run-4run-5run-6run-7; run-2run-3run-4run-5run-6run-7 agree and the 1 other reading(s) differ only incidentally — at or below one 8-bit code, or scattered rather than in a region.
  provenance: 1 earlier block(s) for these profiles, run labels and cell count predate cellsSha256 and are superseded by this phase's, which names its cells.

bed materialised: 62 cell(s) written with their own run's manifest entry. Provenance: 7 runs, 72.2% confidence at a one-in-six minority.
=== active-1x (active-1x)
4 cell(s) over 1 profile(s) from 7 run(s): 4 unanimous, 0 voted, 0 frequency-settled, 0 refused (0 state-ambiguous)
  provenance: 1 earlier block(s) for these profiles, run labels and cell count predate cellsSha256 and are superseded by this phase's, which names its cells.

bed materialised: 4 cell(s) written with their own run's manifest entry. Provenance: 7 runs, 72.2% confidence at a one-in-six minority.
=== inactive-1x-increase-contrast (a11y-increase-contrast/inactive-1x)
12 cell(s) over 1 profile(s) from 7 run(s): 8 unanimous, 4 voted, 0 frequency-settled, 0 refused (0 state-ambiguous)
  voted    apple-macos-26.5-1x-light-increased-contrast/checkerboard-4__rrect-md__inactive → run-1run-4run-5run-6run-7; run-1run-4run-5run-6run-7 agree and the 1 other reading(s) differ only incidentally — at or below one 8-bit code, or scattered rather than in a region.
  voted    apple-macos-26.5-1x-light-increased-contrast/checkerboard__rrect-ml__inactive → run-1run-3run-4run-6; run-1run-3run-4run-6 agree and the 1 other reading(s) differ only incidentally — at or below one 8-bit code, or scattered rather than in a region.
  voted    apple-macos-26.5-1x-light-increased-contrast/dark-solid__rrect-80__inactive → run-1run-2run-5run-6run-7; run-1run-2run-5run-6run-7 agree and the 1 other reading(s) differ only incidentally — at or below one 8-bit code, or scattered rather than in a region.
  voted    apple-macos-26.5-1x-light-increased-contrast/dark-solid__rrect-md-clear20__inactive → run-1run-2run-3run-6run-7; run-1run-2run-3run-6run-7 agree and the 1 other reading(s) differ only incidentally — at or below one 8-bit code, or scattered rather than in a region.
  provenance: 1 earlier block(s) for these profiles, run labels and cell count predate cellsSha256 and are superseded by this phase's, which names its cells.

bed materialised: 12 cell(s) written with their own run's manifest entry. Provenance: 7 runs, 72.2% confidence at a one-in-six minority.
=== inactive-1x-reduce-transparency (a11y-reduce-transparency/inactive-1x)
12 cell(s) over 1 profile(s) from 7 run(s): 7 unanimous, 5 voted, 0 frequency-settled, 0 refused (0 state-ambiguous)
  voted    apple-macos-26.5-1x-light-reduced-transparency/checkerboard-4__rrect-md__inactive → run-1run-2run-3run-4run-5; run-1run-2run-3run-4run-5 agree and the 1 other reading(s) differ only incidentally — at or below one 8-bit code, or scattered rather than in a region.
  voted    apple-macos-26.5-1x-light-reduced-transparency/dark-solid__rrect-48__inactive → run-1run-2run-4run-5run-6run-7; run-1run-2run-4run-5run-6run-7 agree and the 1 other reading(s) differ only incidentally — at or below one 8-bit code, or scattered rather than in a region.
  voted    apple-macos-26.5-1x-light-reduced-transparency/dark-solid__rrect-80__inactive → run-1run-4run-5run-6run-7; run-1run-4run-5run-6run-7 agree and the 1 other reading(s) differ only incidentally — at or below one 8-bit code, or scattered rather than in a region.
  voted    apple-macos-26.5-1x-light-reduced-transparency/hc-text-7__rrect-md__inactive → run-1run-2run-3run-4run-5run-6; run-1run-2run-3run-4run-5run-6 agree and the 1 other reading(s) differ only incidentally — at or below one 8-bit code, or scattered rather than in a region.
  voted    apple-macos-26.5-1x-light-reduced-transparency/hc-text__rrect-lg__inactive → run-3run-4run-5run-6run-7; run-3run-4run-5run-6run-7 agree and the 1 other reading(s) differ only incidentally — at or below one 8-bit code, or scattered rather than in a region.
  provenance: 1 earlier block(s) for these profiles, run labels and cell count predate cellsSha256 and are superseded by this phase's, which names its cells.

bed materialised: 12 cell(s) written with their own run's manifest entry. Provenance: 7 runs, 72.2% confidence at a one-in-six minority.
