Traceback (most recent call last):
  File "/Users/new/vitrea-w41/g1/packages/calibration/results/2026-09-27-w41-g1-identification/stroke/scheduler/memo_runner_v3.py", line 73, in <module>
    main()
  File "/Users/new/vitrea-w41/g1/packages/calibration/results/2026-09-27-w41-g1-identification/stroke/scheduler/memo_runner_v3.py", line 69, in main
    run(bridge.PolicyStore(args.root), {'path': args.receipt, 'sha256': args.sha256}, bridge=bridge)
  File "/Users/new/vitrea-w41/g1/packages/calibration/results/2026-09-27-w41-g1-identification/stroke/scheduler/memo_runner_v3.py", line 59, in run
    return engine.run(store, reference)
           ^^^^^^^^^^^^^^^^^^^^^^^^^^^^
  File "/Users/new/vitrea-w41/g1/packages/calibration/results/2026-09-27-w41-g1-identification/stroke/scheduler/scheduler.py", line 720, in run
    store.check_before_fit(claim, rss=process_rss)
  File "/Users/new/vitrea-w41/g1/packages/calibration/results/2026-09-27-w41-g1-identification/stroke/scheduler/scheduler_v3.py", line 162, in check_before_fit
    return super().check_before_fit(claim, alive=alive, memory=memory, rss=rss)
           ^^^^^^^^^^^^^^^^^^^^^^^^^^^^^^^^^^^^^^^^^^^^^^^^^^^^^^^^^^^^^^^^^^^^
  File "/Users/new/vitrea-w41/g1/packages/calibration/results/2026-09-27-w41-g1-identification/stroke/scheduler/scheduler_v2.py", line 111, in check_before_fit
    return super().check_before_fit(claim, alive=alive, memory=memory, rss=rss)
           ^^^^^^^^^^^^^^^^^^^^^^^^^^^^^^^^^^^^^^^^^^^^^^^^^^^^^^^^^^^^^^^^^^^^
  File "/Users/new/vitrea-w41/g1/packages/calibration/results/2026-09-27-w41-g1-identification/stroke/scheduler/scheduler.py", line 596, in check_before_fit
    decision = self.admission(launch, claim['pid'], alive, memory, rss,
               ^^^^^^^^^^^^^^^^^^^^^^^^^^^^^^^^^^^^^^^^^^^^^^^^^^^^^^^^
  File "/Users/new/vitrea-w41/g1/packages/calibration/results/2026-09-27-w41-g1-identification/stroke/scheduler/scheduler.py", line 343, in admission
    return self._admission(launch, pid, alive, memory, rss, own_claim=own_claim)
           ^^^^^^^^^^^^^^^^^^^^^^^^^^^^^^^^^^^^^^^^^^^^^^^^^^^^^^^^^^^^^^^^^^^^^
  File "/Users/new/vitrea-w41/g1/packages/calibration/results/2026-09-27-w41-g1-identification/stroke/verification-slot/verification_policy_v3.py", line 89, in _admission
    decision = super()._admission(launch, pid, alive, memory, rss, own_claim=own_claim)
               ^^^^^^^^^^^^^^^^^^^^^^^^^^^^^^^^^^^^^^^^^^^^^^^^^^^^^^^^^^^^^^^^^^^^^^^^
  File "/Users/new/vitrea-w41/g1/packages/calibration/results/2026-09-27-w41-g1-identification/stroke/scheduler/scheduler_v3.py", line 320, in _admission
    raise refusal
verification_scheduler.Deferred: {"admitted": false, "counterEpoch": "policy-v4 kernel memorystatus level; supersedes free + max(inactive, purgeable)", "disk": {"freeBytes": 80779923456, "sampledUTC": "2026-09-28T03:42:40.537040+00:00", "source": "shutil.disk_usage free bytes (statvfs)", "volumes": {"/System/Volumes/VM": 80779923456, "/Users/new/vitrea-w41/g1/packages/calibration/results/2026-09-27-w41-g1-identification/stroke/scheduler-run-1": 80779923456}}, "diskFloorBytes": 21474836480, "diskFreeBytes": 80779923456, "effectiveConcurrency": 2, "excludedProcesses": [{"owner": "old-0", "pid": 80101, "reason": "registered stop handoff"}, {"owner": "old-1", "pid": 80133, "reason": "registered stop handoff"}, {"owner": "old-2", "pid": 80167, "reason": "registered stop handoff"}], "freshestPressure": {"id": "51380583baa942168234fe9144176ba8", "pressureLevel": 1, "sampledUTC": "2026-09-28T03:42:40.216835+00:00", "source": "admission"}, "headroomAfterReservationBytes": 1541815664, "kernelMemoryPolicy": {"path": "/Users/new/vitrea-w41/g1/packages/calibration/results/2026-09-27-w41-g1-identification/stroke/scheduler-memory-parent-direction-v4.json", "sha256": "70553bb9a3d1b09eb09595131f7754ed5a41134c39de4ef3c6f9fee847e54841"}, "maxConcurrency": 3, "memory": {"availableBytes": 7902739824, "counter": "floor(levelPercent * physicalBytes /100)", "counterEpoch": "policy-v4 kernel memorystatus level; supersedes free + max(inactive, purgeable)", "levelPercent": 46, "metric": "kernel memorystatus free-level percent times physical memory", "physicalBytes": 17179869184, "pressureLevel": 1, "rawSysctl": {"hw.memsize": "17179869184\n", "kern.memorystatus_level": "46\n", "kern.memorystatus_vm_pressure_level": "1\n"}, "sampledUTC": "2026-09-28T03:42:40.216835+00:00"}, "modeConcurrencyLimit": 1, "normalGate": {"fiveSpacedNormal": false, "floorClears": true, "pressureNormal": true}, "observedPeakBytes": 4594515968, "ownRSSBytes": 417939456, "peakEvidence": {"path": "/Users/new/vitrea-w41/g1/packages/calibration/results/2026-09-27-w41-g1-identification/stroke/scheduler-peak-evidence-4.json", "sha256": "40de867951c6e62516b507972e19b249fd2bc4bb67631eaac5c6bffe1b15a661"}, "policyCounter": "floor(levelPercent * physicalBytes /100)", "policyVersion": 4, "pressureState": {"admissionsOpen": false, "lastAbnormalUTC": "2026-09-28T03:41:22.949355+00:00", "readings": 3846, "requiredNormalReadings": 5, "spacedNormalReadings": 3}, "processes": [{"owner": "curvature-M1-start-03.json", "peakBytes": 4594515968, "pid": 46258, "processIdentity": {"command": "/Library/Frameworks/Python.framework/Versions/3.12/Resources/Python.app/Contents/MacOS/Python -B -X pycache_prefix=/var/folders/c1/l4z5k02n2779byvnymzxsvth0000gn/T/vitrea-kernel-M1-curvature-03-gyxr3n0f /Users/new/vitrea-w41/g1/packages/calibration/results/2026-09-27-w41-g1-identification/stroke/scheduler/memo_runner_v3.py --root /Users/new/vitrea-w41/g1/packages/calibration/results/2026-09-27-w41-g1-identification/stroke/scheduler-run-1 --receipt /Users/new/vitrea-w41/g1/packages/calibration/results/2026-09-27-w41-g1-identification/stroke/scheduler-launches-kernel-1/curvature-M1-start-03.json --sha256 71988b50facd5a2686c275080cfca3636cec27f51555eecdd9d7918e27fc2b90", "pid": 46258, "startedUTC": "2026-09-28T03:11:36+00:00"}, "remainingBytes": 2184347648, "rssBytes": 2410168320}], "prospectivePeakBytes": 4594515968, "requiredAvailableBytes": 6360924160, "reservedBytes": 6360924160, "resourceMode": "degraded", "resourcePolicy": "stroke-adaptive-v4-kernel-level", "sampledUTC": "2026-09-28T03:42:40.543943+00:00", "spacedNormalRun": 3, "swap": {"raw": "total = 3072.00M  used = 1498.62M  free = 1573.38M  (encrypted)\n", "sampledUTC": "2026-09-28T03:42:40.543871+00:00"}, "swapExpectation": "degraded gate: no headroom floor, one fit at a time; paging to swap is expected and accepted, bounded by the 20 GiB disk floor"}
