
interior = mean over calibration cells of |Δmean| + |Δsd| + |Δrim|, linear light
shadow   = mean over calibration cells of |Δ meanDeparture| over the exterior, linear light
ranked on the INTERIOR objective. SSIM and dE are CHECKS, not terms of either.

point                                            interior   |Δmean|    |Δsd|   |Δrim|    shadow       dE    SSIM   n  ns
------------------------------------------------------------------------------------------------------------------------
sizeScatterRampStart1x=0.8 sizeScatterRampReach1xPx=80    0.05216   0.01558  0.00899  0.02759   0.00302  0.00636  0.9849  19  20
sizeScatterRampStart1x=0.8 sizeScatterRampReach1xPx=60    0.05241   0.01559  0.00917  0.02764   0.00302  0.00650  0.9836  19  20
sizeScatterRampStart1x=0.7 sizeScatterRampReach1xPx=150    0.05242   0.01558  0.00992  0.02693   0.00302  0.00627  0.9856  19  20
sizeScatterRampStart1x=0.7 sizeScatterRampReach1xPx=200    0.05254   0.01561  0.01005  0.02689   0.00302  0.00633  0.9854  19  20
sizeScatterRampStart1x=0.7 sizeScatterRampReach1xPx=110    0.05267   0.01560  0.01013  0.02694   0.00302  0.00627  0.9854  19  20
sizeScatterRampStart1x=0.7 sizeScatterRampReach1xPx=300    0.05296   0.01559  0.01039  0.02697   0.00302  0.00641  0.9851  19  20
sizeScatterRampStart1x=0.8 sizeScatterRampReach1xPx=110    0.05297   0.01556  0.00972  0.02770   0.00302  0.00634  0.9853  19  20
sizeScatterRampStart1x=0.7 sizeScatterRampReach1xPx=80    0.05338   0.01563  0.01104  0.02671   0.00302  0.00640  0.9844  19  20
sizeScatterRampStart1x=0.6 sizeScatterRampReach1xPx=300    0.05380   0.01567  0.01195  0.02618   0.00302  0.00626  0.9856  19  20
sizeScatterRampStart1x=0.6 sizeScatterRampReach1xPx=200    0.05418   0.01558  0.01242  0.02619   0.00302  0.00622  0.9857  19  20
sizeScatterRampStart1x=0.8 sizeScatterRampReach1xPx=150    0.05440   0.01558  0.01119  0.02763   0.00302  0.00645  0.9850  19  20
sizeScatterRampStart1x=0.6 sizeScatterRampReach1xPx=150    0.05457   0.01565  0.01277  0.02615   0.00302  0.00623  0.9855  19  20
sizeScatterRampStart1x=0.8 sizeScatterRampReach1xPx=200    0.05537   0.01559  0.01229  0.02749   0.00302  0.00654  0.9846  19  20
sizeScatterRampStart1x=0.7 sizeScatterRampReach1xPx=60    0.05551   0.01563  0.01306  0.02682   0.00302  0.00658  0.9827  19  20
sizeScatterRampStart1x=0.6 sizeScatterRampReach1xPx=110    0.05571   0.01566  0.01393  0.02612   0.00302  0.00635  0.9848  19  20
sizeScatterRampStart1x=0.5 sizeScatterRampReach1xPx=300    0.05638   0.01563  0.01531  0.02543   0.00302  0.00623  0.9855  19  20
sizeScatterRampStart1x=0.8 sizeScatterRampReach1xPx=300    0.05651   0.01552  0.01339  0.02761   0.00302  0.00663  0.9841  19  20
sizeScatterRampStart1x=0.5 sizeScatterRampReach1xPx=200    0.05764   0.01570  0.01641  0.02553   0.00302  0.00629  0.9852  19  20
sizeScatterRampStart1x=0.6 sizeScatterRampReach1xPx=80    0.05779   0.01567  0.01586  0.02626   0.00302  0.00654  0.9832  19  20
sizeScatterRampStart1x=0.5 sizeScatterRampReach1xPx=150    0.05879   0.01571  0.01748  0.02561   0.00302  0.00640  0.9846  19  20
sizeScatterRampStart1x=0.6 sizeScatterRampReach1xPx=60    0.05976   0.01567  0.01780  0.02628   0.00302  0.00671  0.9813  19  20
sizeScatterRampStart1x=0.5 sizeScatterRampReach1xPx=110    0.06017   0.01568  0.01893  0.02556   0.00302  0.00656  0.9833  19  20
sizeScatterRampStart1x=0.4 sizeScatterRampReach1xPx=300    0.06096   0.01570  0.02033  0.02493   0.00302  0.00643  0.9845  19  20
sizeScatterRampStart1x=0.5 sizeScatterRampReach1xPx=80    0.06183   0.01569  0.02058  0.02556   0.00302  0.00673  0.9814  19  20
sizeScatterRampStart1x=0.4 sizeScatterRampReach1xPx=200    0.06204   0.01569  0.02144  0.02492   0.00302  0.00655  0.9837  19  20
sizeScatterRampStart1x=0.4 sizeScatterRampReach1xPx=150    0.06306   0.01568  0.02240  0.02497   0.00302  0.00667  0.9826  19  20
sizeScatterRampStart1x=0.5 sizeScatterRampReach1xPx=60    0.06327   0.01569  0.02219  0.02539   0.00302  0.00688  0.9797  19  20
sizeScatterRampStart1x=0.4 sizeScatterRampReach1xPx=110    0.06423   0.01572  0.02358  0.02493   0.00302  0.00681  0.9811  19  20
sizeScatterRampStart1x=0.4 sizeScatterRampReach1xPx=80    0.06556   0.01572  0.02490  0.02494   0.00302  0.00695  0.9793  19  20
sizeScatterRampStart1x=0.4 sizeScatterRampReach1xPx=60    0.06670   0.01568  0.02617  0.02485   0.00302  0.00707  0.9780  19  20

best: sizeScatterRampStart1x=0.8 sizeScatterRampReach1xPx=80  interior 0.05216
spread across the grid: 0.05216 … 0.06670 (1.28×). A flat grid means the optimum is weakly identified, which is information about the fixtures, not a reason to pick harder.
