
interior = mean over calibration cells of |Δmean| + |Δsd| + |Δrim|, linear light
shadow   = mean over calibration cells of |Δ meanDeparture| over the exterior, linear light
ranked on the INTERIOR objective. SSIM and dE are CHECKS, not terms of either.

point                                            interior   |Δmean|    |Δsd|   |Δrim|    shadow       dE    SSIM   n  ns
------------------------------------------------------------------------------------------------------------------------
sizeScatterRampStart2x=0.55 sizeScatterRampReach2xPx=200    0.07154   0.01685  0.01315  0.04154   0.00308  0.00654  0.9846  19  20
sizeScatterRampStart2x=0.55 sizeScatterRampReach2xPx=140    0.07376   0.01684  0.01551  0.04141   0.00308  0.00665  0.9845  19  20
sizeScatterRampStart2x=0.55 sizeScatterRampReach2xPx=100    0.07630   0.01685  0.01798  0.04147   0.00308  0.00678  0.9841  19  20
sizeScatterRampStart2x=0.45 sizeScatterRampReach2xPx=200    0.07641   0.01687  0.01814  0.04140   0.00308  0.00663  0.9847  19  20
sizeScatterRampStart2x=0.55 sizeScatterRampReach2xPx=80    0.07802   0.01685  0.01973  0.04143   0.00308  0.00687  0.9838  19  20
sizeScatterRampStart2x=0.45 sizeScatterRampReach2xPx=140    0.07845   0.01687  0.02019  0.04140   0.00308  0.00676  0.9843  19  20
sizeScatterRampStart2x=0.55 sizeScatterRampReach2xPx=60    0.08022   0.01686  0.02201  0.04135   0.00308  0.00697  0.9834  19  20
sizeScatterRampStart2x=0.45 sizeScatterRampReach2xPx=100    0.08057   0.01686  0.02232  0.04139   0.00308  0.00688  0.9839  19  20
sizeScatterRampStart2x=0.35 sizeScatterRampReach2xPx=200    0.08116   0.01689  0.02288  0.04139   0.00308  0.00679  0.9844  19  20
sizeScatterRampStart2x=0.45 sizeScatterRampReach2xPx=80    0.08207   0.01687  0.02377  0.04143   0.00308  0.00696  0.9836  19  20
sizeScatterRampStart2x=0.35 sizeScatterRampReach2xPx=140    0.08287   0.01689  0.02458  0.04141   0.00308  0.00690  0.9839  19  20
sizeScatterRampStart2x=0.55 sizeScatterRampReach2xPx=40    0.08329   0.01686  0.02498  0.04146   0.00308  0.00708  0.9830  19  20
sizeScatterRampStart2x=0.45 sizeScatterRampReach2xPx=60    0.08389   0.01688  0.02556  0.04145   0.00308  0.00704  0.9833  19  20
sizeScatterRampStart2x=0.35 sizeScatterRampReach2xPx=100    0.08459   0.01689  0.02626  0.04144   0.00308  0.00700  0.9835  19  20
sizeScatterRampStart2x=0.25 sizeScatterRampReach2xPx=200    0.08548   0.01689  0.02716  0.04142   0.00308  0.00697  0.9838  19  20
sizeScatterRampStart2x=0.35 sizeScatterRampReach2xPx=80    0.08558   0.01689  0.02731  0.04138   0.00308  0.00705  0.9833  19  20
sizeScatterRampStart2x=0.45 sizeScatterRampReach2xPx=40    0.08606   0.01686  0.02774  0.04145   0.00308  0.00711  0.9830  19  20
sizeScatterRampStart2x=0.25 sizeScatterRampReach2xPx=140    0.08658   0.01691  0.02839  0.04128   0.00308  0.00705  0.9834  19  20
sizeScatterRampStart2x=0.35 sizeScatterRampReach2xPx=60    0.08689   0.01689  0.02852  0.04148   0.00308  0.00710  0.9831  19  20
sizeScatterRampStart2x=0.25 sizeScatterRampReach2xPx=100    0.08765   0.01691  0.02947  0.04127   0.00308  0.00710  0.9832  19  20
sizeScatterRampStart2x=0.35 sizeScatterRampReach2xPx=40    0.08817   0.01687  0.03000  0.04129   0.00308  0.00715  0.9828  19  20
sizeScatterRampStart2x=0.25 sizeScatterRampReach2xPx=80    0.08829   0.01690  0.03010  0.04129   0.00308  0.00713  0.9830  19  20
sizeScatterRampStart2x=0.25 sizeScatterRampReach2xPx=60    0.08905   0.01690  0.03080  0.04134   0.00308  0.00715  0.9828  19  20
sizeScatterRampStart2x=0.15 sizeScatterRampReach2xPx=200    0.08926   0.01693  0.03062  0.04171   0.00308  0.00712  0.9831  19  20
sizeScatterRampStart2x=0.15 sizeScatterRampReach2xPx=140    0.08963   0.01693  0.03120  0.04150   0.00308  0.00715  0.9829  19  20
sizeScatterRampStart2x=0.25 sizeScatterRampReach2xPx=40    0.08975   0.01688  0.03156  0.04131   0.00308  0.00717  0.9827  19  20
sizeScatterRampStart2x=0.15 sizeScatterRampReach2xPx=100    0.09009   0.01692  0.03167  0.04150   0.00308  0.00717  0.9827  19  20
sizeScatterRampStart2x=0.15 sizeScatterRampReach2xPx=80    0.09030   0.01690  0.03192  0.04148   0.00308  0.00718  0.9827  19  20
sizeScatterRampStart2x=0.15 sizeScatterRampReach2xPx=60    0.09059   0.01690  0.03216  0.04154   0.00308  0.00718  0.9826  19  20
sizeScatterRampStart2x=0.15 sizeScatterRampReach2xPx=40    0.09086   0.01689  0.03239  0.04157   0.00308  0.00719  0.9825  19  20

best: sizeScatterRampStart2x=0.55 sizeScatterRampReach2xPx=200  interior 0.07154
spread across the grid: 0.07154 … 0.09086 (1.27×). A flat grid means the optimum is weakly identified, which is information about the fixtures, not a reason to pick harder.
