Scope: 9 of 10 workspace projects
[36mpackages/geometry[39m [96mlint[39m$ eslint . && tsc --noEmit
[35mpackages/motion[39m [96mlint[39m$ eslint . && tsc --noEmit
[34mpackages/policy[39m [96mlint[39m$ eslint . && tsc --noEmit
[36mpackages/geometry[39m [96mlint[39m: [90m(node:36843) Warning: The 'NO_COLOR' env is ignored due to the 'FORCE_COLOR' env being set.[39m
[36mpackages/geometry[39m [96mlint[39m: [90m(Use `node --trace-warnings ...` to show where the warning was created)[39m
[34mpackages/policy[39m [96mlint[39m: [90m(node:36844) Warning: The 'NO_COLOR' env is ignored due to the 'FORCE_COLOR' env being set.[39m
[34mpackages/policy[39m [96mlint[39m: [90m(Use `node --trace-warnings ...` to show where the warning was created)[39m
[35mpackages/motion[39m [96mlint[39m: [90m(node:36845) Warning: The 'NO_COLOR' env is ignored due to the 'FORCE_COLOR' env being set.[39m
[35mpackages/motion[39m [96mlint[39m: [90m(Use `node --trace-warnings ...` to show where the warning was created)[39m
[34mpackages/policy[39m [96mlint[39m: Done
[35mpackages/motion[39m [96mlint[39m: Done
[36mpackages/geometry[39m [96mlint[39m: Done
[33mpackages/renderer-webgpu[39m [96mlint[39m$ eslint . && tsc --noEmit && tsc --noEmit -p tsconfig.e2e.json
[33mpackages/renderer-webgpu[39m [96mlint[39m: [90m(node:37037) Warning: The 'NO_COLOR' env is ignored due to the 'FORCE_COLOR' env being set.[39m
[33mpackages/renderer-webgpu[39m [96mlint[39m: [90m(Use `node --trace-warnings ...` to show where the warning was created)[39m
[33mpackages/renderer-webgpu[39m [96mlint[39m: Done
[32mpackages/core[39m [96mlint[39m$ eslint . && tsc --noEmit
[32mpackages/core[39m [96mlint[39m: [90m(node:37308) Warning: The 'NO_COLOR' env is ignored due to the 'FORCE_COLOR' env being set.[39m
[32mpackages/core[39m [96mlint[39m: [90m(Use `node --trace-warnings ...` to show where the warning was created)[39m
[32mpackages/core[39m [96mlint[39m: Done
[31mpackages/platform-web[39m [96mlint[39m$ eslint . && tsc --noEmit && tsc --noEmit -p tsconfig.e2e.json
[31mpackages/platform-web[39m [96mlint[39m: [90m(node:37447) Warning: The 'NO_COLOR' env is ignored due to the 'FORCE_COLOR' env being set.[39m
[31mpackages/platform-web[39m [96mlint[39m: [90m(Use `node --trace-warnings ...` to show where the warning was created)[39m
[31mpackages/platform-web[39m [96mlint[39m: Done
[36mpackages/react[39m [96mlint[39m$ eslint . && tsc --noEmit && tsc --noEmit -p tsconfig.e2e.json
[35mpackages/calibration[39m [96mlint[39m$ eslint . && tsc --noEmit && tsc --noEmit -p tsconfig.cli.json && tsc --noEmit -p web/tsconfig.json && tsc --noEmit -p scripts/tsconfig.json
[36mpackages/react[39m [96mlint[39m: [90m(node:37742) Warning: The 'NO_COLOR' env is ignored due to the 'FORCE_COLOR' env being set.[39m
[36mpackages/react[39m [96mlint[39m: [90m(Use `node --trace-warnings ...` to show where the warning was created)[39m
[35mpackages/calibration[39m [96mlint[39m: [90m(node:37743) Warning: The 'NO_COLOR' env is ignored due to the 'FORCE_COLOR' env being set.[39m
[35mpackages/calibration[39m [96mlint[39m: [90m(Use `node --trace-warnings ...` to show where the warning was created)[39m
[36mpackages/react[39m [96mlint[39m: Done
[35mpackages/calibration[39m [96mlint[39m: Done
[34mapps/demo[39m [96mlint[39m$ eslint . && tsc --noEmit && tsc --noEmit -p tsconfig.e2e.json
[34mapps/demo[39m [96mlint[39m: [90m(node:38825) Warning: The 'NO_COLOR' env is ignored due to the 'FORCE_COLOR' env being set.[39m
[34mapps/demo[39m [96mlint[39m: [90m(Use `node --trace-warnings ...` to show where the warning was created)[39m
[34mapps/demo[39m [96mlint[39m: Done
(node:36721) Warning: The 'NO_COLOR' env is ignored due to the 'FORCE_COLOR' env being set.
(Use `node --trace-warnings ...` to show where the warning was created)
