Scope: 9 of 10 workspace projects
[36mpackages/geometry[39m [96mtest[39m$ vitest run
[35mpackages/motion[39m [96mtest[39m$ vitest run
[34mpackages/policy[39m [96mtest[39m$ vitest run
[36mpackages/geometry[39m [96mtest[39m: [90m(node:39335) Warning: The 'NO_COLOR' env is ignored due to the 'FORCE_COLOR' env being set.[39m
[36mpackages/geometry[39m [96mtest[39m: [90m(Use `node --trace-warnings ...` to show where the warning was created)[39m
[35mpackages/motion[39m [96mtest[39m: [90m(node:39358) Warning: The 'NO_COLOR' env is ignored due to the 'FORCE_COLOR' env being set.[39m
[35mpackages/motion[39m [96mtest[39m: [90m(Use `node --trace-warnings ...` to show where the warning was created)[39m
[34mpackages/policy[39m [96mtest[39m: [90m(node:39381) Warning: The 'NO_COLOR' env is ignored due to the 'FORCE_COLOR' env being set.[39m
[34mpackages/policy[39m [96mtest[39m: [90m(Use `node --trace-warnings ...` to show where the warning was created)[39m
[36mpackages/geometry[39m [96mtest[39m:  RUN  v4.1.11 /Users/new/vitrea-w50/g0/packages/geometry
[34mpackages/policy[39m [96mtest[39m:  RUN  v4.1.11 /Users/new/vitrea-w50/g0/packages/policy
[35mpackages/motion[39m [96mtest[39m:  RUN  v4.1.11 /Users/new/vitrea-w50/g0/packages/motion
[35mpackages/motion[39m [96mtest[39m: [90m(node:39405) Warning: The 'NO_COLOR' env is ignored due to the 'FORCE_COLOR' env being set.[39m
[35mpackages/motion[39m [96mtest[39m: [90m(Use `node --trace-warnings ...` to show where the warning was created)[39m
[35mpackages/motion[39m [96mtest[39m: [90m(node:39407) Warning: The 'NO_COLOR' env is ignored due to the 'FORCE_COLOR' env being set.[39m
[35mpackages/motion[39m [96mtest[39m: [90m(Use `node --trace-warnings ...` to show where the warning was created)[39m
[35mpackages/motion[39m [96mtest[39m: [90m(node:39403) Warning: The 'NO_COLOR' env is ignored due to the 'FORCE_COLOR' env being set.[39m
[35mpackages/motion[39m [96mtest[39m: [90m(Use `node --trace-warnings ...` to show where the warning was created)[39m
[34mpackages/policy[39m [96mtest[39m: [90m(node:39397) Warning: The 'NO_COLOR' env is ignored due to the 'FORCE_COLOR' env being set.[39m
[34mpackages/policy[39m [96mtest[39m: [90m(Use `node --trace-warnings ...` to show where the warning was created)[39m
[35mpackages/motion[39m [96mtest[39m: [90m(node:39400) Warning: The 'NO_COLOR' env is ignored due to the 'FORCE_COLOR' env being set.[39m
[35mpackages/motion[39m [96mtest[39m: [90m(Use `node --trace-warnings ...` to show where the warning was created)[39m
[36mpackages/geometry[39m [96mtest[39m: [90m(node:39414) Warning: The 'NO_COLOR' env is ignored due to the 'FORCE_COLOR' env being set.[39m
[36mpackages/geometry[39m [96mtest[39m: [90m(Use `node --trace-warnings ...` to show where the warning was created)[39m
[36mpackages/geometry[39m [96mtest[39m: [90m(node:39401) Warning: The 'NO_COLOR' env is ignored due to the 'FORCE_COLOR' env being set.[39m
[36mpackages/geometry[39m [96mtest[39m: [90m(Use `node --trace-warnings ...` to show where the warning was created)[39m
[36mpackages/geometry[39m [96mtest[39m: [90m(node:39404) Warning: The 'NO_COLOR' env is ignored due to the 'FORCE_COLOR' env being set.[39m
[36mpackages/geometry[39m [96mtest[39m: [90m(Use `node --trace-warnings ...` to show where the warning was created)[39m
[35mpackages/motion[39m [96mtest[39m: [90m(node:39411) Warning: The 'NO_COLOR' env is ignored due to the 'FORCE_COLOR' env being set.[39m
[35mpackages/motion[39m [96mtest[39m: [90m(Use `node --trace-warnings ...` to show where the warning was created)[39m
[36mpackages/geometry[39m [96mtest[39m: [90m(node:39412) Warning: The 'NO_COLOR' env is ignored due to the 'FORCE_COLOR' env being set.[39m
[36mpackages/geometry[39m [96mtest[39m: [90m(Use `node --trace-warnings ...` to show where the warning was created)[39m
[35mpackages/motion[39m [96mtest[39m: [90m(node:39398) Warning: The 'NO_COLOR' env is ignored due to the 'FORCE_COLOR' env being set.[39m
[35mpackages/motion[39m [96mtest[39m: [90m(Use `node --trace-warnings ...` to show where the warning was created)[39m
[35mpackages/motion[39m [96mtest[39m: [90m(node:39409) Warning: The 'NO_COLOR' env is ignored due to the 'FORCE_COLOR' env being set.[39m
[35mpackages/motion[39m [96mtest[39m: [90m(Use `node --trace-warnings ...` to show where the warning was created)[39m
[36mpackages/geometry[39m [96mtest[39m: [90m(node:39406) Warning: The 'NO_COLOR' env is ignored due to the 'FORCE_COLOR' env being set.[39m
[36mpackages/geometry[39m [96mtest[39m: [90m(Use `node --trace-warnings ...` to show where the warning was created)[39m
[34mpackages/policy[39m [96mtest[39m: [90m(node:39399) Warning: The 'NO_COLOR' env is ignored due to the 'FORCE_COLOR' env being set.[39m
[34mpackages/policy[39m [96mtest[39m: [90m(Use `node --trace-warnings ...` to show where the warning was created)[39m
[36mpackages/geometry[39m [96mtest[39m: [90m(node:39416) Warning: The 'NO_COLOR' env is ignored due to the 'FORCE_COLOR' env being set.[39m
[36mpackages/geometry[39m [96mtest[39m: [90m(Use `node --trace-warnings ...` to show where the warning was created)[39m
[35mpackages/motion[39m [96mtest[39m: [90m(node:39413) Warning: The 'NO_COLOR' env is ignored due to the 'FORCE_COLOR' env being set.[39m
[35mpackages/motion[39m [96mtest[39m: [90m(Use `node --trace-warnings ...` to show where the warning was created)[39m
[35mpackages/motion[39m [96mtest[39m: [90m(node:39402) Warning: The 'NO_COLOR' env is ignored due to the 'FORCE_COLOR' env being set.[39m
[35mpackages/motion[39m [96mtest[39m: [90m(Use `node --trace-warnings ...` to show where the warning was created)[39m
[36mpackages/geometry[39m [96mtest[39m: [90m(node:39415) Warning: The 'NO_COLOR' env is ignored due to the 'FORCE_COLOR' env being set.[39m
[36mpackages/geometry[39m [96mtest[39m: [90m(Use `node --trace-warnings ...` to show where the warning was created)[39m
[36mpackages/geometry[39m [96mtest[39m: [90m(node:39408) Warning: The 'NO_COLOR' env is ignored due to the 'FORCE_COLOR' env being set.[39m
[36mpackages/geometry[39m [96mtest[39m: [90m(Use `node --trace-warnings ...` to show where the warning was created)[39m
[36mpackages/geometry[39m [96mtest[39m: [90m(node:39410) Warning: The 'NO_COLOR' env is ignored due to the 'FORCE_COLOR' env being set.[39m
[36mpackages/geometry[39m [96mtest[39m: [90m(Use `node --trace-warnings ...` to show where the warning was created)[39m
[34mpackages/policy[39m [96mtest[39m:  Test Files  2 passed (2)
[34mpackages/policy[39m [96mtest[39m:       Tests  23 passed (23)
[34mpackages/policy[39m [96mtest[39m:    Start at  09:27:31
[34mpackages/policy[39m [96mtest[39m:    Duration  304ms (transform 49ms, setup 0ms, import 70ms, tests 15ms, environment 0ms)
[34mpackages/policy[39m [96mtest[39m: Done
[35mpackages/motion[39m [96mtest[39m: [90m(node:39498) Warning: The 'NO_COLOR' env is ignored due to the 'FORCE_COLOR' env being set.[39m
[35mpackages/motion[39m [96mtest[39m: [90m(Use `node --trace-warnings ...` to show where the warning was created)[39m
[36mpackages/geometry[39m [96mtest[39m: [90m(node:39521) Warning: The 'NO_COLOR' env is ignored due to the 'FORCE_COLOR' env being set.[39m
[36mpackages/geometry[39m [96mtest[39m: [90m(Use `node --trace-warnings ...` to show where the warning was created)[39m
[36mpackages/geometry[39m [96mtest[39m: [90m(node:39519) Warning: The 'NO_COLOR' env is ignored due to the 'FORCE_COLOR' env being set.[39m
[36mpackages/geometry[39m [96mtest[39m: [90m(Use `node --trace-warnings ...` to show where the warning was created)[39m
[36mpackages/geometry[39m [96mtest[39m: [90m(node:39522) Warning: The 'NO_COLOR' env is ignored due to the 'FORCE_COLOR' env being set.[39m
[36mpackages/geometry[39m [96mtest[39m: [90m(Use `node --trace-warnings ...` to show where the warning was created)[39m
[36mpackages/geometry[39m [96mtest[39m: [90m(node:39520) Warning: The 'NO_COLOR' env is ignored due to the 'FORCE_COLOR' env being set.[39m
[36mpackages/geometry[39m [96mtest[39m: [90m(Use `node --trace-warnings ...` to show where the warning was created)[39m
[36mpackages/geometry[39m [96mtest[39m: [90m(node:39523) Warning: The 'NO_COLOR' env is ignored due to the 'FORCE_COLOR' env being set.[39m
[36mpackages/geometry[39m [96mtest[39m: [90m(Use `node --trace-warnings ...` to show where the warning was created)[39m
[35mpackages/motion[39m [96mtest[39m:  Test Files  10 passed (10)
[35mpackages/motion[39m [96mtest[39m:       Tests  164 passed (164)
[35mpackages/motion[39m [96mtest[39m:    Start at  09:27:31
[35mpackages/motion[39m [96mtest[39m:    Duration  718ms (transform 779ms, setup 0ms, import 1.31s, tests 517ms, environment 1ms)
[35mpackages/motion[39m [96mtest[39m: Done
[36mpackages/geometry[39m [96mtest[39m: === the crossing: Apple's dump against the reference construction at the same reach ===
[36mpackages/geometry[39m [96mtest[39m: 120x44    r*  14.3916  hausdorff  0.092982 px  = 0.00646086 r
[36mpackages/geometry[39m [96mtest[39m: 64x30     r*   9.8125  hausdorff  0.063450 px  = 0.00646621 r
[36mpackages/geometry[39m [96mtest[39m: 44x44     r*  14.3916  hausdorff  0.092982 px  = 0.00646086 r
[36mpackages/geometry[39m [96mtest[39m: 160x96    r*  31.3999  hausdorff  0.202744 px  = 0.00645684 r
[36mpackages/geometry[39m [96mtest[39m: 280x160   r*  52.3332  hausdorff  0.337875 px  = 0.00645622 r
[36mpackages/geometry[39m [96mtest[39m: contour step per 0.002 px of r across the crossing: 0.092906 px at r 14.3936
[36mpackages/geometry[39m [96mtest[39m: === the render path at 1x (device px) ===
[36mpackages/geometry[39m [96mtest[39m: shape                  r/min   declared  render r  render reach  spec r   sat  gap→declared  gap render↔spec
[36mpackages/geometry[39m [96mtest[39m: capsule-button         0.5000     22.00     22.00         22.00   22.00  YES        0.0000           0.0000
[36mpackages/geometry[39m [96mtest[39m: toolbar-group item     0.5000     22.00     22.00         22.00   22.00  YES        0.0000           0.0000
[36mpackages/geometry[39m [96mtest[39m: rrect-sm               0.2500      8.00      8.00         12.23    8.00   no        0.1104           0.0000
[36mpackages/geometry[39m [96mtest[39m: rrect-md               0.2083     20.00     20.00         30.57   20.00   no        0.2760           0.0000
[36mpackages/geometry[39m [96mtest[39m: rrect-ml               0.2109     27.00     27.00         41.27   27.00   no        0.3726           0.0000
[36mpackages/geometry[39m [96mtest[39m: rrect-lg               0.2125     34.00     34.00         51.97   34.00   no        0.4691           0.0000
[36mpackages/geometry[39m [96mtest[39m: glass-over-glass base  0.1846     24.00     24.00         36.69   24.00   no        0.3312           0.0000
[36mpackages/geometry[39m [96mtest[39m: glass-over-glass over  0.2857     16.00     16.00         24.46   16.00   no        0.2208           0.0000
[36mpackages/geometry[39m [96mtest[39m: === the render path at 2x (device px) ===
[36mpackages/geometry[39m [96mtest[39m: shape                  r/min   declared  render r  render reach  spec r   sat  gap→declared  gap render↔spec
[36mpackages/geometry[39m [96mtest[39m: capsule-button         0.5000     44.00     44.00         44.00   44.00  YES        0.0000           0.0000
[36mpackages/geometry[39m [96mtest[39m: toolbar-group item     0.5000     44.00     44.00         44.00   44.00  YES        0.0000           0.0000
[36mpackages/geometry[39m [96mtest[39m: rrect-sm               0.2500     16.00     16.00         24.46   16.00   no        0.2208           0.0000
[36mpackages/geometry[39m [96mtest[39m: rrect-md               0.2083     40.00     40.00         61.15   40.00   no        0.5519           0.0000
[36mpackages/geometry[39m [96mtest[39m: rrect-ml               0.2109     54.00     54.00         82.55   54.00   no        0.7451           0.0000
[36mpackages/geometry[39m [96mtest[39m: rrect-lg               0.2125     68.00     68.00        103.95   68.00   no        0.9383           0.0000
[36mpackages/geometry[39m [96mtest[39m: glass-over-glass base  0.1846     48.00     48.00         73.38   48.00   no        0.6623           0.0000
[36mpackages/geometry[39m [96mtest[39m: glass-over-glass over  0.2857     32.00     32.00         48.92   32.00   no        0.4416           0.0000
[36mpackages/geometry[39m [96mtest[39m: === DEFAULT_HOST_SHAPE radius 12, 200 x h ===
[36mpackages/geometry[39m [96mtest[39m: h  24  drawn r  12.0000  s_eff 0.0000  radius lost 0.0000 CSS px
[36mpackages/geometry[39m [96mtest[39m: h  32  drawn r  12.0000  s_eff 0.3333  radius lost 0.0000 CSS px
[36mpackages/geometry[39m [96mtest[39m: h  36  drawn r  12.0000  s_eff 0.5000  radius lost 0.0000 CSS px
[36mpackages/geometry[39m [96mtest[39m: h  40  drawn r  12.0000  s_eff 0.5287  radius lost 0.0000 CSS px
[36mpackages/geometry[39m [96mtest[39m: h  48  drawn r  12.0000  s_eff 0.5287  radius lost 0.0000 CSS px
[36mpackages/geometry[39m [96mtest[39m:  Test Files  14 passed (14)
[36mpackages/geometry[39m [96mtest[39m:       Tests  170 passed (170)
[36mpackages/geometry[39m [96mtest[39m:    Start at  09:27:31
[36mpackages/geometry[39m [96mtest[39m:    Duration  11.46s (transform 1.27s, setup 0ms, import 10.03s, tests 13.83s, environment 2ms)
[36mpackages/geometry[39m [96mtest[39m: Done
[33mpackages/renderer-webgpu[39m [96mtest[39m$ vitest run
[33mpackages/renderer-webgpu[39m [96mtest[39m: [90m(node:40356) Warning: The 'NO_COLOR' env is ignored due to the 'FORCE_COLOR' env being set.[39m
[33mpackages/renderer-webgpu[39m [96mtest[39m: [90m(Use `node --trace-warnings ...` to show where the warning was created)[39m
[33mpackages/renderer-webgpu[39m [96mtest[39m:  RUN  v4.1.11 /Users/new/vitrea-w50/g0/packages/renderer-webgpu
[33mpackages/renderer-webgpu[39m [96mtest[39m: [90m(node:40367) Warning: The 'NO_COLOR' env is ignored due to the 'FORCE_COLOR' env being set.[39m
[33mpackages/renderer-webgpu[39m [96mtest[39m: [90m(Use `node --trace-warnings ...` to show where the warning was created)[39m
[33mpackages/renderer-webgpu[39m [96mtest[39m: [90m(node:40363) Warning: The 'NO_COLOR' env is ignored due to the 'FORCE_COLOR' env being set.[39m
[33mpackages/renderer-webgpu[39m [96mtest[39m: [90m(Use `node --trace-warnings ...` to show where the warning was created)[39m
[33mpackages/renderer-webgpu[39m [96mtest[39m: [90m(node:40370) Warning: The 'NO_COLOR' env is ignored due to the 'FORCE_COLOR' env being set.[39m
[33mpackages/renderer-webgpu[39m [96mtest[39m: [90m(Use `node --trace-warnings ...` to show where the warning was created)[39m
[33mpackages/renderer-webgpu[39m [96mtest[39m: [90m(node:40371) Warning: The 'NO_COLOR' env is ignored due to the 'FORCE_COLOR' env being set.[39m
[33mpackages/renderer-webgpu[39m [96mtest[39m: [90m(Use `node --trace-warnings ...` to show where the warning was created)[39m
[33mpackages/renderer-webgpu[39m [96mtest[39m: [90m(node:40369) Warning: The 'NO_COLOR' env is ignored due to the 'FORCE_COLOR' env being set.[39m
[33mpackages/renderer-webgpu[39m [96mtest[39m: [90m(Use `node --trace-warnings ...` to show where the warning was created)[39m
[33mpackages/renderer-webgpu[39m [96mtest[39m: [90m(node:40365) Warning: The 'NO_COLOR' env is ignored due to the 'FORCE_COLOR' env being set.[39m
[33mpackages/renderer-webgpu[39m [96mtest[39m: [90m(Use `node --trace-warnings ...` to show where the warning was created)[39m
[33mpackages/renderer-webgpu[39m [96mtest[39m: [90m(node:40366) Warning: The 'NO_COLOR' env is ignored due to the 'FORCE_COLOR' env being set.[39m
[33mpackages/renderer-webgpu[39m [96mtest[39m: [90m(Use `node --trace-warnings ...` to show where the warning was created)[39m
[33mpackages/renderer-webgpu[39m [96mtest[39m: [90m(node:40364) Warning: The 'NO_COLOR' env is ignored due to the 'FORCE_COLOR' env being set.[39m
[33mpackages/renderer-webgpu[39m [96mtest[39m: [90m(Use `node --trace-warnings ...` to show where the warning was created)[39m
[33mpackages/renderer-webgpu[39m [96mtest[39m: [90m(node:40368) Warning: The 'NO_COLOR' env is ignored due to the 'FORCE_COLOR' env being set.[39m
[33mpackages/renderer-webgpu[39m [96mtest[39m: [90m(Use `node --trace-warnings ...` to show where the warning was created)[39m
[33mpackages/renderer-webgpu[39m [96mtest[39m: [90m(node:40378) Warning: The 'NO_COLOR' env is ignored due to the 'FORCE_COLOR' env being set.[39m
[33mpackages/renderer-webgpu[39m [96mtest[39m: [90m(Use `node --trace-warnings ...` to show where the warning was created)[39m
[33mpackages/renderer-webgpu[39m [96mtest[39m: [90m(node:40383) Warning: The 'NO_COLOR' env is ignored due to the 'FORCE_COLOR' env being set.[39m
[33mpackages/renderer-webgpu[39m [96mtest[39m: [90m(Use `node --trace-warnings ...` to show where the warning was created)[39m
[33mpackages/renderer-webgpu[39m [96mtest[39m: [90m(node:40385) Warning: The 'NO_COLOR' env is ignored due to the 'FORCE_COLOR' env being set.[39m
[33mpackages/renderer-webgpu[39m [96mtest[39m: [90m(Use `node --trace-warnings ...` to show where the warning was created)[39m
[33mpackages/renderer-webgpu[39m [96mtest[39m: [90m(node:40384) Warning: The 'NO_COLOR' env is ignored due to the 'FORCE_COLOR' env being set.[39m
[33mpackages/renderer-webgpu[39m [96mtest[39m: [90m(Use `node --trace-warnings ...` to show where the warning was created)[39m
[33mpackages/renderer-webgpu[39m [96mtest[39m: [90m(node:40386) Warning: The 'NO_COLOR' env is ignored due to the 'FORCE_COLOR' env being set.[39m
[33mpackages/renderer-webgpu[39m [96mtest[39m: [90m(Use `node --trace-warnings ...` to show where the warning was created)[39m
[33mpackages/renderer-webgpu[39m [96mtest[39m: [90m(node:40389) Warning: The 'NO_COLOR' env is ignored due to the 'FORCE_COLOR' env being set.[39m
[33mpackages/renderer-webgpu[39m [96mtest[39m: [90m(Use `node --trace-warnings ...` to show where the warning was created)[39m
[33mpackages/renderer-webgpu[39m [96mtest[39m: [90m(node:40387) Warning: The 'NO_COLOR' env is ignored due to the 'FORCE_COLOR' env being set.[39m
[33mpackages/renderer-webgpu[39m [96mtest[39m: [90m(Use `node --trace-warnings ...` to show where the warning was created)[39m
[33mpackages/renderer-webgpu[39m [96mtest[39m: [90m(node:40388) Warning: The 'NO_COLOR' env is ignored due to the 'FORCE_COLOR' env being set.[39m
[33mpackages/renderer-webgpu[39m [96mtest[39m: [90m(Use `node --trace-warnings ...` to show where the warning was created)[39m
[33mpackages/renderer-webgpu[39m [96mtest[39m: [90m(node:40429) Warning: The 'NO_COLOR' env is ignored due to the 'FORCE_COLOR' env being set.[39m
[33mpackages/renderer-webgpu[39m [96mtest[39m: [90m(Use `node --trace-warnings ...` to show where the warning was created)[39m
[33mpackages/renderer-webgpu[39m [96mtest[39m: [90m(node:40428) Warning: The 'NO_COLOR' env is ignored due to the 'FORCE_COLOR' env being set.[39m
[33mpackages/renderer-webgpu[39m [96mtest[39m: [90m(Use `node --trace-warnings ...` to show where the warning was created)[39m
[33mpackages/renderer-webgpu[39m [96mtest[39m: [90m(node:40431) Warning: The 'NO_COLOR' env is ignored due to the 'FORCE_COLOR' env being set.[39m
[33mpackages/renderer-webgpu[39m [96mtest[39m: [90m(Use `node --trace-warnings ...` to show where the warning was created)[39m
[33mpackages/renderer-webgpu[39m [96mtest[39m: [90m(node:40432) Warning: The 'NO_COLOR' env is ignored due to the 'FORCE_COLOR' env being set.[39m
[33mpackages/renderer-webgpu[39m [96mtest[39m: [90m(Use `node --trace-warnings ...` to show where the warning was created)[39m
[33mpackages/renderer-webgpu[39m [96mtest[39m: [90m(node:40433) Warning: The 'NO_COLOR' env is ignored due to the 'FORCE_COLOR' env being set.[39m
[33mpackages/renderer-webgpu[39m [96mtest[39m: [90m(Use `node --trace-warnings ...` to show where the warning was created)[39m
[33mpackages/renderer-webgpu[39m [96mtest[39m: [90m(node:40437) Warning: The 'NO_COLOR' env is ignored due to the 'FORCE_COLOR' env being set.[39m
[33mpackages/renderer-webgpu[39m [96mtest[39m: [90m(Use `node --trace-warnings ...` to show where the warning was created)[39m
[33mpackages/renderer-webgpu[39m [96mtest[39m: [90m(node:40447) Warning: The 'NO_COLOR' env is ignored due to the 'FORCE_COLOR' env being set.[39m
[33mpackages/renderer-webgpu[39m [96mtest[39m: [90m(Use `node --trace-warnings ...` to show where the warning was created)[39m
[33mpackages/renderer-webgpu[39m [96mtest[39m: [90m(node:40449) Warning: The 'NO_COLOR' env is ignored due to the 'FORCE_COLOR' env being set.[39m
[33mpackages/renderer-webgpu[39m [96mtest[39m: [90m(Use `node --trace-warnings ...` to show where the warning was created)[39m
[33mpackages/renderer-webgpu[39m [96mtest[39m: [90m(node:40448) Warning: The 'NO_COLOR' env is ignored due to the 'FORCE_COLOR' env being set.[39m
[33mpackages/renderer-webgpu[39m [96mtest[39m: [90m(Use `node --trace-warnings ...` to show where the warning was created)[39m
[33mpackages/renderer-webgpu[39m [96mtest[39m: [90m(node:40450) Warning: The 'NO_COLOR' env is ignored due to the 'FORCE_COLOR' env being set.[39m
[33mpackages/renderer-webgpu[39m [96mtest[39m: [90m(Use `node --trace-warnings ...` to show where the warning was created)[39m
[33mpackages/renderer-webgpu[39m [96mtest[39m: [90m(node:40451) Warning: The 'NO_COLOR' env is ignored due to the 'FORCE_COLOR' env being set.[39m
[33mpackages/renderer-webgpu[39m [96mtest[39m: [90m(Use `node --trace-warnings ...` to show where the warning was created)[39m
[33mpackages/renderer-webgpu[39m [96mtest[39m: [90m(node:40452) Warning: The 'NO_COLOR' env is ignored due to the 'FORCE_COLOR' env being set.[39m
[33mpackages/renderer-webgpu[39m [96mtest[39m: [90m(Use `node --trace-warnings ...` to show where the warning was created)[39m
[33mpackages/renderer-webgpu[39m [96mtest[39m: [90m(node:40453) Warning: The 'NO_COLOR' env is ignored due to the 'FORCE_COLOR' env being set.[39m
[33mpackages/renderer-webgpu[39m [96mtest[39m: [90m(Use `node --trace-warnings ...` to show where the warning was created)[39m
[33mpackages/renderer-webgpu[39m [96mtest[39m: [90m(node:40454) Warning: The 'NO_COLOR' env is ignored due to the 'FORCE_COLOR' env being set.[39m
[33mpackages/renderer-webgpu[39m [96mtest[39m: [90m(Use `node --trace-warnings ...` to show where the warning was created)[39m
[33mpackages/renderer-webgpu[39m [96mtest[39m: [90m(node:40455) Warning: The 'NO_COLOR' env is ignored due to the 'FORCE_COLOR' env being set.[39m
[33mpackages/renderer-webgpu[39m [96mtest[39m: [90m(Use `node --trace-warnings ...` to show where the warning was created)[39m
[33mpackages/renderer-webgpu[39m [96mtest[39m: [90m(node:40456) Warning: The 'NO_COLOR' env is ignored due to the 'FORCE_COLOR' env being set.[39m
[33mpackages/renderer-webgpu[39m [96mtest[39m: [90m(Use `node --trace-warnings ...` to show where the warning was created)[39m
[33mpackages/renderer-webgpu[39m [96mtest[39m: [90m(node:40458) Warning: The 'NO_COLOR' env is ignored due to the 'FORCE_COLOR' env being set.[39m
[33mpackages/renderer-webgpu[39m [96mtest[39m: [90m(Use `node --trace-warnings ...` to show where the warning was created)[39m
[33mpackages/renderer-webgpu[39m [96mtest[39m: [90m(node:40459) Warning: The 'NO_COLOR' env is ignored due to the 'FORCE_COLOR' env being set.[39m
[33mpackages/renderer-webgpu[39m [96mtest[39m: [90m(Use `node --trace-warnings ...` to show where the warning was created)[39m
[33mpackages/renderer-webgpu[39m [96mtest[39m: [90m(node:40460) Warning: The 'NO_COLOR' env is ignored due to the 'FORCE_COLOR' env being set.[39m
[33mpackages/renderer-webgpu[39m [96mtest[39m: [90m(Use `node --trace-warnings ...` to show where the warning was created)[39m
[33mpackages/renderer-webgpu[39m [96mtest[39m: [90m(node:40461) Warning: The 'NO_COLOR' env is ignored due to the 'FORCE_COLOR' env being set.[39m
[33mpackages/renderer-webgpu[39m [96mtest[39m: [90m(Use `node --trace-warnings ...` to show where the warning was created)[39m
[33mpackages/renderer-webgpu[39m [96mtest[39m: [90m(node:40462) Warning: The 'NO_COLOR' env is ignored due to the 'FORCE_COLOR' env being set.[39m
[33mpackages/renderer-webgpu[39m [96mtest[39m: [90m(Use `node --trace-warnings ...` to show where the warning was created)[39m
[33mpackages/renderer-webgpu[39m [96mtest[39m: [90m(node:40464) Warning: The 'NO_COLOR' env is ignored due to the 'FORCE_COLOR' env being set.[39m
[33mpackages/renderer-webgpu[39m [96mtest[39m: [90m(Use `node --trace-warnings ...` to show where the warning was created)[39m
[33mpackages/renderer-webgpu[39m [96mtest[39m: [90m(node:40463) Warning: The 'NO_COLOR' env is ignored due to the 'FORCE_COLOR' env being set.[39m
[33mpackages/renderer-webgpu[39m [96mtest[39m: [90m(Use `node --trace-warnings ...` to show where the warning was created)[39m
[33mpackages/renderer-webgpu[39m [96mtest[39m: [90m(node:40465) Warning: The 'NO_COLOR' env is ignored due to the 'FORCE_COLOR' env being set.[39m
[33mpackages/renderer-webgpu[39m [96mtest[39m: [90m(Use `node --trace-warnings ...` to show where the warning was created)[39m
[33mpackages/renderer-webgpu[39m [96mtest[39m:  Test Files  41 passed (41)
[33mpackages/renderer-webgpu[39m [96mtest[39m:       Tests  696 passed (696)
[33mpackages/renderer-webgpu[39m [96mtest[39m:    Start at  09:27:43
[33mpackages/renderer-webgpu[39m [96mtest[39m:    Duration  1.31s (transform 2.35s, setup 303ms, import 4.32s, tests 2.40s, environment 2ms)
[33mpackages/renderer-webgpu[39m [96mtest[39m: Done
[32mpackages/core[39m [96mtest[39m$ vitest run
[32mpackages/core[39m [96mtest[39m: [90m(node:40526) Warning: The 'NO_COLOR' env is ignored due to the 'FORCE_COLOR' env being set.[39m
[32mpackages/core[39m [96mtest[39m: [90m(Use `node --trace-warnings ...` to show where the warning was created)[39m
[32mpackages/core[39m [96mtest[39m:  RUN  v4.1.11 /Users/new/vitrea-w50/g0/packages/core
[32mpackages/core[39m [96mtest[39m: [90m(node:40547) Warning: The 'NO_COLOR' env is ignored due to the 'FORCE_COLOR' env being set.[39m
[32mpackages/core[39m [96mtest[39m: [90m(Use `node --trace-warnings ...` to show where the warning was created)[39m
[32mpackages/core[39m [96mtest[39m: [90m(node:40546) Warning: The 'NO_COLOR' env is ignored due to the 'FORCE_COLOR' env being set.[39m
[32mpackages/core[39m [96mtest[39m: [90m(Use `node --trace-warnings ...` to show where the warning was created)[39m
[32mpackages/core[39m [96mtest[39m: [90m(node:40553) Warning: The 'NO_COLOR' env is ignored due to the 'FORCE_COLOR' env being set.[39m
[32mpackages/core[39m [96mtest[39m: [90m(Use `node --trace-warnings ...` to show where the warning was created)[39m
[32mpackages/core[39m [96mtest[39m: [90m(node:40550) Warning: The 'NO_COLOR' env is ignored due to the 'FORCE_COLOR' env being set.[39m
[32mpackages/core[39m [96mtest[39m: [90m(Use `node --trace-warnings ...` to show where the warning was created)[39m
[32mpackages/core[39m [96mtest[39m: [90m(node:40549) Warning: The 'NO_COLOR' env is ignored due to the 'FORCE_COLOR' env being set.[39m
[32mpackages/core[39m [96mtest[39m: [90m(Use `node --trace-warnings ...` to show where the warning was created)[39m
[32mpackages/core[39m [96mtest[39m: [90m(node:40548) Warning: The 'NO_COLOR' env is ignored due to the 'FORCE_COLOR' env being set.[39m
[32mpackages/core[39m [96mtest[39m: [90m(Use `node --trace-warnings ...` to show where the warning was created)[39m
[32mpackages/core[39m [96mtest[39m: [90m(node:40545) Warning: The 'NO_COLOR' env is ignored due to the 'FORCE_COLOR' env being set.[39m
[32mpackages/core[39m [96mtest[39m: [90m(Use `node --trace-warnings ...` to show where the warning was created)[39m
[32mpackages/core[39m [96mtest[39m: [90m(node:40552) Warning: The 'NO_COLOR' env is ignored due to the 'FORCE_COLOR' env being set.[39m
[32mpackages/core[39m [96mtest[39m: [90m(Use `node --trace-warnings ...` to show where the warning was created)[39m
[32mpackages/core[39m [96mtest[39m: [90m(node:40551) Warning: The 'NO_COLOR' env is ignored due to the 'FORCE_COLOR' env being set.[39m
[32mpackages/core[39m [96mtest[39m: [90m(Use `node --trace-warnings ...` to show where the warning was created)[39m
[32mpackages/core[39m [96mtest[39m: [90m(node:40556) Warning: The 'NO_COLOR' env is ignored due to the 'FORCE_COLOR' env being set.[39m
[32mpackages/core[39m [96mtest[39m: [90m(Use `node --trace-warnings ...` to show where the warning was created)[39m
[32mpackages/core[39m [96mtest[39m: [90m(node:40558) Warning: The 'NO_COLOR' env is ignored due to the 'FORCE_COLOR' env being set.[39m
[32mpackages/core[39m [96mtest[39m: [90m(Use `node --trace-warnings ...` to show where the warning was created)[39m
[32mpackages/core[39m [96mtest[39m: [90m(node:40559) Warning: The 'NO_COLOR' env is ignored due to the 'FORCE_COLOR' env being set.[39m
[32mpackages/core[39m [96mtest[39m: [90m(Use `node --trace-warnings ...` to show where the warning was created)[39m
[32mpackages/core[39m [96mtest[39m: [90m(node:40561) Warning: The 'NO_COLOR' env is ignored due to the 'FORCE_COLOR' env being set.[39m
[32mpackages/core[39m [96mtest[39m: [90m(Use `node --trace-warnings ...` to show where the warning was created)[39m
[32mpackages/core[39m [96mtest[39m: [90m(node:40560) Warning: The 'NO_COLOR' env is ignored due to the 'FORCE_COLOR' env being set.[39m
[32mpackages/core[39m [96mtest[39m: [90m(Use `node --trace-warnings ...` to show where the warning was created)[39m
[32mpackages/core[39m [96mtest[39m: [90m(node:40562) Warning: The 'NO_COLOR' env is ignored due to the 'FORCE_COLOR' env being set.[39m
[32mpackages/core[39m [96mtest[39m: [90m(Use `node --trace-warnings ...` to show where the warning was created)[39m
[32mpackages/core[39m [96mtest[39m: [90m(node:40595) Warning: The 'NO_COLOR' env is ignored due to the 'FORCE_COLOR' env being set.[39m
[32mpackages/core[39m [96mtest[39m: [90m(Use `node --trace-warnings ...` to show where the warning was created)[39m
[32mpackages/core[39m [96mtest[39m:  Test Files  16 passed (16)
[32mpackages/core[39m [96mtest[39m:       Tests  304 passed (304)
[32mpackages/core[39m [96mtest[39m:    Start at  09:27:44
[32mpackages/core[39m [96mtest[39m:    Duration  2.42s (transform 1.47s, setup 0ms, import 1.99s, tests 3.40s, environment 1ms)
[32mpackages/core[39m [96mtest[39m: Done
[31mpackages/platform-web[39m [96mtest[39m$ vitest run
[31mpackages/platform-web[39m [96mtest[39m: [90m(node:40712) Warning: The 'NO_COLOR' env is ignored due to the 'FORCE_COLOR' env being set.[39m
[31mpackages/platform-web[39m [96mtest[39m: [90m(Use `node --trace-warnings ...` to show where the warning was created)[39m
[31mpackages/platform-web[39m [96mtest[39m:  RUN  v4.1.11 /Users/new/vitrea-w50/g0/packages/platform-web
[31mpackages/platform-web[39m [96mtest[39m: [90m(node:40725) Warning: The 'NO_COLOR' env is ignored due to the 'FORCE_COLOR' env being set.[39m
[31mpackages/platform-web[39m [96mtest[39m: [90m(Use `node --trace-warnings ...` to show where the warning was created)[39m
[31mpackages/platform-web[39m [96mtest[39m: [90m(node:40729) Warning: The 'NO_COLOR' env is ignored due to the 'FORCE_COLOR' env being set.[39m
[31mpackages/platform-web[39m [96mtest[39m: [90m(Use `node --trace-warnings ...` to show where the warning was created)[39m
[31mpackages/platform-web[39m [96mtest[39m: [90m(node:40721) Warning: The 'NO_COLOR' env is ignored due to the 'FORCE_COLOR' env being set.[39m
[31mpackages/platform-web[39m [96mtest[39m: [90m(Use `node --trace-warnings ...` to show where the warning was created)[39m
[31mpackages/platform-web[39m [96mtest[39m: [90m(node:40723) Warning: The 'NO_COLOR' env is ignored due to the 'FORCE_COLOR' env being set.[39m
[31mpackages/platform-web[39m [96mtest[39m: [90m(Use `node --trace-warnings ...` to show where the warning was created)[39m
[31mpackages/platform-web[39m [96mtest[39m: [90m(node:40722) Warning: The 'NO_COLOR' env is ignored due to the 'FORCE_COLOR' env being set.[39m
[31mpackages/platform-web[39m [96mtest[39m: [90m(Use `node --trace-warnings ...` to show where the warning was created)[39m
[31mpackages/platform-web[39m [96mtest[39m: [90m(node:40724) Warning: The 'NO_COLOR' env is ignored due to the 'FORCE_COLOR' env being set.[39m
[31mpackages/platform-web[39m [96mtest[39m: [90m(Use `node --trace-warnings ...` to show where the warning was created)[39m
[31mpackages/platform-web[39m [96mtest[39m: [90m(node:40726) Warning: The 'NO_COLOR' env is ignored due to the 'FORCE_COLOR' env being set.[39m
[31mpackages/platform-web[39m [96mtest[39m: [90m(Use `node --trace-warnings ...` to show where the warning was created)[39m
[31mpackages/platform-web[39m [96mtest[39m: [90m(node:40728) Warning: The 'NO_COLOR' env is ignored due to the 'FORCE_COLOR' env being set.[39m
[31mpackages/platform-web[39m [96mtest[39m: [90m(Use `node --trace-warnings ...` to show where the warning was created)[39m
[31mpackages/platform-web[39m [96mtest[39m: [90m(node:40727) Warning: The 'NO_COLOR' env is ignored due to the 'FORCE_COLOR' env being set.[39m
[31mpackages/platform-web[39m [96mtest[39m: [90m(Use `node --trace-warnings ...` to show where the warning was created)[39m
[31mpackages/platform-web[39m [96mtest[39m: [90mNot implemented: HTMLCanvasElement's getContext() method: without installing the canvas npm package[39m
[31mpackages/platform-web[39m [96mtest[39m: [90mNot implemented: HTMLCanvasElement's getContext() method: without installing the canvas npm package[39m
[31mpackages/platform-web[39m [96mtest[39m: [90mNot implemented: HTMLCanvasElement's getContext() method: without installing the canvas npm package[39m
[31mpackages/platform-web[39m [96mtest[39m: [90mNot implemented: HTMLCanvasElement's getContext() method: without installing the canvas npm package[39m
[31mpackages/platform-web[39m [96mtest[39m: [90mNot implemented: HTMLCanvasElement's getContext() method: without installing the canvas npm package[39m
[31mpackages/platform-web[39m [96mtest[39m: [90mNot implemented: HTMLCanvasElement's getContext() method: without installing the canvas npm package[39m
[31mpackages/platform-web[39m [96mtest[39m: [90mNot implemented: HTMLCanvasElement's getContext() method: without installing the canvas npm package[39m
[31mpackages/platform-web[39m [96mtest[39m: [90mNot implemented: HTMLCanvasElement's getContext() method: without installing the canvas npm package[39m
[31mpackages/platform-web[39m [96mtest[39m: [90m(node:40835) Warning: The 'NO_COLOR' env is ignored due to the 'FORCE_COLOR' env being set.[39m
[31mpackages/platform-web[39m [96mtest[39m: [90m(Use `node --trace-warnings ...` to show where the warning was created)[39m
[31mpackages/platform-web[39m [96mtest[39m: [90m(node:40836) Warning: The 'NO_COLOR' env is ignored due to the 'FORCE_COLOR' env being set.[39m
[31mpackages/platform-web[39m [96mtest[39m: [90m(Use `node --trace-warnings ...` to show where the warning was created)[39m
[31mpackages/platform-web[39m [96mtest[39m: [90m(node:40837) Warning: The 'NO_COLOR' env is ignored due to the 'FORCE_COLOR' env being set.[39m
[31mpackages/platform-web[39m [96mtest[39m: [90m(Use `node --trace-warnings ...` to show where the warning was created)[39m
[31mpackages/platform-web[39m [96mtest[39m: [90m(node:40838) Warning: The 'NO_COLOR' env is ignored due to the 'FORCE_COLOR' env being set.[39m
[31mpackages/platform-web[39m [96mtest[39m: [90m(Use `node --trace-warnings ...` to show where the warning was created)[39m
[31mpackages/platform-web[39m [96mtest[39m: [90m(node:40840) Warning: The 'NO_COLOR' env is ignored due to the 'FORCE_COLOR' env being set.[39m
[31mpackages/platform-web[39m [96mtest[39m: [90m(Use `node --trace-warnings ...` to show where the warning was created)[39m
[31mpackages/platform-web[39m [96mtest[39m: [90m(node:40841) Warning: The 'NO_COLOR' env is ignored due to the 'FORCE_COLOR' env being set.[39m
[31mpackages/platform-web[39m [96mtest[39m: [90m(Use `node --trace-warnings ...` to show where the warning was created)[39m
[31mpackages/platform-web[39m [96mtest[39m: [90m(node:40842) Warning: The 'NO_COLOR' env is ignored due to the 'FORCE_COLOR' env being set.[39m
[31mpackages/platform-web[39m [96mtest[39m: [90m(Use `node --trace-warnings ...` to show where the warning was created)[39m
[31mpackages/platform-web[39m [96mtest[39m: [90m(node:40843) Warning: The 'NO_COLOR' env is ignored due to the 'FORCE_COLOR' env being set.[39m
[31mpackages/platform-web[39m [96mtest[39m: [90m(Use `node --trace-warnings ...` to show where the warning was created)[39m
[31mpackages/platform-web[39m [96mtest[39m: [90m(node:40844) Warning: The 'NO_COLOR' env is ignored due to the 'FORCE_COLOR' env being set.[39m
[31mpackages/platform-web[39m [96mtest[39m: [90m(Use `node --trace-warnings ...` to show where the warning was created)[39m
[31mpackages/platform-web[39m [96mtest[39m: [90mNot implemented: HTMLCanvasElement's getContext() method: without installing the canvas npm package[39m
[31mpackages/platform-web[39m [96mtest[39m: [90mNot implemented: HTMLCanvasElement's getContext() method: without installing the canvas npm package[39m
[31mpackages/platform-web[39m [96mtest[39m: [90m(node:40904) Warning: The 'NO_COLOR' env is ignored due to the 'FORCE_COLOR' env being set.[39m
[31mpackages/platform-web[39m [96mtest[39m: [90m(Use `node --trace-warnings ...` to show where the warning was created)[39m
[31mpackages/platform-web[39m [96mtest[39m: [90m(node:40905) Warning: The 'NO_COLOR' env is ignored due to the 'FORCE_COLOR' env being set.[39m
[31mpackages/platform-web[39m [96mtest[39m: [90m(Use `node --trace-warnings ...` to show where the warning was created)[39m
[31mpackages/platform-web[39m [96mtest[39m: [90m(node:40906) Warning: The 'NO_COLOR' env is ignored due to the 'FORCE_COLOR' env being set.[39m
[31mpackages/platform-web[39m [96mtest[39m: [90m(Use `node --trace-warnings ...` to show where the warning was created)[39m
[31mpackages/platform-web[39m [96mtest[39m: [90m(node:40908) Warning: The 'NO_COLOR' env is ignored due to the 'FORCE_COLOR' env being set.[39m
[31mpackages/platform-web[39m [96mtest[39m: [90m(Use `node --trace-warnings ...` to show where the warning was created)[39m
[31mpackages/platform-web[39m [96mtest[39m: [90m(node:40911) Warning: The 'NO_COLOR' env is ignored due to the 'FORCE_COLOR' env being set.[39m
[31mpackages/platform-web[39m [96mtest[39m: [90m(Use `node --trace-warnings ...` to show where the warning was created)[39m
[31mpackages/platform-web[39m [96mtest[39m: [90m(node:40912) Warning: The 'NO_COLOR' env is ignored due to the 'FORCE_COLOR' env being set.[39m
[31mpackages/platform-web[39m [96mtest[39m: [90m(Use `node --trace-warnings ...` to show where the warning was created)[39m
[31mpackages/platform-web[39m [96mtest[39m: [90m(node:40915) Warning: The 'NO_COLOR' env is ignored due to the 'FORCE_COLOR' env being set.[39m
[31mpackages/platform-web[39m [96mtest[39m: [90m(Use `node --trace-warnings ...` to show where the warning was created)[39m
[31mpackages/platform-web[39m [96mtest[39m: [90m(node:40917) Warning: The 'NO_COLOR' env is ignored due to the 'FORCE_COLOR' env being set.[39m
[31mpackages/platform-web[39m [96mtest[39m: [90m(Use `node --trace-warnings ...` to show where the warning was created)[39m
[31mpackages/platform-web[39m [96mtest[39m: [90m(node:40916) Warning: The 'NO_COLOR' env is ignored due to the 'FORCE_COLOR' env being set.[39m
[31mpackages/platform-web[39m [96mtest[39m: [90m(Use `node --trace-warnings ...` to show where the warning was created)[39m
[31mpackages/platform-web[39m [96mtest[39m: [90m(node:40922) Warning: The 'NO_COLOR' env is ignored due to the 'FORCE_COLOR' env being set.[39m
[31mpackages/platform-web[39m [96mtest[39m: [90m(Use `node --trace-warnings ...` to show where the warning was created)[39m
[31mpackages/platform-web[39m [96mtest[39m: [90m(node:40923) Warning: The 'NO_COLOR' env is ignored due to the 'FORCE_COLOR' env being set.[39m
[31mpackages/platform-web[39m [96mtest[39m: [90m(Use `node --trace-warnings ...` to show where the warning was created)[39m
[31mpackages/platform-web[39m [96mtest[39m: [90m(node:40924) Warning: The 'NO_COLOR' env is ignored due to the 'FORCE_COLOR' env being set.[39m
[31mpackages/platform-web[39m [96mtest[39m: [90m(Use `node --trace-warnings ...` to show where the warning was created)[39m
[31mpackages/platform-web[39m [96mtest[39m: [90m(node:40925) Warning: The 'NO_COLOR' env is ignored due to the 'FORCE_COLOR' env being set.[39m
[31mpackages/platform-web[39m [96mtest[39m: [90m(Use `node --trace-warnings ...` to show where the warning was created)[39m
[31mpackages/platform-web[39m [96mtest[39m: [90m(node:40926) Warning: The 'NO_COLOR' env is ignored due to the 'FORCE_COLOR' env being set.[39m
[31mpackages/platform-web[39m [96mtest[39m: [90m(Use `node --trace-warnings ...` to show where the warning was created)[39m
[31mpackages/platform-web[39m [96mtest[39m: [90mNot implemented: HTMLCanvasElement's getContext() method: without installing the canvas npm package[39m
[31mpackages/platform-web[39m [96mtest[39m: [90m(node:40927) Warning: The 'NO_COLOR' env is ignored due to the 'FORCE_COLOR' env being set.[39m
[31mpackages/platform-web[39m [96mtest[39m: [90m(Use `node --trace-warnings ...` to show where the warning was created)[39m
[31mpackages/platform-web[39m [96mtest[39m: [90mNot implemented: HTMLCanvasElement's getContext() method: without installing the canvas npm package[39m
[31mpackages/platform-web[39m [96mtest[39m: [90m(node:40928) Warning: The 'NO_COLOR' env is ignored due to the 'FORCE_COLOR' env being set.[39m
[31mpackages/platform-web[39m [96mtest[39m: [90m(Use `node --trace-warnings ...` to show where the warning was created)[39m
[31mpackages/platform-web[39m [96mtest[39m: [90m(node:40931) Warning: The 'NO_COLOR' env is ignored due to the 'FORCE_COLOR' env being set.[39m
[31mpackages/platform-web[39m [96mtest[39m: [90m(Use `node --trace-warnings ...` to show where the warning was created)[39m
[31mpackages/platform-web[39m [96mtest[39m: [90m(node:40942) Warning: The 'NO_COLOR' env is ignored due to the 'FORCE_COLOR' env being set.[39m
[31mpackages/platform-web[39m [96mtest[39m: [90m(Use `node --trace-warnings ...` to show where the warning was created)[39m
[31mpackages/platform-web[39m [96mtest[39m: [90m(node:40955) Warning: The 'NO_COLOR' env is ignored due to the 'FORCE_COLOR' env being set.[39m
[31mpackages/platform-web[39m [96mtest[39m: [90m(Use `node --trace-warnings ...` to show where the warning was created)[39m
[31mpackages/platform-web[39m [96mtest[39m: [90m(node:40984) Warning: The 'NO_COLOR' env is ignored due to the 'FORCE_COLOR' env being set.[39m
[31mpackages/platform-web[39m [96mtest[39m: [90m(Use `node --trace-warnings ...` to show where the warning was created)[39m
[31mpackages/platform-web[39m [96mtest[39m: [90mNot implemented: HTMLCanvasElement's getContext() method: without installing the canvas npm package[39m
[31mpackages/platform-web[39m [96mtest[39m: [90m(node:40985) Warning: The 'NO_COLOR' env is ignored due to the 'FORCE_COLOR' env being set.[39m
[31mpackages/platform-web[39m [96mtest[39m: [90m(Use `node --trace-warnings ...` to show where the warning was created)[39m
[31mpackages/platform-web[39m [96mtest[39m: [90m(node:40986) Warning: The 'NO_COLOR' env is ignored due to the 'FORCE_COLOR' env being set.[39m
[31mpackages/platform-web[39m [96mtest[39m: [90m(Use `node --trace-warnings ...` to show where the warning was created)[39m
[31mpackages/platform-web[39m [96mtest[39m: [90m(node:40987) Warning: The 'NO_COLOR' env is ignored due to the 'FORCE_COLOR' env being set.[39m
[31mpackages/platform-web[39m [96mtest[39m: [90m(Use `node --trace-warnings ...` to show where the warning was created)[39m
[31mpackages/platform-web[39m [96mtest[39m: [90m(node:40988) Warning: The 'NO_COLOR' env is ignored due to the 'FORCE_COLOR' env being set.[39m
[31mpackages/platform-web[39m [96mtest[39m: [90m(Use `node --trace-warnings ...` to show where the warning was created)[39m
[31mpackages/platform-web[39m [96mtest[39m: [90m(node:40989) Warning: The 'NO_COLOR' env is ignored due to the 'FORCE_COLOR' env being set.[39m
[31mpackages/platform-web[39m [96mtest[39m: [90m(Use `node --trace-warnings ...` to show where the warning was created)[39m
[31mpackages/platform-web[39m [96mtest[39m: [90m(node:40990) Warning: The 'NO_COLOR' env is ignored due to the 'FORCE_COLOR' env being set.[39m
[31mpackages/platform-web[39m [96mtest[39m: [90m(Use `node --trace-warnings ...` to show where the warning was created)[39m
[31mpackages/platform-web[39m [96mtest[39m: [90m(node:40991) Warning: The 'NO_COLOR' env is ignored due to the 'FORCE_COLOR' env being set.[39m
[31mpackages/platform-web[39m [96mtest[39m: [90m(Use `node --trace-warnings ...` to show where the warning was created)[39m
[31mpackages/platform-web[39m [96mtest[39m: [90m(node:40992) Warning: The 'NO_COLOR' env is ignored due to the 'FORCE_COLOR' env being set.[39m
[31mpackages/platform-web[39m [96mtest[39m: [90m(Use `node --trace-warnings ...` to show where the warning was created)[39m
[31mpackages/platform-web[39m [96mtest[39m: [90mNot implemented: HTMLCanvasElement's getContext() method: without installing the canvas npm package[39m
[31mpackages/platform-web[39m [96mtest[39m: [90mNot implemented: HTMLCanvasElement's getContext() method: without installing the canvas npm package[39m
[31mpackages/platform-web[39m [96mtest[39m: [90mNot implemented: HTMLCanvasElement's getContext() method: without installing the canvas npm package[39m
[31mpackages/platform-web[39m [96mtest[39m: [90m(node:41095) Warning: The 'NO_COLOR' env is ignored due to the 'FORCE_COLOR' env being set.[39m
[31mpackages/platform-web[39m [96mtest[39m: [90m(Use `node --trace-warnings ...` to show where the warning was created)[39m
[31mpackages/platform-web[39m [96mtest[39m: [90m(node:41096) Warning: The 'NO_COLOR' env is ignored due to the 'FORCE_COLOR' env being set.[39m
[31mpackages/platform-web[39m [96mtest[39m: [90m(Use `node --trace-warnings ...` to show where the warning was created)[39m
[31mpackages/platform-web[39m [96mtest[39m: [90m(node:41098) Warning: The 'NO_COLOR' env is ignored due to the 'FORCE_COLOR' env being set.[39m
[31mpackages/platform-web[39m [96mtest[39m: [90m(Use `node --trace-warnings ...` to show where the warning was created)[39m
[31mpackages/platform-web[39m [96mtest[39m: [90m(node:41099) Warning: The 'NO_COLOR' env is ignored due to the 'FORCE_COLOR' env being set.[39m
[31mpackages/platform-web[39m [96mtest[39m: [90m(Use `node --trace-warnings ...` to show where the warning was created)[39m
[31mpackages/platform-web[39m [96mtest[39m:  Test Files  50 passed (50)
[31mpackages/platform-web[39m [96mtest[39m:       Tests  667 passed (667)
[31mpackages/platform-web[39m [96mtest[39m:    Start at  09:27:47
[31mpackages/platform-web[39m [96mtest[39m:    Duration  5.29s (transform 3.36s, setup 0ms, import 7.16s, tests 8.90s, environment 23.57s)
[31mpackages/platform-web[39m [96mtest[39m: Done
[36mpackages/calibration[39m [96mtest[39m$ vitest run
[35mpackages/react[39m [96mtest[39m$ vitest run
[35mpackages/react[39m [96mtest[39m: [90m(node:41242) Warning: The 'NO_COLOR' env is ignored due to the 'FORCE_COLOR' env being set.[39m
[35mpackages/react[39m [96mtest[39m: [90m(Use `node --trace-warnings ...` to show where the warning was created)[39m
[36mpackages/calibration[39m [96mtest[39m: [90m(node:41218) Warning: The 'NO_COLOR' env is ignored due to the 'FORCE_COLOR' env being set.[39m
[36mpackages/calibration[39m [96mtest[39m: [90m(Use `node --trace-warnings ...` to show where the warning was created)[39m
[35mpackages/react[39m [96mtest[39m:  RUN  v4.1.11 /Users/new/vitrea-w50/g0/packages/react
[36mpackages/calibration[39m [96mtest[39m:  RUN  v4.1.11 /Users/new/vitrea-w50/g0/packages/calibration
[35mpackages/react[39m [96mtest[39m: [90m(node:41271) Warning: The 'NO_COLOR' env is ignored due to the 'FORCE_COLOR' env being set.[39m
[35mpackages/react[39m [96mtest[39m: [90m(Use `node --trace-warnings ...` to show where the warning was created)[39m
[35mpackages/react[39m [96mtest[39m: [90m(node:41272) Warning: The 'NO_COLOR' env is ignored due to the 'FORCE_COLOR' env being set.[39m
[35mpackages/react[39m [96mtest[39m: [90m(Use `node --trace-warnings ...` to show where the warning was created)[39m
[35mpackages/react[39m [96mtest[39m: [90m(node:41266) Warning: The 'NO_COLOR' env is ignored due to the 'FORCE_COLOR' env being set.[39m
[35mpackages/react[39m [96mtest[39m: [90m(Use `node --trace-warnings ...` to show where the warning was created)[39m
[35mpackages/react[39m [96mtest[39m: [90m(node:41268) Warning: The 'NO_COLOR' env is ignored due to the 'FORCE_COLOR' env being set.[39m
[35mpackages/react[39m [96mtest[39m: [90m(Use `node --trace-warnings ...` to show where the warning was created)[39m
[35mpackages/react[39m [96mtest[39m: [90m(node:41273) Warning: The 'NO_COLOR' env is ignored due to the 'FORCE_COLOR' env being set.[39m
[35mpackages/react[39m [96mtest[39m: [90m(Use `node --trace-warnings ...` to show where the warning was created)[39m
[35mpackages/react[39m [96mtest[39m: [90m(node:41270) Warning: The 'NO_COLOR' env is ignored due to the 'FORCE_COLOR' env being set.[39m
[35mpackages/react[39m [96mtest[39m: [90m(Use `node --trace-warnings ...` to show where the warning was created)[39m
[35mpackages/react[39m [96mtest[39m: [90m(node:41269) Warning: The 'NO_COLOR' env is ignored due to the 'FORCE_COLOR' env being set.[39m
[35mpackages/react[39m [96mtest[39m: [90m(Use `node --trace-warnings ...` to show where the warning was created)[39m
[35mpackages/react[39m [96mtest[39m: [90m(node:41267) Warning: The 'NO_COLOR' env is ignored due to the 'FORCE_COLOR' env being set.[39m
[35mpackages/react[39m [96mtest[39m: [90m(Use `node --trace-warnings ...` to show where the warning was created)[39m
[36mpackages/calibration[39m [96mtest[39m: [90m(node:41276) Warning: The 'NO_COLOR' env is ignored due to the 'FORCE_COLOR' env being set.[39m
[36mpackages/calibration[39m [96mtest[39m: [90m(Use `node --trace-warnings ...` to show where the warning was created)[39m
[36mpackages/calibration[39m [96mtest[39m: [90m(node:41275) Warning: The 'NO_COLOR' env is ignored due to the 'FORCE_COLOR' env being set.[39m
[36mpackages/calibration[39m [96mtest[39m: [90m(Use `node --trace-warnings ...` to show where the warning was created)[39m
[36mpackages/calibration[39m [96mtest[39m: [90m(node:41279) Warning: The 'NO_COLOR' env is ignored due to the 'FORCE_COLOR' env being set.[39m
[36mpackages/calibration[39m [96mtest[39m: [90m(Use `node --trace-warnings ...` to show where the warning was created)[39m
[35mpackages/react[39m [96mtest[39m: [90m(node:41274) Warning: The 'NO_COLOR' env is ignored due to the 'FORCE_COLOR' env being set.[39m
[35mpackages/react[39m [96mtest[39m: [90m(Use `node --trace-warnings ...` to show where the warning was created)[39m
[36mpackages/calibration[39m [96mtest[39m: [90m(node:41280) Warning: The 'NO_COLOR' env is ignored due to the 'FORCE_COLOR' env being set.[39m
[36mpackages/calibration[39m [96mtest[39m: [90m(Use `node --trace-warnings ...` to show where the warning was created)[39m
[36mpackages/calibration[39m [96mtest[39m: [90m(node:41283) Warning: The 'NO_COLOR' env is ignored due to the 'FORCE_COLOR' env being set.[39m
[36mpackages/calibration[39m [96mtest[39m: [90m(Use `node --trace-warnings ...` to show where the warning was created)[39m
[36mpackages/calibration[39m [96mtest[39m: [90m(node:41277) Warning: The 'NO_COLOR' env is ignored due to the 'FORCE_COLOR' env being set.[39m
[36mpackages/calibration[39m [96mtest[39m: [90m(Use `node --trace-warnings ...` to show where the warning was created)[39m
[36mpackages/calibration[39m [96mtest[39m: [90m(node:41281) Warning: The 'NO_COLOR' env is ignored due to the 'FORCE_COLOR' env being set.[39m
[36mpackages/calibration[39m [96mtest[39m: [90m(Use `node --trace-warnings ...` to show where the warning was created)[39m
[36mpackages/calibration[39m [96mtest[39m: [90m(node:41282) Warning: The 'NO_COLOR' env is ignored due to the 'FORCE_COLOR' env being set.[39m
[36mpackages/calibration[39m [96mtest[39m: [90m(Use `node --trace-warnings ...` to show where the warning was created)[39m
[36mpackages/calibration[39m [96mtest[39m: [90m(node:41278) Warning: The 'NO_COLOR' env is ignored due to the 'FORCE_COLOR' env being set.[39m
[36mpackages/calibration[39m [96mtest[39m: [90m(Use `node --trace-warnings ...` to show where the warning was created)[39m
[35mpackages/react[39m [96mtest[39m: [90mNot implemented: HTMLCanvasElement's getContext() method: without installing the canvas npm package[39m
[35mpackages/react[39m [96mtest[39m: [90mNot implemented: HTMLCanvasElement's getContext() method: without installing the canvas npm package[39m
[35mpackages/react[39m [96mtest[39m: [90mNot implemented: HTMLCanvasElement's getContext() method: without installing the canvas npm package[39m
[35mpackages/react[39m [96mtest[39m: [90mNot implemented: HTMLCanvasElement's getContext() method: without installing the canvas npm package[39m
[35mpackages/react[39m [96mtest[39m: [90mNot implemented: HTMLCanvasElement's getContext() method: without installing the canvas npm package[39m
[35mpackages/react[39m [96mtest[39m: [90m(node:41956) Warning: The 'NO_COLOR' env is ignored due to the 'FORCE_COLOR' env being set.[39m
[35mpackages/react[39m [96mtest[39m: [90m(Use `node --trace-warnings ...` to show where the warning was created)[39m
[35mpackages/react[39m [96mtest[39m: [90m(node:41957) Warning: The 'NO_COLOR' env is ignored due to the 'FORCE_COLOR' env being set.[39m
[35mpackages/react[39m [96mtest[39m: [90m(Use `node --trace-warnings ...` to show where the warning was created)[39m
[35mpackages/react[39m [96mtest[39m: [90m(node:41972) Warning: The 'NO_COLOR' env is ignored due to the 'FORCE_COLOR' env being set.[39m
[35mpackages/react[39m [96mtest[39m: [90m(Use `node --trace-warnings ...` to show where the warning was created)[39m
[35mpackages/react[39m [96mtest[39m: [90m(node:41967) Warning: The 'NO_COLOR' env is ignored due to the 'FORCE_COLOR' env being set.[39m
[35mpackages/react[39m [96mtest[39m: [90m(Use `node --trace-warnings ...` to show where the warning was created)[39m
[35mpackages/react[39m [96mtest[39m: [90m(node:42015) Warning: The 'NO_COLOR' env is ignored due to the 'FORCE_COLOR' env being set.[39m
[35mpackages/react[39m [96mtest[39m: [90m(Use `node --trace-warnings ...` to show where the warning was created)[39m
[35mpackages/react[39m [96mtest[39m: [90m(node:42026) Warning: The 'NO_COLOR' env is ignored due to the 'FORCE_COLOR' env being set.[39m
[35mpackages/react[39m [96mtest[39m: [90m(Use `node --trace-warnings ...` to show where the warning was created)[39m
[35mpackages/react[39m [96mtest[39m: [90m(node:42081) Warning: The 'NO_COLOR' env is ignored due to the 'FORCE_COLOR' env being set.[39m
[35mpackages/react[39m [96mtest[39m: [90m(Use `node --trace-warnings ...` to show where the warning was created)[39m
[35mpackages/react[39m [96mtest[39m: [90m(node:42222) Warning: The 'NO_COLOR' env is ignored due to the 'FORCE_COLOR' env being set.[39m
[35mpackages/react[39m [96mtest[39m: [90m(Use `node --trace-warnings ...` to show where the warning was created)[39m
[35mpackages/react[39m [96mtest[39m: [90mNot implemented: HTMLCanvasElement's getContext() method: without installing the canvas npm package[39m
[35mpackages/react[39m [96mtest[39m: [90mNot implemented: HTMLCanvasElement's getContext() method: without installing the canvas npm package[39m
[35mpackages/react[39m [96mtest[39m: [90mNot implemented: HTMLCanvasElement's getContext() method: without installing the canvas npm package[39m
[35mpackages/react[39m [96mtest[39m: [90mNot implemented: HTMLCanvasElement's getContext() method: without installing the canvas npm package[39m
[35mpackages/react[39m [96mtest[39m: [90mNot implemented: HTMLCanvasElement's getContext() method: without installing the canvas npm package[39m
[35mpackages/react[39m [96mtest[39m: [90m(node:42260) Warning: The 'NO_COLOR' env is ignored due to the 'FORCE_COLOR' env being set.[39m
[35mpackages/react[39m [96mtest[39m: [90m(Use `node --trace-warnings ...` to show where the warning was created)[39m
[35mpackages/react[39m [96mtest[39m: [90m(node:42263) Warning: The 'NO_COLOR' env is ignored due to the 'FORCE_COLOR' env being set.[39m
[35mpackages/react[39m [96mtest[39m: [90m(Use `node --trace-warnings ...` to show where the warning was created)[39m
[35mpackages/react[39m [96mtest[39m:  Test Files  19 passed (19)
[35mpackages/react[39m [96mtest[39m:       Tests  180 passed (180)
[35mpackages/react[39m [96mtest[39m:    Start at  09:27:52
[35mpackages/react[39m [96mtest[39m:    Duration  7.54s (transform 8.11s, setup 3.57s, import 13.30s, tests 19.23s, environment 22.40s)
[35mpackages/react[39m [96mtest[39m: Done
[36mpackages/calibration[39m [96mtest[39m: [90m(node:43510) Warning: The 'NO_COLOR' env is ignored due to the 'FORCE_COLOR' env being set.[39m
[36mpackages/calibration[39m [96mtest[39m: [90m(Use `node --trace-warnings ...` to show where the warning was created)[39m
[36mpackages/calibration[39m [96mtest[39m: T1 change partitions against ebc3d9105a4a (W44 / growth-only):
[36mpackages/calibration[39m [96mtest[39m:   apple-macos-27.0-1x-light-standard-glass0.25: W44 unchanged 116; growth-only unchanged 116
[36mpackages/calibration[39m [96mtest[39m:   apple-macos-27.0-2x-light-standard-glass0.25: W44 unchanged 116; growth-only unchanged 116
[36mpackages/calibration[39m [96mtest[39m: T1 readings (not gated; W44 G2, claims §5.204):
[36mpackages/calibration[39m [96mtest[39m:   apple-macos-27.0-1x-light-standard-glass0.25 css F: 0 of 15 within, median |log| 1.5069
[36mpackages/calibration[39m [96mtest[39m:   apple-macos-27.0-1x-light-standard-glass0.25 css T: 0 of 4 within, median |log| 0.3973
[36mpackages/calibration[39m [96mtest[39m:   apple-macos-27.0-1x-light-standard-glass0.25 css C: 14 of 69 within, median |log| 0.3522
[36mpackages/calibration[39m [96mtest[39m:   apple-macos-27.0-1x-light-standard-glass0.25 css P: 2 of 28 within, median |log| 0.5377
[36mpackages/calibration[39m [96mtest[39m:   apple-macos-27.0-2x-light-standard-glass0.25 css F: 2 of 15 within, median |log| 0.9216
[36mpackages/calibration[39m [96mtest[39m:   apple-macos-27.0-2x-light-standard-glass0.25 css T: 1 of 4 within, median |log| 0.3314
[36mpackages/calibration[39m [96mtest[39m:   apple-macos-27.0-2x-light-standard-glass0.25 css C: 11 of 69 within, median |log| 0.3953
[36mpackages/calibration[39m [96mtest[39m:   apple-macos-27.0-2x-light-standard-glass0.25 css P: 4 of 28 within, median |log| 0.4196
[36mpackages/calibration[39m [96mtest[39m:   apple-macos-27.0-1x-light-standard-glass0.5 webgpu F: 5 of 15 within, median |log| 0.1815
[36mpackages/calibration[39m [96mtest[39m:   apple-macos-27.0-1x-light-standard-glass0.5 webgpu T: 2 of 4 within, median |log| 0.1267
[36mpackages/calibration[39m [96mtest[39m:   apple-macos-27.0-1x-light-standard-glass0.5 webgpu C: 14 of 59 within, median |log| 0.2494
[36mpackages/calibration[39m [96mtest[39m:   apple-macos-27.0-1x-light-standard-glass0.5 webgpu P: 1 of 24 within, median |log| 0.3468
[36mpackages/calibration[39m [96mtest[39m:   apple-macos-27.0-1x-light-standard-glass0.5 webgpu: 14 UNMEASURED
[36mpackages/calibration[39m [96mtest[39m:   apple-macos-27.0-1x-light-standard-glass0.5 css F: 0 of 15 within, median |log| 1.2147
[36mpackages/calibration[39m [96mtest[39m:   apple-macos-27.0-1x-light-standard-glass0.5 css T: 0 of 4 within, median |log| 0.4455
[36mpackages/calibration[39m [96mtest[39m:   apple-macos-27.0-1x-light-standard-glass0.5 css C: 12 of 59 within, median |log| 0.2830
[36mpackages/calibration[39m [96mtest[39m:   apple-macos-27.0-1x-light-standard-glass0.5 css P: 1 of 24 within, median |log| 0.7047
[36mpackages/calibration[39m [96mtest[39m:   apple-macos-27.0-1x-light-standard-glass0.5 css: 14 UNMEASURED
[36mpackages/calibration[39m [96mtest[39m:   apple-macos-27.0-2x-light-standard-glass0.5 webgpu F: 8 of 15 within, median |log| 0.1427
[36mpackages/calibration[39m [96mtest[39m:   apple-macos-27.0-2x-light-standard-glass0.5 webgpu T: 0 of 4 within, median |log| 0.3259
[36mpackages/calibration[39m [96mtest[39m:   apple-macos-27.0-2x-light-standard-glass0.5 webgpu C: 14 of 59 within, median |log| 0.2525
[36mpackages/calibration[39m [96mtest[39m:   apple-macos-27.0-2x-light-standard-glass0.5 webgpu P: 3 of 24 within, median |log| 0.3307
[36mpackages/calibration[39m [96mtest[39m:   apple-macos-27.0-2x-light-standard-glass0.5 webgpu: 14 UNMEASURED
[36mpackages/calibration[39m [96mtest[39m:   apple-macos-27.0-2x-light-standard-glass0.5 css C: 3 of 29 within, median |log| 0.7233
[36mpackages/calibration[39m [96mtest[39m:   apple-macos-27.0-2x-light-standard-glass0.5 css P: 3 of 23 within, median |log| 0.6099
[36mpackages/calibration[39m [96mtest[39m:   apple-macos-27.0-2x-light-standard-glass0.5 css: 64 UNMEASURED
[36mpackages/calibration[39m [96mtest[39m:   apple-macos-27.0-1x-dark-standard-glass0.5 webgpu F: 4 of 15 within, median |log| 0.4075
[36mpackages/calibration[39m [96mtest[39m:   apple-macos-27.0-1x-dark-standard-glass0.5 webgpu T: 2 of 4 within, median |log| 0.1575
[36mpackages/calibration[39m [96mtest[39m:   apple-macos-27.0-1x-dark-standard-glass0.5 webgpu C: 7 of 40 within, median |log| 0.3566
[36mpackages/calibration[39m [96mtest[39m:   apple-macos-27.0-1x-dark-standard-glass0.5 webgpu P: 0 of 10 within, median |log| 1.0533
[36mpackages/calibration[39m [96mtest[39m:   apple-macos-27.0-1x-dark-standard-glass0.5 webgpu: 8 UNMEASURED
[36mpackages/calibration[39m [96mtest[39m:   apple-macos-27.0-1x-dark-standard-glass0.5 css F: 2 of 15 within, median |log| 1.0690
[36mpackages/calibration[39m [96mtest[39m:   apple-macos-27.0-1x-dark-standard-glass0.5 css T: 1 of 4 within, median |log| 0.5555
[36mpackages/calibration[39m [96mtest[39m:   apple-macos-27.0-1x-dark-standard-glass0.5 css C: 7 of 40 within, median |log| 0.8928
[36mpackages/calibration[39m [96mtest[39m:   apple-macos-27.0-1x-dark-standard-glass0.5 css P: 0 of 10 within, median |log| 1.2375
[36mpackages/calibration[39m [96mtest[39m:   apple-macos-27.0-1x-dark-standard-glass0.5 css: 8 UNMEASURED
[36mpackages/calibration[39m [96mtest[39m:   apple-macos-27.0-2x-dark-standard-glass0.5 webgpu F: 4 of 15 within, median |log| 0.4703
[36mpackages/calibration[39m [96mtest[39m:   apple-macos-27.0-2x-dark-standard-glass0.5 webgpu T: 1 of 4 within, median |log| 0.1833
[36mpackages/calibration[39m [96mtest[39m:   apple-macos-27.0-2x-dark-standard-glass0.5 webgpu C: 5 of 40 within, median |log| 0.4340
[36mpackages/calibration[39m [96mtest[39m:   apple-macos-27.0-2x-dark-standard-glass0.5 webgpu P: 0 of 10 within, median |log| 0.9904
[36mpackages/calibration[39m [96mtest[39m:   apple-macos-27.0-2x-dark-standard-glass0.5 webgpu: 8 UNMEASURED
[36mpackages/calibration[39m [96mtest[39m:   apple-macos-27.0-2x-dark-standard-glass0.5 css C: 3 of 10 within, median |log| 1.0015
[36mpackages/calibration[39m [96mtest[39m:   apple-macos-27.0-2x-dark-standard-glass0.5 css P: 0 of 9 within, median |log| 1.1279
[36mpackages/calibration[39m [96mtest[39m:   apple-macos-27.0-2x-dark-standard-glass0.5 css: 58 UNMEASURED
[36mpackages/calibration[39m [96mtest[39m: [90m(node:44196) Warning: The 'NO_COLOR' env is ignored due to the 'FORCE_COLOR' env being set.[39m
[36mpackages/calibration[39m [96mtest[39m: [90m(Use `node --trace-warnings ...` to show where the warning was created)[39m
[36mpackages/calibration[39m [96mtest[39m: T1 dark CSS readings (not gated; W46 G2, claims §5.210):
[36mpackages/calibration[39m [96mtest[39m:   apple-macos-27.0-1x-dark-standard-glass0.25 css F: 3 of 15 within, median |log| 1.1472
[36mpackages/calibration[39m [96mtest[39m:   apple-macos-27.0-1x-dark-standard-glass0.25 css T: 1 of 4 within, median |log| 0.3846
[36mpackages/calibration[39m [96mtest[39m:   apple-macos-27.0-1x-dark-standard-glass0.25 css C: 5 of 46 within, median |log| 0.6010
[36mpackages/calibration[39m [96mtest[39m:   apple-macos-27.0-1x-dark-standard-glass0.25 css P: 0 of 12 within, median |log| 0.9818
[36mpackages/calibration[39m [96mtest[39m:   apple-macos-27.0-2x-dark-standard-glass0.25 css F: 3 of 15 within, median |log| 0.8201
[36mpackages/calibration[39m [96mtest[39m:   apple-macos-27.0-2x-dark-standard-glass0.25 css T: 2 of 4 within, median |log| 0.2281
[36mpackages/calibration[39m [96mtest[39m:   apple-macos-27.0-2x-dark-standard-glass0.25 css C: 4 of 46 within, median |log| 0.6046
[36mpackages/calibration[39m [96mtest[39m:   apple-macos-27.0-2x-dark-standard-glass0.25 css P: 0 of 12 within, median |log| 0.9232
[36mpackages/calibration[39m [96mtest[39m: [90m(node:44396) Warning: The 'NO_COLOR' env is ignored due to the 'FORCE_COLOR' env being set.[39m
[36mpackages/calibration[39m [96mtest[39m: [90m(Use `node --trace-warnings ...` to show where the warning was created)[39m
[36mpackages/calibration[39m [96mtest[39m: [90m(node:44978) Warning: The 'NO_COLOR' env is ignored due to the 'FORCE_COLOR' env being set.[39m
[36mpackages/calibration[39m [96mtest[39m: [90m(Use `node --trace-warnings ...` to show where the warning was created)[39m
[36mpackages/calibration[39m [96mtest[39m: [90m(node:45580) Warning: The 'NO_COLOR' env is ignored due to the 'FORCE_COLOR' env being set.[39m
[36mpackages/calibration[39m [96mtest[39m: [90m(Use `node --trace-warnings ...` to show where the warning was created)[39m
[36mpackages/calibration[39m [96mtest[39m: [90m(node:45581) Warning: The 'NO_COLOR' env is ignored due to the 'FORCE_COLOR' env being set.[39m
[36mpackages/calibration[39m [96mtest[39m: [90m(Use `node --trace-warnings ...` to show where the warning was created)[39m
[36mpackages/calibration[39m [96mtest[39m: [90m(node:45844) Warning: The 'NO_COLOR' env is ignored due to the 'FORCE_COLOR' env being set.[39m
[36mpackages/calibration[39m [96mtest[39m: [90m(Use `node --trace-warnings ...` to show where the warning was created)[39m
[36mpackages/calibration[39m [96mtest[39m: [90m(node:46322) Warning: The 'NO_COLOR' env is ignored due to the 'FORCE_COLOR' env being set.[39m
[36mpackages/calibration[39m [96mtest[39m: [90m(Use `node --trace-warnings ...` to show where the warning was created)[39m
[36mpackages/calibration[39m [96mtest[39m: [90m(node:46422) Warning: The 'NO_COLOR' env is ignored due to the 'FORCE_COLOR' env being set.[39m
[36mpackages/calibration[39m [96mtest[39m: [90m(Use `node --trace-warnings ...` to show where the warning was created)[39m
[36mpackages/calibration[39m [96mtest[39m: [90m(node:46526) Warning: The 'NO_COLOR' env is ignored due to the 'FORCE_COLOR' env being set.[39m
[36mpackages/calibration[39m [96mtest[39m: [90m(Use `node --trace-warnings ...` to show where the warning was created)[39m
[36mpackages/calibration[39m [96mtest[39m: [90m(node:46698) Warning: The 'NO_COLOR' env is ignored due to the 'FORCE_COLOR' env being set.[39m
[36mpackages/calibration[39m [96mtest[39m: [90m(Use `node --trace-warnings ...` to show where the warning was created)[39m
[36mpackages/calibration[39m [96mtest[39m: [90m(node:46735) Warning: The 'NO_COLOR' env is ignored due to the 'FORCE_COLOR' env being set.[39m
[36mpackages/calibration[39m [96mtest[39m: [90m(Use `node --trace-warnings ...` to show where the warning was created)[39m
[36mpackages/calibration[39m [96mtest[39m: [90m(node:46828) Warning: The 'NO_COLOR' env is ignored due to the 'FORCE_COLOR' env being set.[39m
[36mpackages/calibration[39m [96mtest[39m: [90m(Use `node --trace-warnings ...` to show where the warning was created)[39m
[36mpackages/calibration[39m [96mtest[39m: [90m(node:46943) Warning: The 'NO_COLOR' env is ignored due to the 'FORCE_COLOR' env being set.[39m
[36mpackages/calibration[39m [96mtest[39m: [90m(Use `node --trace-warnings ...` to show where the warning was created)[39m
[36mpackages/calibration[39m [96mtest[39m: [90m(node:47005) Warning: The 'NO_COLOR' env is ignored due to the 'FORCE_COLOR' env being set.[39m
[36mpackages/calibration[39m [96mtest[39m: [90m(Use `node --trace-warnings ...` to show where the warning was created)[39m
[36mpackages/calibration[39m [96mtest[39m: [90m(node:47012) Warning: The 'NO_COLOR' env is ignored due to the 'FORCE_COLOR' env being set.[39m
[36mpackages/calibration[39m [96mtest[39m: [90m(Use `node --trace-warnings ...` to show where the warning was created)[39m
[36mpackages/calibration[39m [96mtest[39m: [90m(node:47037) Warning: The 'NO_COLOR' env is ignored due to the 'FORCE_COLOR' env being set.[39m
[36mpackages/calibration[39m [96mtest[39m: [90m(Use `node --trace-warnings ...` to show where the warning was created)[39m
[36mpackages/calibration[39m [96mtest[39m: [90m(node:47086) Warning: The 'NO_COLOR' env is ignored due to the 'FORCE_COLOR' env being set.[39m
[36mpackages/calibration[39m [96mtest[39m: [90m(Use `node --trace-warnings ...` to show where the warning was created)[39m
[36mpackages/calibration[39m [96mtest[39m: [90m(node:47102) Warning: The 'NO_COLOR' env is ignored due to the 'FORCE_COLOR' env being set.[39m
[36mpackages/calibration[39m [96mtest[39m: [90m(Use `node --trace-warnings ...` to show where the warning was created)[39m
[36mpackages/calibration[39m [96mtest[39m: [90m(node:47127) Warning: The 'NO_COLOR' env is ignored due to the 'FORCE_COLOR' env being set.[39m
[36mpackages/calibration[39m [96mtest[39m: [90m(Use `node --trace-warnings ...` to show where the warning was created)[39m
[36mpackages/calibration[39m [96mtest[39m: [90m(node:47179) Warning: The 'NO_COLOR' env is ignored due to the 'FORCE_COLOR' env being set.[39m
[36mpackages/calibration[39m [96mtest[39m: [90m(Use `node --trace-warnings ...` to show where the warning was created)[39m
[36mpackages/calibration[39m [96mtest[39m: [90m(node:47193) Warning: The 'NO_COLOR' env is ignored due to the 'FORCE_COLOR' env being set.[39m
[36mpackages/calibration[39m [96mtest[39m: [90m(Use `node --trace-warnings ...` to show where the warning was created)[39m
[36mpackages/calibration[39m [96mtest[39m: [90m(node:47202) Warning: The 'NO_COLOR' env is ignored due to the 'FORCE_COLOR' env being set.[39m
[36mpackages/calibration[39m [96mtest[39m: [90m(Use `node --trace-warnings ...` to show where the warning was created)[39m
[36mpackages/calibration[39m [96mtest[39m: [90m(node:47263) Warning: The 'NO_COLOR' env is ignored due to the 'FORCE_COLOR' env being set.[39m
[36mpackages/calibration[39m [96mtest[39m: [90m(Use `node --trace-warnings ...` to show where the warning was created)[39m
[36mpackages/calibration[39m [96mtest[39m: [90m(node:47285) Warning: The 'NO_COLOR' env is ignored due to the 'FORCE_COLOR' env being set.[39m
[36mpackages/calibration[39m [96mtest[39m: [90m(Use `node --trace-warnings ...` to show where the warning was created)[39m
[36mpackages/calibration[39m [96mtest[39m: [90m(node:47319) Warning: The 'NO_COLOR' env is ignored due to the 'FORCE_COLOR' env being set.[39m
[36mpackages/calibration[39m [96mtest[39m: [90m(Use `node --trace-warnings ...` to show where the warning was created)[39m
[36mpackages/calibration[39m [96mtest[39m: [90m(node:47380) Warning: The 'NO_COLOR' env is ignored due to the 'FORCE_COLOR' env being set.[39m
[36mpackages/calibration[39m [96mtest[39m: [90m(Use `node --trace-warnings ...` to show where the warning was created)[39m
[36mpackages/calibration[39m [96mtest[39m: [90m(node:47387) Warning: The 'NO_COLOR' env is ignored due to the 'FORCE_COLOR' env being set.[39m
[36mpackages/calibration[39m [96mtest[39m: [90m(Use `node --trace-warnings ...` to show where the warning was created)[39m
[36mpackages/calibration[39m [96mtest[39m: [90m(node:47423) Warning: The 'NO_COLOR' env is ignored due to the 'FORCE_COLOR' env being set.[39m
[36mpackages/calibration[39m [96mtest[39m: [90m(Use `node --trace-warnings ...` to show where the warning was created)[39m
[36mpackages/calibration[39m [96mtest[39m: [90m(node:47425) Warning: The 'NO_COLOR' env is ignored due to the 'FORCE_COLOR' env being set.[39m
[36mpackages/calibration[39m [96mtest[39m: [90m(Use `node --trace-warnings ...` to show where the warning was created)[39m
[36mpackages/calibration[39m [96mtest[39m: [90m(node:47443) Warning: The 'NO_COLOR' env is ignored due to the 'FORCE_COLOR' env being set.[39m
[36mpackages/calibration[39m [96mtest[39m: [90m(Use `node --trace-warnings ...` to show where the warning was created)[39m
[36mpackages/calibration[39m [96mtest[39m: [90m(node:47558) Warning: The 'NO_COLOR' env is ignored due to the 'FORCE_COLOR' env being set.[39m
[36mpackages/calibration[39m [96mtest[39m: [90m(Use `node --trace-warnings ...` to show where the warning was created)[39m
[36mpackages/calibration[39m [96mtest[39m: [90m(node:47570) Warning: The 'NO_COLOR' env is ignored due to the 'FORCE_COLOR' env being set.[39m
[36mpackages/calibration[39m [96mtest[39m: [90m(Use `node --trace-warnings ...` to show where the warning was created)[39m
[36mpackages/calibration[39m [96mtest[39m: [90m(node:47584) Warning: The 'NO_COLOR' env is ignored due to the 'FORCE_COLOR' env being set.[39m
[36mpackages/calibration[39m [96mtest[39m: [90m(Use `node --trace-warnings ...` to show where the warning was created)[39m
[36mpackages/calibration[39m [96mtest[39m: [90m(node:47620) Warning: The 'NO_COLOR' env is ignored due to the 'FORCE_COLOR' env being set.[39m
[36mpackages/calibration[39m [96mtest[39m: [90m(Use `node --trace-warnings ...` to show where the warning was created)[39m
[36mpackages/calibration[39m [96mtest[39m: [90m(node:47624) Warning: The 'NO_COLOR' env is ignored due to the 'FORCE_COLOR' env being set.[39m
[36mpackages/calibration[39m [96mtest[39m: [90m(Use `node --trace-warnings ...` to show where the warning was created)[39m
[36mpackages/calibration[39m [96mtest[39m: [90m(node:47632) Warning: The 'NO_COLOR' env is ignored due to the 'FORCE_COLOR' env being set.[39m
[36mpackages/calibration[39m [96mtest[39m: [90m(Use `node --trace-warnings ...` to show where the warning was created)[39m
[36mpackages/calibration[39m [96mtest[39m: [90m(node:47651) Warning: The 'NO_COLOR' env is ignored due to the 'FORCE_COLOR' env being set.[39m
[36mpackages/calibration[39m [96mtest[39m: [90m(Use `node --trace-warnings ...` to show where the warning was created)[39m
[36mpackages/calibration[39m [96mtest[39m: [90m(node:47654) Warning: The 'NO_COLOR' env is ignored due to the 'FORCE_COLOR' env being set.[39m
[36mpackages/calibration[39m [96mtest[39m: [90m(Use `node --trace-warnings ...` to show where the warning was created)[39m
[36mpackages/calibration[39m [96mtest[39m: [90m(node:47661) Warning: The 'NO_COLOR' env is ignored due to the 'FORCE_COLOR' env being set.[39m
[36mpackages/calibration[39m [96mtest[39m: [90m(Use `node --trace-warnings ...` to show where the warning was created)[39m
[36mpackages/calibration[39m [96mtest[39m: [90m(node:47681) Warning: The 'NO_COLOR' env is ignored due to the 'FORCE_COLOR' env being set.[39m
[36mpackages/calibration[39m [96mtest[39m: [90m(Use `node --trace-warnings ...` to show where the warning was created)[39m
[36mpackages/calibration[39m [96mtest[39m: [90m(node:47700) Warning: The 'NO_COLOR' env is ignored due to the 'FORCE_COLOR' env being set.[39m
[36mpackages/calibration[39m [96mtest[39m: [90m(Use `node --trace-warnings ...` to show where the warning was created)[39m
[36mpackages/calibration[39m [96mtest[39m: [90m(node:47767) Warning: The 'NO_COLOR' env is ignored due to the 'FORCE_COLOR' env being set.[39m
[36mpackages/calibration[39m [96mtest[39m: [90m(Use `node --trace-warnings ...` to show where the warning was created)[39m
[36mpackages/calibration[39m [96mtest[39m: [90m(node:47788) Warning: The 'NO_COLOR' env is ignored due to the 'FORCE_COLOR' env being set.[39m
[36mpackages/calibration[39m [96mtest[39m: [90m(Use `node --trace-warnings ...` to show where the warning was created)[39m
[36mpackages/calibration[39m [96mtest[39m: [90m(node:47792) Warning: The 'NO_COLOR' env is ignored due to the 'FORCE_COLOR' env being set.[39m
[36mpackages/calibration[39m [96mtest[39m: [90m(Use `node --trace-warnings ...` to show where the warning was created)[39m
[36mpackages/calibration[39m [96mtest[39m: [90m(node:47812) Warning: The 'NO_COLOR' env is ignored due to the 'FORCE_COLOR' env being set.[39m
[36mpackages/calibration[39m [96mtest[39m: [90m(Use `node --trace-warnings ...` to show where the warning was created)[39m
[36mpackages/calibration[39m [96mtest[39m: [90m(node:47842) Warning: The 'NO_COLOR' env is ignored due to the 'FORCE_COLOR' env being set.[39m
[36mpackages/calibration[39m [96mtest[39m: [90m(Use `node --trace-warnings ...` to show where the warning was created)[39m
[36mpackages/calibration[39m [96mtest[39m: [90m(node:47846) Warning: The 'NO_COLOR' env is ignored due to the 'FORCE_COLOR' env being set.[39m
[36mpackages/calibration[39m [96mtest[39m: [90m(Use `node --trace-warnings ...` to show where the warning was created)[39m
[36mpackages/calibration[39m [96mtest[39m: [90m(node:47844) Warning: The 'NO_COLOR' env is ignored due to the 'FORCE_COLOR' env being set.[39m
[36mpackages/calibration[39m [96mtest[39m: [90m(Use `node --trace-warnings ...` to show where the warning was created)[39m
[36mpackages/calibration[39m [96mtest[39m: [90m(node:47859) Warning: The 'NO_COLOR' env is ignored due to the 'FORCE_COLOR' env being set.[39m
[36mpackages/calibration[39m [96mtest[39m: [90m(Use `node --trace-warnings ...` to show where the warning was created)[39m
[36mpackages/calibration[39m [96mtest[39m: [90m(node:47867) Warning: The 'NO_COLOR' env is ignored due to the 'FORCE_COLOR' env being set.[39m
[36mpackages/calibration[39m [96mtest[39m: [90m(Use `node --trace-warnings ...` to show where the warning was created)[39m
[36mpackages/calibration[39m [96mtest[39m: [90m(node:47869) Warning: The 'NO_COLOR' env is ignored due to the 'FORCE_COLOR' env being set.[39m
[36mpackages/calibration[39m [96mtest[39m: [90m(Use `node --trace-warnings ...` to show where the warning was created)[39m
[36mpackages/calibration[39m [96mtest[39m: [90m(node:47885) Warning: The 'NO_COLOR' env is ignored due to the 'FORCE_COLOR' env being set.[39m
[36mpackages/calibration[39m [96mtest[39m: [90m(Use `node --trace-warnings ...` to show where the warning was created)[39m
[36mpackages/calibration[39m [96mtest[39m: [90m(node:47897) Warning: The 'NO_COLOR' env is ignored due to the 'FORCE_COLOR' env being set.[39m
[36mpackages/calibration[39m [96mtest[39m: [90m(Use `node --trace-warnings ...` to show where the warning was created)[39m
[36mpackages/calibration[39m [96mtest[39m: [90m(node:47903) Warning: The 'NO_COLOR' env is ignored due to the 'FORCE_COLOR' env being set.[39m
[36mpackages/calibration[39m [96mtest[39m: [90m(Use `node --trace-warnings ...` to show where the warning was created)[39m
[36mpackages/calibration[39m [96mtest[39m:  Test Files  64 passed (64)
[36mpackages/calibration[39m [96mtest[39m:       Tests  961 passed | 4 skipped (965)
[36mpackages/calibration[39m [96mtest[39m:    Start at  09:27:52
[36mpackages/calibration[39m [96mtest[39m:    Duration  117.55s (transform 5.70s, setup 0ms, import 16.96s, tests 519.34s, environment 5ms)
[36mpackages/calibration[39m [96mtest[39m: Done
[34mapps/demo[39m [96mtest[39m$ vitest run
[34mapps/demo[39m [96mtest[39m: [90m(node:56688) Warning: The 'NO_COLOR' env is ignored due to the 'FORCE_COLOR' env being set.[39m
[34mapps/demo[39m [96mtest[39m: [90m(Use `node --trace-warnings ...` to show where the warning was created)[39m
[34mapps/demo[39m [96mtest[39m: [90m(!) Your Vite config uses features that are unsupported by `configLoader: 'native'`, which is planned to become the default in a future major version of Vite:[39m
[34mapps/demo[39m [96mtest[39m: [90m  - import "./profile" without a file extension (../../packages/calibration/src/material-selection.ts:30:33). Add the file extension[39m
[34mapps/demo[39m [96mtest[39m: [90m  - import "./report" without a file extension (../../packages/calibration/src/matrix-store.ts:10:57). Add the file extension[39m
[34mapps/demo[39m [96mtest[39m: [90m  - import "./matrix-write-guard" without a file extension (../../packages/calibration/src/matrix-store.ts:11:36). Add the file extension[39m
[34mapps/demo[39m [96mtest[39m: [90m  - import "./generation-stage" without a file extension (../../packages/calibration/src/matrix-write-guard.ts:9:35). Add the file extension[39m
[34mapps/demo[39m [96mtest[39m: [90m  - import "./errors" without a file extension (../../packages/calibration/src/report.ts:23:34). Add the file extension[39m
[34mapps/demo[39m [96mtest[39m: [90m  - import "./metrics/chroma" without a file extension (../../packages/calibration/src/report.ts:24:44). Add the file extension[39m
[34mapps/demo[39m [96mtest[39m: [90m  - import "./metrics/shape" without a file extension (../../packages/calibration/src/report.ts:25:67). Add the file extension[39m
[34mapps/demo[39m [96mtest[39m: [90m  - import "./metrics/material" without a file extension (../../packages/calibration/src/report.ts:33:8). Add the file extension[39m
[34mapps/demo[39m [96mtest[39m: [90m  - import "./metrics/motion" without a file extension (../../packages/calibration/src/report.ts:34:54). Add the file extension[39m
[34mapps/demo[39m [96mtest[39m: [90m  - import "./metrics/shadow" without a file extension (../../packages/calibration/src/report.ts:35:60). Add the file extension[39m
[34mapps/demo[39m [96mtest[39m: [90m  - import "./metrics/perceptual" without a file extension (../../packages/calibration/src/report.ts:41:8). Add the file extension[39m
[34mapps/demo[39m [96mtest[39m: [90m  - import "./profile" without a file extension (../../packages/calibration/src/report.ts:42:69). Add the file extension[39m
[34mapps/demo[39m [96mtest[39m: [90m  - import "./matrix-write-guard" without a file extension (../../packages/calibration/src/generation-stage.ts:6:57). Add the file extension[39m
[34mapps/demo[39m [96mtest[39m: [90m  - import "./matrix-store" without a file extension (../../packages/calibration/src/generation-stage.ts:8:58). Add the file extension[39m
[34mapps/demo[39m [96mtest[39m: [90m  - import "./report" without a file extension (../../packages/calibration/src/generation-stage.ts:9:57). Add the file extension[39m
[34mapps/demo[39m [96mtest[39m: [90m  - import "./material-selection" without a file extension (../../packages/calibration/src/generation-stage.ts:10:68). Add the file extension[39m
[34mapps/demo[39m [96mtest[39m: [90m  - import "./document-position" without a file extension (../../packages/calibration/src/generation-stage.ts:11:59). Add the file extension[39m
[34mapps/demo[39m [96mtest[39m: [90m  - import "./material-selection" without a file extension (../../packages/calibration/src/document-position.ts:26:8). Add the file extension[39m
[34mapps/demo[39m [96mtest[39m: [90mSet `VITE_CONFIG_NATIVE_IGNORE_WARNING=true` to suppress this warning.[39m
[34mapps/demo[39m [96mtest[39m:  RUN  v4.1.11 /Users/new/vitrea-w50/g0/apps/demo
[34mapps/demo[39m [96mtest[39m: [90m(node:56696) Warning: The 'NO_COLOR' env is ignored due to the 'FORCE_COLOR' env being set.[39m
[34mapps/demo[39m [96mtest[39m: [90m(Use `node --trace-warnings ...` to show where the warning was created)[39m
[34mapps/demo[39m [96mtest[39m: [90m(node:56697) Warning: The 'NO_COLOR' env is ignored due to the 'FORCE_COLOR' env being set.[39m
[34mapps/demo[39m [96mtest[39m: [90m(Use `node --trace-warnings ...` to show where the warning was created)[39m
[34mapps/demo[39m [96mtest[39m: [90m(node:56699) Warning: The 'NO_COLOR' env is ignored due to the 'FORCE_COLOR' env being set.[39m
[34mapps/demo[39m [96mtest[39m: [90m(Use `node --trace-warnings ...` to show where the warning was created)[39m
[34mapps/demo[39m [96mtest[39m: [90m(node:56695) Warning: The 'NO_COLOR' env is ignored due to the 'FORCE_COLOR' env being set.[39m
[34mapps/demo[39m [96mtest[39m: [90m(Use `node --trace-warnings ...` to show where the warning was created)[39m
[34mapps/demo[39m [96mtest[39m: [90m(node:56700) Warning: The 'NO_COLOR' env is ignored due to the 'FORCE_COLOR' env being set.[39m
[34mapps/demo[39m [96mtest[39m: [90m(Use `node --trace-warnings ...` to show where the warning was created)[39m
[34mapps/demo[39m [96mtest[39m: [90m(node:56698) Warning: The 'NO_COLOR' env is ignored due to the 'FORCE_COLOR' env being set.[39m
[34mapps/demo[39m [96mtest[39m: [90m(Use `node --trace-warnings ...` to show where the warning was created)[39m
[34mapps/demo[39m [96mtest[39m: [90m(node:56694) Warning: The 'NO_COLOR' env is ignored due to the 'FORCE_COLOR' env being set.[39m
[34mapps/demo[39m [96mtest[39m: [90m(Use `node --trace-warnings ...` to show where the warning was created)[39m
[34mapps/demo[39m [96mtest[39m: [90m(node:56701) Warning: The 'NO_COLOR' env is ignored due to the 'FORCE_COLOR' env being set.[39m
[34mapps/demo[39m [96mtest[39m: [90m(Use `node --trace-warnings ...` to show where the warning was created)[39m
[34mapps/demo[39m [96mtest[39m:  Test Files  8 passed (8)
[34mapps/demo[39m [96mtest[39m:       Tests  123 passed (123)
[34mapps/demo[39m [96mtest[39m:    Start at  09:29:50
[34mapps/demo[39m [96mtest[39m:    Duration  5.19s (transform 6.45s, setup 0ms, import 8.65s, tests 3.32s, environment 0ms)
[34mapps/demo[39m [96mtest[39m: Done
(node:39298) Warning: The 'NO_COLOR' env is ignored due to the 'FORCE_COLOR' env being set.
(Use `node --trace-warnings ...` to show where the warning was created)
