
Running 34 tests using 1 worker

  ✓   1 [chromium-gpu] › e2e/golden/isolation.spec.ts:916:5 › @golden the goldens move only through the named profile seam › field-mask renders its pinned bytes from the named profile (512ms)
  ✓   2 [chromium-gpu] › e2e/golden/isolation.spec.ts:916:5 › @golden the goldens move only through the named profile seam › refraction-checkerboard renders its pinned bytes from the named profile (305ms)
  ✓   3 [chromium-gpu] › e2e/golden/isolation.spec.ts:916:5 › @golden the goldens move only through the named profile seam › body-ramp-1x renders its pinned bytes from the named profile (256ms)
  ✓   4 [chromium-gpu] › e2e/golden/isolation.spec.ts:916:5 › @golden the goldens move only through the named profile seam › placed-checkerboard renders its pinned bytes from the named profile (267ms)
  ✓   5 [chromium-gpu] › e2e/golden/isolation.spec.ts:916:5 › @golden the goldens move only through the named profile seam › lens-size-scaling renders its pinned bytes from the named profile (284ms)
  ✓   6 [chromium-gpu] › e2e/golden/isolation.spec.ts:916:5 › @golden the goldens move only through the named profile seam › tint-adaptation-light renders its pinned bytes from the named profile (277ms)
  ✓   7 [chromium-gpu] › e2e/golden/isolation.spec.ts:916:5 › @golden the goldens move only through the named profile seam › tint-adaptation-dark renders its pinned bytes from the named profile (277ms)
  ✓   8 [chromium-gpu] › e2e/golden/isolation.spec.ts:916:5 › @golden the goldens move only through the named profile seam › rim-two-references renders its pinned bytes from the named profile (319ms)
  ✓   9 [chromium-gpu] › e2e/golden/isolation.spec.ts:916:5 › @golden the goldens move only through the named profile seam › concentric-nesting renders its pinned bytes from the named profile (289ms)
  ✓  10 [chromium-gpu] › e2e/golden/isolation.spec.ts:916:5 › @golden the goldens move only through the named profile seam › union-pair renders its pinned bytes from the named profile (271ms)
  ✓  11 [chromium-gpu] › e2e/golden/isolation.spec.ts:916:5 › @golden the goldens move only through the named profile seam › collapsed-tone renders its pinned bytes from the named profile (383ms)
  ✓  12 [chromium-gpu] › e2e/golden/isolation.spec.ts:916:5 › @golden the goldens move only through the named profile seam › collapsed-tone-textured renders its pinned bytes from the named profile (308ms)
  ✓  13 [chromium-gpu] › e2e/golden/isolation.spec.ts:916:5 › @golden the goldens move only through the named profile seam › highlight-press-glow renders its pinned bytes from the named profile (321ms)
  ✓  14 [chromium-gpu] › e2e/golden/isolation.spec.ts:936:3 › @golden the goldens move only through the named profile seam › the outer shadow is the whole of W8's delta — it draws, and only there (281ms)
  ✓  15 [chromium-gpu] › e2e/golden/isolation.spec.ts:1029:3 › @golden the goldens move only through the named profile seam › the geometry change is confined to the scenes it can reach (1ms)
  ✓  16 [chromium-gpu] › e2e/golden/isolation.spec.ts:1045:3 › @golden the goldens move only through the named profile seam › the 1x pin carries the depth ramp — its fail-before record (259ms)
  ✓  17 [chromium-gpu] › e2e/golden/isolation.spec.ts:1077:3 › @golden the goldens move only through the named profile seam › and the tuned profile is not the old one — the proof is not vacuous (315ms)
  ✓  18 [chromium-gpu] › e2e/golden/receded-tint.spec.ts:7:1 › @golden the inactive tint loses hue without losing its collapsed level (575ms)
  ✓  19 [chromium-gpu] › e2e/golden/scenes.spec.ts:49:5 › @golden sRGB-locked scenes › field-mask matches its golden (268ms)
  ✓  20 [chromium-gpu] › e2e/golden/scenes.spec.ts:49:5 › @golden sRGB-locked scenes › refraction-checkerboard matches its golden (273ms)
  ✓  21 [chromium-gpu] › e2e/golden/scenes.spec.ts:49:5 › @golden sRGB-locked scenes › body-ramp-1x matches its golden (255ms)
  ✓  22 [chromium-gpu] › e2e/golden/scenes.spec.ts:49:5 › @golden sRGB-locked scenes › placed-checkerboard matches its golden (276ms)
  ✓  23 [chromium-gpu] › e2e/golden/scenes.spec.ts:49:5 › @golden sRGB-locked scenes › lens-size-scaling matches its golden (276ms)
  ✓  24 [chromium-gpu] › e2e/golden/scenes.spec.ts:49:5 › @golden sRGB-locked scenes › tint-adaptation-light matches its golden (337ms)
  ✓  25 [chromium-gpu] › e2e/golden/scenes.spec.ts:49:5 › @golden sRGB-locked scenes › tint-adaptation-dark matches its golden (293ms)
  ✓  26 [chromium-gpu] › e2e/golden/scenes.spec.ts:49:5 › @golden sRGB-locked scenes › rim-two-references matches its golden (273ms)
  ✓  27 [chromium-gpu] › e2e/golden/scenes.spec.ts:49:5 › @golden sRGB-locked scenes › concentric-nesting matches its golden (271ms)
  ✓  28 [chromium-gpu] › e2e/golden/scenes.spec.ts:49:5 › @golden sRGB-locked scenes › union-pair matches its golden (282ms)
  ✓  29 [chromium-gpu] › e2e/golden/scenes.spec.ts:49:5 › @golden sRGB-locked scenes › collapsed-tone matches its golden (296ms)
  ✓  30 [chromium-gpu] › e2e/golden/scenes.spec.ts:49:5 › @golden sRGB-locked scenes › collapsed-tone-textured matches its golden (290ms)
  ✓  31 [chromium-gpu] › e2e/golden/scenes.spec.ts:49:5 › @golden sRGB-locked scenes › highlight-press-glow matches its golden (263ms)
  ✓  32 [chromium-gpu] › e2e/golden/scenes.spec.ts:91:3 › @golden the goldens are distinguishable › two scenes that should differ do differ (299ms)
  ✓  33 [chromium-gpu] › e2e/golden/scenes.spec.ts:112:3 › @golden acceptance #2 — lensing scales with surface size › a larger surface bends a deeper band of the same backdrop (274ms)
  ✓  34 [chromium-gpu] › e2e/golden/scenes.spec.ts:246:3 › @golden claims §5.47 — a backdrop is sampled where it sits › the placed render is the golden, and the cover-fit render is what it replaced (283ms)

  34 passed (13.0s)
(node:75272) Warning: The 'NO_COLOR' env is ignored due to the 'FORCE_COLOR' env being set.
(Use `node --trace-warnings ...` to show where the warning was created)
[2m$ playwright test --grep @golden[22m
(node:75300) Warning: The 'NO_COLOR' env is ignored due to the 'FORCE_COLOR' env being set.
(Use `node --trace-warnings ...` to show where the warning was created)
[WebServer] (node:75306) Warning: The 'NO_COLOR' env is ignored due to the 'FORCE_COLOR' env being set.
[WebServer] (Use `node --trace-warnings ...` to show where the warning was created)
[WebServer] (node:75346) Warning: The 'NO_COLOR' env is ignored due to the 'FORCE_COLOR' env being set.
[WebServer] (Use `node --trace-warnings ...` to show where the warning was created)
(node:75410) Warning: The 'NO_COLOR' env is ignored due to the 'FORCE_COLOR' env being set.
(Use `node --trace-warnings ...` to show where the warning was created)
