Scope: 9 of 10 workspace projects
[36mpackages/policy[39m [96mtest[39m$ vitest run
[35mpackages/motion[39m [96mtest[39m$ vitest run
[34mpackages/geometry[39m [96mtest[39m$ vitest run
[35mpackages/motion[39m [96mtest[39m: [90m(node:23777) Warning: The 'NO_COLOR' env is ignored due to the 'FORCE_COLOR' env being set.[39m
[35mpackages/motion[39m [96mtest[39m: [90m(Use `node --trace-warnings ...` to show where the warning was created)[39m
[36mpackages/policy[39m [96mtest[39m: [90m(node:23747) Warning: The 'NO_COLOR' env is ignored due to the 'FORCE_COLOR' env being set.[39m
[36mpackages/policy[39m [96mtest[39m: [90m(Use `node --trace-warnings ...` to show where the warning was created)[39m
[34mpackages/geometry[39m [96mtest[39m: [90m(node:23803) Warning: The 'NO_COLOR' env is ignored due to the 'FORCE_COLOR' env being set.[39m
[34mpackages/geometry[39m [96mtest[39m: [90m(Use `node --trace-warnings ...` to show where the warning was created)[39m
[35mpackages/motion[39m [96mtest[39m:  RUN  v4.1.11 /Users/new/vitrea-w50/g0/packages/motion
[34mpackages/geometry[39m [96mtest[39m:  RUN  v4.1.11 /Users/new/vitrea-w50/g0/packages/geometry
[36mpackages/policy[39m [96mtest[39m:  RUN  v4.1.11 /Users/new/vitrea-w50/g0/packages/policy
[35mpackages/motion[39m [96mtest[39m: [90m(node:23879) Warning: The 'NO_COLOR' env is ignored due to the 'FORCE_COLOR' env being set.[39m
[35mpackages/motion[39m [96mtest[39m: [90m(Use `node --trace-warnings ...` to show where the warning was created)[39m
[34mpackages/geometry[39m [96mtest[39m: [90m(node:23883) Warning: The 'NO_COLOR' env is ignored due to the 'FORCE_COLOR' env being set.[39m
[34mpackages/geometry[39m [96mtest[39m: [90m(Use `node --trace-warnings ...` to show where the warning was created)[39m
[35mpackages/motion[39m [96mtest[39m: [90m(node:23889) Warning: The 'NO_COLOR' env is ignored due to the 'FORCE_COLOR' env being set.[39m
[35mpackages/motion[39m [96mtest[39m: [90m(Use `node --trace-warnings ...` to show where the warning was created)[39m
[35mpackages/motion[39m [96mtest[39m: [90m(node:23877) Warning: The 'NO_COLOR' env is ignored due to the 'FORCE_COLOR' env being set.[39m
[35mpackages/motion[39m [96mtest[39m: [90m(Use `node --trace-warnings ...` to show where the warning was created)[39m
[35mpackages/motion[39m [96mtest[39m: [90m(node:23887) Warning: The 'NO_COLOR' env is ignored due to the 'FORCE_COLOR' env being set.[39m
[35mpackages/motion[39m [96mtest[39m: [90m(Use `node --trace-warnings ...` to show where the warning was created)[39m
[36mpackages/policy[39m [96mtest[39m: [90m(node:23880) Warning: The 'NO_COLOR' env is ignored due to the 'FORCE_COLOR' env being set.[39m
[36mpackages/policy[39m [96mtest[39m: [90m(Use `node --trace-warnings ...` to show where the warning was created)[39m
[34mpackages/geometry[39m [96mtest[39m: [90m(node:23884) Warning: The 'NO_COLOR' env is ignored due to the 'FORCE_COLOR' env being set.[39m
[34mpackages/geometry[39m [96mtest[39m: [90m(Use `node --trace-warnings ...` to show where the warning was created)[39m
[35mpackages/motion[39m [96mtest[39m: [90m(node:23875) Warning: The 'NO_COLOR' env is ignored due to the 'FORCE_COLOR' env being set.[39m
[35mpackages/motion[39m [96mtest[39m: [90m(Use `node --trace-warnings ...` to show where the warning was created)[39m
[36mpackages/policy[39m [96mtest[39m: [90m(node:23878) Warning: The 'NO_COLOR' env is ignored due to the 'FORCE_COLOR' env being set.[39m
[36mpackages/policy[39m [96mtest[39m: [90m(Use `node --trace-warnings ...` to show where the warning was created)[39m
[34mpackages/geometry[39m [96mtest[39m: [90m(node:23890) Warning: The 'NO_COLOR' env is ignored due to the 'FORCE_COLOR' env being set.[39m
[34mpackages/geometry[39m [96mtest[39m: [90m(Use `node --trace-warnings ...` to show where the warning was created)[39m
[35mpackages/motion[39m [96mtest[39m: [90m(node:23876) Warning: The 'NO_COLOR' env is ignored due to the 'FORCE_COLOR' env being set.[39m
[35mpackages/motion[39m [96mtest[39m: [90m(Use `node --trace-warnings ...` to show where the warning was created)[39m
[35mpackages/motion[39m [96mtest[39m: [90m(node:23882) Warning: The 'NO_COLOR' env is ignored due to the 'FORCE_COLOR' env being set.[39m
[35mpackages/motion[39m [96mtest[39m: [90m(Use `node --trace-warnings ...` to show where the warning was created)[39m
[35mpackages/motion[39m [96mtest[39m: [90m(node:23885) Warning: The 'NO_COLOR' env is ignored due to the 'FORCE_COLOR' env being set.[39m
[35mpackages/motion[39m [96mtest[39m: [90m(Use `node --trace-warnings ...` to show where the warning was created)[39m
[34mpackages/geometry[39m [96mtest[39m: [90m(node:23881) Warning: The 'NO_COLOR' env is ignored due to the 'FORCE_COLOR' env being set.[39m
[34mpackages/geometry[39m [96mtest[39m: [90m(Use `node --trace-warnings ...` to show where the warning was created)[39m
[35mpackages/motion[39m [96mtest[39m: [90m(node:23892) Warning: The 'NO_COLOR' env is ignored due to the 'FORCE_COLOR' env being set.[39m
[35mpackages/motion[39m [96mtest[39m: [90m(Use `node --trace-warnings ...` to show where the warning was created)[39m
[34mpackages/geometry[39m [96mtest[39m: [90m(node:23886) Warning: The 'NO_COLOR' env is ignored due to the 'FORCE_COLOR' env being set.[39m
[34mpackages/geometry[39m [96mtest[39m: [90m(Use `node --trace-warnings ...` to show where the warning was created)[39m
[34mpackages/geometry[39m [96mtest[39m: [90m(node:23894) Warning: The 'NO_COLOR' env is ignored due to the 'FORCE_COLOR' env being set.[39m
[34mpackages/geometry[39m [96mtest[39m: [90m(Use `node --trace-warnings ...` to show where the warning was created)[39m
[34mpackages/geometry[39m [96mtest[39m: [90m(node:23888) Warning: The 'NO_COLOR' env is ignored due to the 'FORCE_COLOR' env being set.[39m
[34mpackages/geometry[39m [96mtest[39m: [90m(Use `node --trace-warnings ...` to show where the warning was created)[39m
[34mpackages/geometry[39m [96mtest[39m: [90m(node:23891) Warning: The 'NO_COLOR' env is ignored due to the 'FORCE_COLOR' env being set.[39m
[34mpackages/geometry[39m [96mtest[39m: [90m(Use `node --trace-warnings ...` to show where the warning was created)[39m
[34mpackages/geometry[39m [96mtest[39m: [90m(node:23893) Warning: The 'NO_COLOR' env is ignored due to the 'FORCE_COLOR' env being set.[39m
[34mpackages/geometry[39m [96mtest[39m: [90m(Use `node --trace-warnings ...` to show where the warning was created)[39m
[36mpackages/policy[39m [96mtest[39m:  Test Files  2 passed (2)
[36mpackages/policy[39m [96mtest[39m:       Tests  23 passed (23)
[36mpackages/policy[39m [96mtest[39m:    Start at  08:21:01
[36mpackages/policy[39m [96mtest[39m:    Duration  314ms (transform 61ms, setup 0ms, import 103ms, tests 12ms, environment 0ms)
[36mpackages/policy[39m [96mtest[39m: Done
[35mpackages/motion[39m [96mtest[39m: [90m(node:23913) Warning: The 'NO_COLOR' env is ignored due to the 'FORCE_COLOR' env being set.[39m
[35mpackages/motion[39m [96mtest[39m: [90m(Use `node --trace-warnings ...` to show where the warning was created)[39m
[34mpackages/geometry[39m [96mtest[39m: [90m(node:23916) Warning: The 'NO_COLOR' env is ignored due to the 'FORCE_COLOR' env being set.[39m
[34mpackages/geometry[39m [96mtest[39m: [90m(Use `node --trace-warnings ...` to show where the warning was created)[39m
[34mpackages/geometry[39m [96mtest[39m: [90m(node:23918) Warning: The 'NO_COLOR' env is ignored due to the 'FORCE_COLOR' env being set.[39m
[34mpackages/geometry[39m [96mtest[39m: [90m(Use `node --trace-warnings ...` to show where the warning was created)[39m
[34mpackages/geometry[39m [96mtest[39m: [90m(node:23917) Warning: The 'NO_COLOR' env is ignored due to the 'FORCE_COLOR' env being set.[39m
[34mpackages/geometry[39m [96mtest[39m: [90m(Use `node --trace-warnings ...` to show where the warning was created)[39m
[34mpackages/geometry[39m [96mtest[39m: [90m(node:23919) Warning: The 'NO_COLOR' env is ignored due to the 'FORCE_COLOR' env being set.[39m
[34mpackages/geometry[39m [96mtest[39m: [90m(Use `node --trace-warnings ...` to show where the warning was created)[39m
[34mpackages/geometry[39m [96mtest[39m: [90m(node:23920) Warning: The 'NO_COLOR' env is ignored due to the 'FORCE_COLOR' env being set.[39m
[34mpackages/geometry[39m [96mtest[39m: [90m(Use `node --trace-warnings ...` to show where the warning was created)[39m
[35mpackages/motion[39m [96mtest[39m:  Test Files  10 passed (10)
[35mpackages/motion[39m [96mtest[39m:       Tests  164 passed (164)
[35mpackages/motion[39m [96mtest[39m:    Start at  08:21:01
[35mpackages/motion[39m [96mtest[39m:    Duration  869ms (transform 745ms, setup 0ms, import 1.29s, tests 631ms, environment 1ms)
[35mpackages/motion[39m [96mtest[39m: Done
[34mpackages/geometry[39m [96mtest[39m: === the crossing: Apple's dump against the reference construction at the same reach ===
[34mpackages/geometry[39m [96mtest[39m: 120x44    r*  14.3916  hausdorff  0.092982 px  = 0.00646086 r
[34mpackages/geometry[39m [96mtest[39m: 64x30     r*   9.8125  hausdorff  0.063450 px  = 0.00646621 r
[34mpackages/geometry[39m [96mtest[39m: 44x44     r*  14.3916  hausdorff  0.092982 px  = 0.00646086 r
[34mpackages/geometry[39m [96mtest[39m: 160x96    r*  31.3999  hausdorff  0.202744 px  = 0.00645684 r
[34mpackages/geometry[39m [96mtest[39m: 280x160   r*  52.3332  hausdorff  0.337875 px  = 0.00645622 r
[34mpackages/geometry[39m [96mtest[39m: contour step per 0.002 px of r across the crossing: 0.092906 px at r 14.3936
[34mpackages/geometry[39m [96mtest[39m: === the render path at 1x (device px) ===
[34mpackages/geometry[39m [96mtest[39m: shape                  r/min   declared  render r  render reach  spec r   sat  gap→declared  gap render↔spec
[34mpackages/geometry[39m [96mtest[39m: capsule-button         0.5000     22.00     22.00         22.00   22.00  YES        0.0000           0.0000
[34mpackages/geometry[39m [96mtest[39m: toolbar-group item     0.5000     22.00     22.00         22.00   22.00  YES        0.0000           0.0000
[34mpackages/geometry[39m [96mtest[39m: rrect-sm               0.2500      8.00      8.00         12.23    8.00   no        0.1104           0.0000
[34mpackages/geometry[39m [96mtest[39m: rrect-md               0.2083     20.00     20.00         30.57   20.00   no        0.2760           0.0000
[34mpackages/geometry[39m [96mtest[39m: rrect-ml               0.2109     27.00     27.00         41.27   27.00   no        0.3726           0.0000
[34mpackages/geometry[39m [96mtest[39m: rrect-lg               0.2125     34.00     34.00         51.97   34.00   no        0.4691           0.0000
[34mpackages/geometry[39m [96mtest[39m: glass-over-glass base  0.1846     24.00     24.00         36.69   24.00   no        0.3312           0.0000
[34mpackages/geometry[39m [96mtest[39m: glass-over-glass over  0.2857     16.00     16.00         24.46   16.00   no        0.2208           0.0000
[34mpackages/geometry[39m [96mtest[39m: === the render path at 2x (device px) ===
[34mpackages/geometry[39m [96mtest[39m: shape                  r/min   declared  render r  render reach  spec r   sat  gap→declared  gap render↔spec
[34mpackages/geometry[39m [96mtest[39m: capsule-button         0.5000     44.00     44.00         44.00   44.00  YES        0.0000           0.0000
[34mpackages/geometry[39m [96mtest[39m: toolbar-group item     0.5000     44.00     44.00         44.00   44.00  YES        0.0000           0.0000
[34mpackages/geometry[39m [96mtest[39m: rrect-sm               0.2500     16.00     16.00         24.46   16.00   no        0.2208           0.0000
[34mpackages/geometry[39m [96mtest[39m: rrect-md               0.2083     40.00     40.00         61.15   40.00   no        0.5519           0.0000
[34mpackages/geometry[39m [96mtest[39m: rrect-ml               0.2109     54.00     54.00         82.55   54.00   no        0.7451           0.0000
[34mpackages/geometry[39m [96mtest[39m: rrect-lg               0.2125     68.00     68.00        103.95   68.00   no        0.9383           0.0000
[34mpackages/geometry[39m [96mtest[39m: glass-over-glass base  0.1846     48.00     48.00         73.38   48.00   no        0.6623           0.0000
[34mpackages/geometry[39m [96mtest[39m: glass-over-glass over  0.2857     32.00     32.00         48.92   32.00   no        0.4416           0.0000
[34mpackages/geometry[39m [96mtest[39m: === DEFAULT_HOST_SHAPE radius 12, 200 x h ===
[34mpackages/geometry[39m [96mtest[39m: h  24  drawn r  12.0000  s_eff 0.0000  radius lost 0.0000 CSS px
[34mpackages/geometry[39m [96mtest[39m: h  32  drawn r  12.0000  s_eff 0.3333  radius lost 0.0000 CSS px
[34mpackages/geometry[39m [96mtest[39m: h  36  drawn r  12.0000  s_eff 0.5000  radius lost 0.0000 CSS px
[34mpackages/geometry[39m [96mtest[39m: h  40  drawn r  12.0000  s_eff 0.5287  radius lost 0.0000 CSS px
[34mpackages/geometry[39m [96mtest[39m: h  48  drawn r  12.0000  s_eff 0.5287  radius lost 0.0000 CSS px
[34mpackages/geometry[39m [96mtest[39m:  Test Files  14 passed (14)
[34mpackages/geometry[39m [96mtest[39m:       Tests  170 passed (170)
[34mpackages/geometry[39m [96mtest[39m:    Start at  08:21:01
[34mpackages/geometry[39m [96mtest[39m:    Duration  11.46s (transform 1.47s, setup 0ms, import 10.35s, tests 14.28s, environment 1ms)
[34mpackages/geometry[39m [96mtest[39m: Done
[33mpackages/renderer-webgpu[39m [96mtest[39m$ vitest run
[33mpackages/renderer-webgpu[39m [96mtest[39m: [90m(node:24723) Warning: The 'NO_COLOR' env is ignored due to the 'FORCE_COLOR' env being set.[39m
[33mpackages/renderer-webgpu[39m [96mtest[39m: [90m(Use `node --trace-warnings ...` to show where the warning was created)[39m
[33mpackages/renderer-webgpu[39m [96mtest[39m:  RUN  v4.1.11 /Users/new/vitrea-w50/g0/packages/renderer-webgpu
[33mpackages/renderer-webgpu[39m [96mtest[39m: [90m(node:24782) Warning: The 'NO_COLOR' env is ignored due to the 'FORCE_COLOR' env being set.[39m
[33mpackages/renderer-webgpu[39m [96mtest[39m: [90m(Use `node --trace-warnings ...` to show where the warning was created)[39m
[33mpackages/renderer-webgpu[39m [96mtest[39m: [90m(node:24784) Warning: The 'NO_COLOR' env is ignored due to the 'FORCE_COLOR' env being set.[39m
[33mpackages/renderer-webgpu[39m [96mtest[39m: [90m(Use `node --trace-warnings ...` to show where the warning was created)[39m
[33mpackages/renderer-webgpu[39m [96mtest[39m: [90m(node:24787) Warning: The 'NO_COLOR' env is ignored due to the 'FORCE_COLOR' env being set.[39m
[33mpackages/renderer-webgpu[39m [96mtest[39m: [90m(Use `node --trace-warnings ...` to show where the warning was created)[39m
[33mpackages/renderer-webgpu[39m [96mtest[39m: [90m(node:24785) Warning: The 'NO_COLOR' env is ignored due to the 'FORCE_COLOR' env being set.[39m
[33mpackages/renderer-webgpu[39m [96mtest[39m: [90m(Use `node --trace-warnings ...` to show where the warning was created)[39m
[33mpackages/renderer-webgpu[39m [96mtest[39m: [90m(node:24781) Warning: The 'NO_COLOR' env is ignored due to the 'FORCE_COLOR' env being set.[39m
[33mpackages/renderer-webgpu[39m [96mtest[39m: [90m(Use `node --trace-warnings ...` to show where the warning was created)[39m
[33mpackages/renderer-webgpu[39m [96mtest[39m: [90m(node:24783) Warning: The 'NO_COLOR' env is ignored due to the 'FORCE_COLOR' env being set.[39m
[33mpackages/renderer-webgpu[39m [96mtest[39m: [90m(Use `node --trace-warnings ...` to show where the warning was created)[39m
[33mpackages/renderer-webgpu[39m [96mtest[39m: [90m(node:24779) Warning: The 'NO_COLOR' env is ignored due to the 'FORCE_COLOR' env being set.[39m
[33mpackages/renderer-webgpu[39m [96mtest[39m: [90m(Use `node --trace-warnings ...` to show where the warning was created)[39m
[33mpackages/renderer-webgpu[39m [96mtest[39m: [90m(node:24780) Warning: The 'NO_COLOR' env is ignored due to the 'FORCE_COLOR' env being set.[39m
[33mpackages/renderer-webgpu[39m [96mtest[39m: [90m(Use `node --trace-warnings ...` to show where the warning was created)[39m
[33mpackages/renderer-webgpu[39m [96mtest[39m: [90m(node:24786) Warning: The 'NO_COLOR' env is ignored due to the 'FORCE_COLOR' env being set.[39m
[33mpackages/renderer-webgpu[39m [96mtest[39m: [90m(Use `node --trace-warnings ...` to show where the warning was created)[39m
[33mpackages/renderer-webgpu[39m [96mtest[39m: [90m(node:24810) Warning: The 'NO_COLOR' env is ignored due to the 'FORCE_COLOR' env being set.[39m
[33mpackages/renderer-webgpu[39m [96mtest[39m: [90m(Use `node --trace-warnings ...` to show where the warning was created)[39m
[33mpackages/renderer-webgpu[39m [96mtest[39m: [90m(node:24811) Warning: The 'NO_COLOR' env is ignored due to the 'FORCE_COLOR' env being set.[39m
[33mpackages/renderer-webgpu[39m [96mtest[39m: [90m(Use `node --trace-warnings ...` to show where the warning was created)[39m
[33mpackages/renderer-webgpu[39m [96mtest[39m: [90m(node:24823) Warning: The 'NO_COLOR' env is ignored due to the 'FORCE_COLOR' env being set.[39m
[33mpackages/renderer-webgpu[39m [96mtest[39m: [90m(Use `node --trace-warnings ...` to show where the warning was created)[39m
[33mpackages/renderer-webgpu[39m [96mtest[39m: [90m(node:24826) Warning: The 'NO_COLOR' env is ignored due to the 'FORCE_COLOR' env being set.[39m
[33mpackages/renderer-webgpu[39m [96mtest[39m: [90m(Use `node --trace-warnings ...` to show where the warning was created)[39m
[33mpackages/renderer-webgpu[39m [96mtest[39m: [90m(node:24830) Warning: The 'NO_COLOR' env is ignored due to the 'FORCE_COLOR' env being set.[39m
[33mpackages/renderer-webgpu[39m [96mtest[39m: [90m(Use `node --trace-warnings ...` to show where the warning was created)[39m
[33mpackages/renderer-webgpu[39m [96mtest[39m: [90m(node:24834) Warning: The 'NO_COLOR' env is ignored due to the 'FORCE_COLOR' env being set.[39m
[33mpackages/renderer-webgpu[39m [96mtest[39m: [90m(Use `node --trace-warnings ...` to show where the warning was created)[39m
[33mpackages/renderer-webgpu[39m [96mtest[39m: [90m(node:24837) Warning: The 'NO_COLOR' env is ignored due to the 'FORCE_COLOR' env being set.[39m
[33mpackages/renderer-webgpu[39m [96mtest[39m: [90m(Use `node --trace-warnings ...` to show where the warning was created)[39m
[33mpackages/renderer-webgpu[39m [96mtest[39m: [90m(node:24843) Warning: The 'NO_COLOR' env is ignored due to the 'FORCE_COLOR' env being set.[39m
[33mpackages/renderer-webgpu[39m [96mtest[39m: [90m(Use `node --trace-warnings ...` to show where the warning was created)[39m
[33mpackages/renderer-webgpu[39m [96mtest[39m: [90m(node:24880) Warning: The 'NO_COLOR' env is ignored due to the 'FORCE_COLOR' env being set.[39m
[33mpackages/renderer-webgpu[39m [96mtest[39m: [90m(Use `node --trace-warnings ...` to show where the warning was created)[39m
[33mpackages/renderer-webgpu[39m [96mtest[39m: [90m(node:24897) Warning: The 'NO_COLOR' env is ignored due to the 'FORCE_COLOR' env being set.[39m
[33mpackages/renderer-webgpu[39m [96mtest[39m: [90m(Use `node --trace-warnings ...` to show where the warning was created)[39m
[33mpackages/renderer-webgpu[39m [96mtest[39m: [90m(node:24906) Warning: The 'NO_COLOR' env is ignored due to the 'FORCE_COLOR' env being set.[39m
[33mpackages/renderer-webgpu[39m [96mtest[39m: [90m(Use `node --trace-warnings ...` to show where the warning was created)[39m
[33mpackages/renderer-webgpu[39m [96mtest[39m: [90m(node:24916) Warning: The 'NO_COLOR' env is ignored due to the 'FORCE_COLOR' env being set.[39m
[33mpackages/renderer-webgpu[39m [96mtest[39m: [90m(Use `node --trace-warnings ...` to show where the warning was created)[39m
[33mpackages/renderer-webgpu[39m [96mtest[39m: [90m(node:24921) Warning: The 'NO_COLOR' env is ignored due to the 'FORCE_COLOR' env being set.[39m
[33mpackages/renderer-webgpu[39m [96mtest[39m: [90m(Use `node --trace-warnings ...` to show where the warning was created)[39m
[33mpackages/renderer-webgpu[39m [96mtest[39m: [90m(node:24923) Warning: The 'NO_COLOR' env is ignored due to the 'FORCE_COLOR' env being set.[39m
[33mpackages/renderer-webgpu[39m [96mtest[39m: [90m(Use `node --trace-warnings ...` to show where the warning was created)[39m
[33mpackages/renderer-webgpu[39m [96mtest[39m: [90m(node:24925) Warning: The 'NO_COLOR' env is ignored due to the 'FORCE_COLOR' env being set.[39m
[33mpackages/renderer-webgpu[39m [96mtest[39m: [90m(Use `node --trace-warnings ...` to show where the warning was created)[39m
[33mpackages/renderer-webgpu[39m [96mtest[39m: [90m(node:24932) Warning: The 'NO_COLOR' env is ignored due to the 'FORCE_COLOR' env being set.[39m
[33mpackages/renderer-webgpu[39m [96mtest[39m: [90m(Use `node --trace-warnings ...` to show where the warning was created)[39m
[33mpackages/renderer-webgpu[39m [96mtest[39m: [90m(node:24931) Warning: The 'NO_COLOR' env is ignored due to the 'FORCE_COLOR' env being set.[39m
[33mpackages/renderer-webgpu[39m [96mtest[39m: [90m(Use `node --trace-warnings ...` to show where the warning was created)[39m
[33mpackages/renderer-webgpu[39m [96mtest[39m: [90m(node:24940) Warning: The 'NO_COLOR' env is ignored due to the 'FORCE_COLOR' env being set.[39m
[33mpackages/renderer-webgpu[39m [96mtest[39m: [90m(Use `node --trace-warnings ...` to show where the warning was created)[39m
[33mpackages/renderer-webgpu[39m [96mtest[39m: [90m(node:24935) Warning: The 'NO_COLOR' env is ignored due to the 'FORCE_COLOR' env being set.[39m
[33mpackages/renderer-webgpu[39m [96mtest[39m: [90m(Use `node --trace-warnings ...` to show where the warning was created)[39m
[33mpackages/renderer-webgpu[39m [96mtest[39m: [90m(node:24952) Warning: The 'NO_COLOR' env is ignored due to the 'FORCE_COLOR' env being set.[39m
[33mpackages/renderer-webgpu[39m [96mtest[39m: [90m(Use `node --trace-warnings ...` to show where the warning was created)[39m
[33mpackages/renderer-webgpu[39m [96mtest[39m: [90m(node:24950) Warning: The 'NO_COLOR' env is ignored due to the 'FORCE_COLOR' env being set.[39m
[33mpackages/renderer-webgpu[39m [96mtest[39m: [90m(Use `node --trace-warnings ...` to show where the warning was created)[39m
[33mpackages/renderer-webgpu[39m [96mtest[39m: [90m(node:24951) Warning: The 'NO_COLOR' env is ignored due to the 'FORCE_COLOR' env being set.[39m
[33mpackages/renderer-webgpu[39m [96mtest[39m: [90m(Use `node --trace-warnings ...` to show where the warning was created)[39m
[33mpackages/renderer-webgpu[39m [96mtest[39m: [90m(node:24957) Warning: The 'NO_COLOR' env is ignored due to the 'FORCE_COLOR' env being set.[39m
[33mpackages/renderer-webgpu[39m [96mtest[39m: [90m(Use `node --trace-warnings ...` to show where the warning was created)[39m
[33mpackages/renderer-webgpu[39m [96mtest[39m: [90m(node:24955) Warning: The 'NO_COLOR' env is ignored due to the 'FORCE_COLOR' env being set.[39m
[33mpackages/renderer-webgpu[39m [96mtest[39m: [90m(Use `node --trace-warnings ...` to show where the warning was created)[39m
[33mpackages/renderer-webgpu[39m [96mtest[39m: [90m(node:24959) Warning: The 'NO_COLOR' env is ignored due to the 'FORCE_COLOR' env being set.[39m
[33mpackages/renderer-webgpu[39m [96mtest[39m: [90m(Use `node --trace-warnings ...` to show where the warning was created)[39m
[33mpackages/renderer-webgpu[39m [96mtest[39m: [90m(node:24964) Warning: The 'NO_COLOR' env is ignored due to the 'FORCE_COLOR' env being set.[39m
[33mpackages/renderer-webgpu[39m [96mtest[39m: [90m(Use `node --trace-warnings ...` to show where the warning was created)[39m
[33mpackages/renderer-webgpu[39m [96mtest[39m: [90m(node:24963) Warning: The 'NO_COLOR' env is ignored due to the 'FORCE_COLOR' env being set.[39m
[33mpackages/renderer-webgpu[39m [96mtest[39m: [90m(Use `node --trace-warnings ...` to show where the warning was created)[39m
[33mpackages/renderer-webgpu[39m [96mtest[39m: [90m(node:24966) Warning: The 'NO_COLOR' env is ignored due to the 'FORCE_COLOR' env being set.[39m
[33mpackages/renderer-webgpu[39m [96mtest[39m: [90m(Use `node --trace-warnings ...` to show where the warning was created)[39m
[33mpackages/renderer-webgpu[39m [96mtest[39m: [90m(node:24970) Warning: The 'NO_COLOR' env is ignored due to the 'FORCE_COLOR' env being set.[39m
[33mpackages/renderer-webgpu[39m [96mtest[39m: [90m(Use `node --trace-warnings ...` to show where the warning was created)[39m
[33mpackages/renderer-webgpu[39m [96mtest[39m: [90m(node:24972) Warning: The 'NO_COLOR' env is ignored due to the 'FORCE_COLOR' env being set.[39m
[33mpackages/renderer-webgpu[39m [96mtest[39m: [90m(Use `node --trace-warnings ...` to show where the warning was created)[39m
[33mpackages/renderer-webgpu[39m [96mtest[39m: [90m(node:24978) Warning: The 'NO_COLOR' env is ignored due to the 'FORCE_COLOR' env being set.[39m
[33mpackages/renderer-webgpu[39m [96mtest[39m: [90m(Use `node --trace-warnings ...` to show where the warning was created)[39m
[33mpackages/renderer-webgpu[39m [96mtest[39m: [90m(node:24979) Warning: The 'NO_COLOR' env is ignored due to the 'FORCE_COLOR' env being set.[39m
[33mpackages/renderer-webgpu[39m [96mtest[39m: [90m(Use `node --trace-warnings ...` to show where the warning was created)[39m
[33mpackages/renderer-webgpu[39m [96mtest[39m:  Test Files  41 passed (41)
[33mpackages/renderer-webgpu[39m [96mtest[39m:       Tests  696 passed (696)
[33mpackages/renderer-webgpu[39m [96mtest[39m:    Start at  08:21:13
[33mpackages/renderer-webgpu[39m [96mtest[39m:    Duration  1.52s (transform 2.29s, setup 339ms, import 4.97s, tests 2.91s, environment 2ms)
[33mpackages/renderer-webgpu[39m [96mtest[39m: Done
[32mpackages/core[39m [96mtest[39m$ vitest run
[32mpackages/core[39m [96mtest[39m: [90m(node:25018) Warning: The 'NO_COLOR' env is ignored due to the 'FORCE_COLOR' env being set.[39m
[32mpackages/core[39m [96mtest[39m: [90m(Use `node --trace-warnings ...` to show where the warning was created)[39m
[32mpackages/core[39m [96mtest[39m:  RUN  v4.1.11 /Users/new/vitrea-w50/g0/packages/core
[32mpackages/core[39m [96mtest[39m: [90m(node:25055) Warning: The 'NO_COLOR' env is ignored due to the 'FORCE_COLOR' env being set.[39m
[32mpackages/core[39m [96mtest[39m: [90m(Use `node --trace-warnings ...` to show where the warning was created)[39m
[32mpackages/core[39m [96mtest[39m: [90m(node:25056) Warning: The 'NO_COLOR' env is ignored due to the 'FORCE_COLOR' env being set.[39m
[32mpackages/core[39m [96mtest[39m: [90m(Use `node --trace-warnings ...` to show where the warning was created)[39m
[32mpackages/core[39m [96mtest[39m: [90m(node:25054) Warning: The 'NO_COLOR' env is ignored due to the 'FORCE_COLOR' env being set.[39m
[32mpackages/core[39m [96mtest[39m: [90m(Use `node --trace-warnings ...` to show where the warning was created)[39m
[32mpackages/core[39m [96mtest[39m: [90m(node:25062) Warning: The 'NO_COLOR' env is ignored due to the 'FORCE_COLOR' env being set.[39m
[32mpackages/core[39m [96mtest[39m: [90m(Use `node --trace-warnings ...` to show where the warning was created)[39m
[32mpackages/core[39m [96mtest[39m: [90m(node:25063) Warning: The 'NO_COLOR' env is ignored due to the 'FORCE_COLOR' env being set.[39m
[32mpackages/core[39m [96mtest[39m: [90m(Use `node --trace-warnings ...` to show where the warning was created)[39m
[32mpackages/core[39m [96mtest[39m: [90m(node:25060) Warning: The 'NO_COLOR' env is ignored due to the 'FORCE_COLOR' env being set.[39m
[32mpackages/core[39m [96mtest[39m: [90m(Use `node --trace-warnings ...` to show where the warning was created)[39m
[32mpackages/core[39m [96mtest[39m: [90m(node:25059) Warning: The 'NO_COLOR' env is ignored due to the 'FORCE_COLOR' env being set.[39m
[32mpackages/core[39m [96mtest[39m: [90m(Use `node --trace-warnings ...` to show where the warning was created)[39m
[32mpackages/core[39m [96mtest[39m: [90m(node:25061) Warning: The 'NO_COLOR' env is ignored due to the 'FORCE_COLOR' env being set.[39m
[32mpackages/core[39m [96mtest[39m: [90m(Use `node --trace-warnings ...` to show where the warning was created)[39m
[32mpackages/core[39m [96mtest[39m: [90m(node:25058) Warning: The 'NO_COLOR' env is ignored due to the 'FORCE_COLOR' env being set.[39m
[32mpackages/core[39m [96mtest[39m: [90m(Use `node --trace-warnings ...` to show where the warning was created)[39m
[32mpackages/core[39m [96mtest[39m: [90m(node:25072) Warning: The 'NO_COLOR' env is ignored due to the 'FORCE_COLOR' env being set.[39m
[32mpackages/core[39m [96mtest[39m: [90m(Use `node --trace-warnings ...` to show where the warning was created)[39m
[32mpackages/core[39m [96mtest[39m: [90m(node:25074) Warning: The 'NO_COLOR' env is ignored due to the 'FORCE_COLOR' env being set.[39m
[32mpackages/core[39m [96mtest[39m: [90m(Use `node --trace-warnings ...` to show where the warning was created)[39m
[32mpackages/core[39m [96mtest[39m: [90m(node:25077) Warning: The 'NO_COLOR' env is ignored due to the 'FORCE_COLOR' env being set.[39m
[32mpackages/core[39m [96mtest[39m: [90m(Use `node --trace-warnings ...` to show where the warning was created)[39m
[32mpackages/core[39m [96mtest[39m: [90m(node:25073) Warning: The 'NO_COLOR' env is ignored due to the 'FORCE_COLOR' env being set.[39m
[32mpackages/core[39m [96mtest[39m: [90m(Use `node --trace-warnings ...` to show where the warning was created)[39m
[32mpackages/core[39m [96mtest[39m: [90m(node:25076) Warning: The 'NO_COLOR' env is ignored due to the 'FORCE_COLOR' env being set.[39m
[32mpackages/core[39m [96mtest[39m: [90m(Use `node --trace-warnings ...` to show where the warning was created)[39m
[32mpackages/core[39m [96mtest[39m: [90m(node:25078) Warning: The 'NO_COLOR' env is ignored due to the 'FORCE_COLOR' env being set.[39m
[32mpackages/core[39m [96mtest[39m: [90m(Use `node --trace-warnings ...` to show where the warning was created)[39m
[32mpackages/core[39m [96mtest[39m: [90m(node:25106) Warning: The 'NO_COLOR' env is ignored due to the 'FORCE_COLOR' env being set.[39m
[32mpackages/core[39m [96mtest[39m: [90m(Use `node --trace-warnings ...` to show where the warning was created)[39m
[32mpackages/core[39m [96mtest[39m:  Test Files  16 passed (16)
[32mpackages/core[39m [96mtest[39m:       Tests  304 passed (304)
[32mpackages/core[39m [96mtest[39m:    Start at  08:21:15
[32mpackages/core[39m [96mtest[39m:    Duration  2.68s (transform 1.59s, setup 0ms, import 2.17s, tests 3.72s, environment 1ms)
[32mpackages/core[39m [96mtest[39m: Done
[31mpackages/platform-web[39m [96mtest[39m$ vitest run
[31mpackages/platform-web[39m [96mtest[39m: [90m(node:25341) Warning: The 'NO_COLOR' env is ignored due to the 'FORCE_COLOR' env being set.[39m
[31mpackages/platform-web[39m [96mtest[39m: [90m(Use `node --trace-warnings ...` to show where the warning was created)[39m
[31mpackages/platform-web[39m [96mtest[39m:  RUN  v4.1.11 /Users/new/vitrea-w50/g0/packages/platform-web
[31mpackages/platform-web[39m [96mtest[39m: [90m(node:25348) Warning: The 'NO_COLOR' env is ignored due to the 'FORCE_COLOR' env being set.[39m
[31mpackages/platform-web[39m [96mtest[39m: [90m(Use `node --trace-warnings ...` to show where the warning was created)[39m
[31mpackages/platform-web[39m [96mtest[39m: [90m(node:25350) Warning: The 'NO_COLOR' env is ignored due to the 'FORCE_COLOR' env being set.[39m
[31mpackages/platform-web[39m [96mtest[39m: [90m(Use `node --trace-warnings ...` to show where the warning was created)[39m
[31mpackages/platform-web[39m [96mtest[39m: [90m(node:25352) Warning: The 'NO_COLOR' env is ignored due to the 'FORCE_COLOR' env being set.[39m
[31mpackages/platform-web[39m [96mtest[39m: [90m(Use `node --trace-warnings ...` to show where the warning was created)[39m
[31mpackages/platform-web[39m [96mtest[39m: [90m(node:25353) Warning: The 'NO_COLOR' env is ignored due to the 'FORCE_COLOR' env being set.[39m
[31mpackages/platform-web[39m [96mtest[39m: [90m(Use `node --trace-warnings ...` to show where the warning was created)[39m
[31mpackages/platform-web[39m [96mtest[39m: [90m(node:25349) Warning: The 'NO_COLOR' env is ignored due to the 'FORCE_COLOR' env being set.[39m
[31mpackages/platform-web[39m [96mtest[39m: [90m(Use `node --trace-warnings ...` to show where the warning was created)[39m
[31mpackages/platform-web[39m [96mtest[39m: [90m(node:25351) Warning: The 'NO_COLOR' env is ignored due to the 'FORCE_COLOR' env being set.[39m
[31mpackages/platform-web[39m [96mtest[39m: [90m(Use `node --trace-warnings ...` to show where the warning was created)[39m
[31mpackages/platform-web[39m [96mtest[39m: [90m(node:25347) Warning: The 'NO_COLOR' env is ignored due to the 'FORCE_COLOR' env being set.[39m
[31mpackages/platform-web[39m [96mtest[39m: [90m(Use `node --trace-warnings ...` to show where the warning was created)[39m
[31mpackages/platform-web[39m [96mtest[39m: [90m(node:25355) Warning: The 'NO_COLOR' env is ignored due to the 'FORCE_COLOR' env being set.[39m
[31mpackages/platform-web[39m [96mtest[39m: [90m(Use `node --trace-warnings ...` to show where the warning was created)[39m
[31mpackages/platform-web[39m [96mtest[39m: [90m(node:25354) Warning: The 'NO_COLOR' env is ignored due to the 'FORCE_COLOR' env being set.[39m
[31mpackages/platform-web[39m [96mtest[39m: [90m(Use `node --trace-warnings ...` to show where the warning was created)[39m
[31mpackages/platform-web[39m [96mtest[39m: [90m(node:25416) Warning: The 'NO_COLOR' env is ignored due to the 'FORCE_COLOR' env being set.[39m
[31mpackages/platform-web[39m [96mtest[39m: [90m(Use `node --trace-warnings ...` to show where the warning was created)[39m
[31mpackages/platform-web[39m [96mtest[39m: [90mNot implemented: HTMLCanvasElement's getContext() method: without installing the canvas npm package[39m
[31mpackages/platform-web[39m [96mtest[39m: [90mNot implemented: HTMLCanvasElement's getContext() method: without installing the canvas npm package[39m
[31mpackages/platform-web[39m [96mtest[39m: [90mNot implemented: HTMLCanvasElement's getContext() method: without installing the canvas npm package[39m
[31mpackages/platform-web[39m [96mtest[39m: [90mNot implemented: HTMLCanvasElement's getContext() method: without installing the canvas npm package[39m
[31mpackages/platform-web[39m [96mtest[39m: [90mNot implemented: HTMLCanvasElement's getContext() method: without installing the canvas npm package[39m
[31mpackages/platform-web[39m [96mtest[39m: [90mNot implemented: HTMLCanvasElement's getContext() method: without installing the canvas npm package[39m
[31mpackages/platform-web[39m [96mtest[39m: [90m(node:25418) Warning: The 'NO_COLOR' env is ignored due to the 'FORCE_COLOR' env being set.[39m
[31mpackages/platform-web[39m [96mtest[39m: [90m(Use `node --trace-warnings ...` to show where the warning was created)[39m
[31mpackages/platform-web[39m [96mtest[39m: [90mNot implemented: HTMLCanvasElement's getContext() method: without installing the canvas npm package[39m
[31mpackages/platform-web[39m [96mtest[39m: [90mNot implemented: HTMLCanvasElement's getContext() method: without installing the canvas npm package[39m
[31mpackages/platform-web[39m [96mtest[39m: [90m(node:25419) Warning: The 'NO_COLOR' env is ignored due to the 'FORCE_COLOR' env being set.[39m
[31mpackages/platform-web[39m [96mtest[39m: [90m(Use `node --trace-warnings ...` to show where the warning was created)[39m
[31mpackages/platform-web[39m [96mtest[39m: [90m(node:25420) Warning: The 'NO_COLOR' env is ignored due to the 'FORCE_COLOR' env being set.[39m
[31mpackages/platform-web[39m [96mtest[39m: [90m(Use `node --trace-warnings ...` to show where the warning was created)[39m
[31mpackages/platform-web[39m [96mtest[39m: [90m(node:25421) Warning: The 'NO_COLOR' env is ignored due to the 'FORCE_COLOR' env being set.[39m
[31mpackages/platform-web[39m [96mtest[39m: [90m(Use `node --trace-warnings ...` to show where the warning was created)[39m
[31mpackages/platform-web[39m [96mtest[39m: [90m(node:25422) Warning: The 'NO_COLOR' env is ignored due to the 'FORCE_COLOR' env being set.[39m
[31mpackages/platform-web[39m [96mtest[39m: [90m(Use `node --trace-warnings ...` to show where the warning was created)[39m
[31mpackages/platform-web[39m [96mtest[39m: [90m(node:25423) Warning: The 'NO_COLOR' env is ignored due to the 'FORCE_COLOR' env being set.[39m
[31mpackages/platform-web[39m [96mtest[39m: [90m(Use `node --trace-warnings ...` to show where the warning was created)[39m
[31mpackages/platform-web[39m [96mtest[39m: [90m(node:25434) Warning: The 'NO_COLOR' env is ignored due to the 'FORCE_COLOR' env being set.[39m
[31mpackages/platform-web[39m [96mtest[39m: [90m(Use `node --trace-warnings ...` to show where the warning was created)[39m
[31mpackages/platform-web[39m [96mtest[39m: [90m(node:25453) Warning: The 'NO_COLOR' env is ignored due to the 'FORCE_COLOR' env being set.[39m
[31mpackages/platform-web[39m [96mtest[39m: [90m(Use `node --trace-warnings ...` to show where the warning was created)[39m
[31mpackages/platform-web[39m [96mtest[39m: [90mNot implemented: HTMLCanvasElement's getContext() method: without installing the canvas npm package[39m
[31mpackages/platform-web[39m [96mtest[39m: [90m(node:25476) Warning: The 'NO_COLOR' env is ignored due to the 'FORCE_COLOR' env being set.[39m
[31mpackages/platform-web[39m [96mtest[39m: [90m(Use `node --trace-warnings ...` to show where the warning was created)[39m
[31mpackages/platform-web[39m [96mtest[39m: [90mNot implemented: HTMLCanvasElement's getContext() method: without installing the canvas npm package[39m
[31mpackages/platform-web[39m [96mtest[39m: [90m(node:25477) Warning: The 'NO_COLOR' env is ignored due to the 'FORCE_COLOR' env being set.[39m
[31mpackages/platform-web[39m [96mtest[39m: [90m(Use `node --trace-warnings ...` to show where the warning was created)[39m
[31mpackages/platform-web[39m [96mtest[39m: [90m(node:25478) Warning: The 'NO_COLOR' env is ignored due to the 'FORCE_COLOR' env being set.[39m
[31mpackages/platform-web[39m [96mtest[39m: [90m(Use `node --trace-warnings ...` to show where the warning was created)[39m
[31mpackages/platform-web[39m [96mtest[39m: [90m(node:25479) Warning: The 'NO_COLOR' env is ignored due to the 'FORCE_COLOR' env being set.[39m
[31mpackages/platform-web[39m [96mtest[39m: [90m(Use `node --trace-warnings ...` to show where the warning was created)[39m
[31mpackages/platform-web[39m [96mtest[39m: [90m(node:25521) Warning: The 'NO_COLOR' env is ignored due to the 'FORCE_COLOR' env being set.[39m
[31mpackages/platform-web[39m [96mtest[39m: [90m(Use `node --trace-warnings ...` to show where the warning was created)[39m
[31mpackages/platform-web[39m [96mtest[39m: [90mNot implemented: HTMLCanvasElement's getContext() method: without installing the canvas npm package[39m
[31mpackages/platform-web[39m [96mtest[39m: [90mNot implemented: HTMLCanvasElement's getContext() method: without installing the canvas npm package[39m
[31mpackages/platform-web[39m [96mtest[39m: [90m(node:25573) Warning: The 'NO_COLOR' env is ignored due to the 'FORCE_COLOR' env being set.[39m
[31mpackages/platform-web[39m [96mtest[39m: [90m(Use `node --trace-warnings ...` to show where the warning was created)[39m
[31mpackages/platform-web[39m [96mtest[39m: [90m(node:25577) Warning: The 'NO_COLOR' env is ignored due to the 'FORCE_COLOR' env being set.[39m
[31mpackages/platform-web[39m [96mtest[39m: [90m(Use `node --trace-warnings ...` to show where the warning was created)[39m
[31mpackages/platform-web[39m [96mtest[39m: [90m(node:25580) Warning: The 'NO_COLOR' env is ignored due to the 'FORCE_COLOR' env being set.[39m
[31mpackages/platform-web[39m [96mtest[39m: [90m(Use `node --trace-warnings ...` to show where the warning was created)[39m
[31mpackages/platform-web[39m [96mtest[39m: [90m(node:25584) Warning: The 'NO_COLOR' env is ignored due to the 'FORCE_COLOR' env being set.[39m
[31mpackages/platform-web[39m [96mtest[39m: [90m(Use `node --trace-warnings ...` to show where the warning was created)[39m
[31mpackages/platform-web[39m [96mtest[39m: [90m(node:25598) Warning: The 'NO_COLOR' env is ignored due to the 'FORCE_COLOR' env being set.[39m
[31mpackages/platform-web[39m [96mtest[39m: [90m(Use `node --trace-warnings ...` to show where the warning was created)[39m
[31mpackages/platform-web[39m [96mtest[39m: [90m(node:25603) Warning: The 'NO_COLOR' env is ignored due to the 'FORCE_COLOR' env being set.[39m
[31mpackages/platform-web[39m [96mtest[39m: [90m(Use `node --trace-warnings ...` to show where the warning was created)[39m
[31mpackages/platform-web[39m [96mtest[39m: [90m(node:25602) Warning: The 'NO_COLOR' env is ignored due to the 'FORCE_COLOR' env being set.[39m
[31mpackages/platform-web[39m [96mtest[39m: [90m(Use `node --trace-warnings ...` to show where the warning was created)[39m
[31mpackages/platform-web[39m [96mtest[39m: [90m(node:25605) Warning: The 'NO_COLOR' env is ignored due to the 'FORCE_COLOR' env being set.[39m
[31mpackages/platform-web[39m [96mtest[39m: [90m(Use `node --trace-warnings ...` to show where the warning was created)[39m
[31mpackages/platform-web[39m [96mtest[39m: [90m(node:25604) Warning: The 'NO_COLOR' env is ignored due to the 'FORCE_COLOR' env being set.[39m
[31mpackages/platform-web[39m [96mtest[39m: [90m(Use `node --trace-warnings ...` to show where the warning was created)[39m
[31mpackages/platform-web[39m [96mtest[39m: [90m(node:25607) Warning: The 'NO_COLOR' env is ignored due to the 'FORCE_COLOR' env being set.[39m
[31mpackages/platform-web[39m [96mtest[39m: [90m(Use `node --trace-warnings ...` to show where the warning was created)[39m
[31mpackages/platform-web[39m [96mtest[39m: [90m(node:25614) Warning: The 'NO_COLOR' env is ignored due to the 'FORCE_COLOR' env being set.[39m
[31mpackages/platform-web[39m [96mtest[39m: [90m(Use `node --trace-warnings ...` to show where the warning was created)[39m
[31mpackages/platform-web[39m [96mtest[39m: [90m(node:25680) Warning: The 'NO_COLOR' env is ignored due to the 'FORCE_COLOR' env being set.[39m
[31mpackages/platform-web[39m [96mtest[39m: [90m(Use `node --trace-warnings ...` to show where the warning was created)[39m
[31mpackages/platform-web[39m [96mtest[39m: [90m(node:25687) Warning: The 'NO_COLOR' env is ignored due to the 'FORCE_COLOR' env being set.[39m
[31mpackages/platform-web[39m [96mtest[39m: [90m(Use `node --trace-warnings ...` to show where the warning was created)[39m
[31mpackages/platform-web[39m [96mtest[39m: [90m(node:25715) Warning: The 'NO_COLOR' env is ignored due to the 'FORCE_COLOR' env being set.[39m
[31mpackages/platform-web[39m [96mtest[39m: [90m(Use `node --trace-warnings ...` to show where the warning was created)[39m
[31mpackages/platform-web[39m [96mtest[39m: [90mNot implemented: HTMLCanvasElement's getContext() method: without installing the canvas npm package[39m
[31mpackages/platform-web[39m [96mtest[39m: [90m(node:25717) Warning: The 'NO_COLOR' env is ignored due to the 'FORCE_COLOR' env being set.[39m
[31mpackages/platform-web[39m [96mtest[39m: [90m(Use `node --trace-warnings ...` to show where the warning was created)[39m
[31mpackages/platform-web[39m [96mtest[39m: [90m(node:25728) Warning: The 'NO_COLOR' env is ignored due to the 'FORCE_COLOR' env being set.[39m
[31mpackages/platform-web[39m [96mtest[39m: [90m(Use `node --trace-warnings ...` to show where the warning was created)[39m
[31mpackages/platform-web[39m [96mtest[39m: [90m(node:25730) Warning: The 'NO_COLOR' env is ignored due to the 'FORCE_COLOR' env being set.[39m
[31mpackages/platform-web[39m [96mtest[39m: [90m(Use `node --trace-warnings ...` to show where the warning was created)[39m
[31mpackages/platform-web[39m [96mtest[39m: [90m(node:25729) Warning: The 'NO_COLOR' env is ignored due to the 'FORCE_COLOR' env being set.[39m
[31mpackages/platform-web[39m [96mtest[39m: [90m(Use `node --trace-warnings ...` to show where the warning was created)[39m
[31mpackages/platform-web[39m [96mtest[39m: [90m(node:25734) Warning: The 'NO_COLOR' env is ignored due to the 'FORCE_COLOR' env being set.[39m
[31mpackages/platform-web[39m [96mtest[39m: [90m(Use `node --trace-warnings ...` to show where the warning was created)[39m
[31mpackages/platform-web[39m [96mtest[39m: [90m(node:25732) Warning: The 'NO_COLOR' env is ignored due to the 'FORCE_COLOR' env being set.[39m
[31mpackages/platform-web[39m [96mtest[39m: [90m(Use `node --trace-warnings ...` to show where the warning was created)[39m
[31mpackages/platform-web[39m [96mtest[39m: [90m(node:25733) Warning: The 'NO_COLOR' env is ignored due to the 'FORCE_COLOR' env being set.[39m
[31mpackages/platform-web[39m [96mtest[39m: [90m(Use `node --trace-warnings ...` to show where the warning was created)[39m
[31mpackages/platform-web[39m [96mtest[39m: [90m(node:25736) Warning: The 'NO_COLOR' env is ignored due to the 'FORCE_COLOR' env being set.[39m
[31mpackages/platform-web[39m [96mtest[39m: [90m(Use `node --trace-warnings ...` to show where the warning was created)[39m
[31mpackages/platform-web[39m [96mtest[39m: [90m(node:25776) Warning: The 'NO_COLOR' env is ignored due to the 'FORCE_COLOR' env being set.[39m
[31mpackages/platform-web[39m [96mtest[39m: [90m(Use `node --trace-warnings ...` to show where the warning was created)[39m
[31mpackages/platform-web[39m [96mtest[39m: [90mNot implemented: HTMLCanvasElement's getContext() method: without installing the canvas npm package[39m
[31mpackages/platform-web[39m [96mtest[39m: [90mNot implemented: HTMLCanvasElement's getContext() method: without installing the canvas npm package[39m
[31mpackages/platform-web[39m [96mtest[39m: [90mNot implemented: HTMLCanvasElement's getContext() method: without installing the canvas npm package[39m
[31mpackages/platform-web[39m [96mtest[39m: [90m(node:25792) Warning: The 'NO_COLOR' env is ignored due to the 'FORCE_COLOR' env being set.[39m
[31mpackages/platform-web[39m [96mtest[39m: [90m(Use `node --trace-warnings ...` to show where the warning was created)[39m
[31mpackages/platform-web[39m [96mtest[39m: [90m(node:25795) Warning: The 'NO_COLOR' env is ignored due to the 'FORCE_COLOR' env being set.[39m
[31mpackages/platform-web[39m [96mtest[39m: [90m(Use `node --trace-warnings ...` to show where the warning was created)[39m
[31mpackages/platform-web[39m [96mtest[39m: [90m(node:25794) Warning: The 'NO_COLOR' env is ignored due to the 'FORCE_COLOR' env being set.[39m
[31mpackages/platform-web[39m [96mtest[39m: [90m(Use `node --trace-warnings ...` to show where the warning was created)[39m
[31mpackages/platform-web[39m [96mtest[39m: [90m(node:25796) Warning: The 'NO_COLOR' env is ignored due to the 'FORCE_COLOR' env being set.[39m
[31mpackages/platform-web[39m [96mtest[39m: [90m(Use `node --trace-warnings ...` to show where the warning was created)[39m
[31mpackages/platform-web[39m [96mtest[39m:  Test Files  50 passed (50)
[31mpackages/platform-web[39m [96mtest[39m:       Tests  667 passed (667)
[31mpackages/platform-web[39m [96mtest[39m:    Start at  08:21:18
[31mpackages/platform-web[39m [96mtest[39m:    Duration  5.66s (transform 3.28s, setup 0ms, import 8.41s, tests 8.37s, environment 25.30s)
[31mpackages/platform-web[39m [96mtest[39m: Done
[36mpackages/calibration[39m [96mtest[39m$ vitest run
[35mpackages/react[39m [96mtest[39m$ vitest run
[36mpackages/calibration[39m [96mtest[39m: [90m(node:25882) Warning: The 'NO_COLOR' env is ignored due to the 'FORCE_COLOR' env being set.[39m
[36mpackages/calibration[39m [96mtest[39m: [90m(Use `node --trace-warnings ...` to show where the warning was created)[39m
[35mpackages/react[39m [96mtest[39m: [90m(node:25905) Warning: The 'NO_COLOR' env is ignored due to the 'FORCE_COLOR' env being set.[39m
[35mpackages/react[39m [96mtest[39m: [90m(Use `node --trace-warnings ...` to show where the warning was created)[39m
[36mpackages/calibration[39m [96mtest[39m:  RUN  v4.1.11 /Users/new/vitrea-w50/g0/packages/calibration
[35mpackages/react[39m [96mtest[39m:  RUN  v4.1.11 /Users/new/vitrea-w50/g0/packages/react
[36mpackages/calibration[39m [96mtest[39m: [90m(node:25926) Warning: The 'NO_COLOR' env is ignored due to the 'FORCE_COLOR' env being set.[39m
[36mpackages/calibration[39m [96mtest[39m: [90m(Use `node --trace-warnings ...` to show where the warning was created)[39m
[35mpackages/react[39m [96mtest[39m: [90m(node:25920) Warning: The 'NO_COLOR' env is ignored due to the 'FORCE_COLOR' env being set.[39m
[35mpackages/react[39m [96mtest[39m: [90m(Use `node --trace-warnings ...` to show where the warning was created)[39m
[35mpackages/react[39m [96mtest[39m: [90m(node:25916) Warning: The 'NO_COLOR' env is ignored due to the 'FORCE_COLOR' env being set.[39m
[35mpackages/react[39m [96mtest[39m: [90m(Use `node --trace-warnings ...` to show where the warning was created)[39m
[35mpackages/react[39m [96mtest[39m: [90m(node:25918) Warning: The 'NO_COLOR' env is ignored due to the 'FORCE_COLOR' env being set.[39m
[35mpackages/react[39m [96mtest[39m: [90m(Use `node --trace-warnings ...` to show where the warning was created)[39m
[35mpackages/react[39m [96mtest[39m: [90m(node:25919) Warning: The 'NO_COLOR' env is ignored due to the 'FORCE_COLOR' env being set.[39m
[35mpackages/react[39m [96mtest[39m: [90m(Use `node --trace-warnings ...` to show where the warning was created)[39m
[35mpackages/react[39m [96mtest[39m: [90m(node:25921) Warning: The 'NO_COLOR' env is ignored due to the 'FORCE_COLOR' env being set.[39m
[35mpackages/react[39m [96mtest[39m: [90m(Use `node --trace-warnings ...` to show where the warning was created)[39m
[36mpackages/calibration[39m [96mtest[39m: [90m(node:25928) Warning: The 'NO_COLOR' env is ignored due to the 'FORCE_COLOR' env being set.[39m
[36mpackages/calibration[39m [96mtest[39m: [90m(Use `node --trace-warnings ...` to show where the warning was created)[39m
[36mpackages/calibration[39m [96mtest[39m: [90m(node:25924) Warning: The 'NO_COLOR' env is ignored due to the 'FORCE_COLOR' env being set.[39m
[36mpackages/calibration[39m [96mtest[39m: [90m(Use `node --trace-warnings ...` to show where the warning was created)[39m
[35mpackages/react[39m [96mtest[39m: [90m(node:25922) Warning: The 'NO_COLOR' env is ignored due to the 'FORCE_COLOR' env being set.[39m
[35mpackages/react[39m [96mtest[39m: [90m(Use `node --trace-warnings ...` to show where the warning was created)[39m
[35mpackages/react[39m [96mtest[39m: [90m(node:25923) Warning: The 'NO_COLOR' env is ignored due to the 'FORCE_COLOR' env being set.[39m
[35mpackages/react[39m [96mtest[39m: [90m(Use `node --trace-warnings ...` to show where the warning was created)[39m
[35mpackages/react[39m [96mtest[39m: [90m(node:25917) Warning: The 'NO_COLOR' env is ignored due to the 'FORCE_COLOR' env being set.[39m
[35mpackages/react[39m [96mtest[39m: [90m(Use `node --trace-warnings ...` to show where the warning was created)[39m
[35mpackages/react[39m [96mtest[39m: [90m(node:25925) Warning: The 'NO_COLOR' env is ignored due to the 'FORCE_COLOR' env being set.[39m
[35mpackages/react[39m [96mtest[39m: [90m(Use `node --trace-warnings ...` to show where the warning was created)[39m
[36mpackages/calibration[39m [96mtest[39m: [90m(node:25929) Warning: The 'NO_COLOR' env is ignored due to the 'FORCE_COLOR' env being set.[39m
[36mpackages/calibration[39m [96mtest[39m: [90m(Use `node --trace-warnings ...` to show where the warning was created)[39m
[36mpackages/calibration[39m [96mtest[39m: [90m(node:25930) Warning: The 'NO_COLOR' env is ignored due to the 'FORCE_COLOR' env being set.[39m
[36mpackages/calibration[39m [96mtest[39m: [90m(Use `node --trace-warnings ...` to show where the warning was created)[39m
[36mpackages/calibration[39m [96mtest[39m: [90m(node:25932) Warning: The 'NO_COLOR' env is ignored due to the 'FORCE_COLOR' env being set.[39m
[36mpackages/calibration[39m [96mtest[39m: [90m(Use `node --trace-warnings ...` to show where the warning was created)[39m
[36mpackages/calibration[39m [96mtest[39m: [90m(node:25931) Warning: The 'NO_COLOR' env is ignored due to the 'FORCE_COLOR' env being set.[39m
[36mpackages/calibration[39m [96mtest[39m: [90m(Use `node --trace-warnings ...` to show where the warning was created)[39m
[36mpackages/calibration[39m [96mtest[39m: [90m(node:25927) Warning: The 'NO_COLOR' env is ignored due to the 'FORCE_COLOR' env being set.[39m
[36mpackages/calibration[39m [96mtest[39m: [90m(Use `node --trace-warnings ...` to show where the warning was created)[39m
[36mpackages/calibration[39m [96mtest[39m: [90m(node:25933) Warning: The 'NO_COLOR' env is ignored due to the 'FORCE_COLOR' env being set.[39m
[36mpackages/calibration[39m [96mtest[39m: [90m(Use `node --trace-warnings ...` to show where the warning was created)[39m
[35mpackages/react[39m [96mtest[39m: [90mNot implemented: HTMLCanvasElement's getContext() method: without installing the canvas npm package[39m
[35mpackages/react[39m [96mtest[39m: [90mNot implemented: HTMLCanvasElement's getContext() method: without installing the canvas npm package[39m
[35mpackages/react[39m [96mtest[39m: [90mNot implemented: HTMLCanvasElement's getContext() method: without installing the canvas npm package[39m
[35mpackages/react[39m [96mtest[39m: [90mNot implemented: HTMLCanvasElement's getContext() method: without installing the canvas npm package[39m
[35mpackages/react[39m [96mtest[39m: [90mNot implemented: HTMLCanvasElement's getContext() method: without installing the canvas npm package[39m
[35mpackages/react[39m [96mtest[39m: [90mNot implemented: HTMLCanvasElement's getContext() method: without installing the canvas npm package[39m
[35mpackages/react[39m [96mtest[39m: [90mNot implemented: HTMLCanvasElement's getContext() method: without installing the canvas npm package[39m
[35mpackages/react[39m [96mtest[39m: [90mNot implemented: HTMLCanvasElement's getContext() method: without installing the canvas npm package[39m
[35mpackages/react[39m [96mtest[39m: [90mNot implemented: HTMLCanvasElement's getContext() method: without installing the canvas npm package[39m
[35mpackages/react[39m [96mtest[39m: [90mNot implemented: HTMLCanvasElement's getContext() method: without installing the canvas npm package[39m
[35mpackages/react[39m [96mtest[39m: [90m(node:26834) Warning: The 'NO_COLOR' env is ignored due to the 'FORCE_COLOR' env being set.[39m
[35mpackages/react[39m [96mtest[39m: [90m(Use `node --trace-warnings ...` to show where the warning was created)[39m
[35mpackages/react[39m [96mtest[39m: [90m(node:26832) Warning: The 'NO_COLOR' env is ignored due to the 'FORCE_COLOR' env being set.[39m
[35mpackages/react[39m [96mtest[39m: [90m(Use `node --trace-warnings ...` to show where the warning was created)[39m
[35mpackages/react[39m [96mtest[39m: [90m(node:26846) Warning: The 'NO_COLOR' env is ignored due to the 'FORCE_COLOR' env being set.[39m
[35mpackages/react[39m [96mtest[39m: [90m(Use `node --trace-warnings ...` to show where the warning was created)[39m
[35mpackages/react[39m [96mtest[39m: [90m(node:26859) Warning: The 'NO_COLOR' env is ignored due to the 'FORCE_COLOR' env being set.[39m
[35mpackages/react[39m [96mtest[39m: [90m(Use `node --trace-warnings ...` to show where the warning was created)[39m
[35mpackages/react[39m [96mtest[39m: [90m(node:26864) Warning: The 'NO_COLOR' env is ignored due to the 'FORCE_COLOR' env being set.[39m
[35mpackages/react[39m [96mtest[39m: [90m(Use `node --trace-warnings ...` to show where the warning was created)[39m
[35mpackages/react[39m [96mtest[39m: [90m(node:26877) Warning: The 'NO_COLOR' env is ignored due to the 'FORCE_COLOR' env being set.[39m
[35mpackages/react[39m [96mtest[39m: [90m(Use `node --trace-warnings ...` to show where the warning was created)[39m
[35mpackages/react[39m [96mtest[39m: [90m(node:26917) Warning: The 'NO_COLOR' env is ignored due to the 'FORCE_COLOR' env being set.[39m
[35mpackages/react[39m [96mtest[39m: [90m(Use `node --trace-warnings ...` to show where the warning was created)[39m
[35mpackages/react[39m [96mtest[39m: [90m(node:27157) Warning: The 'NO_COLOR' env is ignored due to the 'FORCE_COLOR' env being set.[39m
[35mpackages/react[39m [96mtest[39m: [90m(Use `node --trace-warnings ...` to show where the warning was created)[39m
[35mpackages/react[39m [96mtest[39m: [90m(node:27264) Warning: The 'NO_COLOR' env is ignored due to the 'FORCE_COLOR' env being set.[39m
[35mpackages/react[39m [96mtest[39m: [90m(Use `node --trace-warnings ...` to show where the warning was created)[39m
[35mpackages/react[39m [96mtest[39m: [90m(node:27309) Warning: The 'NO_COLOR' env is ignored due to the 'FORCE_COLOR' env being set.[39m
[35mpackages/react[39m [96mtest[39m: [90m(Use `node --trace-warnings ...` to show where the warning was created)[39m
[35mpackages/react[39m [96mtest[39m:  Test Files  19 passed (19)
[35mpackages/react[39m [96mtest[39m:       Tests  180 passed (180)
[35mpackages/react[39m [96mtest[39m:    Start at  08:21:24
[35mpackages/react[39m [96mtest[39m:    Duration  8.79s (transform 10.73s, setup 4.29s, import 17.70s, tests 24.59s, environment 22.88s)
[35mpackages/react[39m [96mtest[39m: Done
[36mpackages/calibration[39m [96mtest[39m: [90m(node:28458) Warning: The 'NO_COLOR' env is ignored due to the 'FORCE_COLOR' env being set.[39m
[36mpackages/calibration[39m [96mtest[39m: [90m(Use `node --trace-warnings ...` to show where the warning was created)[39m
[36mpackages/calibration[39m [96mtest[39m: [90m(node:29105) Warning: The 'NO_COLOR' env is ignored due to the 'FORCE_COLOR' env being set.[39m
[36mpackages/calibration[39m [96mtest[39m: [90m(Use `node --trace-warnings ...` to show where the warning was created)[39m
[36mpackages/calibration[39m [96mtest[39m: [90m(node:29152) Warning: The 'NO_COLOR' env is ignored due to the 'FORCE_COLOR' env being set.[39m
[36mpackages/calibration[39m [96mtest[39m: [90m(Use `node --trace-warnings ...` to show where the warning was created)[39m
[36mpackages/calibration[39m [96mtest[39m: [90m(node:29676) Warning: The 'NO_COLOR' env is ignored due to the 'FORCE_COLOR' env being set.[39m
[36mpackages/calibration[39m [96mtest[39m: [90m(Use `node --trace-warnings ...` to show where the warning was created)[39m
[36mpackages/calibration[39m [96mtest[39m: [90m(node:29728) Warning: The 'NO_COLOR' env is ignored due to the 'FORCE_COLOR' env being set.[39m
[36mpackages/calibration[39m [96mtest[39m: [90m(Use `node --trace-warnings ...` to show where the warning was created)[39m
[36mpackages/calibration[39m [96mtest[39m: T1 change partitions against ebc3d9105a4a (W44 / growth-only):
[36mpackages/calibration[39m [96mtest[39m:   apple-macos-27.0-1x-light-standard-glass0.25: W44 unchanged 116; growth-only unchanged 116
[36mpackages/calibration[39m [96mtest[39m:   apple-macos-27.0-2x-light-standard-glass0.25: W44 unchanged 116; growth-only unchanged 116
[36mpackages/calibration[39m [96mtest[39m: T1 readings (not gated; W44 G2, claims §5.204):
[36mpackages/calibration[39m [96mtest[39m:   apple-macos-27.0-1x-light-standard-glass0.25 css F: 0 of 15 within, median |log| 1.5069
[36mpackages/calibration[39m [96mtest[39m:   apple-macos-27.0-1x-light-standard-glass0.25 css T: 0 of 4 within, median |log| 0.3973
[36mpackages/calibration[39m [96mtest[39m:   apple-macos-27.0-1x-light-standard-glass0.25 css C: 14 of 69 within, median |log| 0.3522
[36mpackages/calibration[39m [96mtest[39m:   apple-macos-27.0-1x-light-standard-glass0.25 css P: 2 of 28 within, median |log| 0.5377
[36mpackages/calibration[39m [96mtest[39m:   apple-macos-27.0-2x-light-standard-glass0.25 css F: 2 of 15 within, median |log| 0.9216
[36mpackages/calibration[39m [96mtest[39m:   apple-macos-27.0-2x-light-standard-glass0.25 css T: 1 of 4 within, median |log| 0.3314
[36mpackages/calibration[39m [96mtest[39m:   apple-macos-27.0-2x-light-standard-glass0.25 css C: 11 of 69 within, median |log| 0.3953
[36mpackages/calibration[39m [96mtest[39m:   apple-macos-27.0-2x-light-standard-glass0.25 css P: 4 of 28 within, median |log| 0.4196
[36mpackages/calibration[39m [96mtest[39m:   apple-macos-27.0-1x-light-standard-glass0.5 webgpu F: 5 of 15 within, median |log| 0.1815
[36mpackages/calibration[39m [96mtest[39m:   apple-macos-27.0-1x-light-standard-glass0.5 webgpu T: 2 of 4 within, median |log| 0.1267
[36mpackages/calibration[39m [96mtest[39m:   apple-macos-27.0-1x-light-standard-glass0.5 webgpu C: 14 of 59 within, median |log| 0.2494
[36mpackages/calibration[39m [96mtest[39m:   apple-macos-27.0-1x-light-standard-glass0.5 webgpu P: 1 of 24 within, median |log| 0.3468
[36mpackages/calibration[39m [96mtest[39m:   apple-macos-27.0-1x-light-standard-glass0.5 webgpu: 14 UNMEASURED
[36mpackages/calibration[39m [96mtest[39m:   apple-macos-27.0-1x-light-standard-glass0.5 css F: 0 of 15 within, median |log| 1.2147
[36mpackages/calibration[39m [96mtest[39m:   apple-macos-27.0-1x-light-standard-glass0.5 css T: 0 of 4 within, median |log| 0.4455
[36mpackages/calibration[39m [96mtest[39m:   apple-macos-27.0-1x-light-standard-glass0.5 css C: 12 of 59 within, median |log| 0.2830
[36mpackages/calibration[39m [96mtest[39m:   apple-macos-27.0-1x-light-standard-glass0.5 css P: 1 of 24 within, median |log| 0.7047
[36mpackages/calibration[39m [96mtest[39m:   apple-macos-27.0-1x-light-standard-glass0.5 css: 14 UNMEASURED
[36mpackages/calibration[39m [96mtest[39m:   apple-macos-27.0-2x-light-standard-glass0.5 webgpu F: 8 of 15 within, median |log| 0.1427
[36mpackages/calibration[39m [96mtest[39m:   apple-macos-27.0-2x-light-standard-glass0.5 webgpu T: 0 of 4 within, median |log| 0.3259
[36mpackages/calibration[39m [96mtest[39m:   apple-macos-27.0-2x-light-standard-glass0.5 webgpu C: 14 of 59 within, median |log| 0.2525
[36mpackages/calibration[39m [96mtest[39m:   apple-macos-27.0-2x-light-standard-glass0.5 webgpu P: 3 of 24 within, median |log| 0.3307
[36mpackages/calibration[39m [96mtest[39m:   apple-macos-27.0-2x-light-standard-glass0.5 webgpu: 14 UNMEASURED
[36mpackages/calibration[39m [96mtest[39m:   apple-macos-27.0-2x-light-standard-glass0.5 css C: 3 of 29 within, median |log| 0.7233
[36mpackages/calibration[39m [96mtest[39m:   apple-macos-27.0-2x-light-standard-glass0.5 css P: 3 of 23 within, median |log| 0.6099
[36mpackages/calibration[39m [96mtest[39m:   apple-macos-27.0-2x-light-standard-glass0.5 css: 64 UNMEASURED
[36mpackages/calibration[39m [96mtest[39m:   apple-macos-27.0-1x-dark-standard-glass0.5 webgpu F: 4 of 15 within, median |log| 0.4075
[36mpackages/calibration[39m [96mtest[39m:   apple-macos-27.0-1x-dark-standard-glass0.5 webgpu T: 2 of 4 within, median |log| 0.1575
[36mpackages/calibration[39m [96mtest[39m:   apple-macos-27.0-1x-dark-standard-glass0.5 webgpu C: 7 of 40 within, median |log| 0.3566
[36mpackages/calibration[39m [96mtest[39m:   apple-macos-27.0-1x-dark-standard-glass0.5 webgpu P: 0 of 10 within, median |log| 1.0533
[36mpackages/calibration[39m [96mtest[39m:   apple-macos-27.0-1x-dark-standard-glass0.5 webgpu: 8 UNMEASURED
[36mpackages/calibration[39m [96mtest[39m:   apple-macos-27.0-1x-dark-standard-glass0.5 css F: 2 of 15 within, median |log| 1.0690
[36mpackages/calibration[39m [96mtest[39m:   apple-macos-27.0-1x-dark-standard-glass0.5 css T: 1 of 4 within, median |log| 0.5555
[36mpackages/calibration[39m [96mtest[39m:   apple-macos-27.0-1x-dark-standard-glass0.5 css C: 7 of 40 within, median |log| 0.8928
[36mpackages/calibration[39m [96mtest[39m:   apple-macos-27.0-1x-dark-standard-glass0.5 css P: 0 of 10 within, median |log| 1.2375
[36mpackages/calibration[39m [96mtest[39m:   apple-macos-27.0-1x-dark-standard-glass0.5 css: 8 UNMEASURED
[36mpackages/calibration[39m [96mtest[39m:   apple-macos-27.0-2x-dark-standard-glass0.5 webgpu F: 4 of 15 within, median |log| 0.4703
[36mpackages/calibration[39m [96mtest[39m:   apple-macos-27.0-2x-dark-standard-glass0.5 webgpu T: 1 of 4 within, median |log| 0.1833
[36mpackages/calibration[39m [96mtest[39m:   apple-macos-27.0-2x-dark-standard-glass0.5 webgpu C: 5 of 40 within, median |log| 0.4340
[36mpackages/calibration[39m [96mtest[39m:   apple-macos-27.0-2x-dark-standard-glass0.5 webgpu P: 0 of 10 within, median |log| 0.9904
[36mpackages/calibration[39m [96mtest[39m:   apple-macos-27.0-2x-dark-standard-glass0.5 webgpu: 8 UNMEASURED
[36mpackages/calibration[39m [96mtest[39m:   apple-macos-27.0-2x-dark-standard-glass0.5 css C: 3 of 10 within, median |log| 1.0015
[36mpackages/calibration[39m [96mtest[39m:   apple-macos-27.0-2x-dark-standard-glass0.5 css P: 0 of 9 within, median |log| 1.1279
[36mpackages/calibration[39m [96mtest[39m:   apple-macos-27.0-2x-dark-standard-glass0.5 css: 58 UNMEASURED
[36mpackages/calibration[39m [96mtest[39m: T1 dark CSS readings (not gated; W46 G2, claims §5.210):
[36mpackages/calibration[39m [96mtest[39m:   apple-macos-27.0-1x-dark-standard-glass0.25 css F: 3 of 15 within, median |log| 1.1472
[36mpackages/calibration[39m [96mtest[39m:   apple-macos-27.0-1x-dark-standard-glass0.25 css T: 1 of 4 within, median |log| 0.3846
[36mpackages/calibration[39m [96mtest[39m:   apple-macos-27.0-1x-dark-standard-glass0.25 css C: 5 of 46 within, median |log| 0.6010
[36mpackages/calibration[39m [96mtest[39m:   apple-macos-27.0-1x-dark-standard-glass0.25 css P: 0 of 12 within, median |log| 0.9818
[36mpackages/calibration[39m [96mtest[39m:   apple-macos-27.0-2x-dark-standard-glass0.25 css F: 3 of 15 within, median |log| 0.8201
[36mpackages/calibration[39m [96mtest[39m:   apple-macos-27.0-2x-dark-standard-glass0.25 css T: 2 of 4 within, median |log| 0.2281
[36mpackages/calibration[39m [96mtest[39m:   apple-macos-27.0-2x-dark-standard-glass0.25 css C: 4 of 46 within, median |log| 0.6046
[36mpackages/calibration[39m [96mtest[39m:   apple-macos-27.0-2x-dark-standard-glass0.25 css P: 0 of 12 within, median |log| 0.9232
[36mpackages/calibration[39m [96mtest[39m: [90m(node:30203) Warning: The 'NO_COLOR' env is ignored due to the 'FORCE_COLOR' env being set.[39m
[36mpackages/calibration[39m [96mtest[39m: [90m(Use `node --trace-warnings ...` to show where the warning was created)[39m
[36mpackages/calibration[39m [96mtest[39m: [90m(node:30806) Warning: The 'NO_COLOR' env is ignored due to the 'FORCE_COLOR' env being set.[39m
[36mpackages/calibration[39m [96mtest[39m: [90m(Use `node --trace-warnings ...` to show where the warning was created)[39m
[36mpackages/calibration[39m [96mtest[39m: [90m(node:30921) Warning: The 'NO_COLOR' env is ignored due to the 'FORCE_COLOR' env being set.[39m
[36mpackages/calibration[39m [96mtest[39m: [90m(Use `node --trace-warnings ...` to show where the warning was created)[39m
[36mpackages/calibration[39m [96mtest[39m: [90m(node:31097) Warning: The 'NO_COLOR' env is ignored due to the 'FORCE_COLOR' env being set.[39m
[36mpackages/calibration[39m [96mtest[39m: [90m(Use `node --trace-warnings ...` to show where the warning was created)[39m
[36mpackages/calibration[39m [96mtest[39m: [90m(node:31159) Warning: The 'NO_COLOR' env is ignored due to the 'FORCE_COLOR' env being set.[39m
[36mpackages/calibration[39m [96mtest[39m: [90m(Use `node --trace-warnings ...` to show where the warning was created)[39m
[36mpackages/calibration[39m [96mtest[39m: [90m(node:31313) Warning: The 'NO_COLOR' env is ignored due to the 'FORCE_COLOR' env being set.[39m
[36mpackages/calibration[39m [96mtest[39m: [90m(Use `node --trace-warnings ...` to show where the warning was created)[39m
[36mpackages/calibration[39m [96mtest[39m: [90m(node:31500) Warning: The 'NO_COLOR' env is ignored due to the 'FORCE_COLOR' env being set.[39m
[36mpackages/calibration[39m [96mtest[39m: [90m(Use `node --trace-warnings ...` to show where the warning was created)[39m
[36mpackages/calibration[39m [96mtest[39m: [90m(node:31729) Warning: The 'NO_COLOR' env is ignored due to the 'FORCE_COLOR' env being set.[39m
[36mpackages/calibration[39m [96mtest[39m: [90m(Use `node --trace-warnings ...` to show where the warning was created)[39m
[36mpackages/calibration[39m [96mtest[39m: [90m(node:31803) Warning: The 'NO_COLOR' env is ignored due to the 'FORCE_COLOR' env being set.[39m
[36mpackages/calibration[39m [96mtest[39m: [90m(Use `node --trace-warnings ...` to show where the warning was created)[39m
[36mpackages/calibration[39m [96mtest[39m: [90m(node:32027) Warning: The 'NO_COLOR' env is ignored due to the 'FORCE_COLOR' env being set.[39m
[36mpackages/calibration[39m [96mtest[39m: [90m(Use `node --trace-warnings ...` to show where the warning was created)[39m
[36mpackages/calibration[39m [96mtest[39m: [90m(node:32039) Warning: The 'NO_COLOR' env is ignored due to the 'FORCE_COLOR' env being set.[39m
[36mpackages/calibration[39m [96mtest[39m: [90m(Use `node --trace-warnings ...` to show where the warning was created)[39m
[36mpackages/calibration[39m [96mtest[39m: [90m(node:32135) Warning: The 'NO_COLOR' env is ignored due to the 'FORCE_COLOR' env being set.[39m
[36mpackages/calibration[39m [96mtest[39m: [90m(Use `node --trace-warnings ...` to show where the warning was created)[39m
[36mpackages/calibration[39m [96mtest[39m: [90m(node:32225) Warning: The 'NO_COLOR' env is ignored due to the 'FORCE_COLOR' env being set.[39m
[36mpackages/calibration[39m [96mtest[39m: [90m(Use `node --trace-warnings ...` to show where the warning was created)[39m
[36mpackages/calibration[39m [96mtest[39m: [90m(node:32250) Warning: The 'NO_COLOR' env is ignored due to the 'FORCE_COLOR' env being set.[39m
[36mpackages/calibration[39m [96mtest[39m: [90m(Use `node --trace-warnings ...` to show where the warning was created)[39m
[36mpackages/calibration[39m [96mtest[39m: [90m(node:32267) Warning: The 'NO_COLOR' env is ignored due to the 'FORCE_COLOR' env being set.[39m
[36mpackages/calibration[39m [96mtest[39m: [90m(Use `node --trace-warnings ...` to show where the warning was created)[39m
[36mpackages/calibration[39m [96mtest[39m: [90m(node:32352) Warning: The 'NO_COLOR' env is ignored due to the 'FORCE_COLOR' env being set.[39m
[36mpackages/calibration[39m [96mtest[39m: [90m(Use `node --trace-warnings ...` to show where the warning was created)[39m
[36mpackages/calibration[39m [96mtest[39m: [90m(node:32354) Warning: The 'NO_COLOR' env is ignored due to the 'FORCE_COLOR' env being set.[39m
[36mpackages/calibration[39m [96mtest[39m: [90m(Use `node --trace-warnings ...` to show where the warning was created)[39m
[36mpackages/calibration[39m [96mtest[39m: [90m(node:32356) Warning: The 'NO_COLOR' env is ignored due to the 'FORCE_COLOR' env being set.[39m
[36mpackages/calibration[39m [96mtest[39m: [90m(Use `node --trace-warnings ...` to show where the warning was created)[39m
[36mpackages/calibration[39m [96mtest[39m: [90m(node:32456) Warning: The 'NO_COLOR' env is ignored due to the 'FORCE_COLOR' env being set.[39m
[36mpackages/calibration[39m [96mtest[39m: [90m(Use `node --trace-warnings ...` to show where the warning was created)[39m
[36mpackages/calibration[39m [96mtest[39m: [90m(node:32461) Warning: The 'NO_COLOR' env is ignored due to the 'FORCE_COLOR' env being set.[39m
[36mpackages/calibration[39m [96mtest[39m: [90m(Use `node --trace-warnings ...` to show where the warning was created)[39m
[36mpackages/calibration[39m [96mtest[39m: [90m(node:32459) Warning: The 'NO_COLOR' env is ignored due to the 'FORCE_COLOR' env being set.[39m
[36mpackages/calibration[39m [96mtest[39m: [90m(Use `node --trace-warnings ...` to show where the warning was created)[39m
[36mpackages/calibration[39m [96mtest[39m: [90m(node:32486) Warning: The 'NO_COLOR' env is ignored due to the 'FORCE_COLOR' env being set.[39m
[36mpackages/calibration[39m [96mtest[39m: [90m(Use `node --trace-warnings ...` to show where the warning was created)[39m
[36mpackages/calibration[39m [96mtest[39m: [90m(node:32487) Warning: The 'NO_COLOR' env is ignored due to the 'FORCE_COLOR' env being set.[39m
[36mpackages/calibration[39m [96mtest[39m: [90m(Use `node --trace-warnings ...` to show where the warning was created)[39m
[36mpackages/calibration[39m [96mtest[39m: [90m(node:32509) Warning: The 'NO_COLOR' env is ignored due to the 'FORCE_COLOR' env being set.[39m
[36mpackages/calibration[39m [96mtest[39m: [90m(Use `node --trace-warnings ...` to show where the warning was created)[39m
[36mpackages/calibration[39m [96mtest[39m: [90m(node:32514) Warning: The 'NO_COLOR' env is ignored due to the 'FORCE_COLOR' env being set.[39m
[36mpackages/calibration[39m [96mtest[39m: [90m(Use `node --trace-warnings ...` to show where the warning was created)[39m
[36mpackages/calibration[39m [96mtest[39m: [90m(node:32535) Warning: The 'NO_COLOR' env is ignored due to the 'FORCE_COLOR' env being set.[39m
[36mpackages/calibration[39m [96mtest[39m: [90m(Use `node --trace-warnings ...` to show where the warning was created)[39m
[36mpackages/calibration[39m [96mtest[39m: [90m(node:32538) Warning: The 'NO_COLOR' env is ignored due to the 'FORCE_COLOR' env being set.[39m
[36mpackages/calibration[39m [96mtest[39m: [90m(Use `node --trace-warnings ...` to show where the warning was created)[39m
[36mpackages/calibration[39m [96mtest[39m: [90m(node:32542) Warning: The 'NO_COLOR' env is ignored due to the 'FORCE_COLOR' env being set.[39m
[36mpackages/calibration[39m [96mtest[39m: [90m(Use `node --trace-warnings ...` to show where the warning was created)[39m
[36mpackages/calibration[39m [96mtest[39m: [90m(node:32559) Warning: The 'NO_COLOR' env is ignored due to the 'FORCE_COLOR' env being set.[39m
[36mpackages/calibration[39m [96mtest[39m: [90m(Use `node --trace-warnings ...` to show where the warning was created)[39m
[36mpackages/calibration[39m [96mtest[39m: [90m(node:32566) Warning: The 'NO_COLOR' env is ignored due to the 'FORCE_COLOR' env being set.[39m
[36mpackages/calibration[39m [96mtest[39m: [90m(Use `node --trace-warnings ...` to show where the warning was created)[39m
[36mpackages/calibration[39m [96mtest[39m: [90m(node:32568) Warning: The 'NO_COLOR' env is ignored due to the 'FORCE_COLOR' env being set.[39m
[36mpackages/calibration[39m [96mtest[39m: [90m(Use `node --trace-warnings ...` to show where the warning was created)[39m
[36mpackages/calibration[39m [96mtest[39m: [90m(node:32619) Warning: The 'NO_COLOR' env is ignored due to the 'FORCE_COLOR' env being set.[39m
[36mpackages/calibration[39m [96mtest[39m: [90m(Use `node --trace-warnings ...` to show where the warning was created)[39m
[36mpackages/calibration[39m [96mtest[39m: [90m(node:32665) Warning: The 'NO_COLOR' env is ignored due to the 'FORCE_COLOR' env being set.[39m
[36mpackages/calibration[39m [96mtest[39m: [90m(Use `node --trace-warnings ...` to show where the warning was created)[39m
[36mpackages/calibration[39m [96mtest[39m: [90m(node:32662) Warning: The 'NO_COLOR' env is ignored due to the 'FORCE_COLOR' env being set.[39m
[36mpackages/calibration[39m [96mtest[39m: [90m(Use `node --trace-warnings ...` to show where the warning was created)[39m
[36mpackages/calibration[39m [96mtest[39m: [90m(node:32689) Warning: The 'NO_COLOR' env is ignored due to the 'FORCE_COLOR' env being set.[39m
[36mpackages/calibration[39m [96mtest[39m: [90m(Use `node --trace-warnings ...` to show where the warning was created)[39m
[36mpackages/calibration[39m [96mtest[39m: [90m(node:32701) Warning: The 'NO_COLOR' env is ignored due to the 'FORCE_COLOR' env being set.[39m
[36mpackages/calibration[39m [96mtest[39m: [90m(Use `node --trace-warnings ...` to show where the warning was created)[39m
[36mpackages/calibration[39m [96mtest[39m: [90m(node:32704) Warning: The 'NO_COLOR' env is ignored due to the 'FORCE_COLOR' env being set.[39m
[36mpackages/calibration[39m [96mtest[39m: [90m(Use `node --trace-warnings ...` to show where the warning was created)[39m
[36mpackages/calibration[39m [96mtest[39m: [90m(node:32708) Warning: The 'NO_COLOR' env is ignored due to the 'FORCE_COLOR' env being set.[39m
[36mpackages/calibration[39m [96mtest[39m: [90m(Use `node --trace-warnings ...` to show where the warning was created)[39m
[36mpackages/calibration[39m [96mtest[39m: [90m(node:32729) Warning: The 'NO_COLOR' env is ignored due to the 'FORCE_COLOR' env being set.[39m
[36mpackages/calibration[39m [96mtest[39m: [90m(Use `node --trace-warnings ...` to show where the warning was created)[39m
[36mpackages/calibration[39m [96mtest[39m: [90m(node:32733) Warning: The 'NO_COLOR' env is ignored due to the 'FORCE_COLOR' env being set.[39m
[36mpackages/calibration[39m [96mtest[39m: [90m(Use `node --trace-warnings ...` to show where the warning was created)[39m
[36mpackages/calibration[39m [96mtest[39m: [90m(node:32809) Warning: The 'NO_COLOR' env is ignored due to the 'FORCE_COLOR' env being set.[39m
[36mpackages/calibration[39m [96mtest[39m: [90m(Use `node --trace-warnings ...` to show where the warning was created)[39m
[36mpackages/calibration[39m [96mtest[39m: [90m(node:32827) Warning: The 'NO_COLOR' env is ignored due to the 'FORCE_COLOR' env being set.[39m
[36mpackages/calibration[39m [96mtest[39m: [90m(Use `node --trace-warnings ...` to show where the warning was created)[39m
[36mpackages/calibration[39m [96mtest[39m: [90m(node:32869) Warning: The 'NO_COLOR' env is ignored due to the 'FORCE_COLOR' env being set.[39m
[36mpackages/calibration[39m [96mtest[39m: [90m(Use `node --trace-warnings ...` to show where the warning was created)[39m
[36mpackages/calibration[39m [96mtest[39m: [90m(node:32896) Warning: The 'NO_COLOR' env is ignored due to the 'FORCE_COLOR' env being set.[39m
[36mpackages/calibration[39m [96mtest[39m: [90m(Use `node --trace-warnings ...` to show where the warning was created)[39m
[36mpackages/calibration[39m [96mtest[39m: [90m(node:32901) Warning: The 'NO_COLOR' env is ignored due to the 'FORCE_COLOR' env being set.[39m
[36mpackages/calibration[39m [96mtest[39m: [90m(Use `node --trace-warnings ...` to show where the warning was created)[39m
[36mpackages/calibration[39m [96mtest[39m: [90m(node:32906) Warning: The 'NO_COLOR' env is ignored due to the 'FORCE_COLOR' env being set.[39m
[36mpackages/calibration[39m [96mtest[39m: [90m(Use `node --trace-warnings ...` to show where the warning was created)[39m
[36mpackages/calibration[39m [96mtest[39m: [90m(node:32909) Warning: The 'NO_COLOR' env is ignored due to the 'FORCE_COLOR' env being set.[39m
[36mpackages/calibration[39m [96mtest[39m: [90m(Use `node --trace-warnings ...` to show where the warning was created)[39m
[36mpackages/calibration[39m [96mtest[39m: [90m(node:32920) Warning: The 'NO_COLOR' env is ignored due to the 'FORCE_COLOR' env being set.[39m
[36mpackages/calibration[39m [96mtest[39m: [90m(Use `node --trace-warnings ...` to show where the warning was created)[39m
[36mpackages/calibration[39m [96mtest[39m: [90m(node:32921) Warning: The 'NO_COLOR' env is ignored due to the 'FORCE_COLOR' env being set.[39m
[36mpackages/calibration[39m [96mtest[39m: [90m(Use `node --trace-warnings ...` to show where the warning was created)[39m
[36mpackages/calibration[39m [96mtest[39m:  Test Files  63 passed (63)
[36mpackages/calibration[39m [96mtest[39m:       Tests  959 passed | 4 skipped (963)
[36mpackages/calibration[39m [96mtest[39m:    Start at  08:21:24
[36mpackages/calibration[39m [96mtest[39m:    Duration  124.19s (transform 6.79s, setup 0ms, import 18.43s, tests 549.21s, environment 5ms)
[36mpackages/calibration[39m [96mtest[39m: Done
[34mapps/demo[39m [96mtest[39m$ vitest run
[34mapps/demo[39m [96mtest[39m: [90m(node:42891) Warning: The 'NO_COLOR' env is ignored due to the 'FORCE_COLOR' env being set.[39m
[34mapps/demo[39m [96mtest[39m: [90m(Use `node --trace-warnings ...` to show where the warning was created)[39m
[34mapps/demo[39m [96mtest[39m: [90m(!) Your Vite config uses features that are unsupported by `configLoader: 'native'`, which is planned to become the default in a future major version of Vite:[39m
[34mapps/demo[39m [96mtest[39m: [90m  - import "./profile" without a file extension (../../packages/calibration/src/material-selection.ts:30:33). Add the file extension[39m
[34mapps/demo[39m [96mtest[39m: [90m  - import "./report" without a file extension (../../packages/calibration/src/matrix-store.ts:10:57). Add the file extension[39m
[34mapps/demo[39m [96mtest[39m: [90m  - import "./matrix-write-guard" without a file extension (../../packages/calibration/src/matrix-store.ts:11:36). Add the file extension[39m
[34mapps/demo[39m [96mtest[39m: [90m  - import "./generation-stage" without a file extension (../../packages/calibration/src/matrix-write-guard.ts:9:35). Add the file extension[39m
[34mapps/demo[39m [96mtest[39m: [90m  - import "./errors" without a file extension (../../packages/calibration/src/report.ts:23:34). Add the file extension[39m
[34mapps/demo[39m [96mtest[39m: [90m  - import "./metrics/chroma" without a file extension (../../packages/calibration/src/report.ts:24:44). Add the file extension[39m
[34mapps/demo[39m [96mtest[39m: [90m  - import "./metrics/shape" without a file extension (../../packages/calibration/src/report.ts:25:67). Add the file extension[39m
[34mapps/demo[39m [96mtest[39m: [90m  - import "./metrics/material" without a file extension (../../packages/calibration/src/report.ts:33:8). Add the file extension[39m
[34mapps/demo[39m [96mtest[39m: [90m  - import "./metrics/motion" without a file extension (../../packages/calibration/src/report.ts:34:54). Add the file extension[39m
[34mapps/demo[39m [96mtest[39m: [90m  - import "./metrics/shadow" without a file extension (../../packages/calibration/src/report.ts:35:60). Add the file extension[39m
[34mapps/demo[39m [96mtest[39m: [90m  - import "./metrics/perceptual" without a file extension (../../packages/calibration/src/report.ts:41:8). Add the file extension[39m
[34mapps/demo[39m [96mtest[39m: [90m  - import "./profile" without a file extension (../../packages/calibration/src/report.ts:42:69). Add the file extension[39m
[34mapps/demo[39m [96mtest[39m: [90m  - import "./matrix-write-guard" without a file extension (../../packages/calibration/src/generation-stage.ts:6:57). Add the file extension[39m
[34mapps/demo[39m [96mtest[39m: [90m  - import "./matrix-store" without a file extension (../../packages/calibration/src/generation-stage.ts:8:58). Add the file extension[39m
[34mapps/demo[39m [96mtest[39m: [90m  - import "./report" without a file extension (../../packages/calibration/src/generation-stage.ts:9:57). Add the file extension[39m
[34mapps/demo[39m [96mtest[39m: [90m  - import "./material-selection" without a file extension (../../packages/calibration/src/generation-stage.ts:10:68). Add the file extension[39m
[34mapps/demo[39m [96mtest[39m: [90m  - import "./document-position" without a file extension (../../packages/calibration/src/generation-stage.ts:11:59). Add the file extension[39m
[34mapps/demo[39m [96mtest[39m: [90m  - import "./material-selection" without a file extension (../../packages/calibration/src/document-position.ts:26:8). Add the file extension[39m
[34mapps/demo[39m [96mtest[39m: [90mSet `VITE_CONFIG_NATIVE_IGNORE_WARNING=true` to suppress this warning.[39m
[34mapps/demo[39m [96mtest[39m:  RUN  v4.1.11 /Users/new/vitrea-w50/g0/apps/demo
[34mapps/demo[39m [96mtest[39m: [90m(node:42947) Warning: The 'NO_COLOR' env is ignored due to the 'FORCE_COLOR' env being set.[39m
[34mapps/demo[39m [96mtest[39m: [90m(Use `node --trace-warnings ...` to show where the warning was created)[39m
[34mapps/demo[39m [96mtest[39m: [90m(node:42950) Warning: The 'NO_COLOR' env is ignored due to the 'FORCE_COLOR' env being set.[39m
[34mapps/demo[39m [96mtest[39m: [90m(Use `node --trace-warnings ...` to show where the warning was created)[39m
[34mapps/demo[39m [96mtest[39m: [90m(node:42952) Warning: The 'NO_COLOR' env is ignored due to the 'FORCE_COLOR' env being set.[39m
[34mapps/demo[39m [96mtest[39m: [90m(Use `node --trace-warnings ...` to show where the warning was created)[39m
[34mapps/demo[39m [96mtest[39m: [90m(node:42951) Warning: The 'NO_COLOR' env is ignored due to the 'FORCE_COLOR' env being set.[39m
[34mapps/demo[39m [96mtest[39m: [90m(Use `node --trace-warnings ...` to show where the warning was created)[39m
[34mapps/demo[39m [96mtest[39m: [90m(node:42949) Warning: The 'NO_COLOR' env is ignored due to the 'FORCE_COLOR' env being set.[39m
[34mapps/demo[39m [96mtest[39m: [90m(Use `node --trace-warnings ...` to show where the warning was created)[39m
[34mapps/demo[39m [96mtest[39m: [90m(node:42948) Warning: The 'NO_COLOR' env is ignored due to the 'FORCE_COLOR' env being set.[39m
[34mapps/demo[39m [96mtest[39m: [90m(Use `node --trace-warnings ...` to show where the warning was created)[39m
[34mapps/demo[39m [96mtest[39m: [90m(node:42954) Warning: The 'NO_COLOR' env is ignored due to the 'FORCE_COLOR' env being set.[39m
[34mapps/demo[39m [96mtest[39m: [90m(Use `node --trace-warnings ...` to show where the warning was created)[39m
[34mapps/demo[39m [96mtest[39m: [90m(node:42953) Warning: The 'NO_COLOR' env is ignored due to the 'FORCE_COLOR' env being set.[39m
[34mapps/demo[39m [96mtest[39m: [90m(Use `node --trace-warnings ...` to show where the warning was created)[39m
[34mapps/demo[39m [96mtest[39m:  Test Files  8 passed (8)
[34mapps/demo[39m [96mtest[39m:       Tests  123 passed (123)
[34mapps/demo[39m [96mtest[39m:    Start at  08:23:28
[34mapps/demo[39m [96mtest[39m:    Duration  5.15s (transform 5.98s, setup 0ms, import 8.14s, tests 3.29s, environment 0ms)
[34mapps/demo[39m [96mtest[39m: Done
(node:23630) Warning: The 'NO_COLOR' env is ignored due to the 'FORCE_COLOR' env being set.
(Use `node --trace-warnings ...` to show where the warning was created)
