Scope: 9 of 10 workspace projects
[36mpackages/geometry[39m [96mtest[39m$ vitest run
[35mpackages/motion[39m [96mtest[39m$ vitest run
[34mpackages/policy[39m [96mtest[39m$ vitest run
[35mpackages/motion[39m [96mtest[39m: [90m(node:94998) Warning: The 'NO_COLOR' env is ignored due to the 'FORCE_COLOR' env being set.[39m
[35mpackages/motion[39m [96mtest[39m: [90m(Use `node --trace-warnings ...` to show where the warning was created)[39m
[36mpackages/geometry[39m [96mtest[39m: [90m(node:94975) Warning: The 'NO_COLOR' env is ignored due to the 'FORCE_COLOR' env being set.[39m
[36mpackages/geometry[39m [96mtest[39m: [90m(Use `node --trace-warnings ...` to show where the warning was created)[39m
[34mpackages/policy[39m [96mtest[39m: [90m(node:95021) Warning: The 'NO_COLOR' env is ignored due to the 'FORCE_COLOR' env being set.[39m
[34mpackages/policy[39m [96mtest[39m: [90m(Use `node --trace-warnings ...` to show where the warning was created)[39m
[36mpackages/geometry[39m [96mtest[39m:  RUN  v4.1.11 /Users/new/vitrea-w50/g0/packages/geometry
[34mpackages/policy[39m [96mtest[39m:  RUN  v4.1.11 /Users/new/vitrea-w50/g0/packages/policy
[35mpackages/motion[39m [96mtest[39m:  RUN  v4.1.11 /Users/new/vitrea-w50/g0/packages/motion
[36mpackages/geometry[39m [96mtest[39m: [90m(node:95040) Warning: The 'NO_COLOR' env is ignored due to the 'FORCE_COLOR' env being set.[39m
[36mpackages/geometry[39m [96mtest[39m: [90m(Use `node --trace-warnings ...` to show where the warning was created)[39m
[35mpackages/motion[39m [96mtest[39m: [90m(node:95039) Warning: The 'NO_COLOR' env is ignored due to the 'FORCE_COLOR' env being set.[39m
[35mpackages/motion[39m [96mtest[39m: [90m(Use `node --trace-warnings ...` to show where the warning was created)[39m
[35mpackages/motion[39m [96mtest[39m: [90m(node:95049) Warning: The 'NO_COLOR' env is ignored due to the 'FORCE_COLOR' env being set.[39m
[35mpackages/motion[39m [96mtest[39m: [90m(Use `node --trace-warnings ...` to show where the warning was created)[39m
[34mpackages/policy[39m [96mtest[39m: [90m(node:95038) Warning: The 'NO_COLOR' env is ignored due to the 'FORCE_COLOR' env being set.[39m
[34mpackages/policy[39m [96mtest[39m: [90m(Use `node --trace-warnings ...` to show where the warning was created)[39m
[35mpackages/motion[39m [96mtest[39m: [90m(node:95046) Warning: The 'NO_COLOR' env is ignored due to the 'FORCE_COLOR' env being set.[39m
[35mpackages/motion[39m [96mtest[39m: [90m(Use `node --trace-warnings ...` to show where the warning was created)[39m
[35mpackages/motion[39m [96mtest[39m: [90m(node:95044) Warning: The 'NO_COLOR' env is ignored due to the 'FORCE_COLOR' env being set.[39m
[35mpackages/motion[39m [96mtest[39m: [90m(Use `node --trace-warnings ...` to show where the warning was created)[39m
[36mpackages/geometry[39m [96mtest[39m: [90m(node:95056) Warning: The 'NO_COLOR' env is ignored due to the 'FORCE_COLOR' env being set.[39m
[36mpackages/geometry[39m [96mtest[39m: [90m(Use `node --trace-warnings ...` to show where the warning was created)[39m
[35mpackages/motion[39m [96mtest[39m: [90m(node:95043) Warning: The 'NO_COLOR' env is ignored due to the 'FORCE_COLOR' env being set.[39m
[35mpackages/motion[39m [96mtest[39m: [90m(Use `node --trace-warnings ...` to show where the warning was created)[39m
[34mpackages/policy[39m [96mtest[39m: [90m(node:95037) Warning: The 'NO_COLOR' env is ignored due to the 'FORCE_COLOR' env being set.[39m
[34mpackages/policy[39m [96mtest[39m: [90m(Use `node --trace-warnings ...` to show where the warning was created)[39m
[36mpackages/geometry[39m [96mtest[39m: [90m(node:95045) Warning: The 'NO_COLOR' env is ignored due to the 'FORCE_COLOR' env being set.[39m
[36mpackages/geometry[39m [96mtest[39m: [90m(Use `node --trace-warnings ...` to show where the warning was created)[39m
[36mpackages/geometry[39m [96mtest[39m: [90m(node:95050) Warning: The 'NO_COLOR' env is ignored due to the 'FORCE_COLOR' env being set.[39m
[36mpackages/geometry[39m [96mtest[39m: [90m(Use `node --trace-warnings ...` to show where the warning was created)[39m
[36mpackages/geometry[39m [96mtest[39m: [90m(node:95042) Warning: The 'NO_COLOR' env is ignored due to the 'FORCE_COLOR' env being set.[39m
[36mpackages/geometry[39m [96mtest[39m: [90m(Use `node --trace-warnings ...` to show where the warning was created)[39m
[35mpackages/motion[39m [96mtest[39m: [90m(node:95051) Warning: The 'NO_COLOR' env is ignored due to the 'FORCE_COLOR' env being set.[39m
[35mpackages/motion[39m [96mtest[39m: [90m(Use `node --trace-warnings ...` to show where the warning was created)[39m
[36mpackages/geometry[39m [96mtest[39m: [90m(node:95055) Warning: The 'NO_COLOR' env is ignored due to the 'FORCE_COLOR' env being set.[39m
[36mpackages/geometry[39m [96mtest[39m: [90m(Use `node --trace-warnings ...` to show where the warning was created)[39m
[36mpackages/geometry[39m [96mtest[39m: [90m(node:95052) Warning: The 'NO_COLOR' env is ignored due to the 'FORCE_COLOR' env being set.[39m
[36mpackages/geometry[39m [96mtest[39m: [90m(Use `node --trace-warnings ...` to show where the warning was created)[39m
[35mpackages/motion[39m [96mtest[39m: [90m(node:95041) Warning: The 'NO_COLOR' env is ignored due to the 'FORCE_COLOR' env being set.[39m
[35mpackages/motion[39m [96mtest[39m: [90m(Use `node --trace-warnings ...` to show where the warning was created)[39m
[35mpackages/motion[39m [96mtest[39m: [90m(node:95047) Warning: The 'NO_COLOR' env is ignored due to the 'FORCE_COLOR' env being set.[39m
[35mpackages/motion[39m [96mtest[39m: [90m(Use `node --trace-warnings ...` to show where the warning was created)[39m
[36mpackages/geometry[39m [96mtest[39m: [90m(node:95048) Warning: The 'NO_COLOR' env is ignored due to the 'FORCE_COLOR' env being set.[39m
[36mpackages/geometry[39m [96mtest[39m: [90m(Use `node --trace-warnings ...` to show where the warning was created)[39m
[35mpackages/motion[39m [96mtest[39m: [90m(node:95054) Warning: The 'NO_COLOR' env is ignored due to the 'FORCE_COLOR' env being set.[39m
[35mpackages/motion[39m [96mtest[39m: [90m(Use `node --trace-warnings ...` to show where the warning was created)[39m
[36mpackages/geometry[39m [96mtest[39m: [90m(node:95053) Warning: The 'NO_COLOR' env is ignored due to the 'FORCE_COLOR' env being set.[39m
[36mpackages/geometry[39m [96mtest[39m: [90m(Use `node --trace-warnings ...` to show where the warning was created)[39m
[34mpackages/policy[39m [96mtest[39m:  Test Files  2 passed (2)
[34mpackages/policy[39m [96mtest[39m:       Tests  23 passed (23)
[34mpackages/policy[39m [96mtest[39m:    Start at  08:16:39
[34mpackages/policy[39m [96mtest[39m:    Duration  286ms (transform 51ms, setup 0ms, import 101ms, tests 8ms, environment 0ms)
[34mpackages/policy[39m [96mtest[39m: Done
[35mpackages/motion[39m [96mtest[39m: [90m(node:95065) Warning: The 'NO_COLOR' env is ignored due to the 'FORCE_COLOR' env being set.[39m
[35mpackages/motion[39m [96mtest[39m: [90m(Use `node --trace-warnings ...` to show where the warning was created)[39m
[36mpackages/geometry[39m [96mtest[39m: [90m(node:95099) Warning: The 'NO_COLOR' env is ignored due to the 'FORCE_COLOR' env being set.[39m
[36mpackages/geometry[39m [96mtest[39m: [90m(Use `node --trace-warnings ...` to show where the warning was created)[39m
[36mpackages/geometry[39m [96mtest[39m: [90m(node:95095) Warning: The 'NO_COLOR' env is ignored due to the 'FORCE_COLOR' env being set.[39m
[36mpackages/geometry[39m [96mtest[39m: [90m(Use `node --trace-warnings ...` to show where the warning was created)[39m
[36mpackages/geometry[39m [96mtest[39m: [90m(node:95106) Warning: The 'NO_COLOR' env is ignored due to the 'FORCE_COLOR' env being set.[39m
[36mpackages/geometry[39m [96mtest[39m: [90m(Use `node --trace-warnings ...` to show where the warning was created)[39m
[36mpackages/geometry[39m [96mtest[39m: [90m(node:95104) Warning: The 'NO_COLOR' env is ignored due to the 'FORCE_COLOR' env being set.[39m
[36mpackages/geometry[39m [96mtest[39m: [90m(Use `node --trace-warnings ...` to show where the warning was created)[39m
[36mpackages/geometry[39m [96mtest[39m: [90m(node:95109) Warning: The 'NO_COLOR' env is ignored due to the 'FORCE_COLOR' env being set.[39m
[36mpackages/geometry[39m [96mtest[39m: [90m(Use `node --trace-warnings ...` to show where the warning was created)[39m
[35mpackages/motion[39m [96mtest[39m:  Test Files  10 passed (10)
[35mpackages/motion[39m [96mtest[39m:       Tests  164 passed (164)
[35mpackages/motion[39m [96mtest[39m:    Start at  08:16:39
[35mpackages/motion[39m [96mtest[39m:    Duration  812ms (transform 657ms, setup 0ms, import 1.01s, tests 645ms, environment 1ms)
[35mpackages/motion[39m [96mtest[39m: Done
[36mpackages/geometry[39m [96mtest[39m: === the crossing: Apple's dump against the reference construction at the same reach ===
[36mpackages/geometry[39m [96mtest[39m: 120x44    r*  14.3916  hausdorff  0.092982 px  = 0.00646086 r
[36mpackages/geometry[39m [96mtest[39m: 64x30     r*   9.8125  hausdorff  0.063450 px  = 0.00646621 r
[36mpackages/geometry[39m [96mtest[39m: 44x44     r*  14.3916  hausdorff  0.092982 px  = 0.00646086 r
[36mpackages/geometry[39m [96mtest[39m: 160x96    r*  31.3999  hausdorff  0.202744 px  = 0.00645684 r
[36mpackages/geometry[39m [96mtest[39m: 280x160   r*  52.3332  hausdorff  0.337875 px  = 0.00645622 r
[36mpackages/geometry[39m [96mtest[39m: contour step per 0.002 px of r across the crossing: 0.092906 px at r 14.3936
[36mpackages/geometry[39m [96mtest[39m: === the render path at 1x (device px) ===
[36mpackages/geometry[39m [96mtest[39m: shape                  r/min   declared  render r  render reach  spec r   sat  gap→declared  gap render↔spec
[36mpackages/geometry[39m [96mtest[39m: capsule-button         0.5000     22.00     22.00         22.00   22.00  YES        0.0000           0.0000
[36mpackages/geometry[39m [96mtest[39m: toolbar-group item     0.5000     22.00     22.00         22.00   22.00  YES        0.0000           0.0000
[36mpackages/geometry[39m [96mtest[39m: rrect-sm               0.2500      8.00      8.00         12.23    8.00   no        0.1104           0.0000
[36mpackages/geometry[39m [96mtest[39m: rrect-md               0.2083     20.00     20.00         30.57   20.00   no        0.2760           0.0000
[36mpackages/geometry[39m [96mtest[39m: rrect-ml               0.2109     27.00     27.00         41.27   27.00   no        0.3726           0.0000
[36mpackages/geometry[39m [96mtest[39m: rrect-lg               0.2125     34.00     34.00         51.97   34.00   no        0.4691           0.0000
[36mpackages/geometry[39m [96mtest[39m: glass-over-glass base  0.1846     24.00     24.00         36.69   24.00   no        0.3312           0.0000
[36mpackages/geometry[39m [96mtest[39m: glass-over-glass over  0.2857     16.00     16.00         24.46   16.00   no        0.2208           0.0000
[36mpackages/geometry[39m [96mtest[39m: === the render path at 2x (device px) ===
[36mpackages/geometry[39m [96mtest[39m: shape                  r/min   declared  render r  render reach  spec r   sat  gap→declared  gap render↔spec
[36mpackages/geometry[39m [96mtest[39m: capsule-button         0.5000     44.00     44.00         44.00   44.00  YES        0.0000           0.0000
[36mpackages/geometry[39m [96mtest[39m: toolbar-group item     0.5000     44.00     44.00         44.00   44.00  YES        0.0000           0.0000
[36mpackages/geometry[39m [96mtest[39m: rrect-sm               0.2500     16.00     16.00         24.46   16.00   no        0.2208           0.0000
[36mpackages/geometry[39m [96mtest[39m: rrect-md               0.2083     40.00     40.00         61.15   40.00   no        0.5519           0.0000
[36mpackages/geometry[39m [96mtest[39m: rrect-ml               0.2109     54.00     54.00         82.55   54.00   no        0.7451           0.0000
[36mpackages/geometry[39m [96mtest[39m: rrect-lg               0.2125     68.00     68.00        103.95   68.00   no        0.9383           0.0000
[36mpackages/geometry[39m [96mtest[39m: glass-over-glass base  0.1846     48.00     48.00         73.38   48.00   no        0.6623           0.0000
[36mpackages/geometry[39m [96mtest[39m: glass-over-glass over  0.2857     32.00     32.00         48.92   32.00   no        0.4416           0.0000
[36mpackages/geometry[39m [96mtest[39m: === DEFAULT_HOST_SHAPE radius 12, 200 x h ===
[36mpackages/geometry[39m [96mtest[39m: h  24  drawn r  12.0000  s_eff 0.0000  radius lost 0.0000 CSS px
[36mpackages/geometry[39m [96mtest[39m: h  32  drawn r  12.0000  s_eff 0.3333  radius lost 0.0000 CSS px
[36mpackages/geometry[39m [96mtest[39m: h  36  drawn r  12.0000  s_eff 0.5000  radius lost 0.0000 CSS px
[36mpackages/geometry[39m [96mtest[39m: h  40  drawn r  12.0000  s_eff 0.5287  radius lost 0.0000 CSS px
[36mpackages/geometry[39m [96mtest[39m: h  48  drawn r  12.0000  s_eff 0.5287  radius lost 0.0000 CSS px
[36mpackages/geometry[39m [96mtest[39m:  Test Files  14 passed (14)
[36mpackages/geometry[39m [96mtest[39m:       Tests  170 passed (170)
[36mpackages/geometry[39m [96mtest[39m:    Start at  08:16:39
[36mpackages/geometry[39m [96mtest[39m:    Duration  11.17s (transform 1.23s, setup 0ms, import 10.22s, tests 13.89s, environment 1ms)
[36mpackages/geometry[39m [96mtest[39m: Done
[33mpackages/renderer-webgpu[39m [96mtest[39m$ vitest run
[33mpackages/renderer-webgpu[39m [96mtest[39m: [90m(node:95847) Warning: The 'NO_COLOR' env is ignored due to the 'FORCE_COLOR' env being set.[39m
[33mpackages/renderer-webgpu[39m [96mtest[39m: [90m(Use `node --trace-warnings ...` to show where the warning was created)[39m
[33mpackages/renderer-webgpu[39m [96mtest[39m:  RUN  v4.1.11 /Users/new/vitrea-w50/g0/packages/renderer-webgpu
[33mpackages/renderer-webgpu[39m [96mtest[39m: [90m(node:95941) Warning: The 'NO_COLOR' env is ignored due to the 'FORCE_COLOR' env being set.[39m
[33mpackages/renderer-webgpu[39m [96mtest[39m: [90m(Use `node --trace-warnings ...` to show where the warning was created)[39m
[33mpackages/renderer-webgpu[39m [96mtest[39m: [90m(node:95940) Warning: The 'NO_COLOR' env is ignored due to the 'FORCE_COLOR' env being set.[39m
[33mpackages/renderer-webgpu[39m [96mtest[39m: [90m(Use `node --trace-warnings ...` to show where the warning was created)[39m
[33mpackages/renderer-webgpu[39m [96mtest[39m: [90m(node:95938) Warning: The 'NO_COLOR' env is ignored due to the 'FORCE_COLOR' env being set.[39m
[33mpackages/renderer-webgpu[39m [96mtest[39m: [90m(Use `node --trace-warnings ...` to show where the warning was created)[39m
[33mpackages/renderer-webgpu[39m [96mtest[39m: [90m(node:95944) Warning: The 'NO_COLOR' env is ignored due to the 'FORCE_COLOR' env being set.[39m
[33mpackages/renderer-webgpu[39m [96mtest[39m: [90m(Use `node --trace-warnings ...` to show where the warning was created)[39m
[33mpackages/renderer-webgpu[39m [96mtest[39m: [90m(node:95937) Warning: The 'NO_COLOR' env is ignored due to the 'FORCE_COLOR' env being set.[39m
[33mpackages/renderer-webgpu[39m [96mtest[39m: [90m(Use `node --trace-warnings ...` to show where the warning was created)[39m
[33mpackages/renderer-webgpu[39m [96mtest[39m: [90m(node:95942) Warning: The 'NO_COLOR' env is ignored due to the 'FORCE_COLOR' env being set.[39m
[33mpackages/renderer-webgpu[39m [96mtest[39m: [90m(Use `node --trace-warnings ...` to show where the warning was created)[39m
[33mpackages/renderer-webgpu[39m [96mtest[39m: [90m(node:95943) Warning: The 'NO_COLOR' env is ignored due to the 'FORCE_COLOR' env being set.[39m
[33mpackages/renderer-webgpu[39m [96mtest[39m: [90m(Use `node --trace-warnings ...` to show where the warning was created)[39m
[33mpackages/renderer-webgpu[39m [96mtest[39m: [90m(node:95946) Warning: The 'NO_COLOR' env is ignored due to the 'FORCE_COLOR' env being set.[39m
[33mpackages/renderer-webgpu[39m [96mtest[39m: [90m(Use `node --trace-warnings ...` to show where the warning was created)[39m
[33mpackages/renderer-webgpu[39m [96mtest[39m: [90m(node:95945) Warning: The 'NO_COLOR' env is ignored due to the 'FORCE_COLOR' env being set.[39m
[33mpackages/renderer-webgpu[39m [96mtest[39m: [90m(Use `node --trace-warnings ...` to show where the warning was created)[39m
[33mpackages/renderer-webgpu[39m [96mtest[39m: [90m(node:95969) Warning: The 'NO_COLOR' env is ignored due to the 'FORCE_COLOR' env being set.[39m
[33mpackages/renderer-webgpu[39m [96mtest[39m: [90m(Use `node --trace-warnings ...` to show where the warning was created)[39m
[33mpackages/renderer-webgpu[39m [96mtest[39m: [90m(node:95970) Warning: The 'NO_COLOR' env is ignored due to the 'FORCE_COLOR' env being set.[39m
[33mpackages/renderer-webgpu[39m [96mtest[39m: [90m(Use `node --trace-warnings ...` to show where the warning was created)[39m
[33mpackages/renderer-webgpu[39m [96mtest[39m: [90m(node:95971) Warning: The 'NO_COLOR' env is ignored due to the 'FORCE_COLOR' env being set.[39m
[33mpackages/renderer-webgpu[39m [96mtest[39m: [90m(Use `node --trace-warnings ...` to show where the warning was created)[39m
[33mpackages/renderer-webgpu[39m [96mtest[39m: [90m(node:95972) Warning: The 'NO_COLOR' env is ignored due to the 'FORCE_COLOR' env being set.[39m
[33mpackages/renderer-webgpu[39m [96mtest[39m: [90m(Use `node --trace-warnings ...` to show where the warning was created)[39m
[33mpackages/renderer-webgpu[39m [96mtest[39m: [90m(node:95973) Warning: The 'NO_COLOR' env is ignored due to the 'FORCE_COLOR' env being set.[39m
[33mpackages/renderer-webgpu[39m [96mtest[39m: [90m(Use `node --trace-warnings ...` to show where the warning was created)[39m
[33mpackages/renderer-webgpu[39m [96mtest[39m: [90m(node:95974) Warning: The 'NO_COLOR' env is ignored due to the 'FORCE_COLOR' env being set.[39m
[33mpackages/renderer-webgpu[39m [96mtest[39m: [90m(Use `node --trace-warnings ...` to show where the warning was created)[39m
[33mpackages/renderer-webgpu[39m [96mtest[39m: [90m(node:95975) Warning: The 'NO_COLOR' env is ignored due to the 'FORCE_COLOR' env being set.[39m
[33mpackages/renderer-webgpu[39m [96mtest[39m: [90m(Use `node --trace-warnings ...` to show where the warning was created)[39m
[33mpackages/renderer-webgpu[39m [96mtest[39m: [90m(node:95976) Warning: The 'NO_COLOR' env is ignored due to the 'FORCE_COLOR' env being set.[39m
[33mpackages/renderer-webgpu[39m [96mtest[39m: [90m(Use `node --trace-warnings ...` to show where the warning was created)[39m
[33mpackages/renderer-webgpu[39m [96mtest[39m: [90m(node:95977) Warning: The 'NO_COLOR' env is ignored due to the 'FORCE_COLOR' env being set.[39m
[33mpackages/renderer-webgpu[39m [96mtest[39m: [90m(Use `node --trace-warnings ...` to show where the warning was created)[39m
[33mpackages/renderer-webgpu[39m [96mtest[39m: [90m(node:95978) Warning: The 'NO_COLOR' env is ignored due to the 'FORCE_COLOR' env being set.[39m
[33mpackages/renderer-webgpu[39m [96mtest[39m: [90m(Use `node --trace-warnings ...` to show where the warning was created)[39m
[33mpackages/renderer-webgpu[39m [96mtest[39m: [90m(node:95980) Warning: The 'NO_COLOR' env is ignored due to the 'FORCE_COLOR' env being set.[39m
[33mpackages/renderer-webgpu[39m [96mtest[39m: [90m(Use `node --trace-warnings ...` to show where the warning was created)[39m
[33mpackages/renderer-webgpu[39m [96mtest[39m: [90m(node:95979) Warning: The 'NO_COLOR' env is ignored due to the 'FORCE_COLOR' env being set.[39m
[33mpackages/renderer-webgpu[39m [96mtest[39m: [90m(Use `node --trace-warnings ...` to show where the warning was created)[39m
[33mpackages/renderer-webgpu[39m [96mtest[39m: [90m(node:95982) Warning: The 'NO_COLOR' env is ignored due to the 'FORCE_COLOR' env being set.[39m
[33mpackages/renderer-webgpu[39m [96mtest[39m: [90m(Use `node --trace-warnings ...` to show where the warning was created)[39m
[33mpackages/renderer-webgpu[39m [96mtest[39m: [90m(node:95981) Warning: The 'NO_COLOR' env is ignored due to the 'FORCE_COLOR' env being set.[39m
[33mpackages/renderer-webgpu[39m [96mtest[39m: [90m(Use `node --trace-warnings ...` to show where the warning was created)[39m
[33mpackages/renderer-webgpu[39m [96mtest[39m: [90m(node:95983) Warning: The 'NO_COLOR' env is ignored due to the 'FORCE_COLOR' env being set.[39m
[33mpackages/renderer-webgpu[39m [96mtest[39m: [90m(Use `node --trace-warnings ...` to show where the warning was created)[39m
[33mpackages/renderer-webgpu[39m [96mtest[39m: [90m(node:95984) Warning: The 'NO_COLOR' env is ignored due to the 'FORCE_COLOR' env being set.[39m
[33mpackages/renderer-webgpu[39m [96mtest[39m: [90m(Use `node --trace-warnings ...` to show where the warning was created)[39m
[33mpackages/renderer-webgpu[39m [96mtest[39m: [90m(node:95987) Warning: The 'NO_COLOR' env is ignored due to the 'FORCE_COLOR' env being set.[39m
[33mpackages/renderer-webgpu[39m [96mtest[39m: [90m(Use `node --trace-warnings ...` to show where the warning was created)[39m
[33mpackages/renderer-webgpu[39m [96mtest[39m: [90m(node:96051) Warning: The 'NO_COLOR' env is ignored due to the 'FORCE_COLOR' env being set.[39m
[33mpackages/renderer-webgpu[39m [96mtest[39m: [90m(Use `node --trace-warnings ...` to show where the warning was created)[39m
[33mpackages/renderer-webgpu[39m [96mtest[39m: [90m(node:96067) Warning: The 'NO_COLOR' env is ignored due to the 'FORCE_COLOR' env being set.[39m
[33mpackages/renderer-webgpu[39m [96mtest[39m: [90m(Use `node --trace-warnings ...` to show where the warning was created)[39m
[33mpackages/renderer-webgpu[39m [96mtest[39m: [90m(node:96081) Warning: The 'NO_COLOR' env is ignored due to the 'FORCE_COLOR' env being set.[39m
[33mpackages/renderer-webgpu[39m [96mtest[39m: [90m(Use `node --trace-warnings ...` to show where the warning was created)[39m
[33mpackages/renderer-webgpu[39m [96mtest[39m: [90m(node:96083) Warning: The 'NO_COLOR' env is ignored due to the 'FORCE_COLOR' env being set.[39m
[33mpackages/renderer-webgpu[39m [96mtest[39m: [90m(Use `node --trace-warnings ...` to show where the warning was created)[39m
[33mpackages/renderer-webgpu[39m [96mtest[39m: [90m(node:96090) Warning: The 'NO_COLOR' env is ignored due to the 'FORCE_COLOR' env being set.[39m
[33mpackages/renderer-webgpu[39m [96mtest[39m: [90m(Use `node --trace-warnings ...` to show where the warning was created)[39m
[33mpackages/renderer-webgpu[39m [96mtest[39m: [90m(node:96092) Warning: The 'NO_COLOR' env is ignored due to the 'FORCE_COLOR' env being set.[39m
[33mpackages/renderer-webgpu[39m [96mtest[39m: [90m(Use `node --trace-warnings ...` to show where the warning was created)[39m
[33mpackages/renderer-webgpu[39m [96mtest[39m: [90m(node:96093) Warning: The 'NO_COLOR' env is ignored due to the 'FORCE_COLOR' env being set.[39m
[33mpackages/renderer-webgpu[39m [96mtest[39m: [90m(Use `node --trace-warnings ...` to show where the warning was created)[39m
[33mpackages/renderer-webgpu[39m [96mtest[39m: [90m(node:96097) Warning: The 'NO_COLOR' env is ignored due to the 'FORCE_COLOR' env being set.[39m
[33mpackages/renderer-webgpu[39m [96mtest[39m: [90m(Use `node --trace-warnings ...` to show where the warning was created)[39m
[33mpackages/renderer-webgpu[39m [96mtest[39m: [90m(node:96099) Warning: The 'NO_COLOR' env is ignored due to the 'FORCE_COLOR' env being set.[39m
[33mpackages/renderer-webgpu[39m [96mtest[39m: [90m(Use `node --trace-warnings ...` to show where the warning was created)[39m
[33mpackages/renderer-webgpu[39m [96mtest[39m: [90m(node:96101) Warning: The 'NO_COLOR' env is ignored due to the 'FORCE_COLOR' env being set.[39m
[33mpackages/renderer-webgpu[39m [96mtest[39m: [90m(Use `node --trace-warnings ...` to show where the warning was created)[39m
[33mpackages/renderer-webgpu[39m [96mtest[39m: [90m(node:96109) Warning: The 'NO_COLOR' env is ignored due to the 'FORCE_COLOR' env being set.[39m
[33mpackages/renderer-webgpu[39m [96mtest[39m: [90m(Use `node --trace-warnings ...` to show where the warning was created)[39m
[33mpackages/renderer-webgpu[39m [96mtest[39m: [90m(node:96110) Warning: The 'NO_COLOR' env is ignored due to the 'FORCE_COLOR' env being set.[39m
[33mpackages/renderer-webgpu[39m [96mtest[39m: [90m(Use `node --trace-warnings ...` to show where the warning was created)[39m
[33mpackages/renderer-webgpu[39m [96mtest[39m: [90m(node:96111) Warning: The 'NO_COLOR' env is ignored due to the 'FORCE_COLOR' env being set.[39m
[33mpackages/renderer-webgpu[39m [96mtest[39m: [90m(Use `node --trace-warnings ...` to show where the warning was created)[39m
[33mpackages/renderer-webgpu[39m [96mtest[39m: [90m(node:96113) Warning: The 'NO_COLOR' env is ignored due to the 'FORCE_COLOR' env being set.[39m
[33mpackages/renderer-webgpu[39m [96mtest[39m: [90m(Use `node --trace-warnings ...` to show where the warning was created)[39m
[33mpackages/renderer-webgpu[39m [96mtest[39m: [90m(node:96114) Warning: The 'NO_COLOR' env is ignored due to the 'FORCE_COLOR' env being set.[39m
[33mpackages/renderer-webgpu[39m [96mtest[39m: [90m(Use `node --trace-warnings ...` to show where the warning was created)[39m
[33mpackages/renderer-webgpu[39m [96mtest[39m:  Test Files  41 passed (41)
[33mpackages/renderer-webgpu[39m [96mtest[39m:       Tests  696 passed (696)
[33mpackages/renderer-webgpu[39m [96mtest[39m:    Start at  08:16:50
[33mpackages/renderer-webgpu[39m [96mtest[39m:    Duration  1.47s (transform 2.38s, setup 359ms, import 5.30s, tests 2.40s, environment 2ms)
[33mpackages/renderer-webgpu[39m [96mtest[39m: Done
[32mpackages/core[39m [96mtest[39m$ vitest run
[32mpackages/core[39m [96mtest[39m: [90m(node:96137) Warning: The 'NO_COLOR' env is ignored due to the 'FORCE_COLOR' env being set.[39m
[32mpackages/core[39m [96mtest[39m: [90m(Use `node --trace-warnings ...` to show where the warning was created)[39m
[32mpackages/core[39m [96mtest[39m:  RUN  v4.1.11 /Users/new/vitrea-w50/g0/packages/core
[32mpackages/core[39m [96mtest[39m: [90m(node:96165) Warning: The 'NO_COLOR' env is ignored due to the 'FORCE_COLOR' env being set.[39m
[32mpackages/core[39m [96mtest[39m: [90m(Use `node --trace-warnings ...` to show where the warning was created)[39m
[32mpackages/core[39m [96mtest[39m: [90m(node:96164) Warning: The 'NO_COLOR' env is ignored due to the 'FORCE_COLOR' env being set.[39m
[32mpackages/core[39m [96mtest[39m: [90m(Use `node --trace-warnings ...` to show where the warning was created)[39m
[32mpackages/core[39m [96mtest[39m: [90m(node:96163) Warning: The 'NO_COLOR' env is ignored due to the 'FORCE_COLOR' env being set.[39m
[32mpackages/core[39m [96mtest[39m: [90m(Use `node --trace-warnings ...` to show where the warning was created)[39m
[32mpackages/core[39m [96mtest[39m: [90m(node:96160) Warning: The 'NO_COLOR' env is ignored due to the 'FORCE_COLOR' env being set.[39m
[32mpackages/core[39m [96mtest[39m: [90m(Use `node --trace-warnings ...` to show where the warning was created)[39m
[32mpackages/core[39m [96mtest[39m: [90m(node:96161) Warning: The 'NO_COLOR' env is ignored due to the 'FORCE_COLOR' env being set.[39m
[32mpackages/core[39m [96mtest[39m: [90m(Use `node --trace-warnings ...` to show where the warning was created)[39m
[32mpackages/core[39m [96mtest[39m: [90m(node:96166) Warning: The 'NO_COLOR' env is ignored due to the 'FORCE_COLOR' env being set.[39m
[32mpackages/core[39m [96mtest[39m: [90m(Use `node --trace-warnings ...` to show where the warning was created)[39m
[32mpackages/core[39m [96mtest[39m: [90m(node:96159) Warning: The 'NO_COLOR' env is ignored due to the 'FORCE_COLOR' env being set.[39m
[32mpackages/core[39m [96mtest[39m: [90m(Use `node --trace-warnings ...` to show where the warning was created)[39m
[32mpackages/core[39m [96mtest[39m: [90m(node:96162) Warning: The 'NO_COLOR' env is ignored due to the 'FORCE_COLOR' env being set.[39m
[32mpackages/core[39m [96mtest[39m: [90m(Use `node --trace-warnings ...` to show where the warning was created)[39m
[32mpackages/core[39m [96mtest[39m: [90m(node:96167) Warning: The 'NO_COLOR' env is ignored due to the 'FORCE_COLOR' env being set.[39m
[32mpackages/core[39m [96mtest[39m: [90m(Use `node --trace-warnings ...` to show where the warning was created)[39m
[32mpackages/core[39m [96mtest[39m: [90m(node:96212) Warning: The 'NO_COLOR' env is ignored due to the 'FORCE_COLOR' env being set.[39m
[32mpackages/core[39m [96mtest[39m: [90m(Use `node --trace-warnings ...` to show where the warning was created)[39m
[32mpackages/core[39m [96mtest[39m: [90m(node:96214) Warning: The 'NO_COLOR' env is ignored due to the 'FORCE_COLOR' env being set.[39m
[32mpackages/core[39m [96mtest[39m: [90m(Use `node --trace-warnings ...` to show where the warning was created)[39m
[32mpackages/core[39m [96mtest[39m: [90m(node:96234) Warning: The 'NO_COLOR' env is ignored due to the 'FORCE_COLOR' env being set.[39m
[32mpackages/core[39m [96mtest[39m: [90m(Use `node --trace-warnings ...` to show where the warning was created)[39m
[32mpackages/core[39m [96mtest[39m: [90m(node:96236) Warning: The 'NO_COLOR' env is ignored due to the 'FORCE_COLOR' env being set.[39m
[32mpackages/core[39m [96mtest[39m: [90m(Use `node --trace-warnings ...` to show where the warning was created)[39m
[32mpackages/core[39m [96mtest[39m: [90m(node:96237) Warning: The 'NO_COLOR' env is ignored due to the 'FORCE_COLOR' env being set.[39m
[32mpackages/core[39m [96mtest[39m: [90m(Use `node --trace-warnings ...` to show where the warning was created)[39m
[32mpackages/core[39m [96mtest[39m: [90m(node:96235) Warning: The 'NO_COLOR' env is ignored due to the 'FORCE_COLOR' env being set.[39m
[32mpackages/core[39m [96mtest[39m: [90m(Use `node --trace-warnings ...` to show where the warning was created)[39m
[32mpackages/core[39m [96mtest[39m: [90m(node:96238) Warning: The 'NO_COLOR' env is ignored due to the 'FORCE_COLOR' env being set.[39m
[32mpackages/core[39m [96mtest[39m: [90m(Use `node --trace-warnings ...` to show where the warning was created)[39m
[32mpackages/core[39m [96mtest[39m:  Test Files  16 passed (16)
[32mpackages/core[39m [96mtest[39m:       Tests  304 passed (304)
[32mpackages/core[39m [96mtest[39m:    Start at  08:16:52
[32mpackages/core[39m [96mtest[39m:    Duration  2.68s (transform 2.33s, setup 0ms, import 3.18s, tests 3.27s, environment 1ms)
[32mpackages/core[39m [96mtest[39m: Done
[31mpackages/platform-web[39m [96mtest[39m$ vitest run
[31mpackages/platform-web[39m [96mtest[39m: [90m(node:96387) Warning: The 'NO_COLOR' env is ignored due to the 'FORCE_COLOR' env being set.[39m
[31mpackages/platform-web[39m [96mtest[39m: [90m(Use `node --trace-warnings ...` to show where the warning was created)[39m
[31mpackages/platform-web[39m [96mtest[39m:  RUN  v4.1.11 /Users/new/vitrea-w50/g0/packages/platform-web
[31mpackages/platform-web[39m [96mtest[39m: [90m(node:96398) Warning: The 'NO_COLOR' env is ignored due to the 'FORCE_COLOR' env being set.[39m
[31mpackages/platform-web[39m [96mtest[39m: [90m(Use `node --trace-warnings ...` to show where the warning was created)[39m
[31mpackages/platform-web[39m [96mtest[39m: [90m(node:96396) Warning: The 'NO_COLOR' env is ignored due to the 'FORCE_COLOR' env being set.[39m
[31mpackages/platform-web[39m [96mtest[39m: [90m(Use `node --trace-warnings ...` to show where the warning was created)[39m
[31mpackages/platform-web[39m [96mtest[39m: [90m(node:96394) Warning: The 'NO_COLOR' env is ignored due to the 'FORCE_COLOR' env being set.[39m
[31mpackages/platform-web[39m [96mtest[39m: [90m(Use `node --trace-warnings ...` to show where the warning was created)[39m
[31mpackages/platform-web[39m [96mtest[39m: [90m(node:96393) Warning: The 'NO_COLOR' env is ignored due to the 'FORCE_COLOR' env being set.[39m
[31mpackages/platform-web[39m [96mtest[39m: [90m(Use `node --trace-warnings ...` to show where the warning was created)[39m
[31mpackages/platform-web[39m [96mtest[39m: [90m(node:96399) Warning: The 'NO_COLOR' env is ignored due to the 'FORCE_COLOR' env being set.[39m
[31mpackages/platform-web[39m [96mtest[39m: [90m(Use `node --trace-warnings ...` to show where the warning was created)[39m
[31mpackages/platform-web[39m [96mtest[39m: [90m(node:96395) Warning: The 'NO_COLOR' env is ignored due to the 'FORCE_COLOR' env being set.[39m
[31mpackages/platform-web[39m [96mtest[39m: [90m(Use `node --trace-warnings ...` to show where the warning was created)[39m
[31mpackages/platform-web[39m [96mtest[39m: [90m(node:96401) Warning: The 'NO_COLOR' env is ignored due to the 'FORCE_COLOR' env being set.[39m
[31mpackages/platform-web[39m [96mtest[39m: [90m(Use `node --trace-warnings ...` to show where the warning was created)[39m
[31mpackages/platform-web[39m [96mtest[39m: [90m(node:96397) Warning: The 'NO_COLOR' env is ignored due to the 'FORCE_COLOR' env being set.[39m
[31mpackages/platform-web[39m [96mtest[39m: [90m(Use `node --trace-warnings ...` to show where the warning was created)[39m
[31mpackages/platform-web[39m [96mtest[39m: [90m(node:96400) Warning: The 'NO_COLOR' env is ignored due to the 'FORCE_COLOR' env being set.[39m
[31mpackages/platform-web[39m [96mtest[39m: [90m(Use `node --trace-warnings ...` to show where the warning was created)[39m
[31mpackages/platform-web[39m [96mtest[39m: [90mNot implemented: HTMLCanvasElement's getContext() method: without installing the canvas npm package[39m
[31mpackages/platform-web[39m [96mtest[39m: [90m(node:96460) Warning: The 'NO_COLOR' env is ignored due to the 'FORCE_COLOR' env being set.[39m
[31mpackages/platform-web[39m [96mtest[39m: [90m(Use `node --trace-warnings ...` to show where the warning was created)[39m
[31mpackages/platform-web[39m [96mtest[39m: [90m(node:96461) Warning: The 'NO_COLOR' env is ignored due to the 'FORCE_COLOR' env being set.[39m
[31mpackages/platform-web[39m [96mtest[39m: [90m(Use `node --trace-warnings ...` to show where the warning was created)[39m
[31mpackages/platform-web[39m [96mtest[39m: [90m(node:96462) Warning: The 'NO_COLOR' env is ignored due to the 'FORCE_COLOR' env being set.[39m
[31mpackages/platform-web[39m [96mtest[39m: [90m(Use `node --trace-warnings ...` to show where the warning was created)[39m
[31mpackages/platform-web[39m [96mtest[39m: [90m(node:96463) Warning: The 'NO_COLOR' env is ignored due to the 'FORCE_COLOR' env being set.[39m
[31mpackages/platform-web[39m [96mtest[39m: [90m(Use `node --trace-warnings ...` to show where the warning was created)[39m
[31mpackages/platform-web[39m [96mtest[39m: [90m(node:96464) Warning: The 'NO_COLOR' env is ignored due to the 'FORCE_COLOR' env being set.[39m
[31mpackages/platform-web[39m [96mtest[39m: [90m(Use `node --trace-warnings ...` to show where the warning was created)[39m
[31mpackages/platform-web[39m [96mtest[39m: [90m(node:96504) Warning: The 'NO_COLOR' env is ignored due to the 'FORCE_COLOR' env being set.[39m
[31mpackages/platform-web[39m [96mtest[39m: [90m(Use `node --trace-warnings ...` to show where the warning was created)[39m
[31mpackages/platform-web[39m [96mtest[39m: [90mNot implemented: HTMLCanvasElement's getContext() method: without installing the canvas npm package[39m
[31mpackages/platform-web[39m [96mtest[39m: [90mNot implemented: HTMLCanvasElement's getContext() method: without installing the canvas npm package[39m
[31mpackages/platform-web[39m [96mtest[39m: [90mNot implemented: HTMLCanvasElement's getContext() method: without installing the canvas npm package[39m
[31mpackages/platform-web[39m [96mtest[39m: [90m(node:96573) Warning: The 'NO_COLOR' env is ignored due to the 'FORCE_COLOR' env being set.[39m
[31mpackages/platform-web[39m [96mtest[39m: [90m(Use `node --trace-warnings ...` to show where the warning was created)[39m
[31mpackages/platform-web[39m [96mtest[39m: [90mNot implemented: HTMLCanvasElement's getContext() method: without installing the canvas npm package[39m
[31mpackages/platform-web[39m [96mtest[39m: [90mNot implemented: HTMLCanvasElement's getContext() method: without installing the canvas npm package[39m
[31mpackages/platform-web[39m [96mtest[39m: [90m(node:96576) Warning: The 'NO_COLOR' env is ignored due to the 'FORCE_COLOR' env being set.[39m
[31mpackages/platform-web[39m [96mtest[39m: [90m(Use `node --trace-warnings ...` to show where the warning was created)[39m
[31mpackages/platform-web[39m [96mtest[39m: [90mNot implemented: HTMLCanvasElement's getContext() method: without installing the canvas npm package[39m
[31mpackages/platform-web[39m [96mtest[39m: [90mNot implemented: HTMLCanvasElement's getContext() method: without installing the canvas npm package[39m
[31mpackages/platform-web[39m [96mtest[39m: [90mNot implemented: HTMLCanvasElement's getContext() method: without installing the canvas npm package[39m
[31mpackages/platform-web[39m [96mtest[39m: [90mNot implemented: HTMLCanvasElement's getContext() method: without installing the canvas npm package[39m
[31mpackages/platform-web[39m [96mtest[39m: [90m(node:96580) Warning: The 'NO_COLOR' env is ignored due to the 'FORCE_COLOR' env being set.[39m
[31mpackages/platform-web[39m [96mtest[39m: [90m(Use `node --trace-warnings ...` to show where the warning was created)[39m
[31mpackages/platform-web[39m [96mtest[39m: [90mNot implemented: HTMLCanvasElement's getContext() method: without installing the canvas npm package[39m
[31mpackages/platform-web[39m [96mtest[39m: [90mNot implemented: HTMLCanvasElement's getContext() method: without installing the canvas npm package[39m
[31mpackages/platform-web[39m [96mtest[39m: [90mNot implemented: HTMLCanvasElement's getContext() method: without installing the canvas npm package[39m
[31mpackages/platform-web[39m [96mtest[39m: [90mNot implemented: HTMLCanvasElement's getContext() method: without installing the canvas npm package[39m
[31mpackages/platform-web[39m [96mtest[39m: [90m(node:96583) Warning: The 'NO_COLOR' env is ignored due to the 'FORCE_COLOR' env being set.[39m
[31mpackages/platform-web[39m [96mtest[39m: [90m(Use `node --trace-warnings ...` to show where the warning was created)[39m
[31mpackages/platform-web[39m [96mtest[39m: [90m(node:96582) Warning: The 'NO_COLOR' env is ignored due to the 'FORCE_COLOR' env being set.[39m
[31mpackages/platform-web[39m [96mtest[39m: [90m(Use `node --trace-warnings ...` to show where the warning was created)[39m
[31mpackages/platform-web[39m [96mtest[39m: [90m(node:96584) Warning: The 'NO_COLOR' env is ignored due to the 'FORCE_COLOR' env being set.[39m
[31mpackages/platform-web[39m [96mtest[39m: [90m(Use `node --trace-warnings ...` to show where the warning was created)[39m
[31mpackages/platform-web[39m [96mtest[39m: [90m(node:96585) Warning: The 'NO_COLOR' env is ignored due to the 'FORCE_COLOR' env being set.[39m
[31mpackages/platform-web[39m [96mtest[39m: [90m(Use `node --trace-warnings ...` to show where the warning was created)[39m
[31mpackages/platform-web[39m [96mtest[39m: [90m(node:96586) Warning: The 'NO_COLOR' env is ignored due to the 'FORCE_COLOR' env being set.[39m
[31mpackages/platform-web[39m [96mtest[39m: [90m(Use `node --trace-warnings ...` to show where the warning was created)[39m
[31mpackages/platform-web[39m [96mtest[39m: [90m(node:96588) Warning: The 'NO_COLOR' env is ignored due to the 'FORCE_COLOR' env being set.[39m
[31mpackages/platform-web[39m [96mtest[39m: [90m(Use `node --trace-warnings ...` to show where the warning was created)[39m
[31mpackages/platform-web[39m [96mtest[39m: [90m(node:96589) Warning: The 'NO_COLOR' env is ignored due to the 'FORCE_COLOR' env being set.[39m
[31mpackages/platform-web[39m [96mtest[39m: [90m(Use `node --trace-warnings ...` to show where the warning was created)[39m
[31mpackages/platform-web[39m [96mtest[39m: [90m(node:96592) Warning: The 'NO_COLOR' env is ignored due to the 'FORCE_COLOR' env being set.[39m
[31mpackages/platform-web[39m [96mtest[39m: [90m(Use `node --trace-warnings ...` to show where the warning was created)[39m
[31mpackages/platform-web[39m [96mtest[39m: [90m(node:96597) Warning: The 'NO_COLOR' env is ignored due to the 'FORCE_COLOR' env being set.[39m
[31mpackages/platform-web[39m [96mtest[39m: [90m(Use `node --trace-warnings ...` to show where the warning was created)[39m
[31mpackages/platform-web[39m [96mtest[39m: [90m(node:96607) Warning: The 'NO_COLOR' env is ignored due to the 'FORCE_COLOR' env being set.[39m
[31mpackages/platform-web[39m [96mtest[39m: [90m(Use `node --trace-warnings ...` to show where the warning was created)[39m
[31mpackages/platform-web[39m [96mtest[39m: [90m(node:96627) Warning: The 'NO_COLOR' env is ignored due to the 'FORCE_COLOR' env being set.[39m
[31mpackages/platform-web[39m [96mtest[39m: [90m(Use `node --trace-warnings ...` to show where the warning was created)[39m
[31mpackages/platform-web[39m [96mtest[39m: [90mNot implemented: HTMLCanvasElement's getContext() method: without installing the canvas npm package[39m
[31mpackages/platform-web[39m [96mtest[39m: [90mNot implemented: HTMLCanvasElement's getContext() method: without installing the canvas npm package[39m
[31mpackages/platform-web[39m [96mtest[39m: [90m(node:96634) Warning: The 'NO_COLOR' env is ignored due to the 'FORCE_COLOR' env being set.[39m
[31mpackages/platform-web[39m [96mtest[39m: [90m(Use `node --trace-warnings ...` to show where the warning was created)[39m
[31mpackages/platform-web[39m [96mtest[39m: [90m(node:96647) Warning: The 'NO_COLOR' env is ignored due to the 'FORCE_COLOR' env being set.[39m
[31mpackages/platform-web[39m [96mtest[39m: [90m(Use `node --trace-warnings ...` to show where the warning was created)[39m
[31mpackages/platform-web[39m [96mtest[39m: [90m(node:96649) Warning: The 'NO_COLOR' env is ignored due to the 'FORCE_COLOR' env being set.[39m
[31mpackages/platform-web[39m [96mtest[39m: [90m(Use `node --trace-warnings ...` to show where the warning was created)[39m
[31mpackages/platform-web[39m [96mtest[39m: [90m(node:96651) Warning: The 'NO_COLOR' env is ignored due to the 'FORCE_COLOR' env being set.[39m
[31mpackages/platform-web[39m [96mtest[39m: [90m(Use `node --trace-warnings ...` to show where the warning was created)[39m
[31mpackages/platform-web[39m [96mtest[39m: [90m(node:96652) Warning: The 'NO_COLOR' env is ignored due to the 'FORCE_COLOR' env being set.[39m
[31mpackages/platform-web[39m [96mtest[39m: [90m(Use `node --trace-warnings ...` to show where the warning was created)[39m
[31mpackages/platform-web[39m [96mtest[39m: [90m(node:96653) Warning: The 'NO_COLOR' env is ignored due to the 'FORCE_COLOR' env being set.[39m
[31mpackages/platform-web[39m [96mtest[39m: [90m(Use `node --trace-warnings ...` to show where the warning was created)[39m
[31mpackages/platform-web[39m [96mtest[39m: [90m(node:96656) Warning: The 'NO_COLOR' env is ignored due to the 'FORCE_COLOR' env being set.[39m
[31mpackages/platform-web[39m [96mtest[39m: [90m(Use `node --trace-warnings ...` to show where the warning was created)[39m
[31mpackages/platform-web[39m [96mtest[39m: [90m(node:96654) Warning: The 'NO_COLOR' env is ignored due to the 'FORCE_COLOR' env being set.[39m
[31mpackages/platform-web[39m [96mtest[39m: [90m(Use `node --trace-warnings ...` to show where the warning was created)[39m
[31mpackages/platform-web[39m [96mtest[39m: [90m(node:96657) Warning: The 'NO_COLOR' env is ignored due to the 'FORCE_COLOR' env being set.[39m
[31mpackages/platform-web[39m [96mtest[39m: [90m(Use `node --trace-warnings ...` to show where the warning was created)[39m
[31mpackages/platform-web[39m [96mtest[39m: [90m(node:96658) Warning: The 'NO_COLOR' env is ignored due to the 'FORCE_COLOR' env being set.[39m
[31mpackages/platform-web[39m [96mtest[39m: [90m(Use `node --trace-warnings ...` to show where the warning was created)[39m
[31mpackages/platform-web[39m [96mtest[39m: [90m(node:96665) Warning: The 'NO_COLOR' env is ignored due to the 'FORCE_COLOR' env being set.[39m
[31mpackages/platform-web[39m [96mtest[39m: [90m(Use `node --trace-warnings ...` to show where the warning was created)[39m
[31mpackages/platform-web[39m [96mtest[39m: [90m(node:96666) Warning: The 'NO_COLOR' env is ignored due to the 'FORCE_COLOR' env being set.[39m
[31mpackages/platform-web[39m [96mtest[39m: [90m(Use `node --trace-warnings ...` to show where the warning was created)[39m
[31mpackages/platform-web[39m [96mtest[39m: [90m(node:96670) Warning: The 'NO_COLOR' env is ignored due to the 'FORCE_COLOR' env being set.[39m
[31mpackages/platform-web[39m [96mtest[39m: [90m(Use `node --trace-warnings ...` to show where the warning was created)[39m
[31mpackages/platform-web[39m [96mtest[39m: [90m(node:96674) Warning: The 'NO_COLOR' env is ignored due to the 'FORCE_COLOR' env being set.[39m
[31mpackages/platform-web[39m [96mtest[39m: [90m(Use `node --trace-warnings ...` to show where the warning was created)[39m
[31mpackages/platform-web[39m [96mtest[39m: [90m(node:96711) Warning: The 'NO_COLOR' env is ignored due to the 'FORCE_COLOR' env being set.[39m
[31mpackages/platform-web[39m [96mtest[39m: [90m(Use `node --trace-warnings ...` to show where the warning was created)[39m
[31mpackages/platform-web[39m [96mtest[39m: [90m(node:96713) Warning: The 'NO_COLOR' env is ignored due to the 'FORCE_COLOR' env being set.[39m
[31mpackages/platform-web[39m [96mtest[39m: [90m(Use `node --trace-warnings ...` to show where the warning was created)[39m
[31mpackages/platform-web[39m [96mtest[39m: [90m(node:96712) Warning: The 'NO_COLOR' env is ignored due to the 'FORCE_COLOR' env being set.[39m
[31mpackages/platform-web[39m [96mtest[39m: [90m(Use `node --trace-warnings ...` to show where the warning was created)[39m
[31mpackages/platform-web[39m [96mtest[39m: [90m(node:96715) Warning: The 'NO_COLOR' env is ignored due to the 'FORCE_COLOR' env being set.[39m
[31mpackages/platform-web[39m [96mtest[39m: [90m(Use `node --trace-warnings ...` to show where the warning was created)[39m
[31mpackages/platform-web[39m [96mtest[39m: [90m(node:96730) Warning: The 'NO_COLOR' env is ignored due to the 'FORCE_COLOR' env being set.[39m
[31mpackages/platform-web[39m [96mtest[39m: [90m(Use `node --trace-warnings ...` to show where the warning was created)[39m
[31mpackages/platform-web[39m [96mtest[39m: [90m(node:96731) Warning: The 'NO_COLOR' env is ignored due to the 'FORCE_COLOR' env being set.[39m
[31mpackages/platform-web[39m [96mtest[39m: [90m(Use `node --trace-warnings ...` to show where the warning was created)[39m
[31mpackages/platform-web[39m [96mtest[39m: [90m(node:96733) Warning: The 'NO_COLOR' env is ignored due to the 'FORCE_COLOR' env being set.[39m
[31mpackages/platform-web[39m [96mtest[39m: [90m(Use `node --trace-warnings ...` to show where the warning was created)[39m
[31mpackages/platform-web[39m [96mtest[39m:  Test Files  50 passed (50)
[31mpackages/platform-web[39m [96mtest[39m:       Tests  667 passed (667)
[31mpackages/platform-web[39m [96mtest[39m:    Start at  08:16:55
[31mpackages/platform-web[39m [96mtest[39m:    Duration  5.42s (transform 4.02s, setup 0ms, import 9.49s, tests 7.62s, environment 23.61s)
[31mpackages/platform-web[39m [96mtest[39m: Done
[36mpackages/react[39m [96mtest[39m$ vitest run
[35mpackages/calibration[39m [96mtest[39m$ vitest run
[35mpackages/calibration[39m [96mtest[39m: [90m(node:96886) Warning: The 'NO_COLOR' env is ignored due to the 'FORCE_COLOR' env being set.[39m
[35mpackages/calibration[39m [96mtest[39m: [90m(Use `node --trace-warnings ...` to show where the warning was created)[39m
[35mpackages/calibration[39m [96mtest[39m:  RUN  v4.1.11 /Users/new/vitrea-w50/g0/packages/calibration
[36mpackages/react[39m [96mtest[39m: [90m(node:96863) Warning: The 'NO_COLOR' env is ignored due to the 'FORCE_COLOR' env being set.[39m
[36mpackages/react[39m [96mtest[39m: [90m(Use `node --trace-warnings ...` to show where the warning was created)[39m
[35mpackages/calibration[39m [96mtest[39m: [90m(node:96900) Warning: The 'NO_COLOR' env is ignored due to the 'FORCE_COLOR' env being set.[39m
[35mpackages/calibration[39m [96mtest[39m: [90m(Use `node --trace-warnings ...` to show where the warning was created)[39m
[35mpackages/calibration[39m [96mtest[39m: [90m(node:96904) Warning: The 'NO_COLOR' env is ignored due to the 'FORCE_COLOR' env being set.[39m
[35mpackages/calibration[39m [96mtest[39m: [90m(Use `node --trace-warnings ...` to show where the warning was created)[39m
[35mpackages/calibration[39m [96mtest[39m: [90m(node:96897) Warning: The 'NO_COLOR' env is ignored due to the 'FORCE_COLOR' env being set.[39m
[35mpackages/calibration[39m [96mtest[39m: [90m(Use `node --trace-warnings ...` to show where the warning was created)[39m
[35mpackages/calibration[39m [96mtest[39m: [90m(node:96901) Warning: The 'NO_COLOR' env is ignored due to the 'FORCE_COLOR' env being set.[39m
[35mpackages/calibration[39m [96mtest[39m: [90m(Use `node --trace-warnings ...` to show where the warning was created)[39m
[35mpackages/calibration[39m [96mtest[39m: [90m(node:96899) Warning: The 'NO_COLOR' env is ignored due to the 'FORCE_COLOR' env being set.[39m
[35mpackages/calibration[39m [96mtest[39m: [90m(Use `node --trace-warnings ...` to show where the warning was created)[39m
[35mpackages/calibration[39m [96mtest[39m: [90m(node:96903) Warning: The 'NO_COLOR' env is ignored due to the 'FORCE_COLOR' env being set.[39m
[35mpackages/calibration[39m [96mtest[39m: [90m(Use `node --trace-warnings ...` to show where the warning was created)[39m
[35mpackages/calibration[39m [96mtest[39m: [90m(node:96902) Warning: The 'NO_COLOR' env is ignored due to the 'FORCE_COLOR' env being set.[39m
[35mpackages/calibration[39m [96mtest[39m: [90m(Use `node --trace-warnings ...` to show where the warning was created)[39m
[35mpackages/calibration[39m [96mtest[39m: [90m(node:96898) Warning: The 'NO_COLOR' env is ignored due to the 'FORCE_COLOR' env being set.[39m
[35mpackages/calibration[39m [96mtest[39m: [90m(Use `node --trace-warnings ...` to show where the warning was created)[39m
[35mpackages/calibration[39m [96mtest[39m: [90m(node:96905) Warning: The 'NO_COLOR' env is ignored due to the 'FORCE_COLOR' env being set.[39m
[35mpackages/calibration[39m [96mtest[39m: [90m(Use `node --trace-warnings ...` to show where the warning was created)[39m
[36mpackages/react[39m [96mtest[39m:  RUN  v4.1.11 /Users/new/vitrea-w50/g0/packages/react
[36mpackages/react[39m [96mtest[39m: [90m(node:96908) Warning: The 'NO_COLOR' env is ignored due to the 'FORCE_COLOR' env being set.[39m
[36mpackages/react[39m [96mtest[39m: [90m(Use `node --trace-warnings ...` to show where the warning was created)[39m
[36mpackages/react[39m [96mtest[39m: [90m(node:96909) Warning: The 'NO_COLOR' env is ignored due to the 'FORCE_COLOR' env being set.[39m
[36mpackages/react[39m [96mtest[39m: [90m(Use `node --trace-warnings ...` to show where the warning was created)[39m
[36mpackages/react[39m [96mtest[39m: [90m(node:96910) Warning: The 'NO_COLOR' env is ignored due to the 'FORCE_COLOR' env being set.[39m
[36mpackages/react[39m [96mtest[39m: [90m(Use `node --trace-warnings ...` to show where the warning was created)[39m
[36mpackages/react[39m [96mtest[39m: [90m(node:96911) Warning: The 'NO_COLOR' env is ignored due to the 'FORCE_COLOR' env being set.[39m
[36mpackages/react[39m [96mtest[39m: [90m(Use `node --trace-warnings ...` to show where the warning was created)[39m
[36mpackages/react[39m [96mtest[39m: [90m(node:96913) Warning: The 'NO_COLOR' env is ignored due to the 'FORCE_COLOR' env being set.[39m
[36mpackages/react[39m [96mtest[39m: [90m(Use `node --trace-warnings ...` to show where the warning was created)[39m
[36mpackages/react[39m [96mtest[39m: [90m(node:96907) Warning: The 'NO_COLOR' env is ignored due to the 'FORCE_COLOR' env being set.[39m
[36mpackages/react[39m [96mtest[39m: [90m(Use `node --trace-warnings ...` to show where the warning was created)[39m
[36mpackages/react[39m [96mtest[39m: [90m(node:96906) Warning: The 'NO_COLOR' env is ignored due to the 'FORCE_COLOR' env being set.[39m
[36mpackages/react[39m [96mtest[39m: [90m(Use `node --trace-warnings ...` to show where the warning was created)[39m
[36mpackages/react[39m [96mtest[39m: [90m(node:96912) Warning: The 'NO_COLOR' env is ignored due to the 'FORCE_COLOR' env being set.[39m
[36mpackages/react[39m [96mtest[39m: [90m(Use `node --trace-warnings ...` to show where the warning was created)[39m
[36mpackages/react[39m [96mtest[39m: [90m(node:96914) Warning: The 'NO_COLOR' env is ignored due to the 'FORCE_COLOR' env being set.[39m
[36mpackages/react[39m [96mtest[39m: [90m(Use `node --trace-warnings ...` to show where the warning was created)[39m
[35mpackages/calibration[39m [96mtest[39m: [90m(node:97143) Warning: The 'NO_COLOR' env is ignored due to the 'FORCE_COLOR' env being set.[39m
[35mpackages/calibration[39m [96mtest[39m: [90m(Use `node --trace-warnings ...` to show where the warning was created)[39m
[35mpackages/calibration[39m [96mtest[39m: [90m(node:97144) Warning: The 'NO_COLOR' env is ignored due to the 'FORCE_COLOR' env being set.[39m
[35mpackages/calibration[39m [96mtest[39m: [90m(Use `node --trace-warnings ...` to show where the warning was created)[39m
[36mpackages/react[39m [96mtest[39m: [90mNot implemented: HTMLCanvasElement's getContext() method: without installing the canvas npm package[39m
[36mpackages/react[39m [96mtest[39m: [90mNot implemented: HTMLCanvasElement's getContext() method: without installing the canvas npm package[39m
[36mpackages/react[39m [96mtest[39m: [90mNot implemented: HTMLCanvasElement's getContext() method: without installing the canvas npm package[39m
[36mpackages/react[39m [96mtest[39m: [90mNot implemented: HTMLCanvasElement's getContext() method: without installing the canvas npm package[39m
[36mpackages/react[39m [96mtest[39m: [90mNot implemented: HTMLCanvasElement's getContext() method: without installing the canvas npm package[39m
[35mpackages/calibration[39m [96mtest[39m: [90m(node:97243) Warning: The 'NO_COLOR' env is ignored due to the 'FORCE_COLOR' env being set.[39m
[35mpackages/calibration[39m [96mtest[39m: [90m(Use `node --trace-warnings ...` to show where the warning was created)[39m
[36mpackages/react[39m [96mtest[39m: [90mNot implemented: HTMLCanvasElement's getContext() method: without installing the canvas npm package[39m
[36mpackages/react[39m [96mtest[39m: [90mNot implemented: HTMLCanvasElement's getContext() method: without installing the canvas npm package[39m
[36mpackages/react[39m [96mtest[39m: [90m(node:97277) Warning: The 'NO_COLOR' env is ignored due to the 'FORCE_COLOR' env being set.[39m
[36mpackages/react[39m [96mtest[39m: [90m(Use `node --trace-warnings ...` to show where the warning was created)[39m
[36mpackages/react[39m [96mtest[39m: [90m(node:97284) Warning: The 'NO_COLOR' env is ignored due to the 'FORCE_COLOR' env being set.[39m
[36mpackages/react[39m [96mtest[39m: [90m(Use `node --trace-warnings ...` to show where the warning was created)[39m
[36mpackages/react[39m [96mtest[39m: [90m(node:97287) Warning: The 'NO_COLOR' env is ignored due to the 'FORCE_COLOR' env being set.[39m
[36mpackages/react[39m [96mtest[39m: [90m(Use `node --trace-warnings ...` to show where the warning was created)[39m
[36mpackages/react[39m [96mtest[39m: [90m(node:97288) Warning: The 'NO_COLOR' env is ignored due to the 'FORCE_COLOR' env being set.[39m
[36mpackages/react[39m [96mtest[39m: [90m(Use `node --trace-warnings ...` to show where the warning was created)[39m
[36mpackages/react[39m [96mtest[39m: [90m(node:97289) Warning: The 'NO_COLOR' env is ignored due to the 'FORCE_COLOR' env being set.[39m
[36mpackages/react[39m [96mtest[39m: [90m(Use `node --trace-warnings ...` to show where the warning was created)[39m
[36mpackages/react[39m [96mtest[39m: [90m(node:97296) Warning: The 'NO_COLOR' env is ignored due to the 'FORCE_COLOR' env being set.[39m
[36mpackages/react[39m [96mtest[39m: [90m(Use `node --trace-warnings ...` to show where the warning was created)[39m
[35mpackages/calibration[39m [96mtest[39m: [90m(node:97297) Warning: The 'NO_COLOR' env is ignored due to the 'FORCE_COLOR' env being set.[39m
[35mpackages/calibration[39m [96mtest[39m: [90m(Use `node --trace-warnings ...` to show where the warning was created)[39m
[35mpackages/calibration[39m [96mtest[39m: [90m(node:97305) Warning: The 'NO_COLOR' env is ignored due to the 'FORCE_COLOR' env being set.[39m
[35mpackages/calibration[39m [96mtest[39m: [90m(Use `node --trace-warnings ...` to show where the warning was created)[39m
[36mpackages/react[39m [96mtest[39m: [90m(node:97306) Warning: The 'NO_COLOR' env is ignored due to the 'FORCE_COLOR' env being set.[39m
[36mpackages/react[39m [96mtest[39m: [90m(Use `node --trace-warnings ...` to show where the warning was created)[39m
[36mpackages/react[39m [96mtest[39m: [90m(node:97313) Warning: The 'NO_COLOR' env is ignored due to the 'FORCE_COLOR' env being set.[39m
[36mpackages/react[39m [96mtest[39m: [90m(Use `node --trace-warnings ...` to show where the warning was created)[39m
[36mpackages/react[39m [96mtest[39m: [90m(node:97490) Warning: The 'NO_COLOR' env is ignored due to the 'FORCE_COLOR' env being set.[39m
[36mpackages/react[39m [96mtest[39m: [90m(Use `node --trace-warnings ...` to show where the warning was created)[39m
[36mpackages/react[39m [96mtest[39m: [90m(node:97492) Warning: The 'NO_COLOR' env is ignored due to the 'FORCE_COLOR' env being set.[39m
[36mpackages/react[39m [96mtest[39m: [90m(Use `node --trace-warnings ...` to show where the warning was created)[39m
[36mpackages/react[39m [96mtest[39m: [90mNot implemented: HTMLCanvasElement's getContext() method: without installing the canvas npm package[39m
[36mpackages/react[39m [96mtest[39m: [90mNot implemented: HTMLCanvasElement's getContext() method: without installing the canvas npm package[39m
[36mpackages/react[39m [96mtest[39m: [90mNot implemented: HTMLCanvasElement's getContext() method: without installing the canvas npm package[39m
[35mpackages/calibration[39m [96mtest[39m: [90m(node:97536) Warning: The 'NO_COLOR' env is ignored due to the 'FORCE_COLOR' env being set.[39m
[35mpackages/calibration[39m [96mtest[39m: [90m(Use `node --trace-warnings ...` to show where the warning was created)[39m
[35mpackages/calibration[39m [96mtest[39m: [90m(node:97537) Warning: The 'NO_COLOR' env is ignored due to the 'FORCE_COLOR' env being set.[39m
[35mpackages/calibration[39m [96mtest[39m: [90m(Use `node --trace-warnings ...` to show where the warning was created)[39m
[35mpackages/calibration[39m [96mtest[39m: [90m(node:97538) Warning: The 'NO_COLOR' env is ignored due to the 'FORCE_COLOR' env being set.[39m
[35mpackages/calibration[39m [96mtest[39m: [90m(Use `node --trace-warnings ...` to show where the warning was created)[39m
[35mpackages/calibration[39m [96mtest[39m: [90m(node:97547) Warning: The 'NO_COLOR' env is ignored due to the 'FORCE_COLOR' env being set.[39m
[35mpackages/calibration[39m [96mtest[39m: [90m(Use `node --trace-warnings ...` to show where the warning was created)[39m
[36mpackages/react[39m [96mtest[39m:  Test Files  19 passed (19)
[36mpackages/react[39m [96mtest[39m:       Tests  180 passed (180)
[36mpackages/react[39m [96mtest[39m:    Start at  08:17:01
[36mpackages/react[39m [96mtest[39m:    Duration  7.64s (transform 8.60s, setup 3.88s, import 14.44s, tests 18.71s, environment 22.44s)
[36mpackages/react[39m [96mtest[39m: Done
[35mpackages/calibration[39m [96mtest[39m: T1 change partitions against ebc3d9105a4a (W44 / growth-only):
[35mpackages/calibration[39m [96mtest[39m:   apple-macos-27.0-1x-light-standard-glass0.25: W44 unchanged 116; growth-only unchanged 116
[35mpackages/calibration[39m [96mtest[39m:   apple-macos-27.0-2x-light-standard-glass0.25: W44 unchanged 116; growth-only unchanged 116
[35mpackages/calibration[39m [96mtest[39m: [90m(node:97732) Warning: The 'NO_COLOR' env is ignored due to the 'FORCE_COLOR' env being set.[39m
[35mpackages/calibration[39m [96mtest[39m: [90m(Use `node --trace-warnings ...` to show where the warning was created)[39m
[35mpackages/calibration[39m [96mtest[39m: [90m(node:97761) Warning: The 'NO_COLOR' env is ignored due to the 'FORCE_COLOR' env being set.[39m
[35mpackages/calibration[39m [96mtest[39m: [90m(Use `node --trace-warnings ...` to show where the warning was created)[39m
[35mpackages/calibration[39m [96mtest[39m: T1 readings (not gated; W44 G2, claims §5.204):
[35mpackages/calibration[39m [96mtest[39m:   apple-macos-27.0-1x-light-standard-glass0.25 css F: 0 of 15 within, median |log| 1.5069
[35mpackages/calibration[39m [96mtest[39m:   apple-macos-27.0-1x-light-standard-glass0.25 css T: 0 of 4 within, median |log| 0.3973
[35mpackages/calibration[39m [96mtest[39m:   apple-macos-27.0-1x-light-standard-glass0.25 css C: 14 of 69 within, median |log| 0.3522
[35mpackages/calibration[39m [96mtest[39m:   apple-macos-27.0-1x-light-standard-glass0.25 css P: 2 of 28 within, median |log| 0.5377
[35mpackages/calibration[39m [96mtest[39m:   apple-macos-27.0-2x-light-standard-glass0.25 css F: 2 of 15 within, median |log| 0.9216
[35mpackages/calibration[39m [96mtest[39m:   apple-macos-27.0-2x-light-standard-glass0.25 css T: 1 of 4 within, median |log| 0.3314
[35mpackages/calibration[39m [96mtest[39m:   apple-macos-27.0-2x-light-standard-glass0.25 css C: 11 of 69 within, median |log| 0.3953
[35mpackages/calibration[39m [96mtest[39m:   apple-macos-27.0-2x-light-standard-glass0.25 css P: 4 of 28 within, median |log| 0.4196
[35mpackages/calibration[39m [96mtest[39m:   apple-macos-27.0-1x-light-standard-glass0.5 webgpu F: 5 of 15 within, median |log| 0.1815
[35mpackages/calibration[39m [96mtest[39m:   apple-macos-27.0-1x-light-standard-glass0.5 webgpu T: 2 of 4 within, median |log| 0.1267
[35mpackages/calibration[39m [96mtest[39m:   apple-macos-27.0-1x-light-standard-glass0.5 webgpu C: 14 of 59 within, median |log| 0.2494
[35mpackages/calibration[39m [96mtest[39m:   apple-macos-27.0-1x-light-standard-glass0.5 webgpu P: 1 of 24 within, median |log| 0.3468
[35mpackages/calibration[39m [96mtest[39m:   apple-macos-27.0-1x-light-standard-glass0.5 webgpu: 14 UNMEASURED
[35mpackages/calibration[39m [96mtest[39m:   apple-macos-27.0-1x-light-standard-glass0.5 css F: 0 of 15 within, median |log| 1.2147
[35mpackages/calibration[39m [96mtest[39m:   apple-macos-27.0-1x-light-standard-glass0.5 css T: 0 of 4 within, median |log| 0.4455
[35mpackages/calibration[39m [96mtest[39m:   apple-macos-27.0-1x-light-standard-glass0.5 css C: 12 of 59 within, median |log| 0.2830
[35mpackages/calibration[39m [96mtest[39m:   apple-macos-27.0-1x-light-standard-glass0.5 css P: 1 of 24 within, median |log| 0.7047
[35mpackages/calibration[39m [96mtest[39m:   apple-macos-27.0-1x-light-standard-glass0.5 css: 14 UNMEASURED
[35mpackages/calibration[39m [96mtest[39m:   apple-macos-27.0-2x-light-standard-glass0.5 webgpu F: 8 of 15 within, median |log| 0.1427
[35mpackages/calibration[39m [96mtest[39m:   apple-macos-27.0-2x-light-standard-glass0.5 webgpu T: 0 of 4 within, median |log| 0.3259
[35mpackages/calibration[39m [96mtest[39m:   apple-macos-27.0-2x-light-standard-glass0.5 webgpu C: 14 of 59 within, median |log| 0.2525
[35mpackages/calibration[39m [96mtest[39m:   apple-macos-27.0-2x-light-standard-glass0.5 webgpu P: 3 of 24 within, median |log| 0.3307
[35mpackages/calibration[39m [96mtest[39m:   apple-macos-27.0-2x-light-standard-glass0.5 webgpu: 14 UNMEASURED
[35mpackages/calibration[39m [96mtest[39m:   apple-macos-27.0-2x-light-standard-glass0.5 css C: 3 of 29 within, median |log| 0.7233
[35mpackages/calibration[39m [96mtest[39m:   apple-macos-27.0-2x-light-standard-glass0.5 css P: 3 of 23 within, median |log| 0.6099
[35mpackages/calibration[39m [96mtest[39m:   apple-macos-27.0-2x-light-standard-glass0.5 css: 64 UNMEASURED
[35mpackages/calibration[39m [96mtest[39m:   apple-macos-27.0-1x-dark-standard-glass0.5 webgpu F: 4 of 15 within, median |log| 0.4075
[35mpackages/calibration[39m [96mtest[39m:   apple-macos-27.0-1x-dark-standard-glass0.5 webgpu T: 2 of 4 within, median |log| 0.1575
[35mpackages/calibration[39m [96mtest[39m:   apple-macos-27.0-1x-dark-standard-glass0.5 webgpu C: 7 of 40 within, median |log| 0.3566
[35mpackages/calibration[39m [96mtest[39m:   apple-macos-27.0-1x-dark-standard-glass0.5 webgpu P: 0 of 10 within, median |log| 1.0533
[35mpackages/calibration[39m [96mtest[39m:   apple-macos-27.0-1x-dark-standard-glass0.5 webgpu: 8 UNMEASURED
[35mpackages/calibration[39m [96mtest[39m:   apple-macos-27.0-1x-dark-standard-glass0.5 css F: 2 of 15 within, median |log| 1.0690
[35mpackages/calibration[39m [96mtest[39m:   apple-macos-27.0-1x-dark-standard-glass0.5 css T: 1 of 4 within, median |log| 0.5555
[35mpackages/calibration[39m [96mtest[39m:   apple-macos-27.0-1x-dark-standard-glass0.5 css C: 7 of 40 within, median |log| 0.8928
[35mpackages/calibration[39m [96mtest[39m:   apple-macos-27.0-1x-dark-standard-glass0.5 css P: 0 of 10 within, median |log| 1.2375
[35mpackages/calibration[39m [96mtest[39m:   apple-macos-27.0-1x-dark-standard-glass0.5 css: 8 UNMEASURED
[35mpackages/calibration[39m [96mtest[39m:   apple-macos-27.0-2x-dark-standard-glass0.5 webgpu F: 4 of 15 within, median |log| 0.4703
[35mpackages/calibration[39m [96mtest[39m:   apple-macos-27.0-2x-dark-standard-glass0.5 webgpu T: 1 of 4 within, median |log| 0.1833
[35mpackages/calibration[39m [96mtest[39m:   apple-macos-27.0-2x-dark-standard-glass0.5 webgpu C: 5 of 40 within, median |log| 0.4340
[35mpackages/calibration[39m [96mtest[39m:   apple-macos-27.0-2x-dark-standard-glass0.5 webgpu P: 0 of 10 within, median |log| 0.9904
[35mpackages/calibration[39m [96mtest[39m:   apple-macos-27.0-2x-dark-standard-glass0.5 webgpu: 8 UNMEASURED
[35mpackages/calibration[39m [96mtest[39m:   apple-macos-27.0-2x-dark-standard-glass0.5 css C: 3 of 10 within, median |log| 1.0015
[35mpackages/calibration[39m [96mtest[39m:   apple-macos-27.0-2x-dark-standard-glass0.5 css P: 0 of 9 within, median |log| 1.1279
[35mpackages/calibration[39m [96mtest[39m:   apple-macos-27.0-2x-dark-standard-glass0.5 css: 58 UNMEASURED
[35mpackages/calibration[39m [96mtest[39m: [90m(node:97800) Warning: The 'NO_COLOR' env is ignored due to the 'FORCE_COLOR' env being set.[39m
[35mpackages/calibration[39m [96mtest[39m: [90m(Use `node --trace-warnings ...` to show where the warning was created)[39m
[35mpackages/calibration[39m [96mtest[39m: [90m(node:97872) Warning: The 'NO_COLOR' env is ignored due to the 'FORCE_COLOR' env being set.[39m
[35mpackages/calibration[39m [96mtest[39m: [90m(Use `node --trace-warnings ...` to show where the warning was created)[39m
[35mpackages/calibration[39m [96mtest[39m: [90m(node:97927) Warning: The 'NO_COLOR' env is ignored due to the 'FORCE_COLOR' env being set.[39m
[35mpackages/calibration[39m [96mtest[39m: [90m(Use `node --trace-warnings ...` to show where the warning was created)[39m
[35mpackages/calibration[39m [96mtest[39m: [90m(node:98020) Warning: The 'NO_COLOR' env is ignored due to the 'FORCE_COLOR' env being set.[39m
[35mpackages/calibration[39m [96mtest[39m: [90m(Use `node --trace-warnings ...` to show where the warning was created)[39m
[35mpackages/calibration[39m [96mtest[39m: [90m(node:98065) Warning: The 'NO_COLOR' env is ignored due to the 'FORCE_COLOR' env being set.[39m
[35mpackages/calibration[39m [96mtest[39m: [90m(Use `node --trace-warnings ...` to show where the warning was created)[39m
[35mpackages/calibration[39m [96mtest[39m: [90m(node:98081) Warning: The 'NO_COLOR' env is ignored due to the 'FORCE_COLOR' env being set.[39m
[35mpackages/calibration[39m [96mtest[39m: [90m(Use `node --trace-warnings ...` to show where the warning was created)[39m
[35mpackages/calibration[39m [96mtest[39m: [90m(node:98117) Warning: The 'NO_COLOR' env is ignored due to the 'FORCE_COLOR' env being set.[39m
[35mpackages/calibration[39m [96mtest[39m: [90m(Use `node --trace-warnings ...` to show where the warning was created)[39m
[35mpackages/calibration[39m [96mtest[39m:  ❯ test/w30-operator-identity.test.ts (4 tests | 2 failed) 17ms
[35mpackages/calibration[39m [96mtest[39m:      × resolves apple-macos-26.5-1x-light-standard to its pre-wave material outside the named leaves 8ms
[35mpackages/calibration[39m [96mtest[39m:      × resolves apple-macos-26.5-1x-dark-standard to its pre-wave material outside the named leaves 2ms
[35mpackages/calibration[39m [96mtest[39m: T1 dark CSS readings (not gated; W46 G2, claims §5.210):
[35mpackages/calibration[39m [96mtest[39m:   apple-macos-27.0-1x-dark-standard-glass0.25 css F: 3 of 15 within, median |log| 1.1472
[35mpackages/calibration[39m [96mtest[39m:   apple-macos-27.0-1x-dark-standard-glass0.25 css T: 1 of 4 within, median |log| 0.3846
[35mpackages/calibration[39m [96mtest[39m:   apple-macos-27.0-1x-dark-standard-glass0.25 css C: 5 of 46 within, median |log| 0.6010
[35mpackages/calibration[39m [96mtest[39m:   apple-macos-27.0-1x-dark-standard-glass0.25 css P: 0 of 12 within, median |log| 0.9818
[35mpackages/calibration[39m [96mtest[39m:   apple-macos-27.0-2x-dark-standard-glass0.25 css F: 3 of 15 within, median |log| 0.8201
[35mpackages/calibration[39m [96mtest[39m:   apple-macos-27.0-2x-dark-standard-glass0.25 css T: 2 of 4 within, median |log| 0.2281
[35mpackages/calibration[39m [96mtest[39m:   apple-macos-27.0-2x-dark-standard-glass0.25 css C: 4 of 46 within, median |log| 0.6046
[35mpackages/calibration[39m [96mtest[39m:   apple-macos-27.0-2x-dark-standard-glass0.25 css P: 0 of 12 within, median |log| 0.9232
[35mpackages/calibration[39m [96mtest[39m:  ❯ test/w31-identity-table.test.ts (8 tests | 1 failed) 19ms
[35mpackages/calibration[39m [96mtest[39m:      × pins each entry's identity as a LITERAL, not only as the default's value 3ms
[35mpackages/calibration[39m [96mtest[39m: [90m(node:98122) Warning: The 'NO_COLOR' env is ignored due to the 'FORCE_COLOR' env being set.[39m
[35mpackages/calibration[39m [96mtest[39m: [90m(Use `node --trace-warnings ...` to show where the warning was created)[39m
[35mpackages/calibration[39m [96mtest[39m: [90m(node:98131) Warning: The 'NO_COLOR' env is ignored due to the 'FORCE_COLOR' env being set.[39m
[35mpackages/calibration[39m [96mtest[39m: [90m(Use `node --trace-warnings ...` to show where the warning was created)[39m
[35mpackages/calibration[39m [96mtest[39m: [90m(node:98180) Warning: The 'NO_COLOR' env is ignored due to the 'FORCE_COLOR' env being set.[39m
[35mpackages/calibration[39m [96mtest[39m: [90m(Use `node --trace-warnings ...` to show where the warning was created)[39m
[35mpackages/calibration[39m [96mtest[39m: [90m(node:98406) Warning: The 'NO_COLOR' env is ignored due to the 'FORCE_COLOR' env being set.[39m
[35mpackages/calibration[39m [96mtest[39m: [90m(Use `node --trace-warnings ...` to show where the warning was created)[39m
[35mpackages/calibration[39m [96mtest[39m: [90m(node:98407) Warning: The 'NO_COLOR' env is ignored due to the 'FORCE_COLOR' env being set.[39m
[35mpackages/calibration[39m [96mtest[39m: [90m(Use `node --trace-warnings ...` to show where the warning was created)[39m
[35mpackages/calibration[39m [96mtest[39m: [90m(node:98469) Warning: The 'NO_COLOR' env is ignored due to the 'FORCE_COLOR' env being set.[39m
[35mpackages/calibration[39m [96mtest[39m: [90m(Use `node --trace-warnings ...` to show where the warning was created)[39m
[35mpackages/calibration[39m [96mtest[39m: [90m(node:98557) Warning: The 'NO_COLOR' env is ignored due to the 'FORCE_COLOR' env being set.[39m
[35mpackages/calibration[39m [96mtest[39m: [90m(Use `node --trace-warnings ...` to show where the warning was created)[39m
[35mpackages/calibration[39m [96mtest[39m: [90m(node:98594) Warning: The 'NO_COLOR' env is ignored due to the 'FORCE_COLOR' env being set.[39m
[35mpackages/calibration[39m [96mtest[39m: [90m(Use `node --trace-warnings ...` to show where the warning was created)[39m
[35mpackages/calibration[39m [96mtest[39m: [90m(node:98611) Warning: The 'NO_COLOR' env is ignored due to the 'FORCE_COLOR' env being set.[39m
[35mpackages/calibration[39m [96mtest[39m: [90m(Use `node --trace-warnings ...` to show where the warning was created)[39m
[35mpackages/calibration[39m [96mtest[39m: [90m(node:98685) Warning: The 'NO_COLOR' env is ignored due to the 'FORCE_COLOR' env being set.[39m
[35mpackages/calibration[39m [96mtest[39m: [90m(Use `node --trace-warnings ...` to show where the warning was created)[39m
[35mpackages/calibration[39m [96mtest[39m: [90m(node:98688) Warning: The 'NO_COLOR' env is ignored due to the 'FORCE_COLOR' env being set.[39m
[35mpackages/calibration[39m [96mtest[39m: [90m(Use `node --trace-warnings ...` to show where the warning was created)[39m
[35mpackages/calibration[39m [96mtest[39m: [90m(node:98687) Warning: The 'NO_COLOR' env is ignored due to the 'FORCE_COLOR' env being set.[39m
[35mpackages/calibration[39m [96mtest[39m: [90m(Use `node --trace-warnings ...` to show where the warning was created)[39m
[35mpackages/calibration[39m [96mtest[39m: [90m(node:98700) Warning: The 'NO_COLOR' env is ignored due to the 'FORCE_COLOR' env being set.[39m
[35mpackages/calibration[39m [96mtest[39m: [90m(Use `node --trace-warnings ...` to show where the warning was created)[39m
[35mpackages/calibration[39m [96mtest[39m: [90m(node:98720) Warning: The 'NO_COLOR' env is ignored due to the 'FORCE_COLOR' env being set.[39m
[35mpackages/calibration[39m [96mtest[39m: [90m(Use `node --trace-warnings ...` to show where the warning was created)[39m
[35mpackages/calibration[39m [96mtest[39m: [90m(node:98806) Warning: The 'NO_COLOR' env is ignored due to the 'FORCE_COLOR' env being set.[39m
[35mpackages/calibration[39m [96mtest[39m: [90m(Use `node --trace-warnings ...` to show where the warning was created)[39m
[35mpackages/calibration[39m [96mtest[39m: [90m(node:98929) Warning: The 'NO_COLOR' env is ignored due to the 'FORCE_COLOR' env being set.[39m
[35mpackages/calibration[39m [96mtest[39m: [90m(Use `node --trace-warnings ...` to show where the warning was created)[39m
[35mpackages/calibration[39m [96mtest[39m: [90m(node:99390) Warning: The 'NO_COLOR' env is ignored due to the 'FORCE_COLOR' env being set.[39m
[35mpackages/calibration[39m [96mtest[39m: [90m(Use `node --trace-warnings ...` to show where the warning was created)[39m
[35mpackages/calibration[39m [96mtest[39m: [90m(node:99405) Warning: The 'NO_COLOR' env is ignored due to the 'FORCE_COLOR' env being set.[39m
[35mpackages/calibration[39m [96mtest[39m: [90m(Use `node --trace-warnings ...` to show where the warning was created)[39m
[35mpackages/calibration[39m [96mtest[39m: [90m(node:99447) Warning: The 'NO_COLOR' env is ignored due to the 'FORCE_COLOR' env being set.[39m
[35mpackages/calibration[39m [96mtest[39m: [90m(Use `node --trace-warnings ...` to show where the warning was created)[39m
[35mpackages/calibration[39m [96mtest[39m: [90m(node:99467) Warning: The 'NO_COLOR' env is ignored due to the 'FORCE_COLOR' env being set.[39m
[35mpackages/calibration[39m [96mtest[39m: [90m(Use `node --trace-warnings ...` to show where the warning was created)[39m
[35mpackages/calibration[39m [96mtest[39m: [90m(node:99891) Warning: The 'NO_COLOR' env is ignored due to the 'FORCE_COLOR' env being set.[39m
[35mpackages/calibration[39m [96mtest[39m: [90m(Use `node --trace-warnings ...` to show where the warning was created)[39m
[35mpackages/calibration[39m [96mtest[39m: [90m(node:99974) Warning: The 'NO_COLOR' env is ignored due to the 'FORCE_COLOR' env being set.[39m
[35mpackages/calibration[39m [96mtest[39m: [90m(Use `node --trace-warnings ...` to show where the warning was created)[39m
[35mpackages/calibration[39m [96mtest[39m: [90m(node:544) Warning: The 'NO_COLOR' env is ignored due to the 'FORCE_COLOR' env being set.[39m
[35mpackages/calibration[39m [96mtest[39m: [90m(Use `node --trace-warnings ...` to show where the warning was created)[39m
[35mpackages/calibration[39m [96mtest[39m: [90m(node:612) Warning: The 'NO_COLOR' env is ignored due to the 'FORCE_COLOR' env being set.[39m
[35mpackages/calibration[39m [96mtest[39m: [90m(Use `node --trace-warnings ...` to show where the warning was created)[39m
[35mpackages/calibration[39m [96mtest[39m: [90m(node:707) Warning: The 'NO_COLOR' env is ignored due to the 'FORCE_COLOR' env being set.[39m
[35mpackages/calibration[39m [96mtest[39m: [90m(Use `node --trace-warnings ...` to show where the warning was created)[39m
[35mpackages/calibration[39m [96mtest[39m: [90m(node:788) Warning: The 'NO_COLOR' env is ignored due to the 'FORCE_COLOR' env being set.[39m
[35mpackages/calibration[39m [96mtest[39m: [90m(Use `node --trace-warnings ...` to show where the warning was created)[39m
[35mpackages/calibration[39m [96mtest[39m: [90m(node:870) Warning: The 'NO_COLOR' env is ignored due to the 'FORCE_COLOR' env being set.[39m
[35mpackages/calibration[39m [96mtest[39m: [90m(Use `node --trace-warnings ...` to show where the warning was created)[39m
[35mpackages/calibration[39m [96mtest[39m: [90m(node:951) Warning: The 'NO_COLOR' env is ignored due to the 'FORCE_COLOR' env being set.[39m
[35mpackages/calibration[39m [96mtest[39m: [90m(Use `node --trace-warnings ...` to show where the warning was created)[39m
[35mpackages/calibration[39m [96mtest[39m: [90m(node:959) Warning: The 'NO_COLOR' env is ignored due to the 'FORCE_COLOR' env being set.[39m
[35mpackages/calibration[39m [96mtest[39m: [90m(Use `node --trace-warnings ...` to show where the warning was created)[39m
[35mpackages/calibration[39m [96mtest[39m: [90m(node:969) Warning: The 'NO_COLOR' env is ignored due to the 'FORCE_COLOR' env being set.[39m
[35mpackages/calibration[39m [96mtest[39m: [90m(Use `node --trace-warnings ...` to show where the warning was created)[39m
[35mpackages/calibration[39m [96mtest[39m: [90m(node:1004) Warning: The 'NO_COLOR' env is ignored due to the 'FORCE_COLOR' env being set.[39m
[35mpackages/calibration[39m [96mtest[39m: [90m(Use `node --trace-warnings ...` to show where the warning was created)[39m
[35mpackages/calibration[39m [96mtest[39m: [90m(node:1019) Warning: The 'NO_COLOR' env is ignored due to the 'FORCE_COLOR' env being set.[39m
[35mpackages/calibration[39m [96mtest[39m: [90m(Use `node --trace-warnings ...` to show where the warning was created)[39m
[35mpackages/calibration[39m [96mtest[39m: [90m(node:1074) Warning: The 'NO_COLOR' env is ignored due to the 'FORCE_COLOR' env being set.[39m
[35mpackages/calibration[39m [96mtest[39m: [90m(Use `node --trace-warnings ...` to show where the warning was created)[39m
[35mpackages/calibration[39m [96mtest[39m: [90m(node:1216) Warning: The 'NO_COLOR' env is ignored due to the 'FORCE_COLOR' env being set.[39m
[35mpackages/calibration[39m [96mtest[39m: [90m(Use `node --trace-warnings ...` to show where the warning was created)[39m
[35mpackages/calibration[39m [96mtest[39m: [90m(node:1319) Warning: The 'NO_COLOR' env is ignored due to the 'FORCE_COLOR' env being set.[39m
[35mpackages/calibration[39m [96mtest[39m: [90m(Use `node --trace-warnings ...` to show where the warning was created)[39m
[35mpackages/calibration[39m [96mtest[39m: [90m(node:1462) Warning: The 'NO_COLOR' env is ignored due to the 'FORCE_COLOR' env being set.[39m
[35mpackages/calibration[39m [96mtest[39m: [90m(Use `node --trace-warnings ...` to show where the warning was created)[39m
[35mpackages/calibration[39m [96mtest[39m: [90m⎯⎯⎯⎯⎯⎯⎯ Failed Tests 3 ⎯⎯⎯⎯⎯⎯⎯[39m
[35mpackages/calibration[39m [96mtest[39m: [90m FAIL  test/w30-operator-identity.test.ts > W30's exemption is inert at the material level (acceptance clause 1, X1) > resolves apple-macos-26.5-1x-light-standard to its pre-wave material outside the named leaves[39m
[35mpackages/calibration[39m [96mtest[39m: [90mAssertionError: apple-macos-26.5-1x-light-standard: the resolved material differs from the pre-wave evidence outside the named W30/W31/W36/W41/W45/W47 operator leaves — an operator wave may add its own leaves and nothing else: expected { optics: { …(2) }, …(72) } to strictly equal { adaptiveLuminanceHigh: 0.42, …(68) }[39m
[35mpackages/calibration[39m [96mtest[39m: [90m- Expected[39m
[35mpackages/calibration[39m [96mtest[39m: [90m+ Received[39m
[35mpackages/calibration[39m [96mtest[39m: [90m@@ -50,10 +50,29 @@[39m
[35mpackages/calibration[39m [96mtest[39m: [90m    "lensThicknessReference": 8,[39m
[35mpackages/calibration[39m [96mtest[39m: [90m    "lightDirection": [[39m
[35mpackages/calibration[39m [96mtest[39m: [90m      -0.3714,[39m
[35mpackages/calibration[39m [96mtest[39m: [90m      -0.9285,[39m
[35mpackages/calibration[39m [96mtest[39m: [90m    ],[39m
[35mpackages/calibration[39m [96mtest[39m: [90m+   "lowEnd160": [[39m
[35mpackages/calibration[39m [96mtest[39m: [90m+     0,[39m
[35mpackages/calibration[39m [96mtest[39m: [90m+     0,[39m
[35mpackages/calibration[39m [96mtest[39m: [90m+     0,[39m
[35mpackages/calibration[39m [96mtest[39m: [90m+     0,[39m
[35mpackages/calibration[39m [96mtest[39m: [90m+   ],[39m
[35mpackages/calibration[39m [96mtest[39m: [90m+   "lowEnd44": [[39m
[35mpackages/calibration[39m [96mtest[39m: [90m+     0,[39m
[35mpackages/calibration[39m [96mtest[39m: [90m+     0,[39m
[35mpackages/calibration[39m [96mtest[39m: [90m+     0,[39m
[35mpackages/calibration[39m [96mtest[39m: [90m+     0,[39m
[35mpackages/calibration[39m [96mtest[39m: [90m+   ],[39m
[35mpackages/calibration[39m [96mtest[39m: [90m+   "lowEnd96": [[39m
[35mpackages/calibration[39m [96mtest[39m: [90m+     0,[39m
[35mpackages/calibration[39m [96mtest[39m: [90m+     0,[39m
[35mpackages/calibration[39m [96mtest[39m: [90m+     0,[39m
[35mpackages/calibration[39m [96mtest[39m: [90m+     0,[39m
[35mpackages/calibration[39m [96mtest[39m: [90m+   ],[39m
[35mpackages/calibration[39m [96mtest[39m: [90m+   "lowEndStrength": 0,[39m
[35mpackages/calibration[39m [96mtest[39m: [90m    "optics": {[39m
[35mpackages/calibration[39m [96mtest[39m: [90m      "clear": {[39m
[35mpackages/calibration[39m [96mtest[39m: [90m        "blurSigma": 4,[39m
[35mpackages/calibration[39m [96mtest[39m: [90m        "highlight": [[39m
[35mpackages/calibration[39m [96mtest[39m: [90m          1,[39m
[35mpackages/calibration[39m [96mtest[39m: [90m ❯ test/w30-operator-identity.test.ts:221:9[39m
[35mpackages/calibration[39m [96mtest[39m: [90m    219|           `the named W30/W31/W36/W41/W45/W47 operator leaves — an oper…[39m
[35mpackages/calibration[39m [96mtest[39m: [90m    220|           `leaves and nothing else`,[39m
[35mpackages/calibration[39m [96mtest[39m: [90m    221|       ).toStrictEqual(without(preWave, OPERATOR_LEAVES));[39m
[35mpackages/calibration[39m [96mtest[39m: [90m       |         ^[39m
[35mpackages/calibration[39m [96mtest[39m: [90m    222|     });[39m
[35mpackages/calibration[39m [96mtest[39m: [90m    223|   }[39m
[35mpackages/calibration[39m [96mtest[39m: [90m⎯⎯⎯⎯⎯⎯⎯⎯⎯⎯⎯⎯⎯⎯⎯⎯⎯⎯⎯⎯⎯⎯⎯⎯[1/3]⎯[39m
[35mpackages/calibration[39m [96mtest[39m: [90m FAIL  test/w30-operator-identity.test.ts > W30's exemption is inert at the material level (acceptance clause 1, X1) > resolves apple-macos-26.5-1x-dark-standard to its pre-wave material outside the named leaves[39m
[35mpackages/calibration[39m [96mtest[39m: [90mAssertionError: apple-macos-26.5-1x-dark-standard: the resolved material differs from the pre-wave evidence outside the named W30/W31/W36/W41/W45/W47 operator leaves — an operator wave may add its own leaves and nothing else: expected { optics: { …(2) }, …(72) } to strictly equal { adaptiveLuminanceHigh: 0.42, …(68) }[39m
[35mpackages/calibration[39m [96mtest[39m: [90m- Expected[39m
[35mpackages/calibration[39m [96mtest[39m: [90m+ Received[39m
[35mpackages/calibration[39m [96mtest[39m: [90m@@ -50,10 +50,29 @@[39m
[35mpackages/calibration[39m [96mtest[39m: [90m    "lensThicknessReference": 8,[39m
[35mpackages/calibration[39m [96mtest[39m: [90m    "lightDirection": [[39m
[35mpackages/calibration[39m [96mtest[39m: [90m      -0.3714,[39m
[35mpackages/calibration[39m [96mtest[39m: [90m      -0.9285,[39m
[35mpackages/calibration[39m [96mtest[39m: [90m    ],[39m
[35mpackages/calibration[39m [96mtest[39m: [90m+   "lowEnd160": [[39m
[35mpackages/calibration[39m [96mtest[39m: [90m+     0,[39m
[35mpackages/calibration[39m [96mtest[39m: [90m+     0,[39m
[35mpackages/calibration[39m [96mtest[39m: [90m+     0,[39m
[35mpackages/calibration[39m [96mtest[39m: [90m+     0,[39m
[35mpackages/calibration[39m [96mtest[39m: [90m+   ],[39m
[35mpackages/calibration[39m [96mtest[39m: [90m+   "lowEnd44": [[39m
[35mpackages/calibration[39m [96mtest[39m: [90m+     0,[39m
[35mpackages/calibration[39m [96mtest[39m: [90m+     0,[39m
[35mpackages/calibration[39m [96mtest[39m: [90m+     0,[39m
[35mpackages/calibration[39m [96mtest[39m: [90m+     0,[39m
[35mpackages/calibration[39m [96mtest[39m: [90m+   ],[39m
[35mpackages/calibration[39m [96mtest[39m: [90m+   "lowEnd96": [[39m
[35mpackages/calibration[39m [96mtest[39m: [90m+     0,[39m
[35mpackages/calibration[39m [96mtest[39m: [90m+     0,[39m
[35mpackages/calibration[39m [96mtest[39m: [90m+     0,[39m
[35mpackages/calibration[39m [96mtest[39m: [90m+     0,[39m
[35mpackages/calibration[39m [96mtest[39m: [90m+   ],[39m
[35mpackages/calibration[39m [96mtest[39m: [90m+   "lowEndStrength": 0,[39m
[35mpackages/calibration[39m [96mtest[39m: [90m    "optics": {[39m
[35mpackages/calibration[39m [96mtest[39m: [90m      "clear": {[39m
[35mpackages/calibration[39m [96mtest[39m: [90m        "blurSigma": 4,[39m
[35mpackages/calibration[39m [96mtest[39m: [90m        "highlight": [[39m
[35mpackages/calibration[39m [96mtest[39m: [90m          1,[39m
[35mpackages/calibration[39m [96mtest[39m: [90m ❯ test/w30-operator-identity.test.ts:221:9[39m
[35mpackages/calibration[39m [96mtest[39m: [90m    219|           `the named W30/W31/W36/W41/W45/W47 operator leaves — an oper…[39m
[35mpackages/calibration[39m [96mtest[39m: [90m    220|           `leaves and nothing else`,[39m
[35mpackages/calibration[39m [96mtest[39m: [90m    221|       ).toStrictEqual(without(preWave, OPERATOR_LEAVES));[39m
[35mpackages/calibration[39m [96mtest[39m: [90m       |         ^[39m
[35mpackages/calibration[39m [96mtest[39m: [90m    222|     });[39m
[35mpackages/calibration[39m [96mtest[39m: [90m    223|   }[39m
[35mpackages/calibration[39m [96mtest[39m: [90m⎯⎯⎯⎯⎯⎯⎯⎯⎯⎯⎯⎯⎯⎯⎯⎯⎯⎯⎯⎯⎯⎯⎯⎯[2/3]⎯[39m
[35mpackages/calibration[39m [96mtest[39m: [90m FAIL  test/w31-identity-table.test.ts > the material identity table (claims §5.161 §7b, §5.164) > pins each entry's identity as a LITERAL, not only as the default's value[39m
[35mpackages/calibration[39m [96mtest[39m: [90mAssertionError: lowEndStrength: gated by the table and pinned by no literal here — add one, with the wave: expected undefined to be +0 // Object.is equality[39m
[35mpackages/calibration[39m [96mtest[39m: [90m- Expected:[39m
[35mpackages/calibration[39m [96mtest[39m: [90m0[39m
[35mpackages/calibration[39m [96mtest[39m: [90m+ Received:[39m
[35mpackages/calibration[39m [96mtest[39m: [90mundefined[39m
[35mpackages/calibration[39m [96mtest[39m: [90m ❯ test/w31-identity-table.test.ts:149:9[39m
[35mpackages/calibration[39m [96mtest[39m: [90m    147|         IDENTITIES[path],[39m
[35mpackages/calibration[39m [96mtest[39m: [90m    148|         `${path}: gated by the table and pinned by no literal here — a…[39m
[35mpackages/calibration[39m [96mtest[39m: [90m    149|       ).toBe(identity);[39m
[35mpackages/calibration[39m [96mtest[39m: [90m       |         ^[39m
[35mpackages/calibration[39m [96mtest[39m: [90m    150|     }[39m
[35mpackages/calibration[39m [96mtest[39m: [90m    151|     for (const path of Object.keys(IDENTITIES)) {[39m
[35mpackages/calibration[39m [96mtest[39m: [90m⎯⎯⎯⎯⎯⎯⎯⎯⎯⎯⎯⎯⎯⎯⎯⎯⎯⎯⎯⎯⎯⎯⎯⎯[3/3]⎯[39m
[35mpackages/calibration[39m [96mtest[39m:  Test Files  2 failed | 61 passed (63)
[35mpackages/calibration[39m [96mtest[39m:       Tests  3 failed | 956 passed | 4 skipped (963)
[35mpackages/calibration[39m [96mtest[39m:    Start at  08:17:01
[35mpackages/calibration[39m [96mtest[39m:    Duration  124.08s (transform 14.97s, setup 0ms, import 34.98s, tests 492.57s, environment 4ms)
[35mpackages/calibration[39m [96mtest[39m: Failed
/Users/new/vitrea-w50/g0/packages/calibration:
[41m[31m[[39m[49m[41m[30mERR_PNPM_RECURSIVE_RUN_FIRST_FAIL[39m[49m[41m[31m][39m[49m [31m@vitrea/calibration@0.0.0 test: `vitest run`[39m
[31mExit status 1[39m
(node:94946) Warning: The 'NO_COLOR' env is ignored due to the 'FORCE_COLOR' env being set.
(Use `node --trace-warnings ...` to show where the warning was created)
