css-light-selected 1/50 apple-macos-26.5-1x-light-standard/checkerboard-32__rrect-lg__inactive bodyDE=0.024979
css-light-selected 2/50 apple-macos-26.5-1x-light-standard/checkerboard-64__rrect-lg__inactive bodyDE=0.017960
css-light-selected 3/50 apple-macos-26.5-1x-light-standard/checkerboard-64__rrect-md__inactive bodyDE=0.028488
css-light-selected 4/50 apple-macos-26.5-1x-light-standard/checkerboard-8__rrect-lg__inactive bodyDE=0.010837
css-light-selected 5/50 apple-macos-26.5-1x-light-standard/checkerboard-8__rrect-md__inactive bodyDE=0.021146
css-light-selected 6/50 apple-macos-26.5-1x-light-standard/checkerboard__capsule-button__inactive bodyDE=0.009875
css-light-selected 7/50 apple-macos-26.5-1x-light-standard/checkerboard__rrect-md__inactive bodyDE=0.015361
css-light-selected 8/50 apple-macos-26.5-1x-light-standard/checkerboard__rrect-sm__inactive bodyDE=0.006586
css-light-selected 9/50 apple-macos-26.5-1x-light-standard/dark-solid__capsule-button__inactive bodyDE=0.000000
css-light-selected 10/50 apple-macos-26.5-1x-light-standard/dark-solid__rrect-lg__inactive bodyDE=0.003793
css-light-selected 11/50 apple-macos-26.5-1x-light-standard/dark-solid__rrect-sm__inactive bodyDE=0.000000
css-light-selected 12/50 apple-macos-26.5-1x-light-standard/impulse__capsule-button__inactive bodyDE=0.039000
css-light-selected 13/50 apple-macos-26.5-1x-light-standard/impulse__rrect-lg__inactive bodyDE=0.027862
css-light-selected 14/50 apple-macos-26.5-1x-light-standard/impulse__rrect-md__inactive bodyDE=0.027030
css-light-selected 15/50 apple-macos-26.5-1x-light-standard/impulse__rrect-ml__inactive bodyDE=0.027754
css-light-selected 16/50 apple-macos-26.5-1x-light-standard/light-solid__capsule-button__inactive bodyDE=0.003015
css-light-selected 17/50 apple-macos-26.5-1x-light-standard/light-solid__rrect-lg__inactive bodyDE=0.004533
css-light-selected 18/50 apple-macos-26.5-1x-light-standard/light-solid__rrect-sm__inactive bodyDE=0.003015
css-light-selected 19/50 apple-macos-26.5-1x-light-standard/mid-dark-solid__rrect-lg__inactive bodyDE=0.001130
css-light-selected 20/50 apple-macos-26.5-1x-light-standard/mid-dark-solid__rrect-md__inactive bodyDE=0.001483
css-light-selected 21/50 apple-macos-26.5-1x-light-standard/mid-dark-solid__rrect-sm__inactive bodyDE=0.000847
css-light-selected 22/50 apple-macos-26.5-1x-light-standard/photo__capsule-button__inactive bodyDE=0.010543
css-light-selected 23/50 apple-macos-26.5-1x-light-standard/photo__rrect-md__inactive bodyDE=0.026953
css-light-selected 24/50 apple-macos-26.5-1x-light-standard/photo__rrect-ml__inactive bodyDE=0.031103
css-light-selected 25/50 apple-macos-26.5-1x-light-standard/photo__rrect-sm__inactive bodyDE=0.005705
css-light-selected 26/50 apple-macos-26.5-2x-light-standard/checkerboard-32__rrect-lg__inactive bodyDE=0.026040
css-light-selected 27/50 apple-macos-26.5-2x-light-standard/checkerboard-64__rrect-lg__inactive bodyDE=0.014465
css-light-selected 28/50 apple-macos-26.5-2x-light-standard/checkerboard-64__rrect-md__inactive bodyDE=0.033168
css-light-selected 29/50 apple-macos-26.5-2x-light-standard/checkerboard-8__rrect-lg__inactive bodyDE=0.008546
css-light-selected 30/50 apple-macos-26.5-2x-light-standard/checkerboard-8__rrect-md__inactive bodyDE=0.011608
css-light-selected 31/50 apple-macos-26.5-2x-light-standard/checkerboard__capsule-button__inactive bodyDE=0.028769
css-light-selected 32/50 apple-macos-26.5-2x-light-standard/checkerboard__rrect-md__inactive bodyDE=0.035243
css-light-selected 33/50 apple-macos-26.5-2x-light-standard/checkerboard__rrect-sm__inactive bodyDE=0.031276
css-light-selected 34/50 apple-macos-26.5-2x-light-standard/dark-solid__capsule-button__inactive bodyDE=0.000000
css-light-selected 35/50 apple-macos-26.5-2x-light-standard/dark-solid__rrect-lg__inactive bodyDE=0.003124
css-light-selected 36/50 apple-macos-26.5-2x-light-standard/dark-solid__rrect-sm__inactive bodyDE=0.000000
css-light-selected 37/50 apple-macos-26.5-2x-light-standard/impulse__capsule-button__inactive bodyDE=0.038982
css-light-selected 38/50 apple-macos-26.5-2x-light-standard/impulse__rrect-lg__inactive bodyDE=0.028680
css-light-selected 39/50 apple-macos-26.5-2x-light-standard/impulse__rrect-md__inactive bodyDE=0.028713
css-light-selected 40/50 apple-macos-26.5-2x-light-standard/impulse__rrect-ml__inactive bodyDE=0.028664
css-light-selected 41/50 apple-macos-26.5-2x-light-standard/light-solid__capsule-button__inactive bodyDE=0.003015
css-light-selected 42/50 apple-macos-26.5-2x-light-standard/light-solid__rrect-lg__inactive bodyDE=0.004533
css-light-selected 43/50 apple-macos-26.5-2x-light-standard/light-solid__rrect-sm__inactive bodyDE=0.003015
css-light-selected 44/50 apple-macos-26.5-2x-light-standard/mid-dark-solid__rrect-lg__inactive bodyDE=0.000307
css-light-selected 45/50 apple-macos-26.5-2x-light-standard/mid-dark-solid__rrect-md__inactive bodyDE=0.000138
css-light-selected 46/50 apple-macos-26.5-2x-light-standard/mid-dark-solid__rrect-sm__inactive bodyDE=0.000037
css-light-selected 47/50 apple-macos-26.5-2x-light-standard/photo__capsule-button__inactive bodyDE=0.008562
css-light-selected 48/50 apple-macos-26.5-2x-light-standard/photo__rrect-md__inactive bodyDE=0.024431
css-light-selected 49/50 apple-macos-26.5-2x-light-standard/photo__rrect-ml__inactive bodyDE=0.028614
css-light-selected 50/50 apple-macos-26.5-2x-light-standard/photo__rrect-sm__inactive bodyDE=0.007302
