mechanism-webgpu-final 1/359 canonical/apple-macos-26.5-1x-dark-standard/checkerboard-32__capsule-button__rest
mechanism-webgpu-final 2/359 canonical/apple-macos-26.5-1x-dark-standard/checkerboard-32__capsule-button__rest-tint-orange
mechanism-webgpu-final 3/359 canonical/apple-macos-26.5-1x-dark-standard/checkerboard-32__rrect-lg__inactive
mechanism-webgpu-final 4/359 canonical/apple-macos-26.5-1x-dark-standard/checkerboard-32__rrect-lg__rest
mechanism-webgpu-final 5/359 canonical/apple-macos-26.5-1x-dark-standard/checkerboard-32__rrect-md__rest
mechanism-webgpu-final 6/359 canonical/apple-macos-26.5-1x-dark-standard/checkerboard-32__rrect-ml__rest
mechanism-webgpu-final 7/359 canonical/apple-macos-26.5-1x-dark-standard/checkerboard-32__rrect-sm__rest
mechanism-webgpu-final 8/359 canonical/apple-macos-26.5-1x-dark-standard/checkerboard-4__capsule-button__rest
mechanism-webgpu-final 9/359 canonical/apple-macos-26.5-1x-dark-standard/checkerboard-4__capsule-button__rest-tint-orange
mechanism-webgpu-final 10/359 canonical/apple-macos-26.5-1x-dark-standard/checkerboard-4__rrect-lg__rest
mechanism-webgpu-final 11/359 canonical/apple-macos-26.5-1x-dark-standard/checkerboard-4__rrect-ml__rest
mechanism-webgpu-final 12/359 canonical/apple-macos-26.5-1x-dark-standard/checkerboard-4__rrect-sm__rest
mechanism-webgpu-final 13/359 canonical/apple-macos-26.5-1x-dark-standard/checkerboard-64__capsule-button__rest
mechanism-webgpu-final 14/359 canonical/apple-macos-26.5-1x-dark-standard/checkerboard-64__capsule-button__rest-tint-orange
mechanism-webgpu-final 15/359 canonical/apple-macos-26.5-1x-dark-standard/checkerboard-64__rrect-lg__inactive
mechanism-webgpu-final 16/359 canonical/apple-macos-26.5-1x-dark-standard/checkerboard-64__rrect-lg__rest
mechanism-webgpu-final 17/359 canonical/apple-macos-26.5-1x-dark-standard/checkerboard-64__rrect-md__inactive
mechanism-webgpu-final 18/359 canonical/apple-macos-26.5-1x-dark-standard/checkerboard-64__rrect-md__rest
mechanism-webgpu-final 19/359 canonical/apple-macos-26.5-1x-dark-standard/checkerboard-64__rrect-ml__rest
mechanism-webgpu-final 20/359 canonical/apple-macos-26.5-1x-dark-standard/checkerboard-64__rrect-sm__rest
mechanism-webgpu-final 21/359 canonical/apple-macos-26.5-1x-dark-standard/checkerboard-8__capsule-button__rest
mechanism-webgpu-final 22/359 canonical/apple-macos-26.5-1x-dark-standard/checkerboard-8__capsule-button__rest-tint-orange
mechanism-webgpu-final 23/359 canonical/apple-macos-26.5-1x-dark-standard/checkerboard-8__rrect-lg__inactive
mechanism-webgpu-final 24/359 canonical/apple-macos-26.5-1x-dark-standard/checkerboard-8__rrect-lg__rest
mechanism-webgpu-final 25/359 canonical/apple-macos-26.5-1x-dark-standard/checkerboard-8__rrect-md__inactive
mechanism-webgpu-final 26/359 canonical/apple-macos-26.5-1x-dark-standard/checkerboard-8__rrect-md__rest
mechanism-webgpu-final 27/359 canonical/apple-macos-26.5-1x-dark-standard/checkerboard-8__rrect-ml__rest
mechanism-webgpu-final 28/359 canonical/apple-macos-26.5-1x-dark-standard/checkerboard-8__rrect-sm__rest
mechanism-webgpu-final 29/359 canonical/apple-macos-26.5-1x-dark-standard/checkerboard-lc16__rrect-lg__rest
mechanism-webgpu-final 30/359 canonical/apple-macos-26.5-1x-dark-standard/checkerboard-lc16__rrect-ml__rest
mechanism-webgpu-final 31/359 canonical/apple-macos-26.5-1x-dark-standard/checkerboard-lc16__rrect-sm__rest
mechanism-webgpu-final 32/359 canonical/apple-macos-26.5-1x-dark-standard/checkerboard__capsule-button__inactive
mechanism-webgpu-final 33/359 canonical/apple-macos-26.5-1x-dark-standard/checkerboard__capsule-button__inactive-tint-orange
mechanism-webgpu-final 34/359 canonical/apple-macos-26.5-1x-dark-standard/checkerboard__capsule-button__rest
mechanism-webgpu-final 35/359 canonical/apple-macos-26.5-1x-dark-standard/checkerboard__capsule-button__rest-tint-orange
mechanism-webgpu-final 36/359 canonical/apple-macos-26.5-1x-dark-standard/checkerboard__glass-over-glass__inactive
mechanism-webgpu-final 37/359 canonical/apple-macos-26.5-1x-dark-standard/checkerboard__glass-over-glass__rest
mechanism-webgpu-final 38/359 canonical/apple-macos-26.5-1x-dark-standard/checkerboard__rrect-md__inactive
mechanism-webgpu-final 39/359 canonical/apple-macos-26.5-1x-dark-standard/checkerboard__rrect-md__rest
mechanism-webgpu-final 40/359 canonical/apple-macos-26.5-1x-dark-standard/hc-text-28__rrect-lg__rest
mechanism-webgpu-final 41/359 canonical/apple-macos-26.5-1x-dark-standard/hc-text-28__rrect-sm__rest
mechanism-webgpu-final 42/359 canonical/apple-macos-26.5-1x-dark-standard/hc-text-7__rrect-lg__rest
mechanism-webgpu-final 43/359 canonical/apple-macos-26.5-1x-dark-standard/hc-text-7__rrect-sm__rest
mechanism-webgpu-final 44/359 canonical/apple-macos-26.5-1x-dark-standard/impulse__capsule-button__inactive
mechanism-webgpu-final 45/359 canonical/apple-macos-26.5-1x-dark-standard/impulse__capsule-button__rest
mechanism-webgpu-final 46/359 canonical/apple-macos-26.5-1x-dark-standard/impulse__rrect-lg__inactive
mechanism-webgpu-final 47/359 canonical/apple-macos-26.5-1x-dark-standard/impulse__rrect-lg__rest
mechanism-webgpu-final 48/359 canonical/apple-macos-26.5-1x-dark-standard/impulse__rrect-ml__inactive
mechanism-webgpu-final 49/359 canonical/apple-macos-26.5-1x-dark-standard/impulse__rrect-ml__rest
mechanism-webgpu-final 50/359 canonical/apple-macos-26.5-1x-dark-standard/impulse__rrect-sm__rest
mechanism-webgpu-final 51/359 canonical/apple-macos-26.5-1x-dark-standard/photo__capsule-button__inactive
mechanism-webgpu-final 52/359 canonical/apple-macos-26.5-1x-dark-standard/photo__capsule-button__inactive-pressed
mechanism-webgpu-final 53/359 canonical/apple-macos-26.5-1x-dark-standard/photo__capsule-button__inactive-tint-orange
mechanism-webgpu-final 54/359 canonical/apple-macos-26.5-1x-dark-standard/photo__capsule-button__pressed
mechanism-webgpu-final 55/359 canonical/apple-macos-26.5-1x-dark-standard/photo__capsule-button__rest
mechanism-webgpu-final 56/359 canonical/apple-macos-26.5-1x-dark-standard/photo__capsule-button__rest-tint-orange
mechanism-webgpu-final 57/359 canonical/apple-macos-26.5-1x-dark-standard/photo__rrect-lg__inactive
mechanism-webgpu-final 58/359 canonical/apple-macos-26.5-1x-dark-standard/photo__rrect-lg__rest
mechanism-webgpu-final 59/359 canonical/apple-macos-26.5-1x-dark-standard/photo__rrect-md__inactive
mechanism-webgpu-final 60/359 canonical/apple-macos-26.5-1x-dark-standard/photo__rrect-md__rest
mechanism-webgpu-final 61/359 canonical/apple-macos-26.5-1x-dark-standard/photo__rrect-ml__inactive
mechanism-webgpu-final 62/359 canonical/apple-macos-26.5-1x-light-increased-contrast/checkerboard__capsule-button__inactive
mechanism-webgpu-final 63/359 canonical/apple-macos-26.5-1x-light-increased-contrast/checkerboard__capsule-button__inactive-tint-orange
mechanism-webgpu-final 64/359 canonical/apple-macos-26.5-1x-light-increased-contrast/checkerboard__capsule-button__rest
mechanism-webgpu-final 65/359 canonical/apple-macos-26.5-1x-light-increased-contrast/checkerboard__capsule-button__rest-tint-orange
mechanism-webgpu-final 66/359 canonical/apple-macos-26.5-1x-light-increased-contrast/checkerboard__rrect-md__inactive
mechanism-webgpu-final 67/359 canonical/apple-macos-26.5-1x-light-increased-contrast/checkerboard__rrect-md__rest
mechanism-webgpu-final 68/359 canonical/apple-macos-26.5-1x-light-increased-contrast/hc-text__capsule-button__inactive
mechanism-webgpu-final 69/359 canonical/apple-macos-26.5-1x-light-increased-contrast/hc-text__capsule-button__rest
mechanism-webgpu-final 70/359 canonical/apple-macos-26.5-1x-light-increased-contrast/photo__capsule-button__inactive
mechanism-webgpu-final 71/359 canonical/apple-macos-26.5-1x-light-increased-contrast/photo__capsule-button__inactive-pressed
mechanism-webgpu-final 72/359 canonical/apple-macos-26.5-1x-light-increased-contrast/photo__capsule-button__inactive-tint-orange
mechanism-webgpu-final 73/359 canonical/apple-macos-26.5-1x-light-increased-contrast/photo__capsule-button__pressed
mechanism-webgpu-final 74/359 canonical/apple-macos-26.5-1x-light-increased-contrast/photo__capsule-button__rest
mechanism-webgpu-final 75/359 canonical/apple-macos-26.5-1x-light-increased-contrast/photo__capsule-button__rest-tint-orange
mechanism-webgpu-final 76/359 canonical/apple-macos-26.5-1x-light-increased-contrast/photo__rrect-lg__inactive
mechanism-webgpu-final 77/359 canonical/apple-macos-26.5-1x-light-increased-contrast/photo__rrect-lg__rest
mechanism-webgpu-final 78/359 canonical/apple-macos-26.5-1x-light-increased-contrast/photo__rrect-md__inactive
mechanism-webgpu-final 79/359 canonical/apple-macos-26.5-1x-light-increased-contrast/photo__rrect-md__rest
mechanism-webgpu-final 80/359 canonical/apple-macos-26.5-1x-light-increased-contrast/photo__toolbar-group__inactive
mechanism-webgpu-final 81/359 canonical/apple-macos-26.5-1x-light-increased-contrast/photo__toolbar-group__rest
mechanism-webgpu-final 82/359 canonical/apple-macos-26.5-1x-light-reduced-transparency/checkerboard__capsule-button__inactive
mechanism-webgpu-final 83/359 canonical/apple-macos-26.5-1x-light-reduced-transparency/checkerboard__capsule-button__rest
mechanism-webgpu-final 84/359 canonical/apple-macos-26.5-1x-light-reduced-transparency/checkerboard__rrect-md__inactive
mechanism-webgpu-final 85/359 canonical/apple-macos-26.5-1x-light-reduced-transparency/checkerboard__rrect-md__rest
mechanism-webgpu-final 86/359 canonical/apple-macos-26.5-1x-light-reduced-transparency/hc-text__capsule-button__inactive
mechanism-webgpu-final 87/359 canonical/apple-macos-26.5-1x-light-reduced-transparency/hc-text__capsule-button__rest
mechanism-webgpu-final 88/359 canonical/apple-macos-26.5-1x-light-reduced-transparency/photo__capsule-button__inactive
mechanism-webgpu-final 89/359 canonical/apple-macos-26.5-1x-light-reduced-transparency/photo__capsule-button__inactive-pressed
mechanism-webgpu-final 90/359 canonical/apple-macos-26.5-1x-light-reduced-transparency/photo__capsule-button__inactive-tint-orange
mechanism-webgpu-final 91/359 canonical/apple-macos-26.5-1x-light-reduced-transparency/photo__capsule-button__pressed
mechanism-webgpu-final 92/359 canonical/apple-macos-26.5-1x-light-reduced-transparency/photo__capsule-button__rest
mechanism-webgpu-final 93/359 canonical/apple-macos-26.5-1x-light-reduced-transparency/photo__capsule-button__rest-tint-orange
mechanism-webgpu-final 94/359 canonical/apple-macos-26.5-1x-light-reduced-transparency/photo__rrect-lg__inactive
mechanism-webgpu-final 95/359 canonical/apple-macos-26.5-1x-light-reduced-transparency/photo__rrect-lg__rest
mechanism-webgpu-final 96/359 canonical/apple-macos-26.5-1x-light-reduced-transparency/photo__rrect-md__inactive
mechanism-webgpu-final 97/359 canonical/apple-macos-26.5-1x-light-reduced-transparency/photo__rrect-md__rest
mechanism-webgpu-final 98/359 canonical/apple-macos-26.5-1x-light-reduced-transparency/photo__toolbar-group__inactive
mechanism-webgpu-final 99/359 canonical/apple-macos-26.5-1x-light-reduced-transparency/photo__toolbar-group__rest
mechanism-webgpu-final 100/359 canonical/apple-macos-26.5-1x-light-standard/checkerboard-32__capsule-button__rest
mechanism-webgpu-final 101/359 canonical/apple-macos-26.5-1x-light-standard/checkerboard-32__capsule-button__rest-tint-orange
mechanism-webgpu-final 102/359 canonical/apple-macos-26.5-1x-light-standard/checkerboard-32__rrect-lg__inactive
mechanism-webgpu-final 103/359 canonical/apple-macos-26.5-1x-light-standard/checkerboard-32__rrect-lg__rest
mechanism-webgpu-final 104/359 canonical/apple-macos-26.5-1x-light-standard/checkerboard-32__rrect-md__rest
mechanism-webgpu-final 105/359 canonical/apple-macos-26.5-1x-light-standard/checkerboard-32__rrect-ml__rest
mechanism-webgpu-final 106/359 canonical/apple-macos-26.5-1x-light-standard/checkerboard-32__rrect-sm__rest
mechanism-webgpu-final 107/359 canonical/apple-macos-26.5-1x-light-standard/checkerboard-4__capsule-button__rest
mechanism-webgpu-final 108/359 canonical/apple-macos-26.5-1x-light-standard/checkerboard-4__capsule-button__rest-tint-orange
mechanism-webgpu-final 109/359 canonical/apple-macos-26.5-1x-light-standard/checkerboard-4__rrect-lg__rest
mechanism-webgpu-final 110/359 canonical/apple-macos-26.5-1x-light-standard/checkerboard-4__rrect-ml__rest
mechanism-webgpu-final 111/359 canonical/apple-macos-26.5-1x-light-standard/checkerboard-4__rrect-sm__rest
mechanism-webgpu-final 112/359 canonical/apple-macos-26.5-1x-light-standard/checkerboard-64__capsule-button__rest
mechanism-webgpu-final 113/359 canonical/apple-macos-26.5-1x-light-standard/checkerboard-64__capsule-button__rest-tint-orange
mechanism-webgpu-final 114/359 canonical/apple-macos-26.5-1x-light-standard/checkerboard-64__rrect-lg__inactive
mechanism-webgpu-final 115/359 canonical/apple-macos-26.5-1x-light-standard/checkerboard-64__rrect-lg__rest
mechanism-webgpu-final 116/359 canonical/apple-macos-26.5-1x-light-standard/checkerboard-64__rrect-md__inactive
mechanism-webgpu-final 117/359 canonical/apple-macos-26.5-1x-light-standard/checkerboard-64__rrect-md__rest
mechanism-webgpu-final 118/359 canonical/apple-macos-26.5-1x-light-standard/checkerboard-64__rrect-ml__rest
mechanism-webgpu-final 119/359 canonical/apple-macos-26.5-1x-light-standard/checkerboard-64__rrect-sm__rest
mechanism-webgpu-final 120/359 canonical/apple-macos-26.5-1x-light-standard/checkerboard-8__capsule-button__rest
mechanism-webgpu-final 121/359 canonical/apple-macos-26.5-1x-light-standard/checkerboard-8__capsule-button__rest-tint-orange
mechanism-webgpu-final 122/359 canonical/apple-macos-26.5-1x-light-standard/checkerboard-8__rrect-lg__inactive
mechanism-webgpu-final 123/359 canonical/apple-macos-26.5-1x-light-standard/checkerboard-8__rrect-lg__rest
mechanism-webgpu-final 124/359 canonical/apple-macos-26.5-1x-light-standard/checkerboard-8__rrect-md__inactive
mechanism-webgpu-final 125/359 canonical/apple-macos-26.5-1x-light-standard/checkerboard-8__rrect-md__rest
mechanism-webgpu-final 126/359 canonical/apple-macos-26.5-1x-light-standard/checkerboard-8__rrect-ml__rest
mechanism-webgpu-final 127/359 canonical/apple-macos-26.5-1x-light-standard/checkerboard-8__rrect-sm__rest
mechanism-webgpu-final 128/359 canonical/apple-macos-26.5-1x-light-standard/checkerboard-lc16__rrect-lg__rest
mechanism-webgpu-final 129/359 canonical/apple-macos-26.5-1x-light-standard/checkerboard-lc16__rrect-ml__rest
mechanism-webgpu-final 130/359 canonical/apple-macos-26.5-1x-light-standard/checkerboard-lc16__rrect-sm__rest
mechanism-webgpu-final 131/359 canonical/apple-macos-26.5-1x-light-standard/checkerboard__capsule-button__inactive
mechanism-webgpu-final 132/359 canonical/apple-macos-26.5-1x-light-standard/checkerboard__capsule-button__inactive-pressed
mechanism-webgpu-final 133/359 canonical/apple-macos-26.5-1x-light-standard/checkerboard__capsule-button__inactive-tint-blue
mechanism-webgpu-final 134/359 canonical/apple-macos-26.5-1x-light-standard/checkerboard__capsule-button__inactive-tint-orange
mechanism-webgpu-final 135/359 canonical/apple-macos-26.5-1x-light-standard/checkerboard__capsule-button__pressed
mechanism-webgpu-final 136/359 canonical/apple-macos-26.5-1x-light-standard/checkerboard__capsule-button__rest
mechanism-webgpu-final 137/359 canonical/apple-macos-26.5-1x-light-standard/checkerboard__capsule-button__rest-tint-blue
mechanism-webgpu-final 138/359 canonical/apple-macos-26.5-1x-light-standard/checkerboard__capsule-button__rest-tint-orange
mechanism-webgpu-final 139/359 canonical/apple-macos-26.5-1x-light-standard/checkerboard__glass-over-glass__inactive
mechanism-webgpu-final 140/359 canonical/apple-macos-26.5-1x-light-standard/checkerboard__glass-over-glass__rest
mechanism-webgpu-final 141/359 canonical/apple-macos-26.5-1x-light-standard/checkerboard__rrect-lg__inactive
mechanism-webgpu-final 142/359 canonical/apple-macos-26.5-1x-light-standard/checkerboard__rrect-lg__rest
mechanism-webgpu-final 143/359 canonical/apple-macos-26.5-1x-light-standard/checkerboard__rrect-md__inactive
mechanism-webgpu-final 144/359 canonical/apple-macos-26.5-1x-light-standard/checkerboard__rrect-md__inactive-pressed
mechanism-webgpu-final 145/359 canonical/apple-macos-26.5-1x-light-standard/checkerboard__rrect-md__pressed
mechanism-webgpu-final 146/359 canonical/apple-macos-26.5-1x-light-standard/checkerboard__rrect-md__rest
mechanism-webgpu-final 147/359 canonical/apple-macos-26.5-1x-light-standard/checkerboard__rrect-sm__inactive
mechanism-webgpu-final 148/359 canonical/apple-macos-26.5-1x-light-standard/checkerboard__rrect-sm__rest
mechanism-webgpu-final 149/359 canonical/apple-macos-26.5-1x-light-standard/checkerboard__toolbar-group__inactive
mechanism-webgpu-final 150/359 canonical/apple-macos-26.5-1x-light-standard/checkerboard__toolbar-group__rest
mechanism-webgpu-final 151/359 canonical/apple-macos-26.5-1x-light-standard/hc-text-28__rrect-lg__rest
mechanism-webgpu-final 152/359 canonical/apple-macos-26.5-1x-light-standard/hc-text-28__rrect-sm__rest
mechanism-webgpu-final 153/359 canonical/apple-macos-26.5-1x-light-standard/hc-text-7__rrect-lg__rest
mechanism-webgpu-final 154/359 canonical/apple-macos-26.5-1x-light-standard/hc-text-7__rrect-sm__rest
mechanism-webgpu-final 155/359 canonical/apple-macos-26.5-1x-light-standard/hc-text__capsule-button__inactive
mechanism-webgpu-final 156/359 canonical/apple-macos-26.5-1x-light-standard/hc-text__capsule-button__inactive-tint-orange
mechanism-webgpu-final 157/359 canonical/apple-macos-26.5-1x-light-standard/hc-text__capsule-button__rest
mechanism-webgpu-final 158/359 canonical/apple-macos-26.5-1x-light-standard/hc-text__capsule-button__rest-tint-orange
mechanism-webgpu-final 159/359 canonical/apple-macos-26.5-1x-light-standard/hc-text__rrect-md__inactive
mechanism-webgpu-final 160/359 canonical/apple-macos-26.5-1x-light-standard/hc-text__rrect-md__rest
mechanism-webgpu-final 161/359 canonical/apple-macos-26.5-1x-light-standard/impulse__capsule-button__inactive
mechanism-webgpu-final 162/359 canonical/apple-macos-26.5-1x-light-standard/impulse__capsule-button__inactive-tint-orange
mechanism-webgpu-final 163/359 canonical/apple-macos-26.5-1x-light-standard/impulse__capsule-button__rest
mechanism-webgpu-final 164/359 canonical/apple-macos-26.5-1x-light-standard/impulse__capsule-button__rest-tint-orange
mechanism-webgpu-final 165/359 canonical/apple-macos-26.5-1x-light-standard/impulse__rrect-lg__inactive
mechanism-webgpu-final 166/359 canonical/apple-macos-26.5-1x-light-standard/impulse__rrect-lg__rest
mechanism-webgpu-final 167/359 canonical/apple-macos-26.5-1x-light-standard/impulse__rrect-md__inactive
mechanism-webgpu-final 168/359 canonical/apple-macos-26.5-1x-light-standard/impulse__rrect-md__rest
mechanism-webgpu-final 169/359 canonical/apple-macos-26.5-1x-light-standard/impulse__rrect-ml__inactive
mechanism-webgpu-final 170/359 canonical/apple-macos-26.5-1x-light-standard/impulse__rrect-ml__rest
mechanism-webgpu-final 171/359 canonical/apple-macos-26.5-1x-light-standard/impulse__rrect-sm__rest
mechanism-webgpu-final 172/359 canonical/apple-macos-26.5-1x-light-standard/photo__capsule-button__inactive
mechanism-webgpu-final 173/359 canonical/apple-macos-26.5-1x-light-standard/photo__capsule-button__inactive-pressed
mechanism-webgpu-final 174/359 canonical/apple-macos-26.5-1x-light-standard/photo__capsule-button__inactive-tint-blue
mechanism-webgpu-final 175/359 canonical/apple-macos-26.5-1x-light-standard/photo__capsule-button__inactive-tint-orange
mechanism-webgpu-final 176/359 canonical/apple-macos-26.5-1x-light-standard/photo__capsule-button__inactive-tint-orange-half
mechanism-webgpu-final 177/359 canonical/apple-macos-26.5-1x-light-standard/photo__capsule-button__pressed
mechanism-webgpu-final 178/359 canonical/apple-macos-26.5-1x-light-standard/photo__capsule-button__rest
mechanism-webgpu-final 179/359 canonical/apple-macos-26.5-1x-light-standard/photo__capsule-button__rest-tint-blue
mechanism-webgpu-final 180/359 canonical/apple-macos-26.5-1x-light-standard/photo__capsule-button__rest-tint-orange
mechanism-webgpu-final 181/359 canonical/apple-macos-26.5-1x-light-standard/photo__capsule-button__rest-tint-orange-half
mechanism-webgpu-final 182/359 canonical/apple-macos-26.5-1x-light-standard/photo__glass-over-glass__inactive
mechanism-webgpu-final 183/359 canonical/apple-macos-26.5-1x-light-standard/photo__glass-over-glass__rest
mechanism-webgpu-final 184/359 canonical/apple-macos-26.5-1x-light-standard/photo__rrect-lg__inactive
mechanism-webgpu-final 185/359 canonical/apple-macos-26.5-1x-light-standard/photo__rrect-lg__inactive-tint-orange
mechanism-webgpu-final 186/359 canonical/apple-macos-26.5-1x-light-standard/photo__rrect-lg__rest
mechanism-webgpu-final 187/359 canonical/apple-macos-26.5-1x-light-standard/photo__rrect-lg__rest-tint-orange
mechanism-webgpu-final 188/359 canonical/apple-macos-26.5-1x-light-standard/photo__rrect-md__inactive
mechanism-webgpu-final 189/359 canonical/apple-macos-26.5-1x-light-standard/photo__rrect-md__inactive-pressed
mechanism-webgpu-final 190/359 canonical/apple-macos-26.5-1x-light-standard/photo__rrect-md__inactive-tint-orange
mechanism-webgpu-final 191/359 canonical/apple-macos-26.5-1x-light-standard/photo__rrect-md__pressed
mechanism-webgpu-final 192/359 canonical/apple-macos-26.5-1x-light-standard/photo__rrect-md__rest
mechanism-webgpu-final 193/359 canonical/apple-macos-26.5-1x-light-standard/photo__rrect-md__rest-tint-orange
mechanism-webgpu-final 194/359 canonical/apple-macos-26.5-1x-light-standard/photo__rrect-ml__inactive
mechanism-webgpu-final 195/359 canonical/apple-macos-26.5-1x-light-standard/photo__rrect-ml__rest
mechanism-webgpu-final 196/359 canonical/apple-macos-26.5-1x-light-standard/photo__rrect-sm__inactive
mechanism-webgpu-final 197/359 canonical/apple-macos-26.5-1x-light-standard/photo__rrect-sm__rest
mechanism-webgpu-final 198/359 canonical/apple-macos-26.5-1x-light-standard/photo__toolbar-group__inactive
mechanism-webgpu-final 199/359 canonical/apple-macos-26.5-1x-light-standard/photo__toolbar-group__rest
mechanism-webgpu-final 200/359 canonical/apple-macos-26.5-2x-dark-standard/checkerboard-32__capsule-button__rest
mechanism-webgpu-final 201/359 canonical/apple-macos-26.5-2x-dark-standard/checkerboard-32__capsule-button__rest-tint-orange
mechanism-webgpu-final 202/359 canonical/apple-macos-26.5-2x-dark-standard/checkerboard-32__rrect-lg__inactive
mechanism-webgpu-final 203/359 canonical/apple-macos-26.5-2x-dark-standard/checkerboard-32__rrect-lg__rest
mechanism-webgpu-final 204/359 canonical/apple-macos-26.5-2x-dark-standard/checkerboard-32__rrect-md__rest
mechanism-webgpu-final 205/359 canonical/apple-macos-26.5-2x-dark-standard/checkerboard-32__rrect-ml__rest
mechanism-webgpu-final 206/359 canonical/apple-macos-26.5-2x-dark-standard/checkerboard-32__rrect-sm__rest
mechanism-webgpu-final 207/359 canonical/apple-macos-26.5-2x-dark-standard/checkerboard-4__capsule-button__rest
mechanism-webgpu-final 208/359 canonical/apple-macos-26.5-2x-dark-standard/checkerboard-4__capsule-button__rest-tint-orange
mechanism-webgpu-final 209/359 canonical/apple-macos-26.5-2x-dark-standard/checkerboard-4__rrect-lg__rest
mechanism-webgpu-final 210/359 canonical/apple-macos-26.5-2x-dark-standard/checkerboard-4__rrect-ml__rest
mechanism-webgpu-final 211/359 canonical/apple-macos-26.5-2x-dark-standard/checkerboard-4__rrect-sm__rest
mechanism-webgpu-final 212/359 canonical/apple-macos-26.5-2x-dark-standard/checkerboard-64__capsule-button__rest
mechanism-webgpu-final 213/359 canonical/apple-macos-26.5-2x-dark-standard/checkerboard-64__capsule-button__rest-tint-orange
mechanism-webgpu-final 214/359 canonical/apple-macos-26.5-2x-dark-standard/checkerboard-64__rrect-lg__inactive
mechanism-webgpu-final 215/359 canonical/apple-macos-26.5-2x-dark-standard/checkerboard-64__rrect-lg__rest
mechanism-webgpu-final 216/359 canonical/apple-macos-26.5-2x-dark-standard/checkerboard-64__rrect-md__inactive
mechanism-webgpu-final 217/359 canonical/apple-macos-26.5-2x-dark-standard/checkerboard-64__rrect-md__rest
mechanism-webgpu-final 218/359 canonical/apple-macos-26.5-2x-dark-standard/checkerboard-64__rrect-ml__rest
mechanism-webgpu-final 219/359 canonical/apple-macos-26.5-2x-dark-standard/checkerboard-64__rrect-sm__rest
mechanism-webgpu-final 220/359 canonical/apple-macos-26.5-2x-dark-standard/checkerboard-8__capsule-button__rest-tint-orange
mechanism-webgpu-final 221/359 canonical/apple-macos-26.5-2x-dark-standard/checkerboard-8__rrect-lg__inactive
mechanism-webgpu-final 222/359 canonical/apple-macos-26.5-2x-dark-standard/checkerboard-8__rrect-lg__rest
mechanism-webgpu-final 223/359 canonical/apple-macos-26.5-2x-dark-standard/checkerboard-8__rrect-md__inactive
mechanism-webgpu-final 224/359 canonical/apple-macos-26.5-2x-dark-standard/checkerboard-8__rrect-md__rest
mechanism-webgpu-final 225/359 canonical/apple-macos-26.5-2x-dark-standard/checkerboard-8__rrect-ml__rest
mechanism-webgpu-final 226/359 canonical/apple-macos-26.5-2x-dark-standard/checkerboard-8__rrect-sm__rest
mechanism-webgpu-final 227/359 canonical/apple-macos-26.5-2x-dark-standard/checkerboard-lc16__rrect-lg__rest
mechanism-webgpu-final 228/359 canonical/apple-macos-26.5-2x-dark-standard/checkerboard-lc16__rrect-ml__rest
mechanism-webgpu-final 229/359 canonical/apple-macos-26.5-2x-dark-standard/checkerboard-lc16__rrect-sm__rest
mechanism-webgpu-final 230/359 canonical/apple-macos-26.5-2x-dark-standard/checkerboard__capsule-button__inactive
mechanism-webgpu-final 231/359 canonical/apple-macos-26.5-2x-dark-standard/checkerboard__capsule-button__inactive-tint-orange
mechanism-webgpu-final 232/359 canonical/apple-macos-26.5-2x-dark-standard/checkerboard__capsule-button__rest
mechanism-webgpu-final 233/359 canonical/apple-macos-26.5-2x-dark-standard/checkerboard__capsule-button__rest-tint-orange
mechanism-webgpu-final 234/359 canonical/apple-macos-26.5-2x-dark-standard/checkerboard__glass-over-glass__inactive
mechanism-webgpu-final 235/359 canonical/apple-macos-26.5-2x-dark-standard/checkerboard__glass-over-glass__rest
mechanism-webgpu-final 236/359 canonical/apple-macos-26.5-2x-dark-standard/checkerboard__rrect-md__inactive
mechanism-webgpu-final 237/359 canonical/apple-macos-26.5-2x-dark-standard/checkerboard__rrect-md__rest
mechanism-webgpu-final 238/359 canonical/apple-macos-26.5-2x-dark-standard/hc-text-28__rrect-lg__rest
mechanism-webgpu-final 239/359 canonical/apple-macos-26.5-2x-dark-standard/hc-text-28__rrect-sm__rest
mechanism-webgpu-final 240/359 canonical/apple-macos-26.5-2x-dark-standard/hc-text-7__rrect-lg__rest
mechanism-webgpu-final 241/359 canonical/apple-macos-26.5-2x-dark-standard/hc-text-7__rrect-sm__rest
mechanism-webgpu-final 242/359 canonical/apple-macos-26.5-2x-dark-standard/impulse__capsule-button__inactive
mechanism-webgpu-final 243/359 canonical/apple-macos-26.5-2x-dark-standard/impulse__capsule-button__rest
mechanism-webgpu-final 244/359 canonical/apple-macos-26.5-2x-dark-standard/impulse__rrect-lg__inactive
mechanism-webgpu-final 245/359 canonical/apple-macos-26.5-2x-dark-standard/impulse__rrect-lg__rest
mechanism-webgpu-final 246/359 canonical/apple-macos-26.5-2x-dark-standard/impulse__rrect-ml__inactive
mechanism-webgpu-final 247/359 canonical/apple-macos-26.5-2x-dark-standard/impulse__rrect-ml__rest
mechanism-webgpu-final 248/359 canonical/apple-macos-26.5-2x-dark-standard/impulse__rrect-sm__rest
mechanism-webgpu-final 249/359 canonical/apple-macos-26.5-2x-dark-standard/photo__capsule-button__inactive
mechanism-webgpu-final 250/359 canonical/apple-macos-26.5-2x-dark-standard/photo__capsule-button__inactive-pressed
mechanism-webgpu-final 251/359 canonical/apple-macos-26.5-2x-dark-standard/photo__capsule-button__inactive-tint-orange
mechanism-webgpu-final 252/359 canonical/apple-macos-26.5-2x-dark-standard/photo__capsule-button__pressed
mechanism-webgpu-final 253/359 canonical/apple-macos-26.5-2x-dark-standard/photo__capsule-button__rest
mechanism-webgpu-final 254/359 canonical/apple-macos-26.5-2x-dark-standard/photo__capsule-button__rest-tint-orange
mechanism-webgpu-final 255/359 canonical/apple-macos-26.5-2x-dark-standard/photo__rrect-lg__inactive
mechanism-webgpu-final 256/359 canonical/apple-macos-26.5-2x-dark-standard/photo__rrect-lg__rest
mechanism-webgpu-final 257/359 canonical/apple-macos-26.5-2x-dark-standard/photo__rrect-md__inactive
mechanism-webgpu-final 258/359 canonical/apple-macos-26.5-2x-dark-standard/photo__rrect-md__rest
mechanism-webgpu-final 259/359 canonical/apple-macos-26.5-2x-dark-standard/photo__rrect-ml__inactive
mechanism-webgpu-final 260/359 canonical/apple-macos-26.5-2x-light-standard/checkerboard-32__capsule-button__rest
mechanism-webgpu-final 261/359 canonical/apple-macos-26.5-2x-light-standard/checkerboard-32__capsule-button__rest-tint-orange
mechanism-webgpu-final 262/359 canonical/apple-macos-26.5-2x-light-standard/checkerboard-32__rrect-lg__inactive
mechanism-webgpu-final 263/359 canonical/apple-macos-26.5-2x-light-standard/checkerboard-32__rrect-lg__rest
mechanism-webgpu-final 264/359 canonical/apple-macos-26.5-2x-light-standard/checkerboard-32__rrect-md__rest
mechanism-webgpu-final 265/359 canonical/apple-macos-26.5-2x-light-standard/checkerboard-32__rrect-ml__rest
mechanism-webgpu-final 266/359 canonical/apple-macos-26.5-2x-light-standard/checkerboard-32__rrect-sm__rest
mechanism-webgpu-final 267/359 canonical/apple-macos-26.5-2x-light-standard/checkerboard-4__capsule-button__rest
mechanism-webgpu-final 268/359 canonical/apple-macos-26.5-2x-light-standard/checkerboard-4__capsule-button__rest-tint-orange
mechanism-webgpu-final 269/359 canonical/apple-macos-26.5-2x-light-standard/checkerboard-4__rrect-lg__rest
mechanism-webgpu-final 270/359 canonical/apple-macos-26.5-2x-light-standard/checkerboard-4__rrect-ml__rest
mechanism-webgpu-final 271/359 canonical/apple-macos-26.5-2x-light-standard/checkerboard-4__rrect-sm__rest
mechanism-webgpu-final 272/359 canonical/apple-macos-26.5-2x-light-standard/checkerboard-64__capsule-button__rest
mechanism-webgpu-final 273/359 canonical/apple-macos-26.5-2x-light-standard/checkerboard-64__capsule-button__rest-tint-orange
mechanism-webgpu-final 274/359 canonical/apple-macos-26.5-2x-light-standard/checkerboard-64__rrect-lg__inactive
mechanism-webgpu-final 275/359 canonical/apple-macos-26.5-2x-light-standard/checkerboard-64__rrect-lg__rest
mechanism-webgpu-final 276/359 canonical/apple-macos-26.5-2x-light-standard/checkerboard-64__rrect-md__inactive
mechanism-webgpu-final 277/359 canonical/apple-macos-26.5-2x-light-standard/checkerboard-64__rrect-md__rest
mechanism-webgpu-final 278/359 canonical/apple-macos-26.5-2x-light-standard/checkerboard-64__rrect-ml__rest
mechanism-webgpu-final 279/359 canonical/apple-macos-26.5-2x-light-standard/checkerboard-64__rrect-sm__rest
mechanism-webgpu-final 280/359 canonical/apple-macos-26.5-2x-light-standard/checkerboard-8__capsule-button__rest
mechanism-webgpu-final 281/359 canonical/apple-macos-26.5-2x-light-standard/checkerboard-8__capsule-button__rest-tint-orange
mechanism-webgpu-final 282/359 canonical/apple-macos-26.5-2x-light-standard/checkerboard-8__rrect-lg__inactive
mechanism-webgpu-final 283/359 canonical/apple-macos-26.5-2x-light-standard/checkerboard-8__rrect-lg__rest
mechanism-webgpu-final 284/359 canonical/apple-macos-26.5-2x-light-standard/checkerboard-8__rrect-md__inactive
mechanism-webgpu-final 285/359 canonical/apple-macos-26.5-2x-light-standard/checkerboard-8__rrect-md__rest
mechanism-webgpu-final 286/359 canonical/apple-macos-26.5-2x-light-standard/checkerboard-8__rrect-ml__rest
mechanism-webgpu-final 287/359 canonical/apple-macos-26.5-2x-light-standard/checkerboard-8__rrect-sm__rest
mechanism-webgpu-final 288/359 canonical/apple-macos-26.5-2x-light-standard/checkerboard-lc16__rrect-lg__rest
mechanism-webgpu-final 289/359 canonical/apple-macos-26.5-2x-light-standard/checkerboard-lc16__rrect-ml__rest
mechanism-webgpu-final 290/359 canonical/apple-macos-26.5-2x-light-standard/checkerboard-lc16__rrect-sm__rest
mechanism-webgpu-final 291/359 canonical/apple-macos-26.5-2x-light-standard/checkerboard__capsule-button__inactive
mechanism-webgpu-final 292/359 canonical/apple-macos-26.5-2x-light-standard/checkerboard__capsule-button__inactive-pressed
mechanism-webgpu-final 293/359 canonical/apple-macos-26.5-2x-light-standard/checkerboard__capsule-button__inactive-tint-blue
mechanism-webgpu-final 294/359 canonical/apple-macos-26.5-2x-light-standard/checkerboard__capsule-button__inactive-tint-orange
mechanism-webgpu-final 295/359 canonical/apple-macos-26.5-2x-light-standard/checkerboard__capsule-button__pressed
mechanism-webgpu-final 296/359 canonical/apple-macos-26.5-2x-light-standard/checkerboard__capsule-button__rest
mechanism-webgpu-final 297/359 canonical/apple-macos-26.5-2x-light-standard/checkerboard__capsule-button__rest-tint-blue
mechanism-webgpu-final 298/359 canonical/apple-macos-26.5-2x-light-standard/checkerboard__capsule-button__rest-tint-orange
mechanism-webgpu-final 299/359 canonical/apple-macos-26.5-2x-light-standard/checkerboard__glass-over-glass__inactive
mechanism-webgpu-final 300/359 canonical/apple-macos-26.5-2x-light-standard/checkerboard__glass-over-glass__rest
mechanism-webgpu-final 301/359 canonical/apple-macos-26.5-2x-light-standard/checkerboard__rrect-lg__inactive
mechanism-webgpu-final 302/359 canonical/apple-macos-26.5-2x-light-standard/checkerboard__rrect-lg__rest
mechanism-webgpu-final 303/359 canonical/apple-macos-26.5-2x-light-standard/checkerboard__rrect-md__inactive
mechanism-webgpu-final 304/359 canonical/apple-macos-26.5-2x-light-standard/checkerboard__rrect-md__inactive-pressed
mechanism-webgpu-final 305/359 canonical/apple-macos-26.5-2x-light-standard/checkerboard__rrect-md__pressed
mechanism-webgpu-final 306/359 canonical/apple-macos-26.5-2x-light-standard/checkerboard__rrect-md__rest
mechanism-webgpu-final 307/359 canonical/apple-macos-26.5-2x-light-standard/checkerboard__rrect-sm__inactive
mechanism-webgpu-final 308/359 canonical/apple-macos-26.5-2x-light-standard/checkerboard__rrect-sm__rest
mechanism-webgpu-final 309/359 canonical/apple-macos-26.5-2x-light-standard/checkerboard__toolbar-group__inactive
mechanism-webgpu-final 310/359 canonical/apple-macos-26.5-2x-light-standard/checkerboard__toolbar-group__rest
mechanism-webgpu-final 311/359 canonical/apple-macos-26.5-2x-light-standard/hc-text-28__rrect-lg__rest
mechanism-webgpu-final 312/359 canonical/apple-macos-26.5-2x-light-standard/hc-text-28__rrect-sm__rest
mechanism-webgpu-final 313/359 canonical/apple-macos-26.5-2x-light-standard/hc-text-7__rrect-lg__rest
mechanism-webgpu-final 314/359 canonical/apple-macos-26.5-2x-light-standard/hc-text-7__rrect-sm__rest
mechanism-webgpu-final 315/359 canonical/apple-macos-26.5-2x-light-standard/hc-text__capsule-button__inactive
mechanism-webgpu-final 316/359 canonical/apple-macos-26.5-2x-light-standard/hc-text__capsule-button__inactive-tint-orange
mechanism-webgpu-final 317/359 canonical/apple-macos-26.5-2x-light-standard/hc-text__capsule-button__rest
mechanism-webgpu-final 318/359 canonical/apple-macos-26.5-2x-light-standard/hc-text__capsule-button__rest-tint-orange
mechanism-webgpu-final 319/359 canonical/apple-macos-26.5-2x-light-standard/hc-text__rrect-md__inactive
mechanism-webgpu-final 320/359 canonical/apple-macos-26.5-2x-light-standard/hc-text__rrect-md__rest
mechanism-webgpu-final 321/359 canonical/apple-macos-26.5-2x-light-standard/impulse__capsule-button__inactive
mechanism-webgpu-final 322/359 canonical/apple-macos-26.5-2x-light-standard/impulse__capsule-button__inactive-tint-orange
mechanism-webgpu-final 323/359 canonical/apple-macos-26.5-2x-light-standard/impulse__capsule-button__rest
mechanism-webgpu-final 324/359 canonical/apple-macos-26.5-2x-light-standard/impulse__capsule-button__rest-tint-orange
mechanism-webgpu-final 325/359 canonical/apple-macos-26.5-2x-light-standard/impulse__rrect-lg__inactive
mechanism-webgpu-final 326/359 canonical/apple-macos-26.5-2x-light-standard/impulse__rrect-lg__rest
mechanism-webgpu-final 327/359 canonical/apple-macos-26.5-2x-light-standard/impulse__rrect-md__inactive
mechanism-webgpu-final 328/359 canonical/apple-macos-26.5-2x-light-standard/impulse__rrect-md__rest
mechanism-webgpu-final 329/359 canonical/apple-macos-26.5-2x-light-standard/impulse__rrect-ml__inactive
mechanism-webgpu-final 330/359 canonical/apple-macos-26.5-2x-light-standard/impulse__rrect-ml__rest
mechanism-webgpu-final 331/359 canonical/apple-macos-26.5-2x-light-standard/impulse__rrect-sm__rest
mechanism-webgpu-final 332/359 canonical/apple-macos-26.5-2x-light-standard/photo__capsule-button__inactive
mechanism-webgpu-final 333/359 canonical/apple-macos-26.5-2x-light-standard/photo__capsule-button__inactive-pressed
mechanism-webgpu-final 334/359 canonical/apple-macos-26.5-2x-light-standard/photo__capsule-button__inactive-tint-blue
mechanism-webgpu-final 335/359 canonical/apple-macos-26.5-2x-light-standard/photo__capsule-button__inactive-tint-orange
mechanism-webgpu-final 336/359 canonical/apple-macos-26.5-2x-light-standard/photo__capsule-button__inactive-tint-orange-half
mechanism-webgpu-final 337/359 canonical/apple-macos-26.5-2x-light-standard/photo__capsule-button__pressed
mechanism-webgpu-final 338/359 canonical/apple-macos-26.5-2x-light-standard/photo__capsule-button__rest
mechanism-webgpu-final 339/359 canonical/apple-macos-26.5-2x-light-standard/photo__capsule-button__rest-tint-blue
mechanism-webgpu-final 340/359 canonical/apple-macos-26.5-2x-light-standard/photo__capsule-button__rest-tint-orange
mechanism-webgpu-final 341/359 canonical/apple-macos-26.5-2x-light-standard/photo__capsule-button__rest-tint-orange-half
mechanism-webgpu-final 342/359 canonical/apple-macos-26.5-2x-light-standard/photo__glass-over-glass__inactive
mechanism-webgpu-final 343/359 canonical/apple-macos-26.5-2x-light-standard/photo__glass-over-glass__rest
mechanism-webgpu-final 344/359 canonical/apple-macos-26.5-2x-light-standard/photo__rrect-lg__inactive
mechanism-webgpu-final 345/359 canonical/apple-macos-26.5-2x-light-standard/photo__rrect-lg__inactive-tint-orange
mechanism-webgpu-final 346/359 canonical/apple-macos-26.5-2x-light-standard/photo__rrect-lg__rest
mechanism-webgpu-final 347/359 canonical/apple-macos-26.5-2x-light-standard/photo__rrect-lg__rest-tint-orange
mechanism-webgpu-final 348/359 canonical/apple-macos-26.5-2x-light-standard/photo__rrect-md__inactive
mechanism-webgpu-final 349/359 canonical/apple-macos-26.5-2x-light-standard/photo__rrect-md__inactive-pressed
mechanism-webgpu-final 350/359 canonical/apple-macos-26.5-2x-light-standard/photo__rrect-md__inactive-tint-orange
mechanism-webgpu-final 351/359 canonical/apple-macos-26.5-2x-light-standard/photo__rrect-md__pressed
mechanism-webgpu-final 352/359 canonical/apple-macos-26.5-2x-light-standard/photo__rrect-md__rest
mechanism-webgpu-final 353/359 canonical/apple-macos-26.5-2x-light-standard/photo__rrect-md__rest-tint-orange
mechanism-webgpu-final 354/359 canonical/apple-macos-26.5-2x-light-standard/photo__rrect-ml__inactive
mechanism-webgpu-final 355/359 canonical/apple-macos-26.5-2x-light-standard/photo__rrect-ml__rest
mechanism-webgpu-final 356/359 canonical/apple-macos-26.5-2x-light-standard/photo__rrect-sm__inactive
mechanism-webgpu-final 357/359 canonical/apple-macos-26.5-2x-light-standard/photo__rrect-sm__rest
mechanism-webgpu-final 358/359 canonical/apple-macos-26.5-2x-light-standard/photo__toolbar-group__inactive
mechanism-webgpu-final 359/359 canonical/apple-macos-26.5-2x-light-standard/photo__toolbar-group__rest
