mechanism-css-final 1/359 canonical/apple-macos-26.5-1x-dark-standard/checkerboard-32__capsule-button__rest
mechanism-css-final 2/359 canonical/apple-macos-26.5-1x-dark-standard/checkerboard-32__capsule-button__rest-tint-orange
mechanism-css-final 3/359 canonical/apple-macos-26.5-1x-dark-standard/checkerboard-32__rrect-lg__inactive
mechanism-css-final 4/359 canonical/apple-macos-26.5-1x-dark-standard/checkerboard-32__rrect-lg__rest
mechanism-css-final 5/359 canonical/apple-macos-26.5-1x-dark-standard/checkerboard-32__rrect-md__rest
mechanism-css-final 6/359 canonical/apple-macos-26.5-1x-dark-standard/checkerboard-32__rrect-ml__rest
mechanism-css-final 7/359 canonical/apple-macos-26.5-1x-dark-standard/checkerboard-32__rrect-sm__rest
mechanism-css-final 8/359 canonical/apple-macos-26.5-1x-dark-standard/checkerboard-4__capsule-button__rest
mechanism-css-final 9/359 canonical/apple-macos-26.5-1x-dark-standard/checkerboard-4__capsule-button__rest-tint-orange
mechanism-css-final 10/359 canonical/apple-macos-26.5-1x-dark-standard/checkerboard-4__rrect-lg__rest
mechanism-css-final 11/359 canonical/apple-macos-26.5-1x-dark-standard/checkerboard-4__rrect-ml__rest
mechanism-css-final 12/359 canonical/apple-macos-26.5-1x-dark-standard/checkerboard-4__rrect-sm__rest
mechanism-css-final 13/359 canonical/apple-macos-26.5-1x-dark-standard/checkerboard-64__capsule-button__rest
mechanism-css-final 14/359 canonical/apple-macos-26.5-1x-dark-standard/checkerboard-64__capsule-button__rest-tint-orange
mechanism-css-final 15/359 canonical/apple-macos-26.5-1x-dark-standard/checkerboard-64__rrect-lg__inactive
mechanism-css-final 16/359 canonical/apple-macos-26.5-1x-dark-standard/checkerboard-64__rrect-lg__rest
mechanism-css-final 17/359 canonical/apple-macos-26.5-1x-dark-standard/checkerboard-64__rrect-md__inactive
mechanism-css-final 18/359 canonical/apple-macos-26.5-1x-dark-standard/checkerboard-64__rrect-md__rest
mechanism-css-final 19/359 canonical/apple-macos-26.5-1x-dark-standard/checkerboard-64__rrect-ml__rest
mechanism-css-final 20/359 canonical/apple-macos-26.5-1x-dark-standard/checkerboard-64__rrect-sm__rest
mechanism-css-final 21/359 canonical/apple-macos-26.5-1x-dark-standard/checkerboard-8__capsule-button__rest
mechanism-css-final 22/359 canonical/apple-macos-26.5-1x-dark-standard/checkerboard-8__capsule-button__rest-tint-orange
mechanism-css-final 23/359 canonical/apple-macos-26.5-1x-dark-standard/checkerboard-8__rrect-lg__inactive
mechanism-css-final 24/359 canonical/apple-macos-26.5-1x-dark-standard/checkerboard-8__rrect-lg__rest
mechanism-css-final 25/359 canonical/apple-macos-26.5-1x-dark-standard/checkerboard-8__rrect-md__inactive
mechanism-css-final 26/359 canonical/apple-macos-26.5-1x-dark-standard/checkerboard-8__rrect-md__rest
mechanism-css-final 27/359 canonical/apple-macos-26.5-1x-dark-standard/checkerboard-8__rrect-ml__rest
mechanism-css-final 28/359 canonical/apple-macos-26.5-1x-dark-standard/checkerboard-8__rrect-sm__rest
mechanism-css-final 29/359 canonical/apple-macos-26.5-1x-dark-standard/checkerboard-lc16__rrect-lg__rest
mechanism-css-final 30/359 canonical/apple-macos-26.5-1x-dark-standard/checkerboard-lc16__rrect-ml__rest
mechanism-css-final 31/359 canonical/apple-macos-26.5-1x-dark-standard/checkerboard-lc16__rrect-sm__rest
mechanism-css-final 32/359 canonical/apple-macos-26.5-1x-dark-standard/checkerboard__capsule-button__inactive
mechanism-css-final 33/359 canonical/apple-macos-26.5-1x-dark-standard/checkerboard__capsule-button__inactive-tint-orange
mechanism-css-final 34/359 canonical/apple-macos-26.5-1x-dark-standard/checkerboard__capsule-button__rest
mechanism-css-final 35/359 canonical/apple-macos-26.5-1x-dark-standard/checkerboard__capsule-button__rest-tint-orange
mechanism-css-final 36/359 canonical/apple-macos-26.5-1x-dark-standard/checkerboard__glass-over-glass__inactive
mechanism-css-final 37/359 canonical/apple-macos-26.5-1x-dark-standard/checkerboard__glass-over-glass__rest
mechanism-css-final 38/359 canonical/apple-macos-26.5-1x-dark-standard/checkerboard__rrect-md__inactive
mechanism-css-final 39/359 canonical/apple-macos-26.5-1x-dark-standard/checkerboard__rrect-md__rest
mechanism-css-final 40/359 canonical/apple-macos-26.5-1x-dark-standard/hc-text-28__rrect-lg__rest
mechanism-css-final 41/359 canonical/apple-macos-26.5-1x-dark-standard/hc-text-28__rrect-sm__rest
mechanism-css-final 42/359 canonical/apple-macos-26.5-1x-dark-standard/hc-text-7__rrect-lg__rest
mechanism-css-final 43/359 canonical/apple-macos-26.5-1x-dark-standard/hc-text-7__rrect-sm__rest
mechanism-css-final 44/359 canonical/apple-macos-26.5-1x-dark-standard/impulse__capsule-button__inactive
mechanism-css-final 45/359 canonical/apple-macos-26.5-1x-dark-standard/impulse__capsule-button__rest
mechanism-css-final 46/359 canonical/apple-macos-26.5-1x-dark-standard/impulse__rrect-lg__inactive
mechanism-css-final 47/359 canonical/apple-macos-26.5-1x-dark-standard/impulse__rrect-lg__rest
mechanism-css-final 48/359 canonical/apple-macos-26.5-1x-dark-standard/impulse__rrect-ml__inactive
mechanism-css-final 49/359 canonical/apple-macos-26.5-1x-dark-standard/impulse__rrect-ml__rest
mechanism-css-final 50/359 canonical/apple-macos-26.5-1x-dark-standard/impulse__rrect-sm__rest
mechanism-css-final 51/359 canonical/apple-macos-26.5-1x-dark-standard/photo__capsule-button__inactive
mechanism-css-final 52/359 canonical/apple-macos-26.5-1x-dark-standard/photo__capsule-button__inactive-pressed
mechanism-css-final 53/359 canonical/apple-macos-26.5-1x-dark-standard/photo__capsule-button__inactive-tint-orange
mechanism-css-final 54/359 canonical/apple-macos-26.5-1x-dark-standard/photo__capsule-button__pressed
mechanism-css-final 55/359 canonical/apple-macos-26.5-1x-dark-standard/photo__capsule-button__rest
mechanism-css-final 56/359 canonical/apple-macos-26.5-1x-dark-standard/photo__capsule-button__rest-tint-orange
mechanism-css-final 57/359 canonical/apple-macos-26.5-1x-dark-standard/photo__rrect-lg__inactive
mechanism-css-final 58/359 canonical/apple-macos-26.5-1x-dark-standard/photo__rrect-lg__rest
mechanism-css-final 59/359 canonical/apple-macos-26.5-1x-dark-standard/photo__rrect-md__inactive
mechanism-css-final 60/359 canonical/apple-macos-26.5-1x-dark-standard/photo__rrect-md__rest
mechanism-css-final 61/359 canonical/apple-macos-26.5-1x-dark-standard/photo__rrect-ml__inactive
mechanism-css-final 62/359 canonical/apple-macos-26.5-1x-light-increased-contrast/checkerboard__capsule-button__inactive
mechanism-css-final 63/359 canonical/apple-macos-26.5-1x-light-increased-contrast/checkerboard__capsule-button__inactive-tint-orange
mechanism-css-final 64/359 canonical/apple-macos-26.5-1x-light-increased-contrast/checkerboard__capsule-button__rest
mechanism-css-final 65/359 canonical/apple-macos-26.5-1x-light-increased-contrast/checkerboard__capsule-button__rest-tint-orange
mechanism-css-final 66/359 canonical/apple-macos-26.5-1x-light-increased-contrast/checkerboard__rrect-md__inactive
mechanism-css-final 67/359 canonical/apple-macos-26.5-1x-light-increased-contrast/checkerboard__rrect-md__rest
mechanism-css-final 68/359 canonical/apple-macos-26.5-1x-light-increased-contrast/hc-text__capsule-button__inactive
mechanism-css-final 69/359 canonical/apple-macos-26.5-1x-light-increased-contrast/hc-text__capsule-button__rest
mechanism-css-final 70/359 canonical/apple-macos-26.5-1x-light-increased-contrast/photo__capsule-button__inactive
mechanism-css-final 71/359 canonical/apple-macos-26.5-1x-light-increased-contrast/photo__capsule-button__inactive-pressed
mechanism-css-final 72/359 canonical/apple-macos-26.5-1x-light-increased-contrast/photo__capsule-button__inactive-tint-orange
mechanism-css-final 73/359 canonical/apple-macos-26.5-1x-light-increased-contrast/photo__capsule-button__pressed
mechanism-css-final 74/359 canonical/apple-macos-26.5-1x-light-increased-contrast/photo__capsule-button__rest
mechanism-css-final 75/359 canonical/apple-macos-26.5-1x-light-increased-contrast/photo__capsule-button__rest-tint-orange
mechanism-css-final 76/359 canonical/apple-macos-26.5-1x-light-increased-contrast/photo__rrect-lg__inactive
mechanism-css-final 77/359 canonical/apple-macos-26.5-1x-light-increased-contrast/photo__rrect-lg__rest
mechanism-css-final 78/359 canonical/apple-macos-26.5-1x-light-increased-contrast/photo__rrect-md__inactive
mechanism-css-final 79/359 canonical/apple-macos-26.5-1x-light-increased-contrast/photo__rrect-md__rest
mechanism-css-final 80/359 canonical/apple-macos-26.5-1x-light-increased-contrast/photo__toolbar-group__inactive
mechanism-css-final 81/359 canonical/apple-macos-26.5-1x-light-increased-contrast/photo__toolbar-group__rest
mechanism-css-final 82/359 canonical/apple-macos-26.5-1x-light-reduced-transparency/checkerboard__capsule-button__inactive
mechanism-css-final 83/359 canonical/apple-macos-26.5-1x-light-reduced-transparency/checkerboard__capsule-button__rest
mechanism-css-final 84/359 canonical/apple-macos-26.5-1x-light-reduced-transparency/checkerboard__rrect-md__inactive
mechanism-css-final 85/359 canonical/apple-macos-26.5-1x-light-reduced-transparency/checkerboard__rrect-md__rest
mechanism-css-final 86/359 canonical/apple-macos-26.5-1x-light-reduced-transparency/hc-text__capsule-button__inactive
mechanism-css-final 87/359 canonical/apple-macos-26.5-1x-light-reduced-transparency/hc-text__capsule-button__rest
mechanism-css-final 88/359 canonical/apple-macos-26.5-1x-light-reduced-transparency/photo__capsule-button__inactive
mechanism-css-final 89/359 canonical/apple-macos-26.5-1x-light-reduced-transparency/photo__capsule-button__inactive-pressed
mechanism-css-final 90/359 canonical/apple-macos-26.5-1x-light-reduced-transparency/photo__capsule-button__inactive-tint-orange
mechanism-css-final 91/359 canonical/apple-macos-26.5-1x-light-reduced-transparency/photo__capsule-button__pressed
mechanism-css-final 92/359 canonical/apple-macos-26.5-1x-light-reduced-transparency/photo__capsule-button__rest
mechanism-css-final 93/359 canonical/apple-macos-26.5-1x-light-reduced-transparency/photo__capsule-button__rest-tint-orange
mechanism-css-final 94/359 canonical/apple-macos-26.5-1x-light-reduced-transparency/photo__rrect-lg__inactive
mechanism-css-final 95/359 canonical/apple-macos-26.5-1x-light-reduced-transparency/photo__rrect-lg__rest
mechanism-css-final 96/359 canonical/apple-macos-26.5-1x-light-reduced-transparency/photo__rrect-md__inactive
mechanism-css-final 97/359 canonical/apple-macos-26.5-1x-light-reduced-transparency/photo__rrect-md__rest
mechanism-css-final 98/359 canonical/apple-macos-26.5-1x-light-reduced-transparency/photo__toolbar-group__inactive
mechanism-css-final 99/359 canonical/apple-macos-26.5-1x-light-reduced-transparency/photo__toolbar-group__rest
mechanism-css-final 100/359 canonical/apple-macos-26.5-1x-light-standard/checkerboard-32__capsule-button__rest
mechanism-css-final 101/359 canonical/apple-macos-26.5-1x-light-standard/checkerboard-32__capsule-button__rest-tint-orange
mechanism-css-final 102/359 canonical/apple-macos-26.5-1x-light-standard/checkerboard-32__rrect-lg__inactive
mechanism-css-final 103/359 canonical/apple-macos-26.5-1x-light-standard/checkerboard-32__rrect-lg__rest
mechanism-css-final 104/359 canonical/apple-macos-26.5-1x-light-standard/checkerboard-32__rrect-md__rest
mechanism-css-final 105/359 canonical/apple-macos-26.5-1x-light-standard/checkerboard-32__rrect-ml__rest
mechanism-css-final 106/359 canonical/apple-macos-26.5-1x-light-standard/checkerboard-32__rrect-sm__rest
mechanism-css-final 107/359 canonical/apple-macos-26.5-1x-light-standard/checkerboard-4__capsule-button__rest
mechanism-css-final 108/359 canonical/apple-macos-26.5-1x-light-standard/checkerboard-4__capsule-button__rest-tint-orange
mechanism-css-final 109/359 canonical/apple-macos-26.5-1x-light-standard/checkerboard-4__rrect-lg__rest
mechanism-css-final 110/359 canonical/apple-macos-26.5-1x-light-standard/checkerboard-4__rrect-ml__rest
mechanism-css-final 111/359 canonical/apple-macos-26.5-1x-light-standard/checkerboard-4__rrect-sm__rest
mechanism-css-final 112/359 canonical/apple-macos-26.5-1x-light-standard/checkerboard-64__capsule-button__rest
mechanism-css-final 113/359 canonical/apple-macos-26.5-1x-light-standard/checkerboard-64__capsule-button__rest-tint-orange
mechanism-css-final 114/359 canonical/apple-macos-26.5-1x-light-standard/checkerboard-64__rrect-lg__inactive
mechanism-css-final 115/359 canonical/apple-macos-26.5-1x-light-standard/checkerboard-64__rrect-lg__rest
mechanism-css-final 116/359 canonical/apple-macos-26.5-1x-light-standard/checkerboard-64__rrect-md__inactive
mechanism-css-final 117/359 canonical/apple-macos-26.5-1x-light-standard/checkerboard-64__rrect-md__rest
mechanism-css-final 118/359 canonical/apple-macos-26.5-1x-light-standard/checkerboard-64__rrect-ml__rest
mechanism-css-final 119/359 canonical/apple-macos-26.5-1x-light-standard/checkerboard-64__rrect-sm__rest
mechanism-css-final 120/359 canonical/apple-macos-26.5-1x-light-standard/checkerboard-8__capsule-button__rest
mechanism-css-final 121/359 canonical/apple-macos-26.5-1x-light-standard/checkerboard-8__capsule-button__rest-tint-orange
mechanism-css-final 122/359 canonical/apple-macos-26.5-1x-light-standard/checkerboard-8__rrect-lg__inactive
mechanism-css-final 123/359 canonical/apple-macos-26.5-1x-light-standard/checkerboard-8__rrect-lg__rest
mechanism-css-final 124/359 canonical/apple-macos-26.5-1x-light-standard/checkerboard-8__rrect-md__inactive
mechanism-css-final 125/359 canonical/apple-macos-26.5-1x-light-standard/checkerboard-8__rrect-md__rest
mechanism-css-final 126/359 canonical/apple-macos-26.5-1x-light-standard/checkerboard-8__rrect-ml__rest
mechanism-css-final 127/359 canonical/apple-macos-26.5-1x-light-standard/checkerboard-8__rrect-sm__rest
mechanism-css-final 128/359 canonical/apple-macos-26.5-1x-light-standard/checkerboard-lc16__rrect-lg__rest
mechanism-css-final 129/359 canonical/apple-macos-26.5-1x-light-standard/checkerboard-lc16__rrect-ml__rest
mechanism-css-final 130/359 canonical/apple-macos-26.5-1x-light-standard/checkerboard-lc16__rrect-sm__rest
mechanism-css-final 131/359 canonical/apple-macos-26.5-1x-light-standard/checkerboard__capsule-button__inactive
mechanism-css-final 132/359 canonical/apple-macos-26.5-1x-light-standard/checkerboard__capsule-button__inactive-pressed
mechanism-css-final 133/359 canonical/apple-macos-26.5-1x-light-standard/checkerboard__capsule-button__inactive-tint-blue
mechanism-css-final 134/359 canonical/apple-macos-26.5-1x-light-standard/checkerboard__capsule-button__inactive-tint-orange
mechanism-css-final 135/359 canonical/apple-macos-26.5-1x-light-standard/checkerboard__capsule-button__pressed
mechanism-css-final 136/359 canonical/apple-macos-26.5-1x-light-standard/checkerboard__capsule-button__rest
mechanism-css-final 137/359 canonical/apple-macos-26.5-1x-light-standard/checkerboard__capsule-button__rest-tint-blue
mechanism-css-final 138/359 canonical/apple-macos-26.5-1x-light-standard/checkerboard__capsule-button__rest-tint-orange
mechanism-css-final 139/359 canonical/apple-macos-26.5-1x-light-standard/checkerboard__glass-over-glass__inactive
mechanism-css-final 140/359 canonical/apple-macos-26.5-1x-light-standard/checkerboard__glass-over-glass__rest
mechanism-css-final 141/359 canonical/apple-macos-26.5-1x-light-standard/checkerboard__rrect-lg__inactive
mechanism-css-final 142/359 canonical/apple-macos-26.5-1x-light-standard/checkerboard__rrect-lg__rest
mechanism-css-final 143/359 canonical/apple-macos-26.5-1x-light-standard/checkerboard__rrect-md__inactive
mechanism-css-final 144/359 canonical/apple-macos-26.5-1x-light-standard/checkerboard__rrect-md__inactive-pressed
mechanism-css-final 145/359 canonical/apple-macos-26.5-1x-light-standard/checkerboard__rrect-md__pressed
mechanism-css-final 146/359 canonical/apple-macos-26.5-1x-light-standard/checkerboard__rrect-md__rest
mechanism-css-final 147/359 canonical/apple-macos-26.5-1x-light-standard/checkerboard__rrect-sm__inactive
mechanism-css-final 148/359 canonical/apple-macos-26.5-1x-light-standard/checkerboard__rrect-sm__rest
mechanism-css-final 149/359 canonical/apple-macos-26.5-1x-light-standard/checkerboard__toolbar-group__inactive
mechanism-css-final 150/359 canonical/apple-macos-26.5-1x-light-standard/checkerboard__toolbar-group__rest
mechanism-css-final 151/359 canonical/apple-macos-26.5-1x-light-standard/hc-text-28__rrect-lg__rest
mechanism-css-final 152/359 canonical/apple-macos-26.5-1x-light-standard/hc-text-28__rrect-sm__rest
mechanism-css-final 153/359 canonical/apple-macos-26.5-1x-light-standard/hc-text-7__rrect-lg__rest
mechanism-css-final 154/359 canonical/apple-macos-26.5-1x-light-standard/hc-text-7__rrect-sm__rest
mechanism-css-final 155/359 canonical/apple-macos-26.5-1x-light-standard/hc-text__capsule-button__inactive
mechanism-css-final 156/359 canonical/apple-macos-26.5-1x-light-standard/hc-text__capsule-button__inactive-tint-orange
mechanism-css-final 157/359 canonical/apple-macos-26.5-1x-light-standard/hc-text__capsule-button__rest
mechanism-css-final 158/359 canonical/apple-macos-26.5-1x-light-standard/hc-text__capsule-button__rest-tint-orange
mechanism-css-final 159/359 canonical/apple-macos-26.5-1x-light-standard/hc-text__rrect-md__inactive
mechanism-css-final 160/359 canonical/apple-macos-26.5-1x-light-standard/hc-text__rrect-md__rest
mechanism-css-final 161/359 canonical/apple-macos-26.5-1x-light-standard/impulse__capsule-button__inactive
mechanism-css-final 162/359 canonical/apple-macos-26.5-1x-light-standard/impulse__capsule-button__inactive-tint-orange
mechanism-css-final 163/359 canonical/apple-macos-26.5-1x-light-standard/impulse__capsule-button__rest
mechanism-css-final 164/359 canonical/apple-macos-26.5-1x-light-standard/impulse__capsule-button__rest-tint-orange
mechanism-css-final 165/359 canonical/apple-macos-26.5-1x-light-standard/impulse__rrect-lg__inactive
mechanism-css-final 166/359 canonical/apple-macos-26.5-1x-light-standard/impulse__rrect-lg__rest
mechanism-css-final 167/359 canonical/apple-macos-26.5-1x-light-standard/impulse__rrect-md__inactive
mechanism-css-final 168/359 canonical/apple-macos-26.5-1x-light-standard/impulse__rrect-md__rest
mechanism-css-final 169/359 canonical/apple-macos-26.5-1x-light-standard/impulse__rrect-ml__inactive
mechanism-css-final 170/359 canonical/apple-macos-26.5-1x-light-standard/impulse__rrect-ml__rest
mechanism-css-final 171/359 canonical/apple-macos-26.5-1x-light-standard/impulse__rrect-sm__rest
mechanism-css-final 172/359 canonical/apple-macos-26.5-1x-light-standard/photo__capsule-button__inactive
mechanism-css-final 173/359 canonical/apple-macos-26.5-1x-light-standard/photo__capsule-button__inactive-pressed
mechanism-css-final 174/359 canonical/apple-macos-26.5-1x-light-standard/photo__capsule-button__inactive-tint-blue
mechanism-css-final 175/359 canonical/apple-macos-26.5-1x-light-standard/photo__capsule-button__inactive-tint-orange
mechanism-css-final 176/359 canonical/apple-macos-26.5-1x-light-standard/photo__capsule-button__inactive-tint-orange-half
mechanism-css-final 177/359 canonical/apple-macos-26.5-1x-light-standard/photo__capsule-button__pressed
mechanism-css-final 178/359 canonical/apple-macos-26.5-1x-light-standard/photo__capsule-button__rest
mechanism-css-final 179/359 canonical/apple-macos-26.5-1x-light-standard/photo__capsule-button__rest-tint-blue
mechanism-css-final 180/359 canonical/apple-macos-26.5-1x-light-standard/photo__capsule-button__rest-tint-orange
mechanism-css-final 181/359 canonical/apple-macos-26.5-1x-light-standard/photo__capsule-button__rest-tint-orange-half
mechanism-css-final 182/359 canonical/apple-macos-26.5-1x-light-standard/photo__glass-over-glass__inactive
mechanism-css-final 183/359 canonical/apple-macos-26.5-1x-light-standard/photo__glass-over-glass__rest
mechanism-css-final 184/359 canonical/apple-macos-26.5-1x-light-standard/photo__rrect-lg__inactive
mechanism-css-final 185/359 canonical/apple-macos-26.5-1x-light-standard/photo__rrect-lg__inactive-tint-orange
mechanism-css-final 186/359 canonical/apple-macos-26.5-1x-light-standard/photo__rrect-lg__rest
mechanism-css-final 187/359 canonical/apple-macos-26.5-1x-light-standard/photo__rrect-lg__rest-tint-orange
mechanism-css-final 188/359 canonical/apple-macos-26.5-1x-light-standard/photo__rrect-md__inactive
mechanism-css-final 189/359 canonical/apple-macos-26.5-1x-light-standard/photo__rrect-md__inactive-pressed
mechanism-css-final 190/359 canonical/apple-macos-26.5-1x-light-standard/photo__rrect-md__inactive-tint-orange
mechanism-css-final 191/359 canonical/apple-macos-26.5-1x-light-standard/photo__rrect-md__pressed
mechanism-css-final 192/359 canonical/apple-macos-26.5-1x-light-standard/photo__rrect-md__rest
mechanism-css-final 193/359 canonical/apple-macos-26.5-1x-light-standard/photo__rrect-md__rest-tint-orange
mechanism-css-final 194/359 canonical/apple-macos-26.5-1x-light-standard/photo__rrect-ml__inactive
mechanism-css-final 195/359 canonical/apple-macos-26.5-1x-light-standard/photo__rrect-ml__rest
mechanism-css-final 196/359 canonical/apple-macos-26.5-1x-light-standard/photo__rrect-sm__inactive
mechanism-css-final 197/359 canonical/apple-macos-26.5-1x-light-standard/photo__rrect-sm__rest
mechanism-css-final 198/359 canonical/apple-macos-26.5-1x-light-standard/photo__toolbar-group__inactive
mechanism-css-final 199/359 canonical/apple-macos-26.5-1x-light-standard/photo__toolbar-group__rest
mechanism-css-final 200/359 canonical/apple-macos-26.5-2x-dark-standard/checkerboard-32__capsule-button__rest
mechanism-css-final 201/359 canonical/apple-macos-26.5-2x-dark-standard/checkerboard-32__capsule-button__rest-tint-orange
mechanism-css-final 202/359 canonical/apple-macos-26.5-2x-dark-standard/checkerboard-32__rrect-lg__inactive
mechanism-css-final 203/359 canonical/apple-macos-26.5-2x-dark-standard/checkerboard-32__rrect-lg__rest
mechanism-css-final 204/359 canonical/apple-macos-26.5-2x-dark-standard/checkerboard-32__rrect-md__rest
mechanism-css-final 205/359 canonical/apple-macos-26.5-2x-dark-standard/checkerboard-32__rrect-ml__rest
mechanism-css-final 206/359 canonical/apple-macos-26.5-2x-dark-standard/checkerboard-32__rrect-sm__rest
mechanism-css-final 207/359 canonical/apple-macos-26.5-2x-dark-standard/checkerboard-4__capsule-button__rest
mechanism-css-final 208/359 canonical/apple-macos-26.5-2x-dark-standard/checkerboard-4__capsule-button__rest-tint-orange
mechanism-css-final 209/359 canonical/apple-macos-26.5-2x-dark-standard/checkerboard-4__rrect-lg__rest
mechanism-css-final 210/359 canonical/apple-macos-26.5-2x-dark-standard/checkerboard-4__rrect-ml__rest
mechanism-css-final 211/359 canonical/apple-macos-26.5-2x-dark-standard/checkerboard-4__rrect-sm__rest
mechanism-css-final 212/359 canonical/apple-macos-26.5-2x-dark-standard/checkerboard-64__capsule-button__rest
mechanism-css-final 213/359 canonical/apple-macos-26.5-2x-dark-standard/checkerboard-64__capsule-button__rest-tint-orange
mechanism-css-final 214/359 canonical/apple-macos-26.5-2x-dark-standard/checkerboard-64__rrect-lg__inactive
mechanism-css-final 215/359 canonical/apple-macos-26.5-2x-dark-standard/checkerboard-64__rrect-lg__rest
mechanism-css-final 216/359 canonical/apple-macos-26.5-2x-dark-standard/checkerboard-64__rrect-md__inactive
mechanism-css-final 217/359 canonical/apple-macos-26.5-2x-dark-standard/checkerboard-64__rrect-md__rest
mechanism-css-final 218/359 canonical/apple-macos-26.5-2x-dark-standard/checkerboard-64__rrect-ml__rest
mechanism-css-final 219/359 canonical/apple-macos-26.5-2x-dark-standard/checkerboard-64__rrect-sm__rest
mechanism-css-final 220/359 canonical/apple-macos-26.5-2x-dark-standard/checkerboard-8__capsule-button__rest-tint-orange
mechanism-css-final 221/359 canonical/apple-macos-26.5-2x-dark-standard/checkerboard-8__rrect-lg__inactive
mechanism-css-final 222/359 canonical/apple-macos-26.5-2x-dark-standard/checkerboard-8__rrect-lg__rest
mechanism-css-final 223/359 canonical/apple-macos-26.5-2x-dark-standard/checkerboard-8__rrect-md__inactive
mechanism-css-final 224/359 canonical/apple-macos-26.5-2x-dark-standard/checkerboard-8__rrect-md__rest
mechanism-css-final 225/359 canonical/apple-macos-26.5-2x-dark-standard/checkerboard-8__rrect-ml__rest
mechanism-css-final 226/359 canonical/apple-macos-26.5-2x-dark-standard/checkerboard-8__rrect-sm__rest
mechanism-css-final 227/359 canonical/apple-macos-26.5-2x-dark-standard/checkerboard-lc16__rrect-lg__rest
mechanism-css-final 228/359 canonical/apple-macos-26.5-2x-dark-standard/checkerboard-lc16__rrect-ml__rest
mechanism-css-final 229/359 canonical/apple-macos-26.5-2x-dark-standard/checkerboard-lc16__rrect-sm__rest
mechanism-css-final 230/359 canonical/apple-macos-26.5-2x-dark-standard/checkerboard__capsule-button__inactive
mechanism-css-final 231/359 canonical/apple-macos-26.5-2x-dark-standard/checkerboard__capsule-button__inactive-tint-orange
mechanism-css-final 232/359 canonical/apple-macos-26.5-2x-dark-standard/checkerboard__capsule-button__rest
mechanism-css-final 233/359 canonical/apple-macos-26.5-2x-dark-standard/checkerboard__capsule-button__rest-tint-orange
mechanism-css-final 234/359 canonical/apple-macos-26.5-2x-dark-standard/checkerboard__glass-over-glass__inactive
mechanism-css-final 235/359 canonical/apple-macos-26.5-2x-dark-standard/checkerboard__glass-over-glass__rest
mechanism-css-final 236/359 canonical/apple-macos-26.5-2x-dark-standard/checkerboard__rrect-md__inactive
mechanism-css-final 237/359 canonical/apple-macos-26.5-2x-dark-standard/checkerboard__rrect-md__rest
mechanism-css-final 238/359 canonical/apple-macos-26.5-2x-dark-standard/hc-text-28__rrect-lg__rest
mechanism-css-final 239/359 canonical/apple-macos-26.5-2x-dark-standard/hc-text-28__rrect-sm__rest
mechanism-css-final 240/359 canonical/apple-macos-26.5-2x-dark-standard/hc-text-7__rrect-lg__rest
mechanism-css-final 241/359 canonical/apple-macos-26.5-2x-dark-standard/hc-text-7__rrect-sm__rest
mechanism-css-final 242/359 canonical/apple-macos-26.5-2x-dark-standard/impulse__capsule-button__inactive
mechanism-css-final 243/359 canonical/apple-macos-26.5-2x-dark-standard/impulse__capsule-button__rest
mechanism-css-final 244/359 canonical/apple-macos-26.5-2x-dark-standard/impulse__rrect-lg__inactive
mechanism-css-final 245/359 canonical/apple-macos-26.5-2x-dark-standard/impulse__rrect-lg__rest
mechanism-css-final 246/359 canonical/apple-macos-26.5-2x-dark-standard/impulse__rrect-ml__inactive
mechanism-css-final 247/359 canonical/apple-macos-26.5-2x-dark-standard/impulse__rrect-ml__rest
mechanism-css-final 248/359 canonical/apple-macos-26.5-2x-dark-standard/impulse__rrect-sm__rest
mechanism-css-final 249/359 canonical/apple-macos-26.5-2x-dark-standard/photo__capsule-button__inactive
mechanism-css-final 250/359 canonical/apple-macos-26.5-2x-dark-standard/photo__capsule-button__inactive-pressed
mechanism-css-final 251/359 canonical/apple-macos-26.5-2x-dark-standard/photo__capsule-button__inactive-tint-orange
mechanism-css-final 252/359 canonical/apple-macos-26.5-2x-dark-standard/photo__capsule-button__pressed
mechanism-css-final 253/359 canonical/apple-macos-26.5-2x-dark-standard/photo__capsule-button__rest
mechanism-css-final 254/359 canonical/apple-macos-26.5-2x-dark-standard/photo__capsule-button__rest-tint-orange
mechanism-css-final 255/359 canonical/apple-macos-26.5-2x-dark-standard/photo__rrect-lg__inactive
mechanism-css-final 256/359 canonical/apple-macos-26.5-2x-dark-standard/photo__rrect-lg__rest
mechanism-css-final 257/359 canonical/apple-macos-26.5-2x-dark-standard/photo__rrect-md__inactive
mechanism-css-final 258/359 canonical/apple-macos-26.5-2x-dark-standard/photo__rrect-md__rest
mechanism-css-final 259/359 canonical/apple-macos-26.5-2x-dark-standard/photo__rrect-ml__inactive
mechanism-css-final 260/359 canonical/apple-macos-26.5-2x-light-standard/checkerboard-32__capsule-button__rest
mechanism-css-final 261/359 canonical/apple-macos-26.5-2x-light-standard/checkerboard-32__capsule-button__rest-tint-orange
mechanism-css-final 262/359 canonical/apple-macos-26.5-2x-light-standard/checkerboard-32__rrect-lg__inactive
mechanism-css-final 263/359 canonical/apple-macos-26.5-2x-light-standard/checkerboard-32__rrect-lg__rest
mechanism-css-final 264/359 canonical/apple-macos-26.5-2x-light-standard/checkerboard-32__rrect-md__rest
mechanism-css-final 265/359 canonical/apple-macos-26.5-2x-light-standard/checkerboard-32__rrect-ml__rest
mechanism-css-final 266/359 canonical/apple-macos-26.5-2x-light-standard/checkerboard-32__rrect-sm__rest
mechanism-css-final 267/359 canonical/apple-macos-26.5-2x-light-standard/checkerboard-4__capsule-button__rest
mechanism-css-final 268/359 canonical/apple-macos-26.5-2x-light-standard/checkerboard-4__capsule-button__rest-tint-orange
mechanism-css-final 269/359 canonical/apple-macos-26.5-2x-light-standard/checkerboard-4__rrect-lg__rest
mechanism-css-final 270/359 canonical/apple-macos-26.5-2x-light-standard/checkerboard-4__rrect-ml__rest
mechanism-css-final 271/359 canonical/apple-macos-26.5-2x-light-standard/checkerboard-4__rrect-sm__rest
mechanism-css-final 272/359 canonical/apple-macos-26.5-2x-light-standard/checkerboard-64__capsule-button__rest
mechanism-css-final 273/359 canonical/apple-macos-26.5-2x-light-standard/checkerboard-64__capsule-button__rest-tint-orange
mechanism-css-final 274/359 canonical/apple-macos-26.5-2x-light-standard/checkerboard-64__rrect-lg__inactive
mechanism-css-final 275/359 canonical/apple-macos-26.5-2x-light-standard/checkerboard-64__rrect-lg__rest
mechanism-css-final 276/359 canonical/apple-macos-26.5-2x-light-standard/checkerboard-64__rrect-md__inactive
mechanism-css-final 277/359 canonical/apple-macos-26.5-2x-light-standard/checkerboard-64__rrect-md__rest
mechanism-css-final 278/359 canonical/apple-macos-26.5-2x-light-standard/checkerboard-64__rrect-ml__rest
mechanism-css-final 279/359 canonical/apple-macos-26.5-2x-light-standard/checkerboard-64__rrect-sm__rest
mechanism-css-final 280/359 canonical/apple-macos-26.5-2x-light-standard/checkerboard-8__capsule-button__rest
mechanism-css-final 281/359 canonical/apple-macos-26.5-2x-light-standard/checkerboard-8__capsule-button__rest-tint-orange
mechanism-css-final 282/359 canonical/apple-macos-26.5-2x-light-standard/checkerboard-8__rrect-lg__inactive
mechanism-css-final 283/359 canonical/apple-macos-26.5-2x-light-standard/checkerboard-8__rrect-lg__rest
mechanism-css-final 284/359 canonical/apple-macos-26.5-2x-light-standard/checkerboard-8__rrect-md__inactive
mechanism-css-final 285/359 canonical/apple-macos-26.5-2x-light-standard/checkerboard-8__rrect-md__rest
mechanism-css-final 286/359 canonical/apple-macos-26.5-2x-light-standard/checkerboard-8__rrect-ml__rest
mechanism-css-final 287/359 canonical/apple-macos-26.5-2x-light-standard/checkerboard-8__rrect-sm__rest
mechanism-css-final 288/359 canonical/apple-macos-26.5-2x-light-standard/checkerboard-lc16__rrect-lg__rest
mechanism-css-final 289/359 canonical/apple-macos-26.5-2x-light-standard/checkerboard-lc16__rrect-ml__rest
mechanism-css-final 290/359 canonical/apple-macos-26.5-2x-light-standard/checkerboard-lc16__rrect-sm__rest
mechanism-css-final 291/359 canonical/apple-macos-26.5-2x-light-standard/checkerboard__capsule-button__inactive
mechanism-css-final 292/359 canonical/apple-macos-26.5-2x-light-standard/checkerboard__capsule-button__inactive-pressed
mechanism-css-final 293/359 canonical/apple-macos-26.5-2x-light-standard/checkerboard__capsule-button__inactive-tint-blue
mechanism-css-final 294/359 canonical/apple-macos-26.5-2x-light-standard/checkerboard__capsule-button__inactive-tint-orange
mechanism-css-final 295/359 canonical/apple-macos-26.5-2x-light-standard/checkerboard__capsule-button__pressed
mechanism-css-final 296/359 canonical/apple-macos-26.5-2x-light-standard/checkerboard__capsule-button__rest
mechanism-css-final 297/359 canonical/apple-macos-26.5-2x-light-standard/checkerboard__capsule-button__rest-tint-blue
mechanism-css-final 298/359 canonical/apple-macos-26.5-2x-light-standard/checkerboard__capsule-button__rest-tint-orange
mechanism-css-final 299/359 canonical/apple-macos-26.5-2x-light-standard/checkerboard__glass-over-glass__inactive
mechanism-css-final 300/359 canonical/apple-macos-26.5-2x-light-standard/checkerboard__glass-over-glass__rest
mechanism-css-final 301/359 canonical/apple-macos-26.5-2x-light-standard/checkerboard__rrect-lg__inactive
mechanism-css-final 302/359 canonical/apple-macos-26.5-2x-light-standard/checkerboard__rrect-lg__rest
mechanism-css-final 303/359 canonical/apple-macos-26.5-2x-light-standard/checkerboard__rrect-md__inactive
mechanism-css-final 304/359 canonical/apple-macos-26.5-2x-light-standard/checkerboard__rrect-md__inactive-pressed
mechanism-css-final 305/359 canonical/apple-macos-26.5-2x-light-standard/checkerboard__rrect-md__pressed
mechanism-css-final 306/359 canonical/apple-macos-26.5-2x-light-standard/checkerboard__rrect-md__rest
mechanism-css-final 307/359 canonical/apple-macos-26.5-2x-light-standard/checkerboard__rrect-sm__inactive
mechanism-css-final 308/359 canonical/apple-macos-26.5-2x-light-standard/checkerboard__rrect-sm__rest
mechanism-css-final 309/359 canonical/apple-macos-26.5-2x-light-standard/checkerboard__toolbar-group__inactive
mechanism-css-final 310/359 canonical/apple-macos-26.5-2x-light-standard/checkerboard__toolbar-group__rest
mechanism-css-final 311/359 canonical/apple-macos-26.5-2x-light-standard/hc-text-28__rrect-lg__rest
mechanism-css-final 312/359 canonical/apple-macos-26.5-2x-light-standard/hc-text-28__rrect-sm__rest
mechanism-css-final 313/359 canonical/apple-macos-26.5-2x-light-standard/hc-text-7__rrect-lg__rest
mechanism-css-final 314/359 canonical/apple-macos-26.5-2x-light-standard/hc-text-7__rrect-sm__rest
mechanism-css-final 315/359 canonical/apple-macos-26.5-2x-light-standard/hc-text__capsule-button__inactive
mechanism-css-final 316/359 canonical/apple-macos-26.5-2x-light-standard/hc-text__capsule-button__inactive-tint-orange
mechanism-css-final 317/359 canonical/apple-macos-26.5-2x-light-standard/hc-text__capsule-button__rest
mechanism-css-final 318/359 canonical/apple-macos-26.5-2x-light-standard/hc-text__capsule-button__rest-tint-orange
mechanism-css-final 319/359 canonical/apple-macos-26.5-2x-light-standard/hc-text__rrect-md__inactive
mechanism-css-final 320/359 canonical/apple-macos-26.5-2x-light-standard/hc-text__rrect-md__rest
mechanism-css-final 321/359 canonical/apple-macos-26.5-2x-light-standard/impulse__capsule-button__inactive
mechanism-css-final 322/359 canonical/apple-macos-26.5-2x-light-standard/impulse__capsule-button__inactive-tint-orange
mechanism-css-final 323/359 canonical/apple-macos-26.5-2x-light-standard/impulse__capsule-button__rest
mechanism-css-final 324/359 canonical/apple-macos-26.5-2x-light-standard/impulse__capsule-button__rest-tint-orange
mechanism-css-final 325/359 canonical/apple-macos-26.5-2x-light-standard/impulse__rrect-lg__inactive
mechanism-css-final 326/359 canonical/apple-macos-26.5-2x-light-standard/impulse__rrect-lg__rest
mechanism-css-final 327/359 canonical/apple-macos-26.5-2x-light-standard/impulse__rrect-md__inactive
mechanism-css-final 328/359 canonical/apple-macos-26.5-2x-light-standard/impulse__rrect-md__rest
mechanism-css-final 329/359 canonical/apple-macos-26.5-2x-light-standard/impulse__rrect-ml__inactive
mechanism-css-final 330/359 canonical/apple-macos-26.5-2x-light-standard/impulse__rrect-ml__rest
mechanism-css-final 331/359 canonical/apple-macos-26.5-2x-light-standard/impulse__rrect-sm__rest
mechanism-css-final 332/359 canonical/apple-macos-26.5-2x-light-standard/photo__capsule-button__inactive
mechanism-css-final 333/359 canonical/apple-macos-26.5-2x-light-standard/photo__capsule-button__inactive-pressed
mechanism-css-final 334/359 canonical/apple-macos-26.5-2x-light-standard/photo__capsule-button__inactive-tint-blue
mechanism-css-final 335/359 canonical/apple-macos-26.5-2x-light-standard/photo__capsule-button__inactive-tint-orange
mechanism-css-final 336/359 canonical/apple-macos-26.5-2x-light-standard/photo__capsule-button__inactive-tint-orange-half
mechanism-css-final 337/359 canonical/apple-macos-26.5-2x-light-standard/photo__capsule-button__pressed
mechanism-css-final 338/359 canonical/apple-macos-26.5-2x-light-standard/photo__capsule-button__rest
mechanism-css-final 339/359 canonical/apple-macos-26.5-2x-light-standard/photo__capsule-button__rest-tint-blue
mechanism-css-final 340/359 canonical/apple-macos-26.5-2x-light-standard/photo__capsule-button__rest-tint-orange
mechanism-css-final 341/359 canonical/apple-macos-26.5-2x-light-standard/photo__capsule-button__rest-tint-orange-half
mechanism-css-final 342/359 canonical/apple-macos-26.5-2x-light-standard/photo__glass-over-glass__inactive
mechanism-css-final 343/359 canonical/apple-macos-26.5-2x-light-standard/photo__glass-over-glass__rest
mechanism-css-final 344/359 canonical/apple-macos-26.5-2x-light-standard/photo__rrect-lg__inactive
mechanism-css-final 345/359 canonical/apple-macos-26.5-2x-light-standard/photo__rrect-lg__inactive-tint-orange
mechanism-css-final 346/359 canonical/apple-macos-26.5-2x-light-standard/photo__rrect-lg__rest
mechanism-css-final 347/359 canonical/apple-macos-26.5-2x-light-standard/photo__rrect-lg__rest-tint-orange
mechanism-css-final 348/359 canonical/apple-macos-26.5-2x-light-standard/photo__rrect-md__inactive
mechanism-css-final 349/359 canonical/apple-macos-26.5-2x-light-standard/photo__rrect-md__inactive-pressed
mechanism-css-final 350/359 canonical/apple-macos-26.5-2x-light-standard/photo__rrect-md__inactive-tint-orange
mechanism-css-final 351/359 canonical/apple-macos-26.5-2x-light-standard/photo__rrect-md__pressed
mechanism-css-final 352/359 canonical/apple-macos-26.5-2x-light-standard/photo__rrect-md__rest
mechanism-css-final 353/359 canonical/apple-macos-26.5-2x-light-standard/photo__rrect-md__rest-tint-orange
mechanism-css-final 354/359 canonical/apple-macos-26.5-2x-light-standard/photo__rrect-ml__inactive
mechanism-css-final 355/359 canonical/apple-macos-26.5-2x-light-standard/photo__rrect-ml__rest
mechanism-css-final 356/359 canonical/apple-macos-26.5-2x-light-standard/photo__rrect-sm__inactive
mechanism-css-final 357/359 canonical/apple-macos-26.5-2x-light-standard/photo__rrect-sm__rest
mechanism-css-final 358/359 canonical/apple-macos-26.5-2x-light-standard/photo__toolbar-group__inactive
mechanism-css-final 359/359 canonical/apple-macos-26.5-2x-light-standard/photo__toolbar-group__rest
