dark-four-x0.549-m0.04092 1/46 apple-macos-26.5-1x-dark-standard/checkerboard-32__rrect-lg__inactive bodyDE=0.025262
dark-four-x0.549-m0.04092 2/46 apple-macos-26.5-1x-dark-standard/checkerboard-64__rrect-md__inactive bodyDE=0.026121
dark-four-x0.549-m0.04092 3/46 apple-macos-26.5-1x-dark-standard/checkerboard-8__rrect-lg__inactive bodyDE=0.010995
dark-four-x0.549-m0.04092 4/46 apple-macos-26.5-1x-dark-standard/checkerboard-8__rrect-md__inactive bodyDE=0.017630
dark-four-x0.549-m0.04092 5/46 apple-macos-26.5-1x-dark-standard/checkerboard__capsule-button__inactive bodyDE=0.025883
dark-four-x0.549-m0.04092 6/46 apple-macos-26.5-1x-dark-standard/checkerboard__rrect-md__inactive bodyDE=0.006940
dark-four-x0.549-m0.04092 7/46 apple-macos-26.5-1x-dark-standard/dark-solid__capsule-button__inactive bodyDE=0.000000
dark-four-x0.549-m0.04092 8/46 apple-macos-26.5-1x-dark-standard/dark-solid__rrect-lg__inactive bodyDE=0.003717
dark-four-x0.549-m0.04092 9/46 apple-macos-26.5-1x-dark-standard/dark-solid__rrect-sm__inactive bodyDE=0.000000
dark-four-x0.549-m0.04092 10/46 apple-macos-26.5-1x-dark-standard/impulse__capsule-button__inactive bodyDE=0.038237
dark-four-x0.549-m0.04092 11/46 apple-macos-26.5-1x-dark-standard/impulse__rrect-lg__inactive bodyDE=0.102846
dark-four-x0.549-m0.04092 12/46 apple-macos-26.5-1x-dark-standard/impulse__rrect-ml__inactive bodyDE=0.101037
dark-four-x0.549-m0.04092 13/46 apple-macos-26.5-1x-dark-standard/light-solid__rrect-lg__inactive bodyDE=0.001614
dark-four-x0.549-m0.04092 14/46 apple-macos-26.5-1x-dark-standard/light-solid__rrect-sm__inactive bodyDE=0.004063
dark-four-x0.549-m0.04092 15/46 apple-macos-26.5-1x-dark-standard/mid-dark-solid__rrect-lg__inactive bodyDE=0.000000
dark-four-x0.549-m0.04092 16/46 apple-macos-26.5-1x-dark-standard/mid-dark-solid__rrect-md__inactive bodyDE=0.000000
dark-four-x0.549-m0.04092 17/46 apple-macos-26.5-1x-dark-standard/mid-dark-solid__rrect-sm__inactive bodyDE=0.000000
dark-four-x0.549-m0.04092 18/46 apple-macos-26.5-1x-dark-standard/mid-light-solid__capsule-button__inactive bodyDE=0.000000
dark-four-x0.549-m0.04092 19/46 apple-macos-26.5-1x-dark-standard/mid-light-solid__rrect-lg__inactive bodyDE=0.001638
dark-four-x0.549-m0.04092 20/46 apple-macos-26.5-1x-dark-standard/mid-light-solid__rrect-ml__inactive bodyDE=0.001638
dark-four-x0.549-m0.04092 21/46 apple-macos-26.5-1x-dark-standard/mid-light-solid__rrect-sm__inactive bodyDE=0.003540
dark-four-x0.549-m0.04092 22/46 apple-macos-26.5-1x-dark-standard/photo__rrect-md__inactive bodyDE=0.059676
dark-four-x0.549-m0.04092 23/46 apple-macos-26.5-1x-dark-standard/photo__rrect-ml__inactive bodyDE=0.064573
dark-four-x0.549-m0.04092 24/46 apple-macos-26.5-2x-dark-standard/checkerboard-32__rrect-lg__inactive bodyDE=0.017133
dark-four-x0.549-m0.04092 25/46 apple-macos-26.5-2x-dark-standard/checkerboard-64__rrect-md__inactive bodyDE=0.032800
dark-four-x0.549-m0.04092 26/46 apple-macos-26.5-2x-dark-standard/checkerboard-8__rrect-lg__inactive bodyDE=0.003961
dark-four-x0.549-m0.04092 27/46 apple-macos-26.5-2x-dark-standard/checkerboard-8__rrect-md__inactive bodyDE=0.005640
dark-four-x0.549-m0.04092 28/46 apple-macos-26.5-2x-dark-standard/checkerboard__capsule-button__inactive bodyDE=0.026882
dark-four-x0.549-m0.04092 29/46 apple-macos-26.5-2x-dark-standard/checkerboard__rrect-md__inactive bodyDE=0.004195
dark-four-x0.549-m0.04092 30/46 apple-macos-26.5-2x-dark-standard/dark-solid__capsule-button__inactive bodyDE=0.000000
dark-four-x0.549-m0.04092 31/46 apple-macos-26.5-2x-dark-standard/dark-solid__rrect-lg__inactive bodyDE=0.003717
dark-four-x0.549-m0.04092 32/46 apple-macos-26.5-2x-dark-standard/dark-solid__rrect-sm__inactive bodyDE=0.000000
dark-four-x0.549-m0.04092 33/46 apple-macos-26.5-2x-dark-standard/impulse__capsule-button__inactive bodyDE=0.041453
dark-four-x0.549-m0.04092 34/46 apple-macos-26.5-2x-dark-standard/impulse__rrect-lg__inactive bodyDE=0.101451
dark-four-x0.549-m0.04092 35/46 apple-macos-26.5-2x-dark-standard/impulse__rrect-ml__inactive bodyDE=0.100858
dark-four-x0.549-m0.04092 36/46 apple-macos-26.5-2x-dark-standard/light-solid__rrect-lg__inactive bodyDE=0.001614
dark-four-x0.549-m0.04092 37/46 apple-macos-26.5-2x-dark-standard/light-solid__rrect-sm__inactive bodyDE=0.004063
dark-four-x0.549-m0.04092 38/46 apple-macos-26.5-2x-dark-standard/mid-dark-solid__rrect-lg__inactive bodyDE=0.000000
dark-four-x0.549-m0.04092 39/46 apple-macos-26.5-2x-dark-standard/mid-dark-solid__rrect-md__inactive bodyDE=0.000000
dark-four-x0.549-m0.04092 40/46 apple-macos-26.5-2x-dark-standard/mid-dark-solid__rrect-sm__inactive bodyDE=0.000000
dark-four-x0.549-m0.04092 41/46 apple-macos-26.5-2x-dark-standard/mid-light-solid__capsule-button__inactive bodyDE=0.000000
dark-four-x0.549-m0.04092 42/46 apple-macos-26.5-2x-dark-standard/mid-light-solid__rrect-lg__inactive bodyDE=0.001638
dark-four-x0.549-m0.04092 43/46 apple-macos-26.5-2x-dark-standard/mid-light-solid__rrect-ml__inactive bodyDE=0.001638
dark-four-x0.549-m0.04092 44/46 apple-macos-26.5-2x-dark-standard/mid-light-solid__rrect-sm__inactive bodyDE=0.003540
dark-four-x0.549-m0.04092 45/46 apple-macos-26.5-2x-dark-standard/photo__rrect-md__inactive bodyDE=0.057528
dark-four-x0.549-m0.04092 46/46 apple-macos-26.5-2x-dark-standard/photo__rrect-ml__inactive bodyDE=0.062762
