dark-baseline-silhouette 1/46 apple-macos-26.5-1x-dark-standard/checkerboard-32__rrect-lg__inactive bodyDE=0.030203
dark-baseline-silhouette 2/46 apple-macos-26.5-1x-dark-standard/checkerboard-64__rrect-md__inactive bodyDE=0.032441
dark-baseline-silhouette 3/46 apple-macos-26.5-1x-dark-standard/checkerboard-8__rrect-lg__inactive bodyDE=0.019005
dark-baseline-silhouette 4/46 apple-macos-26.5-1x-dark-standard/checkerboard-8__rrect-md__inactive bodyDE=0.023142
dark-baseline-silhouette 5/46 apple-macos-26.5-1x-dark-standard/checkerboard__capsule-button__inactive bodyDE=0.037047
dark-baseline-silhouette 6/46 apple-macos-26.5-1x-dark-standard/checkerboard__rrect-md__inactive bodyDE=0.016652
dark-baseline-silhouette 7/46 apple-macos-26.5-1x-dark-standard/dark-solid__capsule-button__inactive bodyDE=0.000000
dark-baseline-silhouette 8/46 apple-macos-26.5-1x-dark-standard/dark-solid__rrect-lg__inactive bodyDE=0.003717
dark-baseline-silhouette 9/46 apple-macos-26.5-1x-dark-standard/dark-solid__rrect-sm__inactive bodyDE=0.000000
dark-baseline-silhouette 10/46 apple-macos-26.5-1x-dark-standard/impulse__capsule-button__inactive bodyDE=0.038237
dark-baseline-silhouette 11/46 apple-macos-26.5-1x-dark-standard/impulse__rrect-lg__inactive bodyDE=0.102846
dark-baseline-silhouette 12/46 apple-macos-26.5-1x-dark-standard/impulse__rrect-ml__inactive bodyDE=0.101037
dark-baseline-silhouette 13/46 apple-macos-26.5-1x-dark-standard/light-solid__rrect-lg__inactive bodyDE=0.001614
dark-baseline-silhouette 14/46 apple-macos-26.5-1x-dark-standard/light-solid__rrect-sm__inactive bodyDE=0.004063
dark-baseline-silhouette 15/46 apple-macos-26.5-1x-dark-standard/mid-dark-solid__rrect-lg__inactive bodyDE=0.080574
dark-baseline-silhouette 16/46 apple-macos-26.5-1x-dark-standard/mid-dark-solid__rrect-md__inactive bodyDE=0.080574
dark-baseline-silhouette 17/46 apple-macos-26.5-1x-dark-standard/mid-dark-solid__rrect-sm__inactive bodyDE=0.101314
dark-baseline-silhouette 18/46 apple-macos-26.5-1x-dark-standard/mid-light-solid__capsule-button__inactive bodyDE=0.039374
dark-baseline-silhouette 19/46 apple-macos-26.5-1x-dark-standard/mid-light-solid__rrect-lg__inactive bodyDE=0.001638
dark-baseline-silhouette 20/46 apple-macos-26.5-1x-dark-standard/mid-light-solid__rrect-ml__inactive bodyDE=0.001638
dark-baseline-silhouette 21/46 apple-macos-26.5-1x-dark-standard/mid-light-solid__rrect-sm__inactive bodyDE=0.039374
dark-baseline-silhouette 22/46 apple-macos-26.5-1x-dark-standard/photo__rrect-md__inactive bodyDE=0.061817
dark-baseline-silhouette 23/46 apple-macos-26.5-1x-dark-standard/photo__rrect-ml__inactive bodyDE=0.066155
dark-baseline-silhouette 24/46 apple-macos-26.5-2x-dark-standard/checkerboard-32__rrect-lg__inactive bodyDE=0.016977
dark-baseline-silhouette 25/46 apple-macos-26.5-2x-dark-standard/checkerboard-64__rrect-md__inactive bodyDE=0.015930
dark-baseline-silhouette 26/46 apple-macos-26.5-2x-dark-standard/checkerboard-8__rrect-lg__inactive bodyDE=0.017550
dark-baseline-silhouette 27/46 apple-macos-26.5-2x-dark-standard/checkerboard-8__rrect-md__inactive bodyDE=0.017131
dark-baseline-silhouette 28/46 apple-macos-26.5-2x-dark-standard/checkerboard__capsule-button__inactive bodyDE=0.036270
dark-baseline-silhouette 29/46 apple-macos-26.5-2x-dark-standard/checkerboard__rrect-md__inactive bodyDE=0.016578
dark-baseline-silhouette 30/46 apple-macos-26.5-2x-dark-standard/dark-solid__capsule-button__inactive bodyDE=0.000000
dark-baseline-silhouette 31/46 apple-macos-26.5-2x-dark-standard/dark-solid__rrect-lg__inactive bodyDE=0.003717
dark-baseline-silhouette 32/46 apple-macos-26.5-2x-dark-standard/dark-solid__rrect-sm__inactive bodyDE=0.000000
dark-baseline-silhouette 33/46 apple-macos-26.5-2x-dark-standard/impulse__capsule-button__inactive bodyDE=0.041453
dark-baseline-silhouette 34/46 apple-macos-26.5-2x-dark-standard/impulse__rrect-lg__inactive bodyDE=0.101451
dark-baseline-silhouette 35/46 apple-macos-26.5-2x-dark-standard/impulse__rrect-ml__inactive bodyDE=0.100858
dark-baseline-silhouette 36/46 apple-macos-26.5-2x-dark-standard/light-solid__rrect-lg__inactive bodyDE=0.001614
dark-baseline-silhouette 37/46 apple-macos-26.5-2x-dark-standard/light-solid__rrect-sm__inactive bodyDE=0.004063
dark-baseline-silhouette 38/46 apple-macos-26.5-2x-dark-standard/mid-dark-solid__rrect-lg__inactive bodyDE=0.080574
dark-baseline-silhouette 39/46 apple-macos-26.5-2x-dark-standard/mid-dark-solid__rrect-md__inactive bodyDE=0.080574
dark-baseline-silhouette 40/46 apple-macos-26.5-2x-dark-standard/mid-dark-solid__rrect-sm__inactive bodyDE=0.101314
dark-baseline-silhouette 41/46 apple-macos-26.5-2x-dark-standard/mid-light-solid__capsule-button__inactive bodyDE=0.039374
dark-baseline-silhouette 42/46 apple-macos-26.5-2x-dark-standard/mid-light-solid__rrect-lg__inactive bodyDE=0.001638
dark-baseline-silhouette 43/46 apple-macos-26.5-2x-dark-standard/mid-light-solid__rrect-ml__inactive bodyDE=0.001638
dark-baseline-silhouette 44/46 apple-macos-26.5-2x-dark-standard/mid-light-solid__rrect-sm__inactive bodyDE=0.039374
dark-baseline-silhouette 45/46 apple-macos-26.5-2x-dark-standard/photo__rrect-md__inactive bodyDE=0.059928
dark-baseline-silhouette 46/46 apple-macos-26.5-2x-dark-standard/photo__rrect-ml__inactive bodyDE=0.064240
