light-baseline-silhouette 1/50 apple-macos-26.5-1x-light-standard/checkerboard-32__rrect-lg__inactive bodyDE=0.005805
light-baseline-silhouette 2/50 apple-macos-26.5-1x-light-standard/checkerboard-64__rrect-lg__inactive bodyDE=0.009548
light-baseline-silhouette 3/50 apple-macos-26.5-1x-light-standard/checkerboard-64__rrect-md__inactive bodyDE=0.011554
light-baseline-silhouette 4/50 apple-macos-26.5-1x-light-standard/checkerboard-8__rrect-lg__inactive bodyDE=0.007458
light-baseline-silhouette 5/50 apple-macos-26.5-1x-light-standard/checkerboard-8__rrect-md__inactive bodyDE=0.015569
light-baseline-silhouette 6/50 apple-macos-26.5-1x-light-standard/checkerboard__capsule-button__inactive bodyDE=0.006835
light-baseline-silhouette 7/50 apple-macos-26.5-1x-light-standard/checkerboard__rrect-md__inactive bodyDE=0.005939
light-baseline-silhouette 8/50 apple-macos-26.5-1x-light-standard/checkerboard__rrect-sm__inactive bodyDE=0.007045
light-baseline-silhouette 9/50 apple-macos-26.5-1x-light-standard/dark-solid__capsule-button__inactive bodyDE=0.000000
light-baseline-silhouette 10/50 apple-macos-26.5-1x-light-standard/dark-solid__rrect-lg__inactive bodyDE=0.002872
light-baseline-silhouette 11/50 apple-macos-26.5-1x-light-standard/dark-solid__rrect-sm__inactive bodyDE=0.000000
light-baseline-silhouette 12/50 apple-macos-26.5-1x-light-standard/impulse__capsule-button__inactive bodyDE=0.038475
light-baseline-silhouette 13/50 apple-macos-26.5-1x-light-standard/impulse__rrect-lg__inactive bodyDE=0.029629
light-baseline-silhouette 14/50 apple-macos-26.5-1x-light-standard/impulse__rrect-md__inactive bodyDE=0.028828
light-baseline-silhouette 15/50 apple-macos-26.5-1x-light-standard/impulse__rrect-ml__inactive bodyDE=0.028758
light-baseline-silhouette 16/50 apple-macos-26.5-1x-light-standard/light-solid__capsule-button__inactive bodyDE=0.002710
light-baseline-silhouette 17/50 apple-macos-26.5-1x-light-standard/light-solid__rrect-lg__inactive bodyDE=0.000000
light-baseline-silhouette 18/50 apple-macos-26.5-1x-light-standard/light-solid__rrect-sm__inactive bodyDE=0.002710
light-baseline-silhouette 19/50 apple-macos-26.5-1x-light-standard/mid-dark-solid__rrect-lg__inactive bodyDE=0.003138
light-baseline-silhouette 20/50 apple-macos-26.5-1x-light-standard/mid-dark-solid__rrect-md__inactive bodyDE=0.003138
light-baseline-silhouette 21/50 apple-macos-26.5-1x-light-standard/mid-dark-solid__rrect-sm__inactive bodyDE=0.028737
light-baseline-silhouette 22/50 apple-macos-26.5-1x-light-standard/photo__capsule-button__inactive bodyDE=0.021545
light-baseline-silhouette 23/50 apple-macos-26.5-1x-light-standard/photo__rrect-md__inactive bodyDE=0.047100
light-baseline-silhouette 24/50 apple-macos-26.5-1x-light-standard/photo__rrect-ml__inactive bodyDE=0.053849
light-baseline-silhouette 25/50 apple-macos-26.5-1x-light-standard/photo__rrect-sm__inactive bodyDE=0.016847
light-baseline-silhouette 26/50 apple-macos-26.5-2x-light-standard/checkerboard-32__rrect-lg__inactive bodyDE=0.014274
light-baseline-silhouette 27/50 apple-macos-26.5-2x-light-standard/checkerboard-64__rrect-lg__inactive bodyDE=0.013030
light-baseline-silhouette 28/50 apple-macos-26.5-2x-light-standard/checkerboard-64__rrect-md__inactive bodyDE=0.011386
light-baseline-silhouette 29/50 apple-macos-26.5-2x-light-standard/checkerboard-8__rrect-lg__inactive bodyDE=0.003126
light-baseline-silhouette 30/50 apple-macos-26.5-2x-light-standard/checkerboard-8__rrect-md__inactive bodyDE=0.004948
light-baseline-silhouette 31/50 apple-macos-26.5-2x-light-standard/checkerboard__capsule-button__inactive bodyDE=0.016003
light-baseline-silhouette 32/50 apple-macos-26.5-2x-light-standard/checkerboard__rrect-md__inactive bodyDE=0.004300
light-baseline-silhouette 33/50 apple-macos-26.5-2x-light-standard/checkerboard__rrect-sm__inactive bodyDE=0.020000
light-baseline-silhouette 34/50 apple-macos-26.5-2x-light-standard/dark-solid__capsule-button__inactive bodyDE=0.000000
light-baseline-silhouette 35/50 apple-macos-26.5-2x-light-standard/dark-solid__rrect-lg__inactive bodyDE=0.002872
light-baseline-silhouette 36/50 apple-macos-26.5-2x-light-standard/dark-solid__rrect-sm__inactive bodyDE=0.000000
light-baseline-silhouette 37/50 apple-macos-26.5-2x-light-standard/impulse__capsule-button__inactive bodyDE=0.040234
light-baseline-silhouette 38/50 apple-macos-26.5-2x-light-standard/impulse__rrect-lg__inactive bodyDE=0.029527
light-baseline-silhouette 39/50 apple-macos-26.5-2x-light-standard/impulse__rrect-md__inactive bodyDE=0.029027
light-baseline-silhouette 40/50 apple-macos-26.5-2x-light-standard/impulse__rrect-ml__inactive bodyDE=0.028837
light-baseline-silhouette 41/50 apple-macos-26.5-2x-light-standard/light-solid__capsule-button__inactive bodyDE=0.002710
light-baseline-silhouette 42/50 apple-macos-26.5-2x-light-standard/light-solid__rrect-lg__inactive bodyDE=0.000000
light-baseline-silhouette 43/50 apple-macos-26.5-2x-light-standard/light-solid__rrect-sm__inactive bodyDE=0.002710
light-baseline-silhouette 44/50 apple-macos-26.5-2x-light-standard/mid-dark-solid__rrect-lg__inactive bodyDE=0.003138
light-baseline-silhouette 45/50 apple-macos-26.5-2x-light-standard/mid-dark-solid__rrect-md__inactive bodyDE=0.003138
light-baseline-silhouette 46/50 apple-macos-26.5-2x-light-standard/mid-dark-solid__rrect-sm__inactive bodyDE=0.028737
light-baseline-silhouette 47/50 apple-macos-26.5-2x-light-standard/photo__capsule-button__inactive bodyDE=0.021216
light-baseline-silhouette 48/50 apple-macos-26.5-2x-light-standard/photo__rrect-md__inactive bodyDE=0.046599
light-baseline-silhouette 49/50 apple-macos-26.5-2x-light-standard/photo__rrect-ml__inactive bodyDE=0.053429
light-baseline-silhouette 50/50 apple-macos-26.5-2x-light-standard/photo__rrect-sm__inactive bodyDE=0.017558
