dark-four-x0.65-m0.06496 1/46 apple-macos-26.5-1x-dark-standard/checkerboard-32__rrect-lg__inactive bodyDE=0.027460
dark-four-x0.65-m0.06496 2/46 apple-macos-26.5-1x-dark-standard/checkerboard-64__rrect-md__inactive bodyDE=0.025981
dark-four-x0.65-m0.06496 3/46 apple-macos-26.5-1x-dark-standard/checkerboard-8__rrect-lg__inactive bodyDE=0.014427
dark-four-x0.65-m0.06496 4/46 apple-macos-26.5-1x-dark-standard/checkerboard-8__rrect-md__inactive bodyDE=0.019873
dark-four-x0.65-m0.06496 5/46 apple-macos-26.5-1x-dark-standard/checkerboard__capsule-button__inactive bodyDE=0.010085
dark-four-x0.65-m0.06496 6/46 apple-macos-26.5-1x-dark-standard/checkerboard__rrect-md__inactive bodyDE=0.010610
dark-four-x0.65-m0.06496 7/46 apple-macos-26.5-1x-dark-standard/dark-solid__capsule-button__inactive bodyDE=0.000000
dark-four-x0.65-m0.06496 8/46 apple-macos-26.5-1x-dark-standard/dark-solid__rrect-lg__inactive bodyDE=0.003717
dark-four-x0.65-m0.06496 9/46 apple-macos-26.5-1x-dark-standard/dark-solid__rrect-sm__inactive bodyDE=0.000000
dark-four-x0.65-m0.06496 10/46 apple-macos-26.5-1x-dark-standard/impulse__capsule-button__inactive bodyDE=0.038237
dark-four-x0.65-m0.06496 11/46 apple-macos-26.5-1x-dark-standard/impulse__rrect-lg__inactive bodyDE=0.102846
dark-four-x0.65-m0.06496 12/46 apple-macos-26.5-1x-dark-standard/impulse__rrect-ml__inactive bodyDE=0.101037
dark-four-x0.65-m0.06496 13/46 apple-macos-26.5-1x-dark-standard/light-solid__rrect-lg__inactive bodyDE=0.001614
dark-four-x0.65-m0.06496 14/46 apple-macos-26.5-1x-dark-standard/light-solid__rrect-sm__inactive bodyDE=0.004063
dark-four-x0.65-m0.06496 15/46 apple-macos-26.5-1x-dark-standard/mid-dark-solid__rrect-lg__inactive bodyDE=0.046589
dark-four-x0.65-m0.06496 16/46 apple-macos-26.5-1x-dark-standard/mid-dark-solid__rrect-md__inactive bodyDE=0.046589
dark-four-x0.65-m0.06496 17/46 apple-macos-26.5-1x-dark-standard/mid-dark-solid__rrect-sm__inactive bodyDE=0.057083
dark-four-x0.65-m0.06496 18/46 apple-macos-26.5-1x-dark-standard/mid-light-solid__capsule-button__inactive bodyDE=0.000000
dark-four-x0.65-m0.06496 19/46 apple-macos-26.5-1x-dark-standard/mid-light-solid__rrect-lg__inactive bodyDE=0.001638
dark-four-x0.65-m0.06496 20/46 apple-macos-26.5-1x-dark-standard/mid-light-solid__rrect-ml__inactive bodyDE=0.001638
dark-four-x0.65-m0.06496 21/46 apple-macos-26.5-1x-dark-standard/mid-light-solid__rrect-sm__inactive bodyDE=0.003540
dark-four-x0.65-m0.06496 22/46 apple-macos-26.5-1x-dark-standard/photo__rrect-md__inactive bodyDE=0.058738
dark-four-x0.65-m0.06496 23/46 apple-macos-26.5-1x-dark-standard/photo__rrect-ml__inactive bodyDE=0.063084
dark-four-x0.65-m0.06496 24/46 apple-macos-26.5-2x-dark-standard/checkerboard-32__rrect-lg__inactive bodyDE=0.015595
dark-four-x0.65-m0.06496 25/46 apple-macos-26.5-2x-dark-standard/checkerboard-64__rrect-md__inactive bodyDE=0.016641
dark-four-x0.65-m0.06496 26/46 apple-macos-26.5-2x-dark-standard/checkerboard-8__rrect-lg__inactive bodyDE=0.010326
dark-four-x0.65-m0.06496 27/46 apple-macos-26.5-2x-dark-standard/checkerboard-8__rrect-md__inactive bodyDE=0.010036
dark-four-x0.65-m0.06496 28/46 apple-macos-26.5-2x-dark-standard/checkerboard__capsule-button__inactive bodyDE=0.017509
dark-four-x0.65-m0.06496 29/46 apple-macos-26.5-2x-dark-standard/checkerboard__rrect-md__inactive bodyDE=0.009723
dark-four-x0.65-m0.06496 30/46 apple-macos-26.5-2x-dark-standard/dark-solid__capsule-button__inactive bodyDE=0.000000
dark-four-x0.65-m0.06496 31/46 apple-macos-26.5-2x-dark-standard/dark-solid__rrect-lg__inactive bodyDE=0.003717
dark-four-x0.65-m0.06496 32/46 apple-macos-26.5-2x-dark-standard/dark-solid__rrect-sm__inactive bodyDE=0.000000
dark-four-x0.65-m0.06496 33/46 apple-macos-26.5-2x-dark-standard/impulse__capsule-button__inactive bodyDE=0.041453
dark-four-x0.65-m0.06496 34/46 apple-macos-26.5-2x-dark-standard/impulse__rrect-lg__inactive bodyDE=0.101451
dark-four-x0.65-m0.06496 35/46 apple-macos-26.5-2x-dark-standard/impulse__rrect-ml__inactive bodyDE=0.100858
dark-four-x0.65-m0.06496 36/46 apple-macos-26.5-2x-dark-standard/light-solid__rrect-lg__inactive bodyDE=0.001614
dark-four-x0.65-m0.06496 37/46 apple-macos-26.5-2x-dark-standard/light-solid__rrect-sm__inactive bodyDE=0.004063
dark-four-x0.65-m0.06496 38/46 apple-macos-26.5-2x-dark-standard/mid-dark-solid__rrect-lg__inactive bodyDE=0.046589
dark-four-x0.65-m0.06496 39/46 apple-macos-26.5-2x-dark-standard/mid-dark-solid__rrect-md__inactive bodyDE=0.046589
dark-four-x0.65-m0.06496 40/46 apple-macos-26.5-2x-dark-standard/mid-dark-solid__rrect-sm__inactive bodyDE=0.057083
dark-four-x0.65-m0.06496 41/46 apple-macos-26.5-2x-dark-standard/mid-light-solid__capsule-button__inactive bodyDE=0.000000
dark-four-x0.65-m0.06496 42/46 apple-macos-26.5-2x-dark-standard/mid-light-solid__rrect-lg__inactive bodyDE=0.001638
dark-four-x0.65-m0.06496 43/46 apple-macos-26.5-2x-dark-standard/mid-light-solid__rrect-ml__inactive bodyDE=0.001638
dark-four-x0.65-m0.06496 44/46 apple-macos-26.5-2x-dark-standard/mid-light-solid__rrect-sm__inactive bodyDE=0.003540
dark-four-x0.65-m0.06496 45/46 apple-macos-26.5-2x-dark-standard/photo__rrect-md__inactive bodyDE=0.056653
dark-four-x0.65-m0.06496 46/46 apple-macos-26.5-2x-dark-standard/photo__rrect-ml__inactive bodyDE=0.061082
