light-baseline-source 1/50 apple-macos-26.5-1x-light-standard/checkerboard-32__rrect-lg__inactive bodyDE=0.005799
light-baseline-source 2/50 apple-macos-26.5-1x-light-standard/checkerboard-64__rrect-lg__inactive bodyDE=0.010130
light-baseline-source 3/50 apple-macos-26.5-1x-light-standard/checkerboard-64__rrect-md__inactive bodyDE=0.011382
light-baseline-source 4/50 apple-macos-26.5-1x-light-standard/checkerboard-8__rrect-lg__inactive bodyDE=0.007458
light-baseline-source 5/50 apple-macos-26.5-1x-light-standard/checkerboard-8__rrect-md__inactive bodyDE=0.015555
light-baseline-source 6/50 apple-macos-26.5-1x-light-standard/checkerboard__capsule-button__inactive bodyDE=0.006830
light-baseline-source 7/50 apple-macos-26.5-1x-light-standard/checkerboard__rrect-md__inactive bodyDE=0.005933
light-baseline-source 8/50 apple-macos-26.5-1x-light-standard/checkerboard__rrect-sm__inactive bodyDE=0.007039
light-baseline-source 9/50 apple-macos-26.5-1x-light-standard/dark-solid__capsule-button__inactive bodyDE=0.000000
light-baseline-source 10/50 apple-macos-26.5-1x-light-standard/dark-solid__rrect-lg__inactive bodyDE=0.002872
light-baseline-source 11/50 apple-macos-26.5-1x-light-standard/dark-solid__rrect-sm__inactive bodyDE=0.000000
light-baseline-source 12/50 apple-macos-26.5-1x-light-standard/impulse__capsule-button__inactive bodyDE=0.033431
light-baseline-source 13/50 apple-macos-26.5-1x-light-standard/impulse__rrect-lg__inactive bodyDE=0.028957
light-baseline-source 14/50 apple-macos-26.5-1x-light-standard/impulse__rrect-md__inactive bodyDE=0.028935
light-baseline-source 15/50 apple-macos-26.5-1x-light-standard/impulse__rrect-ml__inactive bodyDE=0.028813
light-baseline-source 16/50 apple-macos-26.5-1x-light-standard/light-solid__capsule-button__inactive bodyDE=0.002710
light-baseline-source 17/50 apple-macos-26.5-1x-light-standard/light-solid__rrect-lg__inactive bodyDE=0.000000
light-baseline-source 18/50 apple-macos-26.5-1x-light-standard/light-solid__rrect-sm__inactive bodyDE=0.002710
light-baseline-source 19/50 apple-macos-26.5-1x-light-standard/mid-dark-solid__rrect-lg__inactive bodyDE=0.003138
light-baseline-source 20/50 apple-macos-26.5-1x-light-standard/mid-dark-solid__rrect-md__inactive bodyDE=0.003138
light-baseline-source 21/50 apple-macos-26.5-1x-light-standard/mid-dark-solid__rrect-sm__inactive bodyDE=0.028737
light-baseline-source 22/50 apple-macos-26.5-1x-light-standard/photo__capsule-button__inactive bodyDE=0.027059
light-baseline-source 23/50 apple-macos-26.5-1x-light-standard/photo__rrect-md__inactive bodyDE=0.047713
light-baseline-source 24/50 apple-macos-26.5-1x-light-standard/photo__rrect-ml__inactive bodyDE=0.054110
light-baseline-source 25/50 apple-macos-26.5-1x-light-standard/photo__rrect-sm__inactive bodyDE=0.017259
light-baseline-source 26/50 apple-macos-26.5-2x-light-standard/checkerboard-32__rrect-lg__inactive bodyDE=0.014057
light-baseline-source 27/50 apple-macos-26.5-2x-light-standard/checkerboard-64__rrect-lg__inactive bodyDE=0.012996
light-baseline-source 28/50 apple-macos-26.5-2x-light-standard/checkerboard-64__rrect-md__inactive bodyDE=0.010257
light-baseline-source 29/50 apple-macos-26.5-2x-light-standard/checkerboard-8__rrect-lg__inactive bodyDE=0.004838
light-baseline-source 30/50 apple-macos-26.5-2x-light-standard/checkerboard-8__rrect-md__inactive bodyDE=0.005741
light-baseline-source 31/50 apple-macos-26.5-2x-light-standard/checkerboard__capsule-button__inactive bodyDE=0.016426
light-baseline-source 32/50 apple-macos-26.5-2x-light-standard/checkerboard__rrect-md__inactive bodyDE=0.003975
light-baseline-source 33/50 apple-macos-26.5-2x-light-standard/checkerboard__rrect-sm__inactive bodyDE=0.019871
light-baseline-source 34/50 apple-macos-26.5-2x-light-standard/dark-solid__capsule-button__inactive bodyDE=0.000000
light-baseline-source 35/50 apple-macos-26.5-2x-light-standard/dark-solid__rrect-lg__inactive bodyDE=0.002872
light-baseline-source 36/50 apple-macos-26.5-2x-light-standard/dark-solid__rrect-sm__inactive bodyDE=0.000000
light-baseline-source 37/50 apple-macos-26.5-2x-light-standard/impulse__capsule-button__inactive bodyDE=0.039376
light-baseline-source 38/50 apple-macos-26.5-2x-light-standard/impulse__rrect-lg__inactive bodyDE=0.029077
light-baseline-source 39/50 apple-macos-26.5-2x-light-standard/impulse__rrect-md__inactive bodyDE=0.029107
light-baseline-source 40/50 apple-macos-26.5-2x-light-standard/impulse__rrect-ml__inactive bodyDE=0.028870
light-baseline-source 41/50 apple-macos-26.5-2x-light-standard/light-solid__capsule-button__inactive bodyDE=0.002710
light-baseline-source 42/50 apple-macos-26.5-2x-light-standard/light-solid__rrect-lg__inactive bodyDE=0.000000
light-baseline-source 43/50 apple-macos-26.5-2x-light-standard/light-solid__rrect-sm__inactive bodyDE=0.002710
light-baseline-source 44/50 apple-macos-26.5-2x-light-standard/mid-dark-solid__rrect-lg__inactive bodyDE=0.003138
light-baseline-source 45/50 apple-macos-26.5-2x-light-standard/mid-dark-solid__rrect-md__inactive bodyDE=0.003138
light-baseline-source 46/50 apple-macos-26.5-2x-light-standard/mid-dark-solid__rrect-sm__inactive bodyDE=0.028737
light-baseline-source 47/50 apple-macos-26.5-2x-light-standard/photo__capsule-button__inactive bodyDE=0.022874
light-baseline-source 48/50 apple-macos-26.5-2x-light-standard/photo__rrect-md__inactive bodyDE=0.047214
light-baseline-source 49/50 apple-macos-26.5-2x-light-standard/photo__rrect-ml__inactive bodyDE=0.053690
light-baseline-source 50/50 apple-macos-26.5-2x-light-standard/photo__rrect-sm__inactive bodyDE=0.018456
