light-four-x0.45 1/50 apple-macos-26.5-1x-light-standard/checkerboard-32__rrect-lg__inactive bodyDE=0.006711
light-four-x0.45 2/50 apple-macos-26.5-1x-light-standard/checkerboard-64__rrect-lg__inactive bodyDE=0.005865
light-four-x0.45 3/50 apple-macos-26.5-1x-light-standard/checkerboard-64__rrect-md__inactive bodyDE=0.008226
light-four-x0.45 4/50 apple-macos-26.5-1x-light-standard/checkerboard-8__rrect-lg__inactive bodyDE=0.009913
light-four-x0.45 5/50 apple-macos-26.5-1x-light-standard/checkerboard-8__rrect-md__inactive bodyDE=0.017087
light-four-x0.45 6/50 apple-macos-26.5-1x-light-standard/checkerboard__capsule-button__inactive bodyDE=0.005280
light-four-x0.45 7/50 apple-macos-26.5-1x-light-standard/checkerboard__rrect-md__inactive bodyDE=0.008664
light-four-x0.45 8/50 apple-macos-26.5-1x-light-standard/checkerboard__rrect-sm__inactive bodyDE=0.006025
light-four-x0.45 9/50 apple-macos-26.5-1x-light-standard/dark-solid__capsule-button__inactive bodyDE=0.000000
light-four-x0.45 10/50 apple-macos-26.5-1x-light-standard/dark-solid__rrect-lg__inactive bodyDE=0.002872
light-four-x0.45 11/50 apple-macos-26.5-1x-light-standard/dark-solid__rrect-sm__inactive bodyDE=0.000000
light-four-x0.45 12/50 apple-macos-26.5-1x-light-standard/impulse__capsule-button__inactive bodyDE=0.038475
light-four-x0.45 13/50 apple-macos-26.5-1x-light-standard/impulse__rrect-lg__inactive bodyDE=0.029629
light-four-x0.45 14/50 apple-macos-26.5-1x-light-standard/impulse__rrect-md__inactive bodyDE=0.028828
light-four-x0.45 15/50 apple-macos-26.5-1x-light-standard/impulse__rrect-ml__inactive bodyDE=0.028758
light-four-x0.45 16/50 apple-macos-26.5-1x-light-standard/light-solid__capsule-button__inactive bodyDE=0.001355
light-four-x0.45 17/50 apple-macos-26.5-1x-light-standard/light-solid__rrect-lg__inactive bodyDE=0.000000
light-four-x0.45 18/50 apple-macos-26.5-1x-light-standard/light-solid__rrect-sm__inactive bodyDE=0.001355
light-four-x0.45 19/50 apple-macos-26.5-1x-light-standard/mid-dark-solid__rrect-lg__inactive bodyDE=0.000000
light-four-x0.45 20/50 apple-macos-26.5-1x-light-standard/mid-dark-solid__rrect-md__inactive bodyDE=0.000000
light-four-x0.45 21/50 apple-macos-26.5-1x-light-standard/mid-dark-solid__rrect-sm__inactive bodyDE=0.000000
light-four-x0.45 22/50 apple-macos-26.5-1x-light-standard/photo__capsule-button__inactive bodyDE=0.021645
light-four-x0.45 23/50 apple-macos-26.5-1x-light-standard/photo__rrect-md__inactive bodyDE=0.047927
light-four-x0.45 24/50 apple-macos-26.5-1x-light-standard/photo__rrect-ml__inactive bodyDE=0.054594
light-four-x0.45 25/50 apple-macos-26.5-1x-light-standard/photo__rrect-sm__inactive bodyDE=0.016958
light-four-x0.45 26/50 apple-macos-26.5-2x-light-standard/checkerboard-32__rrect-lg__inactive bodyDE=0.014271
light-four-x0.45 27/50 apple-macos-26.5-2x-light-standard/checkerboard-64__rrect-lg__inactive bodyDE=0.010059
light-four-x0.45 28/50 apple-macos-26.5-2x-light-standard/checkerboard-64__rrect-md__inactive bodyDE=0.007229
light-four-x0.45 29/50 apple-macos-26.5-2x-light-standard/checkerboard-8__rrect-lg__inactive bodyDE=0.007950
light-four-x0.45 30/50 apple-macos-26.5-2x-light-standard/checkerboard-8__rrect-md__inactive bodyDE=0.007879
light-four-x0.45 31/50 apple-macos-26.5-2x-light-standard/checkerboard__capsule-button__inactive bodyDE=0.015930
light-four-x0.45 32/50 apple-macos-26.5-2x-light-standard/checkerboard__rrect-md__inactive bodyDE=0.007672
light-four-x0.45 33/50 apple-macos-26.5-2x-light-standard/checkerboard__rrect-sm__inactive bodyDE=0.020610
light-four-x0.45 34/50 apple-macos-26.5-2x-light-standard/dark-solid__capsule-button__inactive bodyDE=0.000000
light-four-x0.45 35/50 apple-macos-26.5-2x-light-standard/dark-solid__rrect-lg__inactive bodyDE=0.002872
light-four-x0.45 36/50 apple-macos-26.5-2x-light-standard/dark-solid__rrect-sm__inactive bodyDE=0.000000
light-four-x0.45 37/50 apple-macos-26.5-2x-light-standard/impulse__capsule-button__inactive bodyDE=0.040234
light-four-x0.45 38/50 apple-macos-26.5-2x-light-standard/impulse__rrect-lg__inactive bodyDE=0.029527
light-four-x0.45 39/50 apple-macos-26.5-2x-light-standard/impulse__rrect-md__inactive bodyDE=0.029027
light-four-x0.45 40/50 apple-macos-26.5-2x-light-standard/impulse__rrect-ml__inactive bodyDE=0.028837
light-four-x0.45 41/50 apple-macos-26.5-2x-light-standard/light-solid__capsule-button__inactive bodyDE=0.001355
light-four-x0.45 42/50 apple-macos-26.5-2x-light-standard/light-solid__rrect-lg__inactive bodyDE=0.000000
light-four-x0.45 43/50 apple-macos-26.5-2x-light-standard/light-solid__rrect-sm__inactive bodyDE=0.001355
light-four-x0.45 44/50 apple-macos-26.5-2x-light-standard/mid-dark-solid__rrect-lg__inactive bodyDE=0.000000
light-four-x0.45 45/50 apple-macos-26.5-2x-light-standard/mid-dark-solid__rrect-md__inactive bodyDE=0.000000
light-four-x0.45 46/50 apple-macos-26.5-2x-light-standard/mid-dark-solid__rrect-sm__inactive bodyDE=0.000000
light-four-x0.45 47/50 apple-macos-26.5-2x-light-standard/photo__capsule-button__inactive bodyDE=0.020160
light-four-x0.45 48/50 apple-macos-26.5-2x-light-standard/photo__rrect-md__inactive bodyDE=0.047469
light-four-x0.45 49/50 apple-macos-26.5-2x-light-standard/photo__rrect-ml__inactive bodyDE=0.054155
light-four-x0.45 50/50 apple-macos-26.5-2x-light-standard/photo__rrect-sm__inactive bodyDE=0.017667
