light-four-x0.75 1/50 apple-macos-26.5-1x-light-standard/checkerboard-32__rrect-lg__inactive bodyDE=0.007557
light-four-x0.75 2/50 apple-macos-26.5-1x-light-standard/checkerboard-64__rrect-lg__inactive bodyDE=0.006099
light-four-x0.75 3/50 apple-macos-26.5-1x-light-standard/checkerboard-64__rrect-md__inactive bodyDE=0.008214
light-four-x0.75 4/50 apple-macos-26.5-1x-light-standard/checkerboard-8__rrect-lg__inactive bodyDE=0.010668
light-four-x0.75 5/50 apple-macos-26.5-1x-light-standard/checkerboard-8__rrect-md__inactive bodyDE=0.017700
light-four-x0.75 6/50 apple-macos-26.5-1x-light-standard/checkerboard__capsule-button__inactive bodyDE=0.005226
light-four-x0.75 7/50 apple-macos-26.5-1x-light-standard/checkerboard__rrect-md__inactive bodyDE=0.009798
light-four-x0.75 8/50 apple-macos-26.5-1x-light-standard/checkerboard__rrect-sm__inactive bodyDE=0.006196
light-four-x0.75 9/50 apple-macos-26.5-1x-light-standard/dark-solid__capsule-button__inactive bodyDE=0.000000
light-four-x0.75 10/50 apple-macos-26.5-1x-light-standard/dark-solid__rrect-lg__inactive bodyDE=0.002872
light-four-x0.75 11/50 apple-macos-26.5-1x-light-standard/dark-solid__rrect-sm__inactive bodyDE=0.000000
light-four-x0.75 12/50 apple-macos-26.5-1x-light-standard/impulse__capsule-button__inactive bodyDE=0.038475
light-four-x0.75 13/50 apple-macos-26.5-1x-light-standard/impulse__rrect-lg__inactive bodyDE=0.029629
light-four-x0.75 14/50 apple-macos-26.5-1x-light-standard/impulse__rrect-md__inactive bodyDE=0.028828
light-four-x0.75 15/50 apple-macos-26.5-1x-light-standard/impulse__rrect-ml__inactive bodyDE=0.028758
light-four-x0.75 16/50 apple-macos-26.5-1x-light-standard/light-solid__capsule-button__inactive bodyDE=0.001355
light-four-x0.75 17/50 apple-macos-26.5-1x-light-standard/light-solid__rrect-lg__inactive bodyDE=0.000000
light-four-x0.75 18/50 apple-macos-26.5-1x-light-standard/light-solid__rrect-sm__inactive bodyDE=0.001355
light-four-x0.75 19/50 apple-macos-26.5-1x-light-standard/mid-dark-solid__rrect-lg__inactive bodyDE=0.000000
light-four-x0.75 20/50 apple-macos-26.5-1x-light-standard/mid-dark-solid__rrect-md__inactive bodyDE=0.000000
light-four-x0.75 21/50 apple-macos-26.5-1x-light-standard/mid-dark-solid__rrect-sm__inactive bodyDE=0.000000
light-four-x0.75 22/50 apple-macos-26.5-1x-light-standard/photo__capsule-button__inactive bodyDE=0.021515
light-four-x0.75 23/50 apple-macos-26.5-1x-light-standard/photo__rrect-md__inactive bodyDE=0.047858
light-four-x0.75 24/50 apple-macos-26.5-1x-light-standard/photo__rrect-ml__inactive bodyDE=0.054521
light-four-x0.75 25/50 apple-macos-26.5-1x-light-standard/photo__rrect-sm__inactive bodyDE=0.019892
light-four-x0.75 26/50 apple-macos-26.5-2x-light-standard/checkerboard-32__rrect-lg__inactive bodyDE=0.014457
light-four-x0.75 27/50 apple-macos-26.5-2x-light-standard/checkerboard-64__rrect-lg__inactive bodyDE=0.010041
light-four-x0.75 28/50 apple-macos-26.5-2x-light-standard/checkerboard-64__rrect-md__inactive bodyDE=0.007511
light-four-x0.75 29/50 apple-macos-26.5-2x-light-standard/checkerboard-8__rrect-lg__inactive bodyDE=0.008677
light-four-x0.75 30/50 apple-macos-26.5-2x-light-standard/checkerboard-8__rrect-md__inactive bodyDE=0.008871
light-four-x0.75 31/50 apple-macos-26.5-2x-light-standard/checkerboard__capsule-button__inactive bodyDE=0.015974
light-four-x0.75 32/50 apple-macos-26.5-2x-light-standard/checkerboard__rrect-md__inactive bodyDE=0.008897
light-four-x0.75 33/50 apple-macos-26.5-2x-light-standard/checkerboard__rrect-sm__inactive bodyDE=0.020764
light-four-x0.75 34/50 apple-macos-26.5-2x-light-standard/dark-solid__capsule-button__inactive bodyDE=0.000000
light-four-x0.75 35/50 apple-macos-26.5-2x-light-standard/dark-solid__rrect-lg__inactive bodyDE=0.002872
light-four-x0.75 36/50 apple-macos-26.5-2x-light-standard/dark-solid__rrect-sm__inactive bodyDE=0.000000
light-four-x0.75 37/50 apple-macos-26.5-2x-light-standard/impulse__capsule-button__inactive bodyDE=0.040234
light-four-x0.75 38/50 apple-macos-26.5-2x-light-standard/impulse__rrect-lg__inactive bodyDE=0.029527
light-four-x0.75 39/50 apple-macos-26.5-2x-light-standard/impulse__rrect-md__inactive bodyDE=0.029027
light-four-x0.75 40/50 apple-macos-26.5-2x-light-standard/impulse__rrect-ml__inactive bodyDE=0.028837
light-four-x0.75 41/50 apple-macos-26.5-2x-light-standard/light-solid__capsule-button__inactive bodyDE=0.001355
light-four-x0.75 42/50 apple-macos-26.5-2x-light-standard/light-solid__rrect-lg__inactive bodyDE=0.000000
light-four-x0.75 43/50 apple-macos-26.5-2x-light-standard/light-solid__rrect-sm__inactive bodyDE=0.001355
light-four-x0.75 44/50 apple-macos-26.5-2x-light-standard/mid-dark-solid__rrect-lg__inactive bodyDE=0.000000
light-four-x0.75 45/50 apple-macos-26.5-2x-light-standard/mid-dark-solid__rrect-md__inactive bodyDE=0.000000
light-four-x0.75 46/50 apple-macos-26.5-2x-light-standard/mid-dark-solid__rrect-sm__inactive bodyDE=0.000000
light-four-x0.75 47/50 apple-macos-26.5-2x-light-standard/photo__capsule-button__inactive bodyDE=0.021105
light-four-x0.75 48/50 apple-macos-26.5-2x-light-standard/photo__rrect-md__inactive bodyDE=0.047390
light-four-x0.75 49/50 apple-macos-26.5-2x-light-standard/photo__rrect-ml__inactive bodyDE=0.054088
light-four-x0.75 50/50 apple-macos-26.5-2x-light-standard/photo__rrect-sm__inactive bodyDE=0.020550
