dark-baseline-source 1/46 apple-macos-26.5-1x-dark-standard/checkerboard-32__rrect-lg__inactive bodyDE=0.030203
dark-baseline-source 2/46 apple-macos-26.5-1x-dark-standard/checkerboard-64__rrect-md__inactive bodyDE=0.029576
dark-baseline-source 3/46 apple-macos-26.5-1x-dark-standard/checkerboard-8__rrect-lg__inactive bodyDE=0.019005
dark-baseline-source 4/46 apple-macos-26.5-1x-dark-standard/checkerboard-8__rrect-md__inactive bodyDE=0.023135
dark-baseline-source 5/46 apple-macos-26.5-1x-dark-standard/checkerboard__capsule-button__inactive bodyDE=0.037091
dark-baseline-source 6/46 apple-macos-26.5-1x-dark-standard/checkerboard__rrect-md__inactive bodyDE=0.016651
dark-baseline-source 7/46 apple-macos-26.5-1x-dark-standard/dark-solid__capsule-button__inactive bodyDE=0.000000
dark-baseline-source 8/46 apple-macos-26.5-1x-dark-standard/dark-solid__rrect-lg__inactive bodyDE=0.003717
dark-baseline-source 9/46 apple-macos-26.5-1x-dark-standard/dark-solid__rrect-sm__inactive bodyDE=0.000000
dark-baseline-source 10/46 apple-macos-26.5-1x-dark-standard/impulse__capsule-button__inactive bodyDE=0.033466
dark-baseline-source 11/46 apple-macos-26.5-1x-dark-standard/impulse__rrect-lg__inactive bodyDE=0.101289
dark-baseline-source 12/46 apple-macos-26.5-1x-dark-standard/impulse__rrect-ml__inactive bodyDE=0.101189
dark-baseline-source 13/46 apple-macos-26.5-1x-dark-standard/light-solid__rrect-lg__inactive bodyDE=0.001614
dark-baseline-source 14/46 apple-macos-26.5-1x-dark-standard/light-solid__rrect-sm__inactive bodyDE=0.004063
dark-baseline-source 15/46 apple-macos-26.5-1x-dark-standard/mid-dark-solid__rrect-lg__inactive bodyDE=0.080574
dark-baseline-source 16/46 apple-macos-26.5-1x-dark-standard/mid-dark-solid__rrect-md__inactive bodyDE=0.080574
dark-baseline-source 17/46 apple-macos-26.5-1x-dark-standard/mid-dark-solid__rrect-sm__inactive bodyDE=0.101314
dark-baseline-source 18/46 apple-macos-26.5-1x-dark-standard/mid-light-solid__capsule-button__inactive bodyDE=0.039374
dark-baseline-source 19/46 apple-macos-26.5-1x-dark-standard/mid-light-solid__rrect-lg__inactive bodyDE=0.001638
dark-baseline-source 20/46 apple-macos-26.5-1x-dark-standard/mid-light-solid__rrect-ml__inactive bodyDE=0.001638
dark-baseline-source 21/46 apple-macos-26.5-1x-dark-standard/mid-light-solid__rrect-sm__inactive bodyDE=0.039374
dark-baseline-source 22/46 apple-macos-26.5-1x-dark-standard/photo__rrect-md__inactive bodyDE=0.062066
dark-baseline-source 23/46 apple-macos-26.5-1x-dark-standard/photo__rrect-ml__inactive bodyDE=0.066843
dark-baseline-source 24/46 apple-macos-26.5-2x-dark-standard/checkerboard-32__rrect-lg__inactive bodyDE=0.017420
dark-baseline-source 25/46 apple-macos-26.5-2x-dark-standard/checkerboard-64__rrect-md__inactive bodyDE=0.014941
dark-baseline-source 26/46 apple-macos-26.5-2x-dark-standard/checkerboard-8__rrect-lg__inactive bodyDE=0.022250
dark-baseline-source 27/46 apple-macos-26.5-2x-dark-standard/checkerboard-8__rrect-md__inactive bodyDE=0.022367
dark-baseline-source 28/46 apple-macos-26.5-2x-dark-standard/checkerboard__capsule-button__inactive bodyDE=0.034148
dark-baseline-source 29/46 apple-macos-26.5-2x-dark-standard/checkerboard__rrect-md__inactive bodyDE=0.019303
dark-baseline-source 30/46 apple-macos-26.5-2x-dark-standard/dark-solid__capsule-button__inactive bodyDE=0.000000
dark-baseline-source 31/46 apple-macos-26.5-2x-dark-standard/dark-solid__rrect-lg__inactive bodyDE=0.003717
dark-baseline-source 32/46 apple-macos-26.5-2x-dark-standard/dark-solid__rrect-sm__inactive bodyDE=0.000000
dark-baseline-source 33/46 apple-macos-26.5-2x-dark-standard/impulse__capsule-button__inactive bodyDE=0.040434
dark-baseline-source 34/46 apple-macos-26.5-2x-dark-standard/impulse__rrect-lg__inactive bodyDE=0.101070
dark-baseline-source 35/46 apple-macos-26.5-2x-dark-standard/impulse__rrect-ml__inactive bodyDE=0.100872
dark-baseline-source 36/46 apple-macos-26.5-2x-dark-standard/light-solid__rrect-lg__inactive bodyDE=0.001614
dark-baseline-source 37/46 apple-macos-26.5-2x-dark-standard/light-solid__rrect-sm__inactive bodyDE=0.004063
dark-baseline-source 38/46 apple-macos-26.5-2x-dark-standard/mid-dark-solid__rrect-lg__inactive bodyDE=0.080574
dark-baseline-source 39/46 apple-macos-26.5-2x-dark-standard/mid-dark-solid__rrect-md__inactive bodyDE=0.080574
dark-baseline-source 40/46 apple-macos-26.5-2x-dark-standard/mid-dark-solid__rrect-sm__inactive bodyDE=0.101314
dark-baseline-source 41/46 apple-macos-26.5-2x-dark-standard/mid-light-solid__capsule-button__inactive bodyDE=0.039374
dark-baseline-source 42/46 apple-macos-26.5-2x-dark-standard/mid-light-solid__rrect-lg__inactive bodyDE=0.001638
dark-baseline-source 43/46 apple-macos-26.5-2x-dark-standard/mid-light-solid__rrect-ml__inactive bodyDE=0.001638
dark-baseline-source 44/46 apple-macos-26.5-2x-dark-standard/mid-light-solid__rrect-sm__inactive bodyDE=0.039374
dark-baseline-source 45/46 apple-macos-26.5-2x-dark-standard/photo__rrect-md__inactive bodyDE=0.060355
dark-baseline-source 46/46 apple-macos-26.5-2x-dark-standard/photo__rrect-ml__inactive bodyDE=0.065118
