dark-four-x0.7-m0.089 1/46 apple-macos-26.5-1x-dark-standard/checkerboard-32__rrect-lg__inactive bodyDE=0.029271
dark-four-x0.7-m0.089 2/46 apple-macos-26.5-1x-dark-standard/checkerboard-64__rrect-md__inactive bodyDE=0.031342
dark-four-x0.7-m0.089 3/46 apple-macos-26.5-1x-dark-standard/checkerboard-8__rrect-lg__inactive bodyDE=0.017385
dark-four-x0.7-m0.089 4/46 apple-macos-26.5-1x-dark-standard/checkerboard-8__rrect-md__inactive bodyDE=0.022131
dark-four-x0.7-m0.089 5/46 apple-macos-26.5-1x-dark-standard/checkerboard__capsule-button__inactive bodyDE=0.006432
dark-four-x0.7-m0.089 6/46 apple-macos-26.5-1x-dark-standard/checkerboard__rrect-md__inactive bodyDE=0.014432
dark-four-x0.7-m0.089 7/46 apple-macos-26.5-1x-dark-standard/dark-solid__capsule-button__inactive bodyDE=0.000000
dark-four-x0.7-m0.089 8/46 apple-macos-26.5-1x-dark-standard/dark-solid__rrect-lg__inactive bodyDE=0.003717
dark-four-x0.7-m0.089 9/46 apple-macos-26.5-1x-dark-standard/dark-solid__rrect-sm__inactive bodyDE=0.000000
dark-four-x0.7-m0.089 10/46 apple-macos-26.5-1x-dark-standard/impulse__capsule-button__inactive bodyDE=0.038237
dark-four-x0.7-m0.089 11/46 apple-macos-26.5-1x-dark-standard/impulse__rrect-lg__inactive bodyDE=0.102846
dark-four-x0.7-m0.089 12/46 apple-macos-26.5-1x-dark-standard/impulse__rrect-ml__inactive bodyDE=0.101037
dark-four-x0.7-m0.089 13/46 apple-macos-26.5-1x-dark-standard/light-solid__rrect-lg__inactive bodyDE=0.001614
dark-four-x0.7-m0.089 14/46 apple-macos-26.5-1x-dark-standard/light-solid__rrect-sm__inactive bodyDE=0.004063
dark-four-x0.7-m0.089 15/46 apple-macos-26.5-1x-dark-standard/mid-dark-solid__rrect-lg__inactive bodyDE=0.080574
dark-four-x0.7-m0.089 16/46 apple-macos-26.5-1x-dark-standard/mid-dark-solid__rrect-md__inactive bodyDE=0.080574
dark-four-x0.7-m0.089 17/46 apple-macos-26.5-1x-dark-standard/mid-dark-solid__rrect-sm__inactive bodyDE=0.101314
dark-four-x0.7-m0.089 18/46 apple-macos-26.5-1x-dark-standard/mid-light-solid__capsule-button__inactive bodyDE=0.000000
dark-four-x0.7-m0.089 19/46 apple-macos-26.5-1x-dark-standard/mid-light-solid__rrect-lg__inactive bodyDE=0.001638
dark-four-x0.7-m0.089 20/46 apple-macos-26.5-1x-dark-standard/mid-light-solid__rrect-ml__inactive bodyDE=0.001638
dark-four-x0.7-m0.089 21/46 apple-macos-26.5-1x-dark-standard/mid-light-solid__rrect-sm__inactive bodyDE=0.003540
dark-four-x0.7-m0.089 22/46 apple-macos-26.5-1x-dark-standard/photo__rrect-md__inactive bodyDE=0.061362
dark-four-x0.7-m0.089 23/46 apple-macos-26.5-1x-dark-standard/photo__rrect-ml__inactive bodyDE=0.065708
dark-four-x0.7-m0.089 24/46 apple-macos-26.5-2x-dark-standard/checkerboard-32__rrect-lg__inactive bodyDE=0.016244
dark-four-x0.7-m0.089 25/46 apple-macos-26.5-2x-dark-standard/checkerboard-64__rrect-md__inactive bodyDE=0.015260
dark-four-x0.7-m0.089 26/46 apple-macos-26.5-2x-dark-standard/checkerboard-8__rrect-lg__inactive bodyDE=0.014794
dark-four-x0.7-m0.089 27/46 apple-macos-26.5-2x-dark-standard/checkerboard-8__rrect-md__inactive bodyDE=0.014912
dark-four-x0.7-m0.089 28/46 apple-macos-26.5-2x-dark-standard/checkerboard__capsule-button__inactive bodyDE=0.016615
dark-four-x0.7-m0.089 29/46 apple-macos-26.5-2x-dark-standard/checkerboard__rrect-md__inactive bodyDE=0.014441
dark-four-x0.7-m0.089 30/46 apple-macos-26.5-2x-dark-standard/dark-solid__capsule-button__inactive bodyDE=0.000000
dark-four-x0.7-m0.089 31/46 apple-macos-26.5-2x-dark-standard/dark-solid__rrect-lg__inactive bodyDE=0.003717
dark-four-x0.7-m0.089 32/46 apple-macos-26.5-2x-dark-standard/dark-solid__rrect-sm__inactive bodyDE=0.000000
dark-four-x0.7-m0.089 33/46 apple-macos-26.5-2x-dark-standard/impulse__capsule-button__inactive bodyDE=0.041453
dark-four-x0.7-m0.089 34/46 apple-macos-26.5-2x-dark-standard/impulse__rrect-lg__inactive bodyDE=0.101451
dark-four-x0.7-m0.089 35/46 apple-macos-26.5-2x-dark-standard/impulse__rrect-ml__inactive bodyDE=0.100858
dark-four-x0.7-m0.089 36/46 apple-macos-26.5-2x-dark-standard/light-solid__rrect-lg__inactive bodyDE=0.001614
dark-four-x0.7-m0.089 37/46 apple-macos-26.5-2x-dark-standard/light-solid__rrect-sm__inactive bodyDE=0.004063
dark-four-x0.7-m0.089 38/46 apple-macos-26.5-2x-dark-standard/mid-dark-solid__rrect-lg__inactive bodyDE=0.080574
dark-four-x0.7-m0.089 39/46 apple-macos-26.5-2x-dark-standard/mid-dark-solid__rrect-md__inactive bodyDE=0.080574
dark-four-x0.7-m0.089 40/46 apple-macos-26.5-2x-dark-standard/mid-dark-solid__rrect-sm__inactive bodyDE=0.101314
dark-four-x0.7-m0.089 41/46 apple-macos-26.5-2x-dark-standard/mid-light-solid__capsule-button__inactive bodyDE=0.000000
dark-four-x0.7-m0.089 42/46 apple-macos-26.5-2x-dark-standard/mid-light-solid__rrect-lg__inactive bodyDE=0.001638
dark-four-x0.7-m0.089 43/46 apple-macos-26.5-2x-dark-standard/mid-light-solid__rrect-ml__inactive bodyDE=0.001638
dark-four-x0.7-m0.089 44/46 apple-macos-26.5-2x-dark-standard/mid-light-solid__rrect-sm__inactive bodyDE=0.003540
dark-four-x0.7-m0.089 45/46 apple-macos-26.5-2x-dark-standard/photo__rrect-md__inactive bodyDE=0.059389
dark-four-x0.7-m0.089 46/46 apple-macos-26.5-2x-dark-standard/photo__rrect-ml__inactive bodyDE=0.063744
