light-four-x0.65 1/50 apple-macos-26.5-1x-light-standard/checkerboard-32__rrect-lg__inactive bodyDE=0.007555
light-four-x0.65 2/50 apple-macos-26.5-1x-light-standard/checkerboard-64__rrect-lg__inactive bodyDE=0.006096
light-four-x0.65 3/50 apple-macos-26.5-1x-light-standard/checkerboard-64__rrect-md__inactive bodyDE=0.008225
light-four-x0.65 4/50 apple-macos-26.5-1x-light-standard/checkerboard-8__rrect-lg__inactive bodyDE=0.010663
light-four-x0.65 5/50 apple-macos-26.5-1x-light-standard/checkerboard-8__rrect-md__inactive bodyDE=0.017700
light-four-x0.65 6/50 apple-macos-26.5-1x-light-standard/checkerboard__capsule-button__inactive bodyDE=0.005218
light-four-x0.65 7/50 apple-macos-26.5-1x-light-standard/checkerboard__rrect-md__inactive bodyDE=0.009796
light-four-x0.65 8/50 apple-macos-26.5-1x-light-standard/checkerboard__rrect-sm__inactive bodyDE=0.006151
light-four-x0.65 9/50 apple-macos-26.5-1x-light-standard/dark-solid__capsule-button__inactive bodyDE=0.000000
light-four-x0.65 10/50 apple-macos-26.5-1x-light-standard/dark-solid__rrect-lg__inactive bodyDE=0.002872
light-four-x0.65 11/50 apple-macos-26.5-1x-light-standard/dark-solid__rrect-sm__inactive bodyDE=0.000000
light-four-x0.65 12/50 apple-macos-26.5-1x-light-standard/impulse__capsule-button__inactive bodyDE=0.038475
light-four-x0.65 13/50 apple-macos-26.5-1x-light-standard/impulse__rrect-lg__inactive bodyDE=0.029629
light-four-x0.65 14/50 apple-macos-26.5-1x-light-standard/impulse__rrect-md__inactive bodyDE=0.028828
light-four-x0.65 15/50 apple-macos-26.5-1x-light-standard/impulse__rrect-ml__inactive bodyDE=0.028758
light-four-x0.65 16/50 apple-macos-26.5-1x-light-standard/light-solid__capsule-button__inactive bodyDE=0.001355
light-four-x0.65 17/50 apple-macos-26.5-1x-light-standard/light-solid__rrect-lg__inactive bodyDE=0.000000
light-four-x0.65 18/50 apple-macos-26.5-1x-light-standard/light-solid__rrect-sm__inactive bodyDE=0.001355
light-four-x0.65 19/50 apple-macos-26.5-1x-light-standard/mid-dark-solid__rrect-lg__inactive bodyDE=0.000000
light-four-x0.65 20/50 apple-macos-26.5-1x-light-standard/mid-dark-solid__rrect-md__inactive bodyDE=0.000000
light-four-x0.65 21/50 apple-macos-26.5-1x-light-standard/mid-dark-solid__rrect-sm__inactive bodyDE=0.000000
light-four-x0.65 22/50 apple-macos-26.5-1x-light-standard/photo__capsule-button__inactive bodyDE=0.021513
light-four-x0.65 23/50 apple-macos-26.5-1x-light-standard/photo__rrect-md__inactive bodyDE=0.047885
light-four-x0.65 24/50 apple-macos-26.5-1x-light-standard/photo__rrect-ml__inactive bodyDE=0.054544
light-four-x0.65 25/50 apple-macos-26.5-1x-light-standard/photo__rrect-sm__inactive bodyDE=0.019965
light-four-x0.65 26/50 apple-macos-26.5-2x-light-standard/checkerboard-32__rrect-lg__inactive bodyDE=0.014456
light-four-x0.65 27/50 apple-macos-26.5-2x-light-standard/checkerboard-64__rrect-lg__inactive bodyDE=0.010041
light-four-x0.65 28/50 apple-macos-26.5-2x-light-standard/checkerboard-64__rrect-md__inactive bodyDE=0.007228
light-four-x0.65 29/50 apple-macos-26.5-2x-light-standard/checkerboard-8__rrect-lg__inactive bodyDE=0.008677
light-four-x0.65 30/50 apple-macos-26.5-2x-light-standard/checkerboard-8__rrect-md__inactive bodyDE=0.008870
light-four-x0.65 31/50 apple-macos-26.5-2x-light-standard/checkerboard__capsule-button__inactive bodyDE=0.015976
light-four-x0.65 32/50 apple-macos-26.5-2x-light-standard/checkerboard__rrect-md__inactive bodyDE=0.008896
light-four-x0.65 33/50 apple-macos-26.5-2x-light-standard/checkerboard__rrect-sm__inactive bodyDE=0.020726
light-four-x0.65 34/50 apple-macos-26.5-2x-light-standard/dark-solid__capsule-button__inactive bodyDE=0.000000
light-four-x0.65 35/50 apple-macos-26.5-2x-light-standard/dark-solid__rrect-lg__inactive bodyDE=0.002872
light-four-x0.65 36/50 apple-macos-26.5-2x-light-standard/dark-solid__rrect-sm__inactive bodyDE=0.000000
light-four-x0.65 37/50 apple-macos-26.5-2x-light-standard/impulse__capsule-button__inactive bodyDE=0.040234
light-four-x0.65 38/50 apple-macos-26.5-2x-light-standard/impulse__rrect-lg__inactive bodyDE=0.029527
light-four-x0.65 39/50 apple-macos-26.5-2x-light-standard/impulse__rrect-md__inactive bodyDE=0.029027
light-four-x0.65 40/50 apple-macos-26.5-2x-light-standard/impulse__rrect-ml__inactive bodyDE=0.028837
light-four-x0.65 41/50 apple-macos-26.5-2x-light-standard/light-solid__capsule-button__inactive bodyDE=0.001355
light-four-x0.65 42/50 apple-macos-26.5-2x-light-standard/light-solid__rrect-lg__inactive bodyDE=0.000000
light-four-x0.65 43/50 apple-macos-26.5-2x-light-standard/light-solid__rrect-sm__inactive bodyDE=0.001355
light-four-x0.65 44/50 apple-macos-26.5-2x-light-standard/mid-dark-solid__rrect-lg__inactive bodyDE=0.000000
light-four-x0.65 45/50 apple-macos-26.5-2x-light-standard/mid-dark-solid__rrect-md__inactive bodyDE=0.000000
light-four-x0.65 46/50 apple-macos-26.5-2x-light-standard/mid-dark-solid__rrect-sm__inactive bodyDE=0.000000
light-four-x0.65 47/50 apple-macos-26.5-2x-light-standard/photo__capsule-button__inactive bodyDE=0.021071
light-four-x0.65 48/50 apple-macos-26.5-2x-light-standard/photo__rrect-md__inactive bodyDE=0.047419
light-four-x0.65 49/50 apple-macos-26.5-2x-light-standard/photo__rrect-ml__inactive bodyDE=0.054107
light-four-x0.65 50/50 apple-macos-26.5-2x-light-standard/photo__rrect-sm__inactive bodyDE=0.020614
