light-four-x0.55 1/50 apple-macos-26.5-1x-light-standard/checkerboard-32__rrect-lg__inactive bodyDE=0.007325
light-four-x0.55 2/50 apple-macos-26.5-1x-light-standard/checkerboard-64__rrect-lg__inactive bodyDE=0.006008
light-four-x0.55 3/50 apple-macos-26.5-1x-light-standard/checkerboard-64__rrect-md__inactive bodyDE=0.008223
light-four-x0.55 4/50 apple-macos-26.5-1x-light-standard/checkerboard-8__rrect-lg__inactive bodyDE=0.010434
light-four-x0.55 5/50 apple-macos-26.5-1x-light-standard/checkerboard-8__rrect-md__inactive bodyDE=0.017655
light-four-x0.55 6/50 apple-macos-26.5-1x-light-standard/checkerboard__capsule-button__inactive bodyDE=0.005247
light-four-x0.55 7/50 apple-macos-26.5-1x-light-standard/checkerboard__rrect-md__inactive bodyDE=0.009437
light-four-x0.55 8/50 apple-macos-26.5-1x-light-standard/checkerboard__rrect-sm__inactive bodyDE=0.006065
light-four-x0.55 9/50 apple-macos-26.5-1x-light-standard/dark-solid__capsule-button__inactive bodyDE=0.000000
light-four-x0.55 10/50 apple-macos-26.5-1x-light-standard/dark-solid__rrect-lg__inactive bodyDE=0.002872
light-four-x0.55 11/50 apple-macos-26.5-1x-light-standard/dark-solid__rrect-sm__inactive bodyDE=0.000000
light-four-x0.55 12/50 apple-macos-26.5-1x-light-standard/impulse__capsule-button__inactive bodyDE=0.038475
light-four-x0.55 13/50 apple-macos-26.5-1x-light-standard/impulse__rrect-lg__inactive bodyDE=0.029629
light-four-x0.55 14/50 apple-macos-26.5-1x-light-standard/impulse__rrect-md__inactive bodyDE=0.028828
light-four-x0.55 15/50 apple-macos-26.5-1x-light-standard/impulse__rrect-ml__inactive bodyDE=0.028758
light-four-x0.55 16/50 apple-macos-26.5-1x-light-standard/light-solid__capsule-button__inactive bodyDE=0.001355
light-four-x0.55 17/50 apple-macos-26.5-1x-light-standard/light-solid__rrect-lg__inactive bodyDE=0.000000
light-four-x0.55 18/50 apple-macos-26.5-1x-light-standard/light-solid__rrect-sm__inactive bodyDE=0.001355
light-four-x0.55 19/50 apple-macos-26.5-1x-light-standard/mid-dark-solid__rrect-lg__inactive bodyDE=0.000000
light-four-x0.55 20/50 apple-macos-26.5-1x-light-standard/mid-dark-solid__rrect-md__inactive bodyDE=0.000000
light-four-x0.55 21/50 apple-macos-26.5-1x-light-standard/mid-dark-solid__rrect-sm__inactive bodyDE=0.000000
light-four-x0.55 22/50 apple-macos-26.5-1x-light-standard/photo__capsule-button__inactive bodyDE=0.021499
light-four-x0.55 23/50 apple-macos-26.5-1x-light-standard/photo__rrect-md__inactive bodyDE=0.047898
light-four-x0.55 24/50 apple-macos-26.5-1x-light-standard/photo__rrect-ml__inactive bodyDE=0.054556
light-four-x0.55 25/50 apple-macos-26.5-1x-light-standard/photo__rrect-sm__inactive bodyDE=0.019548
light-four-x0.55 26/50 apple-macos-26.5-2x-light-standard/checkerboard-32__rrect-lg__inactive bodyDE=0.014411
light-four-x0.55 27/50 apple-macos-26.5-2x-light-standard/checkerboard-64__rrect-lg__inactive bodyDE=0.010056
light-four-x0.55 28/50 apple-macos-26.5-2x-light-standard/checkerboard-64__rrect-md__inactive bodyDE=0.007229
light-four-x0.55 29/50 apple-macos-26.5-2x-light-standard/checkerboard-8__rrect-lg__inactive bodyDE=0.008450
light-four-x0.55 30/50 apple-macos-26.5-2x-light-standard/checkerboard-8__rrect-md__inactive bodyDE=0.008574
light-four-x0.55 31/50 apple-macos-26.5-2x-light-standard/checkerboard__capsule-button__inactive bodyDE=0.015985
light-four-x0.55 32/50 apple-macos-26.5-2x-light-standard/checkerboard__rrect-md__inactive bodyDE=0.008569
light-four-x0.55 33/50 apple-macos-26.5-2x-light-standard/checkerboard__rrect-sm__inactive bodyDE=0.020714
light-four-x0.55 34/50 apple-macos-26.5-2x-light-standard/dark-solid__capsule-button__inactive bodyDE=0.000000
light-four-x0.55 35/50 apple-macos-26.5-2x-light-standard/dark-solid__rrect-lg__inactive bodyDE=0.002872
light-four-x0.55 36/50 apple-macos-26.5-2x-light-standard/dark-solid__rrect-sm__inactive bodyDE=0.000000
light-four-x0.55 37/50 apple-macos-26.5-2x-light-standard/impulse__capsule-button__inactive bodyDE=0.040234
light-four-x0.55 38/50 apple-macos-26.5-2x-light-standard/impulse__rrect-lg__inactive bodyDE=0.029527
light-four-x0.55 39/50 apple-macos-26.5-2x-light-standard/impulse__rrect-md__inactive bodyDE=0.029027
light-four-x0.55 40/50 apple-macos-26.5-2x-light-standard/impulse__rrect-ml__inactive bodyDE=0.028837
light-four-x0.55 41/50 apple-macos-26.5-2x-light-standard/light-solid__capsule-button__inactive bodyDE=0.001355
light-four-x0.55 42/50 apple-macos-26.5-2x-light-standard/light-solid__rrect-lg__inactive bodyDE=0.000000
light-four-x0.55 43/50 apple-macos-26.5-2x-light-standard/light-solid__rrect-sm__inactive bodyDE=0.001355
light-four-x0.55 44/50 apple-macos-26.5-2x-light-standard/mid-dark-solid__rrect-lg__inactive bodyDE=0.000000
light-four-x0.55 45/50 apple-macos-26.5-2x-light-standard/mid-dark-solid__rrect-md__inactive bodyDE=0.000000
light-four-x0.55 46/50 apple-macos-26.5-2x-light-standard/mid-dark-solid__rrect-sm__inactive bodyDE=0.000000
light-four-x0.55 47/50 apple-macos-26.5-2x-light-standard/photo__capsule-button__inactive bodyDE=0.020814
light-four-x0.55 48/50 apple-macos-26.5-2x-light-standard/photo__rrect-md__inactive bodyDE=0.047437
light-four-x0.55 49/50 apple-macos-26.5-2x-light-standard/photo__rrect-ml__inactive bodyDE=0.054121
light-four-x0.55 50/50 apple-macos-26.5-2x-light-standard/photo__rrect-sm__inactive bodyDE=0.020132
